// Validating benchmarks:
// ***** BenchmarkRunner: Start   *****
// ***** Found 1 benchmark(s) in total *****
// ***** Building 1 exe(s) in Parallel: Start   *****
// ***** Done, took 00:00:00 (0.02 sec)   *****
// Found 1 benchmarks:
//   DiagnosticBenchmarks.ReadOnlyMemory: Job-WYZZKU(OutlierMode=DontRemove, Affinity=00000000000000000100, Toolchain=InProcessEmitToolchain, InvocationCount=16777216, IterationCount=15, UnrollFactor=1, WarmupCount=10)

Setup power plan (GUID: 8c5e7fda-e8bf-4a96-9a85-a6e23a8c635c FriendlyName: High performance)
// **************************
// Benchmark: DiagnosticBenchmarks.ReadOnlyMemory: Job-WYZZKU(OutlierMode=DontRemove, Affinity=00000000000000000100, Toolchain=InProcessEmitToolchain, InvocationCount=16777216, IterationCount=15, UnrollFactor=1, WarmupCount=10)
// *** Execute ***
// Launch: 1 / 1

// Benchmark Process Environment Information:
// BenchmarkDotNet v0.15.8
// Runtime=.NET 10.0.11 (10.0.11, 10.0.1126.37416), X64 RyuJIT x86-64-v3
// GC=Concurrent Workstation
// HardwareIntrinsics=AVX2+BMI1+BMI2+F16C+FMA+LZCNT+MOVBE,AVX,SSE3+SSSE3+SSE4.1+SSE4.2+POPCNT,X86Base+SSE+SSE2,AES+PCLMUL,AvxVnni,SERIALIZE VectorSize=256
// Job: Job-WYZZKU(OutlierMode=DontRemove, Affinity=00000000000000000100, Toolchain=InProcessEmitToolchain, InvocationCount=16777216, IterationCount=15, UnrollFactor=1, WarmupCount=10)

SIZES string=16 number=8 nullable=12 array=16 raw=24 memory=24 segment=24
WARM seconds=1.000009 operations=20583572 jit=2183 jitMs=152.114300 threads=9 pending=0 cpuMs=1218.750000 gc0=2 gc1=2 gc2=2 heap=469784 rss=60456960
WARM seconds=2.000002 operations=41063996 jit=2185 jitMs=152.503500 threads=9 pending=0 cpuMs=2218.750000 gc0=2 gc1=2 gc2=2 heap=478008 rss=60194816
WARM seconds=3.000003 operations=61674296 jit=2185 jitMs=152.503500 threads=9 pending=0 cpuMs=3218.750000 gc0=2 gc1=2 gc2=2 heap=478008 rss=60121088
WARM seconds=4.000003 operations=82407467 jit=2185 jitMs=152.503500 threads=9 pending=0 cpuMs=4203.125000 gc0=2 gc1=2 gc2=2 heap=486232 rss=60121088
WARM seconds=5.000004 operations=103178125 jit=2185 jitMs=152.503500 threads=9 pending=0 cpuMs=5156.250000 gc0=2 gc1=2 gc2=2 heap=486232 rss=60137472
WARM seconds=6.000003 operations=124027556 jit=2185 jitMs=152.503500 threads=9 pending=0 cpuMs=6156.250000 gc0=2 gc1=2 gc2=2 heap=494456 rss=60137472
WARM seconds=7.000002 operations=142688426 jit=2203 jitMs=2311.408600 threads=9 pending=0 cpuMs=7140.625000 gc0=2 gc1=2 gc2=2 heap=494456 rss=60268544
WARM seconds=8.000002 operations=161048382 jit=2203 jitMs=2311.408600 threads=9 pending=0 cpuMs=8140.625000 gc0=2 gc1=2 gc2=2 heap=502680 rss=60268544
WARM seconds=9.000003 operations=179066939 jit=2203 jitMs=2311.408600 threads=9 pending=0 cpuMs=9140.625000 gc0=2 gc1=2 gc2=2 heap=502680 rss=60268544
WARM seconds=10.000002 operations=197482800 jit=2203 jitMs=2311.408600 threads=9 pending=0 cpuMs=10140.625000 gc0=2 gc1=2 gc2=2 heap=510904 rss=60276736
WARM seconds=11.000004 operations=217157871 jit=2224 jitMs=2361.841400 threads=9 pending=0 cpuMs=11140.625000 gc0=2 gc1=2 gc2=2 heap=510904 rss=60399616
WARM seconds=12.000003 operations=237999892 jit=2224 jitMs=2361.841400 threads=9 pending=0 cpuMs=12125.000000 gc0=2 gc1=2 gc2=2 heap=519128 rss=60399616
WARM seconds=13.000003 operations=258712449 jit=2228 jitMs=2363.240100 threads=9 pending=0 cpuMs=13125.000000 gc0=2 gc1=2 gc2=2 heap=519128 rss=60411904
WARM seconds=14.000003 operations=279559751 jit=2228 jitMs=2363.240100 threads=9 pending=0 cpuMs=14125.000000 gc0=2 gc1=2 gc2=2 heap=527352 rss=60477440
WARM seconds=15.000003 operations=300539432 jit=2229 jitMs=3779.414900 threads=9 pending=0 cpuMs=15125.000000 gc0=2 gc1=2 gc2=2 heap=527352 rss=60477440
WARM seconds=16.000003 operations=321402968 jit=2233 jitMs=4868.969500 threads=9 pending=0 cpuMs=16125.000000 gc0=2 gc1=2 gc2=2 heap=535576 rss=60502016
WARM seconds=17.000003 operations=342324059 jit=2233 jitMs=4868.969500 threads=9 pending=0 cpuMs=17109.375000 gc0=2 gc1=2 gc2=2 heap=543800 rss=60461056
WARM seconds=18.000003 operations=363211727 jit=2233 jitMs=4868.969500 threads=9 pending=0 cpuMs=18109.375000 gc0=2 gc1=2 gc2=2 heap=543800 rss=60461056
WARM seconds=19.000003 operations=383666193 jit=2233 jitMs=4868.969500 threads=9 pending=0 cpuMs=19109.375000 gc0=2 gc1=2 gc2=2 heap=552024 rss=60461056
WARM seconds=20.000002 operations=404583343 jit=2234 jitMs=9228.447400 threads=8 pending=0 cpuMs=20109.375000 gc0=2 gc1=2 gc2=2 heap=552024 rss=60506112
RAW operations=1000 bytes=0 sink=371401366
OverheadJitting  1: 1 op, 154100.00 ns, 154.1000 us/op
WorkloadJitting  1: 1 op, 133600.00 ns, 133.6000 us/op

OverheadWarmup   1: 16777216 op, 20934900.00 ns, 1.2478 ns/op
OverheadWarmup   2: 16777216 op, 21269000.00 ns, 1.2677 ns/op
OverheadWarmup   3: 16777216 op, 20747400.00 ns, 1.2366 ns/op
OverheadWarmup   4: 16777216 op, 20784400.00 ns, 1.2388 ns/op
OverheadWarmup   5: 16777216 op, 20883800.00 ns, 1.2448 ns/op
OverheadWarmup   6: 16777216 op, 20806700.00 ns, 1.2402 ns/op

OverheadActual   1: 16777216 op, 20996900.00 ns, 1.2515 ns/op
OverheadActual   2: 16777216 op, 20958000.00 ns, 1.2492 ns/op
OverheadActual   3: 16777216 op, 20857600.00 ns, 1.2432 ns/op
OverheadActual   4: 16777216 op, 21022800.00 ns, 1.2531 ns/op
OverheadActual   5: 16777216 op, 21288000.00 ns, 1.2689 ns/op
OverheadActual   6: 16777216 op, 20904300.00 ns, 1.2460 ns/op
OverheadActual   7: 16777216 op, 20928800.00 ns, 1.2475 ns/op
OverheadActual   8: 16777216 op, 20709800.00 ns, 1.2344 ns/op
OverheadActual   9: 16777216 op, 21107600.00 ns, 1.2581 ns/op
OverheadActual  10: 16777216 op, 20782200.00 ns, 1.2387 ns/op
OverheadActual  11: 16777216 op, 20792500.00 ns, 1.2393 ns/op
OverheadActual  12: 16777216 op, 20942700.00 ns, 1.2483 ns/op
OverheadActual  13: 16777216 op, 21084400.00 ns, 1.2567 ns/op
OverheadActual  14: 16777216 op, 21140300.00 ns, 1.2601 ns/op
OverheadActual  15: 16777216 op, 21123900.00 ns, 1.2591 ns/op

WorkloadWarmup   1: 16777216 op, 1178257200.00 ns, 70.2296 ns/op
WorkloadWarmup   2: 16777216 op, 1169200800.00 ns, 69.6898 ns/op
WorkloadWarmup   3: 16777216 op, 1204774200.00 ns, 71.8101 ns/op
WorkloadWarmup   4: 16777216 op, 1165141200.00 ns, 69.4478 ns/op
WorkloadWarmup   5: 16777216 op, 1164551400.00 ns, 69.4127 ns/op
WorkloadWarmup   6: 16777216 op, 1282925000.00 ns, 76.4683 ns/op
WorkloadWarmup   7: 16777216 op, 1315348800.00 ns, 78.4009 ns/op
WorkloadWarmup   8: 16777216 op, 1277121800.00 ns, 76.1224 ns/op
WorkloadWarmup   9: 16777216 op, 1293068300.00 ns, 77.0729 ns/op
WorkloadWarmup  10: 16777216 op, 1282557500.00 ns, 76.4464 ns/op

WorkloadActual   1: 16777216 op, 1280798600.00 ns, 76.3415 ns/op
WorkloadActual   2: 16777216 op, 1277992800.00 ns, 76.1743 ns/op
WorkloadActual   3: 16777216 op, 1279400700.00 ns, 76.2582 ns/op
WorkloadActual   4: 16777216 op, 1293984400.00 ns, 77.1275 ns/op
WorkloadActual   5: 16777216 op, 1361949100.00 ns, 81.1785 ns/op
WorkloadActual   6: 16777216 op, 1319152200.00 ns, 78.6276 ns/op
WorkloadActual   7: 16777216 op, 1320512400.00 ns, 78.7087 ns/op
WorkloadActual   8: 16777216 op, 1305750400.00 ns, 77.8288 ns/op
WorkloadActual   9: 16777216 op, 1268901300.00 ns, 75.6324 ns/op
WorkloadActual  10: 16777216 op, 1271285900.00 ns, 75.7745 ns/op
WorkloadActual  11: 16777216 op, 1268566400.00 ns, 75.6124 ns/op
WorkloadActual  12: 16777216 op, 1285515500.00 ns, 76.6227 ns/op
WorkloadActual  13: 16777216 op, 1283774800.00 ns, 76.5189 ns/op
WorkloadActual  14: 16777216 op, 1275543200.00 ns, 76.0283 ns/op
WorkloadActual  15: 16777216 op, 1281995900.00 ns, 76.4129 ns/op

WorkloadResult   1: 16777216 op, 1259840600.00 ns, 75.0924 ns/op
WorkloadResult   2: 16777216 op, 1257034800.00 ns, 74.9251 ns/op
WorkloadResult   3: 16777216 op, 1258442700.00 ns, 75.0090 ns/op
WorkloadResult   4: 16777216 op, 1273026400.00 ns, 75.8783 ns/op
WorkloadResult   5: 16777216 op, 1340991100.00 ns, 79.9293 ns/op
WorkloadResult   6: 16777216 op, 1298194200.00 ns, 77.3784 ns/op
WorkloadResult   7: 16777216 op, 1299554400.00 ns, 77.4595 ns/op
WorkloadResult   8: 16777216 op, 1284792400.00 ns, 76.5796 ns/op
WorkloadResult   9: 16777216 op, 1247943300.00 ns, 74.3832 ns/op
WorkloadResult  10: 16777216 op, 1250327900.00 ns, 74.5254 ns/op
WorkloadResult  11: 16777216 op, 1247608400.00 ns, 74.3633 ns/op
WorkloadResult  12: 16777216 op, 1264557500.00 ns, 75.3735 ns/op
WorkloadResult  13: 16777216 op, 1262816800.00 ns, 75.2697 ns/op
WorkloadResult  14: 16777216 op, 1254585200.00 ns, 74.7791 ns/op
WorkloadResult  15: 16777216 op, 1261037900.00 ns, 75.1637 ns/op
// GC:  0 0 0 2304 16777216
// Threading:  0 0 16777216


Mean = 75.741 ns, StdErr = 0.393 ns (0.52%), N = 15, StdDev = 1.520 ns
Min = 74.363 ns, Q1 = 74.852 ns, Median = 75.164 ns, Q3 = 76.229 ns, Max = 79.929 ns
IQR = 1.377 ns, LowerFence = 72.787 ns, UpperFence = 78.294 ns
ConfidenceInterval = [74.115 ns; 77.366 ns] (CI 99.9%), Margin = 1.625 ns (2.15% of Mean)
Skewness = 1.41, Kurtosis = 4.19, MValue = 2

// ** Remained 0 (0.0%) benchmark(s) to run. Estimated finish 2026-09-08 4:11 (0h 0m from now) **
Successfully reverted power plan (GUID: 8c5e7fda-e8bf-4a96-9a85-a6e23a8c635c FriendlyName: High performance)
// ***** BenchmarkRunner: Finish  *****

// * Export *
  .artifacts\deserialized-null\measure\A1\ReadOnlyMemory\results\Dekaf.Benchmarks.Diagnostics.DiagnosticBenchmarks-report.csv
  .artifacts\deserialized-null\measure\A1\ReadOnlyMemory\results\Dekaf.Benchmarks.Diagnostics.DiagnosticBenchmarks-report-github.md
  .artifacts\deserialized-null\measure\A1\ReadOnlyMemory\results\Dekaf.Benchmarks.Diagnostics.DiagnosticBenchmarks-report.html
  .artifacts\deserialized-null\measure\A1\ReadOnlyMemory\results\Dekaf.Benchmarks.Diagnostics.DiagnosticBenchmarks-report-full.json

// * Detailed results *
DiagnosticBenchmarks.ReadOnlyMemory: Job-WYZZKU(OutlierMode=DontRemove, Affinity=00000000000000000100, Toolchain=InProcessEmitToolchain, InvocationCount=16777216, IterationCount=15, UnrollFactor=1, WarmupCount=10)
Runtime = ; GC = 
Mean = 75.741 ns, StdErr = 0.393 ns (0.52%), N = 15, StdDev = 1.520 ns
Min = 74.363 ns, Q1 = 74.852 ns, Median = 75.164 ns, Q3 = 76.229 ns, Max = 79.929 ns
IQR = 1.377 ns, LowerFence = 72.787 ns, UpperFence = 78.294 ns
ConfidenceInterval = [74.115 ns; 77.366 ns] (CI 99.9%), Margin = 1.625 ns (2.15% of Mean)
Skewness = 1.41, Kurtosis = 4.19, MValue = 2
-------------------- Histogram --------------------
[74.312 ns ; 75.930 ns) | @@@@@@@@@@@
[75.930 ns ; 77.829 ns) | @@@
[77.829 ns ; 80.738 ns) | @
---------------------------------------------------

// * Summary *

BenchmarkDotNet v0.15.8, Windows 11 (10.0.26200.9168/25H2/2025Update/HudsonValley2)
12th Gen Intel Core i7-12700K 3.60GHz, 1 CPU, 20 logical and 12 physical cores
.NET SDK 10.0.400
  [Host] : .NET 10.0.11 (10.0.11, 10.0.1126.37416), X64 RyuJIT x86-64-v3

OutlierMode=DontRemove  Affinity=00000000000000000100  Toolchain=InProcessEmitToolchain  
InvocationCount=16777216  IterationCount=15  UnrollFactor=1  
WarmupCount=10  

| Method         | Mean     | Error    | StdDev   | Allocated |
|--------------- |---------:|---------:|---------:|----------:|
| ReadOnlyMemory | 75.74 ns | 1.625 ns | 1.520 ns |         - |

// * Hints *
Outliers
  DiagnosticBenchmarks.ReadOnlyMemory: OutlierMode=DontRemove, Affinity=00000000000000000100, Toolchain=InProcessEmitToolchain, InvocationCount=16777216, IterationCount=15, UnrollFactor=1, WarmupCount=10 -> 1 outlier  was  detected (81.18 ns)

// * Legends *
  Mean      : Arithmetic mean of all measurements
  Error     : Half of 99.9% confidence interval
  StdDev    : Standard deviation of all measurements
  Allocated : Allocated memory per single operation (managed only, inclusive, 1KB = 1024B)
  1 ns      : 1 Nanosecond (0.000000001 sec)

// * Diagnostic Output - MemoryDiagnoser *


// ***** BenchmarkRunner: End *****
Run time: 00:00:54 (54.03 sec), executed benchmarks: 1

Global total time: 00:00:54 (54.5 sec), executed benchmarks: 1
// * Artifacts cleanup *
Artifacts cleanup is finished
