// Validating benchmarks:
// ***** BenchmarkRunner: Start   *****
// ***** Found 1 benchmark(s) in total *****
// ***** Building 1 exe(s) in Parallel: Start   *****
// ***** Done, took 00:00:00 (0.02 sec)   *****
// Found 1 benchmarks:
//   DiagnosticBenchmarks.NullableInt32: Job-FMPSYE(OutlierMode=DontRemove, Affinity=00000000000000000100, Toolchain=InProcessEmitToolchain, InvocationCount=67108864, IterationCount=15, UnrollFactor=1, WarmupCount=10)

Setup power plan (GUID: 8c5e7fda-e8bf-4a96-9a85-a6e23a8c635c FriendlyName: High performance)
// **************************
// Benchmark: DiagnosticBenchmarks.NullableInt32: Job-FMPSYE(OutlierMode=DontRemove, Affinity=00000000000000000100, Toolchain=InProcessEmitToolchain, InvocationCount=67108864, IterationCount=15, UnrollFactor=1, WarmupCount=10)
// *** Execute ***
// Launch: 1 / 1

// Benchmark Process Environment Information:
// BenchmarkDotNet v0.15.8
// Runtime=.NET 10.0.11 (10.0.11, 10.0.1126.37416), X64 RyuJIT x86-64-v3
// GC=Concurrent Workstation
// HardwareIntrinsics=AVX2+BMI1+BMI2+F16C+FMA+LZCNT+MOVBE,AVX,SSE3+SSSE3+SSE4.1+SSE4.2+POPCNT,X86Base+SSE+SSE2,AES+PCLMUL,AvxVnni,SERIALIZE VectorSize=256
// Job: Job-FMPSYE(OutlierMode=DontRemove, Affinity=00000000000000000100, Toolchain=InProcessEmitToolchain, InvocationCount=67108864, IterationCount=15, UnrollFactor=1, WarmupCount=10)

OverheadJitting  1: 1 op, 169400.00 ns, 169.4000 us/op
WorkloadJitting  1: 1 op, 140200.00 ns, 140.2000 us/op

OverheadWarmup   1: 67108864 op, 87020700.00 ns, 1.2967 ns/op
OverheadWarmup   2: 67108864 op, 87291000.00 ns, 1.3007 ns/op
OverheadWarmup   3: 67108864 op, 87342100.00 ns, 1.3015 ns/op
OverheadWarmup   4: 67108864 op, 87069800.00 ns, 1.2974 ns/op
OverheadWarmup   5: 67108864 op, 87106800.00 ns, 1.2980 ns/op
OverheadWarmup   6: 67108864 op, 86957900.00 ns, 1.2958 ns/op

OverheadActual   1: 67108864 op, 87036200.00 ns, 1.2969 ns/op
OverheadActual   2: 67108864 op, 87112500.00 ns, 1.2981 ns/op
OverheadActual   3: 67108864 op, 87198000.00 ns, 1.2994 ns/op
OverheadActual   4: 67108864 op, 86119000.00 ns, 1.2833 ns/op
OverheadActual   5: 67108864 op, 86550400.00 ns, 1.2897 ns/op
OverheadActual   6: 67108864 op, 86346100.00 ns, 1.2867 ns/op
OverheadActual   7: 67108864 op, 85992100.00 ns, 1.2814 ns/op
OverheadActual   8: 67108864 op, 86279600.00 ns, 1.2857 ns/op
OverheadActual   9: 67108864 op, 91128600.00 ns, 1.3579 ns/op
OverheadActual  10: 67108864 op, 94335300.00 ns, 1.4057 ns/op
OverheadActual  11: 67108864 op, 94892700.00 ns, 1.4140 ns/op
OverheadActual  12: 67108864 op, 87537500.00 ns, 1.3044 ns/op
OverheadActual  13: 67108864 op, 86970200.00 ns, 1.2960 ns/op
OverheadActual  14: 67108864 op, 86548700.00 ns, 1.2897 ns/op
OverheadActual  15: 67108864 op, 86883900.00 ns, 1.2947 ns/op

WorkloadWarmup   1: 67108864 op, 2138601200.00 ns, 31.8676 ns/op
WorkloadWarmup   2: 67108864 op, 2269309700.00 ns, 33.8153 ns/op
WorkloadWarmup   3: 67108864 op, 2159621500.00 ns, 32.1809 ns/op
WorkloadWarmup   4: 67108864 op, 3511986400.00 ns, 52.3327 ns/op
WorkloadWarmup   5: 67108864 op, 3973711000.00 ns, 59.2129 ns/op
WorkloadWarmup   6: 67108864 op, 2225775500.00 ns, 33.1666 ns/op
WorkloadWarmup   7: 67108864 op, 113757500.00 ns, 1.6951 ns/op
WorkloadWarmup   8: 67108864 op, 113600600.00 ns, 1.6928 ns/op
WorkloadWarmup   9: 67108864 op, 113614900.00 ns, 1.6930 ns/op
WorkloadWarmup  10: 67108864 op, 113458600.00 ns, 1.6907 ns/op

WorkloadActual   1: 67108864 op, 114829800.00 ns, 1.7111 ns/op
WorkloadActual   2: 67108864 op, 113450600.00 ns, 1.6905 ns/op
WorkloadActual   3: 67108864 op, 123642400.00 ns, 1.8424 ns/op
WorkloadActual   4: 67108864 op, 176047000.00 ns, 2.6233 ns/op
WorkloadActual   5: 67108864 op, 175550700.00 ns, 2.6159 ns/op
WorkloadActual   6: 67108864 op, 174428100.00 ns, 2.5992 ns/op
WorkloadActual   7: 67108864 op, 126447500.00 ns, 1.8842 ns/op
WorkloadActual   8: 67108864 op, 113253300.00 ns, 1.6876 ns/op
WorkloadActual   9: 67108864 op, 112156300.00 ns, 1.6713 ns/op
WorkloadActual  10: 67108864 op, 112866000.00 ns, 1.6818 ns/op
WorkloadActual  11: 67108864 op, 113068200.00 ns, 1.6848 ns/op
WorkloadActual  12: 67108864 op, 112965100.00 ns, 1.6833 ns/op
WorkloadActual  13: 67108864 op, 112023300.00 ns, 1.6693 ns/op
WorkloadActual  14: 67108864 op, 113083200.00 ns, 1.6851 ns/op
WorkloadActual  15: 67108864 op, 112768400.00 ns, 1.6804 ns/op

WorkloadResult   1: 67108864 op, 27859600.00 ns, 0.4151 ns/op
WorkloadResult   2: 67108864 op, 26480400.00 ns, 0.3946 ns/op
WorkloadResult   3: 67108864 op, 36672200.00 ns, 0.5465 ns/op
WorkloadResult   4: 67108864 op, 89076800.00 ns, 1.3273 ns/op
WorkloadResult   5: 67108864 op, 88580500.00 ns, 1.3200 ns/op
WorkloadResult   6: 67108864 op, 87457900.00 ns, 1.3032 ns/op
WorkloadResult   7: 67108864 op, 39477300.00 ns, 0.5883 ns/op
WorkloadResult   8: 67108864 op, 26283100.00 ns, 0.3916 ns/op
WorkloadResult   9: 67108864 op, 25186100.00 ns, 0.3753 ns/op
WorkloadResult  10: 67108864 op, 25895800.00 ns, 0.3859 ns/op
WorkloadResult  11: 67108864 op, 26098000.00 ns, 0.3889 ns/op
WorkloadResult  12: 67108864 op, 25994900.00 ns, 0.3874 ns/op
WorkloadResult  13: 67108864 op, 25053100.00 ns, 0.3733 ns/op
WorkloadResult  14: 67108864 op, 26113000.00 ns, 0.3891 ns/op
WorkloadResult  15: 67108864 op, 25798200.00 ns, 0.3844 ns/op
// GC:  0 0 0 2304 67108864
// Threading:  0 0 67108864


Mean = 0.598 ns, StdErr = 0.097 ns (16.29%), N = 15, StdDev = 0.377 ns
Min = 0.373 ns, Q1 = 0.387 ns, Median = 0.392 ns, Q3 = 0.567 ns, Max = 1.327 ns
IQR = 0.181 ns, LowerFence = 0.116 ns, UpperFence = 0.838 ns
ConfidenceInterval = [0.195 ns; 1.001 ns] (CI 99.9%), Margin = 0.403 ns (67.45% of Mean)
Skewness = 1.27, Kurtosis = 2.7, MValue = 2.4

// ** Remained 0 (0.0%) benchmark(s) to run. Estimated finish 2026-09-08 4:27 (0h 0m from now) **
Successfully reverted power plan (GUID: 8c5e7fda-e8bf-4a96-9a85-a6e23a8c635c FriendlyName: High performance)
// ***** BenchmarkRunner: Finish  *****

// * Export *
  .artifacts\deserialized-null\runtime-flag\measure\B\NullableInt32\results\Dekaf.Benchmarks.Diagnostics.DiagnosticBenchmarks-report.csv
  .artifacts\deserialized-null\runtime-flag\measure\B\NullableInt32\results\Dekaf.Benchmarks.Diagnostics.DiagnosticBenchmarks-report-github.md
  .artifacts\deserialized-null\runtime-flag\measure\B\NullableInt32\results\Dekaf.Benchmarks.Diagnostics.DiagnosticBenchmarks-report.html
  .artifacts\deserialized-null\runtime-flag\measure\B\NullableInt32\results\Dekaf.Benchmarks.Diagnostics.DiagnosticBenchmarks-report-full.json

// * Detailed results *
DiagnosticBenchmarks.NullableInt32: Job-FMPSYE(OutlierMode=DontRemove, Affinity=00000000000000000100, Toolchain=InProcessEmitToolchain, InvocationCount=67108864, IterationCount=15, UnrollFactor=1, WarmupCount=10)
Runtime = ; GC = 
Mean = 0.598 ns, StdErr = 0.097 ns (16.29%), N = 15, StdDev = 0.377 ns
Min = 0.373 ns, Q1 = 0.387 ns, Median = 0.392 ns, Q3 = 0.567 ns, Max = 1.327 ns
IQR = 0.181 ns, LowerFence = 0.116 ns, UpperFence = 0.838 ns
ConfidenceInterval = [0.195 ns; 1.001 ns] (CI 99.9%), Margin = 0.403 ns (67.45% of Mean)
Skewness = 1.27, Kurtosis = 2.7, MValue = 2.4
-------------------- Histogram --------------------
[0.280 ns ; 0.682 ns) | @@@@@@@@@@@@
[0.682 ns ; 1.114 ns) | 
[1.114 ns ; 1.528 ns) | @@@
---------------------------------------------------

// * Summary *

BenchmarkDotNet v0.15.8, Windows 11 (10.0.26200.9168/25H2/2025Update/HudsonValley2)
12th Gen Intel Core i7-12700K 3.60GHz, 1 CPU, 20 logical and 12 physical cores
.NET SDK 10.0.400
  [Host] : .NET 10.0.11 (10.0.11, 10.0.1126.37416), X64 RyuJIT x86-64-v3

OutlierMode=DontRemove  Affinity=00000000000000000100  Toolchain=InProcessEmitToolchain  
InvocationCount=67108864  IterationCount=15  UnrollFactor=1  
WarmupCount=10  

| Method        | Mean      | Error     | StdDev    | Median    | Allocated |
|-------------- |----------:|----------:|----------:|----------:|----------:|
| NullableInt32 | 0.5981 ns | 0.4034 ns | 0.3773 ns | 0.3916 ns |         - |

// * Hints *
Outliers
  DiagnosticBenchmarks.NullableInt32: OutlierMode=DontRemove, Affinity=00000000000000000100, Toolchain=InProcessEmitToolchain, InvocationCount=67108864, IterationCount=15, UnrollFactor=1, WarmupCount=10 -> 3 outliers were detected (2.60 ns..2.62 ns)

// * Legends *
  Mean      : Arithmetic mean of all measurements
  Error     : Half of 99.9% confidence interval
  StdDev    : Standard deviation of all measurements
  Median    : Value separating the higher half of all measurements (50th percentile)
  Allocated : Allocated memory per single operation (managed only, inclusive, 1KB = 1024B)
  1 ns      : 1 Nanosecond (0.000000001 sec)

// * Diagnostic Output - MemoryDiagnoser *


// ***** BenchmarkRunner: End *****
Run time: 00:00:41 (41.27 sec), executed benchmarks: 1

Global total time: 00:00:43 (43.23 sec), executed benchmarks: 1
// * Artifacts cleanup *
Artifacts cleanup is finished
