[
  {
    "experiment": "jit-attribution",
    "tool": "compare-observer",
    "unchanged_outputs": [
      "comparison.json",
      "loaded-bindings.json"
    ]
  },
  {
    "experiment": "jit-attribution",
    "verified_historical_files": 19
  },
  {
    "experiment": "sampler-primer",
    "tool": "compare-observer",
    "unchanged_outputs": [
      "comparison.json",
      "loaded-bindings.json"
    ]
  },
  {
    "experiment": "sampler-primer",
    "tool": "summarize-primer",
    "unchanged_outputs": [
      "primer-summary.json"
    ]
  },
  {
    "experiment": "sampler-primer",
    "verified_historical_files": 25
  },
  {
    "experiment": "helper-primer",
    "tool": "compare-observer",
    "unchanged_outputs": [
      "comparison.json",
      "loaded-bindings.json"
    ]
  },
  {
    "experiment": "helper-primer",
    "tool": "summarize-primer",
    "unchanged_outputs": [
      "primer-summary.json"
    ]
  },
  {
    "experiment": "helper-primer",
    "tool": "summarize-helpers",
    "unchanged_outputs": [
      "helper-summary.json"
    ]
  },
  {
    "experiment": "helper-primer",
    "verified_historical_files": 37
  }
]
