...FFFFFFFFFFFFFFFFFFFFFFFFFFF...
======================================================================
FAIL: test_observer_rejects_inconsistent_statistics (test_pool_evidence_replay.PoolEvidenceReplayTests.test_observer_rejects_inconsistent_statistics) (folder='jit-attribution', corrupt='mean')
----------------------------------------------------------------------
Traceback (most recent call last):
  File "C:\git\Dekaf-worktrees\pr-3142-improve\.github\scripts\test_pool_evidence_replay.py", line 125, in test_observer_rejects_inconsistent_statistics
    self.assertNotEqual(result.returncode, 0, result.stdout)
    ~~~~~~~~~~~~~~~~~~~^^^^^^^^^^^^^^^^^^^^^^^^^^^^^^^^^^^^^
AssertionError: 0 == 0 : {
  "phases": {
    "U1": {
      "meanNs": 1000000,
      "ciLowNs": 1000000,
      "ciHighNs": 1000000,
      "standardErrorNs": 0,
      "maximumIterationNs": 1000000,
      "bytesPerOp": 0,
      "setupSeconds": 20.0,
      "setupCalls": 1000,
      "warmSeconds": 30.0,
      "warmCalls": 30000,
      "actualSeconds": 25.0,
      "actualCalls": 25000,
      "samples": 25,
      "boundaryJit": 0,
      "interiorBoundaryJit": 0,
      "boundaryCpuMs": 0.0,
      "boundaryGc": [
        0,
        0,
        0
      ],
      "maxThreads": 0,
      "heap": [
        10,
        10
      ],
      "rss": [
        10,
        10
      ]
    },
    "T": {
      "meanNs": 100,
      "ciLowNs": 1000000,
      "ciHighNs": 1000000,
      "standardErrorNs": 0,
      "maximumIterationNs": 1000000,
      "bytesPerOp": 0,
      "setupSeconds": 20.0,
      "setupCalls": 1000,
      "warmSeconds": 30.0,
      "warmCalls": 30000,
      "actualSeconds": 25.0,
      "actualCalls": 25000,
      "samples": 25,
      "boundaryJit": 0,
      "interiorBoundaryJit": 0,
      "boundaryCpuMs": 0.0,
      "boundaryGc": [
        0,
        0,
        0
      ],
      "maxThreads": 0,
      "heap": [
        10,
        10
      ],
      "rss": [
        10,
        10
      ]
    },
    "U2": {
      "meanNs": 1000000,
      "ciLowNs": 1000000,
      "ciHighNs": 1000000,
      "standardErrorNs": 0,
      "maximumIterationNs": 1000000,
      "bytesPerOp": 0,
      "setupSeconds": 20.0,
      "setupCalls": 1000,
      "warmSeconds": 30.0,
      "warmCalls": 30000,
      "actualSeconds": 25.0,
      "actualCalls": 25000,
      "samples": 25,
      "boundaryJit": 0,
      "interiorBoundaryJit": 0,
      "boundaryCpuMs": 0.0,
      "boundaryGc": [
        0,
        0,
        0
      ],
      "maxThreads": 0,
      "heap": [
        10,
        10
      ],
      "rss": [
        10,
        10
      ]
    }
  },
  "tracedVsU1Percent": -99.99,
  "tracedVsU2Percent": -99.99,
  "controlDriftPercent": 0.0
}


======================================================================
FAIL: test_observer_rejects_inconsistent_statistics (test_pool_evidence_replay.PoolEvidenceReplayTests.test_observer_rejects_inconsistent_statistics) (folder='jit-attribution', corrupt='standard-error')
----------------------------------------------------------------------
Traceback (most recent call last):
  File "C:\git\Dekaf-worktrees\pr-3142-improve\.github\scripts\test_pool_evidence_replay.py", line 125, in test_observer_rejects_inconsistent_statistics
    self.assertNotEqual(result.returncode, 0, result.stdout)
    ~~~~~~~~~~~~~~~~~~~^^^^^^^^^^^^^^^^^^^^^^^^^^^^^^^^^^^^^
AssertionError: 0 == 0 : {
  "phases": {
    "U1": {
      "meanNs": 1000000,
      "ciLowNs": 1000000,
      "ciHighNs": 1000000,
      "standardErrorNs": 0,
      "maximumIterationNs": 1000000,
      "bytesPerOp": 0,
      "setupSeconds": 20.0,
      "setupCalls": 1000,
      "warmSeconds": 30.0,
      "warmCalls": 30000,
      "actualSeconds": 25.0,
      "actualCalls": 25000,
      "samples": 25,
      "boundaryJit": 0,
      "interiorBoundaryJit": 0,
      "boundaryCpuMs": 0.0,
      "boundaryGc": [
        0,
        0,
        0
      ],
      "maxThreads": 0,
      "heap": [
        10,
        10
      ],
      "rss": [
        10,
        10
      ]
    },
    "T": {
      "meanNs": 1000000,
      "ciLowNs": 1000000,
      "ciHighNs": 1000000,
      "standardErrorNs": 1,
      "maximumIterationNs": 1000000,
      "bytesPerOp": 0,
      "setupSeconds": 20.0,
      "setupCalls": 1000,
      "warmSeconds": 30.0,
      "warmCalls": 30000,
      "actualSeconds": 25.0,
      "actualCalls": 25000,
      "samples": 25,
      "boundaryJit": 0,
      "interiorBoundaryJit": 0,
      "boundaryCpuMs": 0.0,
      "boundaryGc": [
        0,
        0,
        0
      ],
      "maxThreads": 0,
      "heap": [
        10,
        10
      ],
      "rss": [
        10,
        10
      ]
    },
    "U2": {
      "meanNs": 1000000,
      "ciLowNs": 1000000,
      "ciHighNs": 1000000,
      "standardErrorNs": 0,
      "maximumIterationNs": 1000000,
      "bytesPerOp": 0,
      "setupSeconds": 20.0,
      "setupCalls": 1000,
      "warmSeconds": 30.0,
      "warmCalls": 30000,
      "actualSeconds": 25.0,
      "actualCalls": 25000,
      "samples": 25,
      "boundaryJit": 0,
      "interiorBoundaryJit": 0,
      "boundaryCpuMs": 0.0,
      "boundaryGc": [
        0,
        0,
        0
      ],
      "maxThreads": 0,
      "heap": [
        10,
        10
      ],
      "rss": [
        10,
        10
      ]
    }
  },
  "tracedVsU1Percent": 0.0,
  "tracedVsU2Percent": 0.0,
  "controlDriftPercent": 0.0
}


======================================================================
FAIL: test_observer_rejects_inconsistent_statistics (test_pool_evidence_replay.PoolEvidenceReplayTests.test_observer_rejects_inconsistent_statistics) (folder='jit-attribution', corrupt='maximum')
----------------------------------------------------------------------
Traceback (most recent call last):
  File "C:\git\Dekaf-worktrees\pr-3142-improve\.github\scripts\test_pool_evidence_replay.py", line 125, in test_observer_rejects_inconsistent_statistics
    self.assertNotEqual(result.returncode, 0, result.stdout)
    ~~~~~~~~~~~~~~~~~~~^^^^^^^^^^^^^^^^^^^^^^^^^^^^^^^^^^^^^
AssertionError: 0 == 0 : {
  "phases": {
    "U1": {
      "meanNs": 1000000,
      "ciLowNs": 1000000,
      "ciHighNs": 1000000,
      "standardErrorNs": 0,
      "maximumIterationNs": 1000000,
      "bytesPerOp": 0,
      "setupSeconds": 20.0,
      "setupCalls": 1000,
      "warmSeconds": 30.0,
      "warmCalls": 30000,
      "actualSeconds": 25.0,
      "actualCalls": 25000,
      "samples": 25,
      "boundaryJit": 0,
      "interiorBoundaryJit": 0,
      "boundaryCpuMs": 0.0,
      "boundaryGc": [
        0,
        0,
        0
      ],
      "maxThreads": 0,
      "heap": [
        10,
        10
      ],
      "rss": [
        10,
        10
      ]
    },
    "T": {
      "meanNs": 1000000,
      "ciLowNs": 1000000,
      "ciHighNs": 1000000,
      "standardErrorNs": 0,
      "maximumIterationNs": 1000001,
      "bytesPerOp": 0,
      "setupSeconds": 20.0,
      "setupCalls": 1000,
      "warmSeconds": 30.0,
      "warmCalls": 30000,
      "actualSeconds": 25.0,
      "actualCalls": 25000,
      "samples": 25,
      "boundaryJit": 0,
      "interiorBoundaryJit": 0,
      "boundaryCpuMs": 0.0,
      "boundaryGc": [
        0,
        0,
        0
      ],
      "maxThreads": 0,
      "heap": [
        10,
        10
      ],
      "rss": [
        10,
        10
      ]
    },
    "U2": {
      "meanNs": 1000000,
      "ciLowNs": 1000000,
      "ciHighNs": 1000000,
      "standardErrorNs": 0,
      "maximumIterationNs": 1000000,
      "bytesPerOp": 0,
      "setupSeconds": 20.0,
      "setupCalls": 1000,
      "warmSeconds": 30.0,
      "warmCalls": 30000,
      "actualSeconds": 25.0,
      "actualCalls": 25000,
      "samples": 25,
      "boundaryJit": 0,
      "interiorBoundaryJit": 0,
      "boundaryCpuMs": 0.0,
      "boundaryGc": [
        0,
        0,
        0
      ],
      "maxThreads": 0,
      "heap": [
        10,
        10
      ],
      "rss": [
        10,
        10
      ]
    }
  },
  "tracedVsU1Percent": 0.0,
  "tracedVsU2Percent": 0.0,
  "controlDriftPercent": 0.0
}


======================================================================
FAIL: test_observer_rejects_inconsistent_statistics (test_pool_evidence_replay.PoolEvidenceReplayTests.test_observer_rejects_inconsistent_statistics) (folder='jit-attribution', corrupt='original-values')
----------------------------------------------------------------------
Traceback (most recent call last):
  File "C:\git\Dekaf-worktrees\pr-3142-improve\.github\scripts\test_pool_evidence_replay.py", line 125, in test_observer_rejects_inconsistent_statistics
    self.assertNotEqual(result.returncode, 0, result.stdout)
    ~~~~~~~~~~~~~~~~~~~^^^^^^^^^^^^^^^^^^^^^^^^^^^^^^^^^^^^^
AssertionError: 0 == 0 : {
  "phases": {
    "U1": {
      "meanNs": 1000000,
      "ciLowNs": 1000000,
      "ciHighNs": 1000000,
      "standardErrorNs": 0,
      "maximumIterationNs": 1000000,
      "bytesPerOp": 0,
      "setupSeconds": 20.0,
      "setupCalls": 1000,
      "warmSeconds": 30.0,
      "warmCalls": 30000,
      "actualSeconds": 25.0,
      "actualCalls": 25000,
      "samples": 25,
      "boundaryJit": 0,
      "interiorBoundaryJit": 0,
      "boundaryCpuMs": 0.0,
      "boundaryGc": [
        0,
        0,
        0
      ],
      "maxThreads": 0,
      "heap": [
        10,
        10
      ],
      "rss": [
        10,
        10
      ]
    },
    "T": {
      "meanNs": 1000000,
      "ciLowNs": 1000000,
      "ciHighNs": 1000000,
      "standardErrorNs": 0,
      "maximumIterationNs": 1000000,
      "bytesPerOp": 0,
      "setupSeconds": 20.0,
      "setupCalls": 1000,
      "warmSeconds": 30.0,
      "warmCalls": 30000,
      "actualSeconds": 25.0,
      "actualCalls": 25000,
      "samples": 25,
      "boundaryJit": 0,
      "interiorBoundaryJit": 0,
      "boundaryCpuMs": 0.0,
      "boundaryGc": [
        0,
        0,
        0
      ],
      "maxThreads": 0,
      "heap": [
        10,
        10
      ],
      "rss": [
        10,
        10
      ]
    },
    "U2": {
      "meanNs": 1000000,
      "ciLowNs": 1000000,
      "ciHighNs": 1000000,
      "standardErrorNs": 0,
      "maximumIterationNs": 1000000,
      "bytesPerOp": 0,
      "setupSeconds": 20.0,
      "setupCalls": 1000,
      "warmSeconds": 30.0,
      "warmCalls": 30000,
      "actualSeconds": 25.0,
      "actualCalls": 25000,
      "samples": 25,
      "boundaryJit": 0,
      "interiorBoundaryJit": 0,
      "boundaryCpuMs": 0.0,
      "boundaryGc": [
        0,
        0,
        0
      ],
      "maxThreads": 0,
      "heap": [
        10,
        10
      ],
      "rss": [
        10,
        10
      ]
    }
  },
  "tracedVsU1Percent": 0.0,
  "tracedVsU2Percent": 0.0,
  "controlDriftPercent": 0.0
}


======================================================================
FAIL: test_observer_rejects_inconsistent_statistics (test_pool_evidence_replay.PoolEvidenceReplayTests.test_observer_rejects_inconsistent_statistics) (folder='jit-attribution', corrupt='confidence-bound')
----------------------------------------------------------------------
Traceback (most recent call last):
  File "C:\git\Dekaf-worktrees\pr-3142-improve\.github\scripts\test_pool_evidence_replay.py", line 125, in test_observer_rejects_inconsistent_statistics
    self.assertNotEqual(result.returncode, 0, result.stdout)
    ~~~~~~~~~~~~~~~~~~~^^^^^^^^^^^^^^^^^^^^^^^^^^^^^^^^^^^^^
AssertionError: 0 == 0 : {
  "phases": {
    "U1": {
      "meanNs": 1000000,
      "ciLowNs": 1000000,
      "ciHighNs": 1000000,
      "standardErrorNs": 0,
      "maximumIterationNs": 1000000,
      "bytesPerOp": 0,
      "setupSeconds": 20.0,
      "setupCalls": 1000,
      "warmSeconds": 30.0,
      "warmCalls": 30000,
      "actualSeconds": 25.0,
      "actualCalls": 25000,
      "samples": 25,
      "boundaryJit": 0,
      "interiorBoundaryJit": 0,
      "boundaryCpuMs": 0.0,
      "boundaryGc": [
        0,
        0,
        0
      ],
      "maxThreads": 0,
      "heap": [
        10,
        10
      ],
      "rss": [
        10,
        10
      ]
    },
    "T": {
      "meanNs": 1000000,
      "ciLowNs": 1000000,
      "ciHighNs": 1000001,
      "standardErrorNs": 0,
      "maximumIterationNs": 1000000,
      "bytesPerOp": 0,
      "setupSeconds": 20.0,
      "setupCalls": 1000,
      "warmSeconds": 30.0,
      "warmCalls": 30000,
      "actualSeconds": 25.0,
      "actualCalls": 25000,
      "samples": 25,
      "boundaryJit": 0,
      "interiorBoundaryJit": 0,
      "boundaryCpuMs": 0.0,
      "boundaryGc": [
        0,
        0,
        0
      ],
      "maxThreads": 0,
      "heap": [
        10,
        10
      ],
      "rss": [
        10,
        10
      ]
    },
    "U2": {
      "meanNs": 1000000,
      "ciLowNs": 1000000,
      "ciHighNs": 1000000,
      "standardErrorNs": 0,
      "maximumIterationNs": 1000000,
      "bytesPerOp": 0,
      "setupSeconds": 20.0,
      "setupCalls": 1000,
      "warmSeconds": 30.0,
      "warmCalls": 30000,
      "actualSeconds": 25.0,
      "actualCalls": 25000,
      "samples": 25,
      "boundaryJit": 0,
      "interiorBoundaryJit": 0,
      "boundaryCpuMs": 0.0,
      "boundaryGc": [
        0,
        0,
        0
      ],
      "maxThreads": 0,
      "heap": [
        10,
        10
      ],
      "rss": [
        10,
        10
      ]
    }
  },
  "tracedVsU1Percent": 0.0,
  "tracedVsU2Percent": 0.0,
  "controlDriftPercent": 0.0
}


======================================================================
FAIL: test_observer_rejects_inconsistent_statistics (test_pool_evidence_replay.PoolEvidenceReplayTests.test_observer_rejects_inconsistent_statistics) (folder='jit-attribution', corrupt='confidence-level')
----------------------------------------------------------------------
Traceback (most recent call last):
  File "C:\git\Dekaf-worktrees\pr-3142-improve\.github\scripts\test_pool_evidence_replay.py", line 125, in test_observer_rejects_inconsistent_statistics
    self.assertNotEqual(result.returncode, 0, result.stdout)
    ~~~~~~~~~~~~~~~~~~~^^^^^^^^^^^^^^^^^^^^^^^^^^^^^^^^^^^^^
AssertionError: 0 == 0 : {
  "phases": {
    "U1": {
      "meanNs": 1000000,
      "ciLowNs": 1000000,
      "ciHighNs": 1000000,
      "standardErrorNs": 0,
      "maximumIterationNs": 1000000,
      "bytesPerOp": 0,
      "setupSeconds": 20.0,
      "setupCalls": 1000,
      "warmSeconds": 30.0,
      "warmCalls": 30000,
      "actualSeconds": 25.0,
      "actualCalls": 25000,
      "samples": 25,
      "boundaryJit": 0,
      "interiorBoundaryJit": 0,
      "boundaryCpuMs": 0.0,
      "boundaryGc": [
        0,
        0,
        0
      ],
      "maxThreads": 0,
      "heap": [
        10,
        10
      ],
      "rss": [
        10,
        10
      ]
    },
    "T": {
      "meanNs": 1000000,
      "ciLowNs": 1000000,
      "ciHighNs": 1000000,
      "standardErrorNs": 0,
      "maximumIterationNs": 1000000,
      "bytesPerOp": 0,
      "setupSeconds": 20.0,
      "setupCalls": 1000,
      "warmSeconds": 30.0,
      "warmCalls": 30000,
      "actualSeconds": 25.0,
      "actualCalls": 25000,
      "samples": 25,
      "boundaryJit": 0,
      "interiorBoundaryJit": 0,
      "boundaryCpuMs": 0.0,
      "boundaryGc": [
        0,
        0,
        0
      ],
      "maxThreads": 0,
      "heap": [
        10,
        10
      ],
      "rss": [
        10,
        10
      ]
    },
    "U2": {
      "meanNs": 1000000,
      "ciLowNs": 1000000,
      "ciHighNs": 1000000,
      "standardErrorNs": 0,
      "maximumIterationNs": 1000000,
      "bytesPerOp": 0,
      "setupSeconds": 20.0,
      "setupCalls": 1000,
      "warmSeconds": 30.0,
      "warmCalls": 30000,
      "actualSeconds": 25.0,
      "actualCalls": 25000,
      "samples": 25,
      "boundaryJit": 0,
      "interiorBoundaryJit": 0,
      "boundaryCpuMs": 0.0,
      "boundaryGc": [
        0,
        0,
        0
      ],
      "maxThreads": 0,
      "heap": [
        10,
        10
      ],
      "rss": [
        10,
        10
      ]
    }
  },
  "tracedVsU1Percent": 0.0,
  "tracedVsU2Percent": 0.0,
  "controlDriftPercent": 0.0
}


======================================================================
FAIL: test_observer_rejects_inconsistent_statistics (test_pool_evidence_replay.PoolEvidenceReplayTests.test_observer_rejects_inconsistent_statistics) (folder='jit-attribution', corrupt='result-value')
----------------------------------------------------------------------
Traceback (most recent call last):
  File "C:\git\Dekaf-worktrees\pr-3142-improve\.github\scripts\test_pool_evidence_replay.py", line 125, in test_observer_rejects_inconsistent_statistics
    self.assertNotEqual(result.returncode, 0, result.stdout)
    ~~~~~~~~~~~~~~~~~~~^^^^^^^^^^^^^^^^^^^^^^^^^^^^^^^^^^^^^
AssertionError: 0 == 0 : {
  "phases": {
    "U1": {
      "meanNs": 1000000,
      "ciLowNs": 1000000,
      "ciHighNs": 1000000,
      "standardErrorNs": 0,
      "maximumIterationNs": 1000000,
      "bytesPerOp": 0,
      "setupSeconds": 20.0,
      "setupCalls": 1000,
      "warmSeconds": 30.0,
      "warmCalls": 30000,
      "actualSeconds": 25.0,
      "actualCalls": 25000,
      "samples": 25,
      "boundaryJit": 0,
      "interiorBoundaryJit": 0,
      "boundaryCpuMs": 0.0,
      "boundaryGc": [
        0,
        0,
        0
      ],
      "maxThreads": 0,
      "heap": [
        10,
        10
      ],
      "rss": [
        10,
        10
      ]
    },
    "T": {
      "meanNs": 1000000,
      "ciLowNs": 1000000,
      "ciHighNs": 1000000,
      "standardErrorNs": 0,
      "maximumIterationNs": 1000000,
      "bytesPerOp": 0,
      "setupSeconds": 20.0,
      "setupCalls": 1000,
      "warmSeconds": 30.0,
      "warmCalls": 30000,
      "actualSeconds": 25.0,
      "actualCalls": 25000,
      "samples": 25,
      "boundaryJit": 0,
      "interiorBoundaryJit": 0,
      "boundaryCpuMs": 0.0,
      "boundaryGc": [
        0,
        0,
        0
      ],
      "maxThreads": 0,
      "heap": [
        10,
        10
      ],
      "rss": [
        10,
        10
      ]
    },
    "U2": {
      "meanNs": 1000000,
      "ciLowNs": 1000000,
      "ciHighNs": 1000000,
      "standardErrorNs": 0,
      "maximumIterationNs": 1000000,
      "bytesPerOp": 0,
      "setupSeconds": 20.0,
      "setupCalls": 1000,
      "warmSeconds": 30.0,
      "warmCalls": 30000,
      "actualSeconds": 25.0,
      "actualCalls": 25000,
      "samples": 25,
      "boundaryJit": 0,
      "interiorBoundaryJit": 0,
      "boundaryCpuMs": 0.0,
      "boundaryGc": [
        0,
        0,
        0
      ],
      "maxThreads": 0,
      "heap": [
        10,
        10
      ],
      "rss": [
        10,
        10
      ]
    }
  },
  "tracedVsU1Percent": 0.0,
  "tracedVsU2Percent": 0.0,
  "controlDriftPercent": 0.0
}


======================================================================
FAIL: test_observer_rejects_inconsistent_statistics (test_pool_evidence_replay.PoolEvidenceReplayTests.test_observer_rejects_inconsistent_statistics) (folder='jit-attribution', corrupt='result-count')
----------------------------------------------------------------------
Traceback (most recent call last):
  File "C:\git\Dekaf-worktrees\pr-3142-improve\.github\scripts\test_pool_evidence_replay.py", line 125, in test_observer_rejects_inconsistent_statistics
    self.assertNotEqual(result.returncode, 0, result.stdout)
    ~~~~~~~~~~~~~~~~~~~^^^^^^^^^^^^^^^^^^^^^^^^^^^^^^^^^^^^^
AssertionError: 0 == 0 : {
  "phases": {
    "U1": {
      "meanNs": 1000000,
      "ciLowNs": 1000000,
      "ciHighNs": 1000000,
      "standardErrorNs": 0,
      "maximumIterationNs": 1000000,
      "bytesPerOp": 0,
      "setupSeconds": 20.0,
      "setupCalls": 1000,
      "warmSeconds": 30.0,
      "warmCalls": 30000,
      "actualSeconds": 25.0,
      "actualCalls": 25000,
      "samples": 25,
      "boundaryJit": 0,
      "interiorBoundaryJit": 0,
      "boundaryCpuMs": 0.0,
      "boundaryGc": [
        0,
        0,
        0
      ],
      "maxThreads": 0,
      "heap": [
        10,
        10
      ],
      "rss": [
        10,
        10
      ]
    },
    "T": {
      "meanNs": 1000000,
      "ciLowNs": 1000000,
      "ciHighNs": 1000000,
      "standardErrorNs": 0,
      "maximumIterationNs": 1000000,
      "bytesPerOp": 0,
      "setupSeconds": 20.0,
      "setupCalls": 1000,
      "warmSeconds": 30.0,
      "warmCalls": 30000,
      "actualSeconds": 25.0,
      "actualCalls": 25000,
      "samples": 25,
      "boundaryJit": 0,
      "interiorBoundaryJit": 0,
      "boundaryCpuMs": 0.0,
      "boundaryGc": [
        0,
        0,
        0
      ],
      "maxThreads": 0,
      "heap": [
        10,
        10
      ],
      "rss": [
        10,
        10
      ]
    },
    "U2": {
      "meanNs": 1000000,
      "ciLowNs": 1000000,
      "ciHighNs": 1000000,
      "standardErrorNs": 0,
      "maximumIterationNs": 1000000,
      "bytesPerOp": 0,
      "setupSeconds": 20.0,
      "setupCalls": 1000,
      "warmSeconds": 30.0,
      "warmCalls": 30000,
      "actualSeconds": 25.0,
      "actualCalls": 25000,
      "samples": 25,
      "boundaryJit": 0,
      "interiorBoundaryJit": 0,
      "boundaryCpuMs": 0.0,
      "boundaryGc": [
        0,
        0,
        0
      ],
      "maxThreads": 0,
      "heap": [
        10,
        10
      ],
      "rss": [
        10,
        10
      ]
    }
  },
  "tracedVsU1Percent": 0.0,
  "tracedVsU2Percent": 0.0,
  "controlDriftPercent": 0.0
}


======================================================================
FAIL: test_observer_rejects_inconsistent_statistics (test_pool_evidence_replay.PoolEvidenceReplayTests.test_observer_rejects_inconsistent_statistics) (folder='jit-attribution', corrupt='result-operations')
----------------------------------------------------------------------
Traceback (most recent call last):
  File "C:\git\Dekaf-worktrees\pr-3142-improve\.github\scripts\test_pool_evidence_replay.py", line 125, in test_observer_rejects_inconsistent_statistics
    self.assertNotEqual(result.returncode, 0, result.stdout)
    ~~~~~~~~~~~~~~~~~~~^^^^^^^^^^^^^^^^^^^^^^^^^^^^^^^^^^^^^
AssertionError: 0 == 0 : {
  "phases": {
    "U1": {
      "meanNs": 1000000,
      "ciLowNs": 1000000,
      "ciHighNs": 1000000,
      "standardErrorNs": 0,
      "maximumIterationNs": 1000000,
      "bytesPerOp": 0,
      "setupSeconds": 20.0,
      "setupCalls": 1000,
      "warmSeconds": 30.0,
      "warmCalls": 30000,
      "actualSeconds": 25.0,
      "actualCalls": 25000,
      "samples": 25,
      "boundaryJit": 0,
      "interiorBoundaryJit": 0,
      "boundaryCpuMs": 0.0,
      "boundaryGc": [
        0,
        0,
        0
      ],
      "maxThreads": 0,
      "heap": [
        10,
        10
      ],
      "rss": [
        10,
        10
      ]
    },
    "T": {
      "meanNs": 1000000,
      "ciLowNs": 1000000,
      "ciHighNs": 1000000,
      "standardErrorNs": 0,
      "maximumIterationNs": 1000000,
      "bytesPerOp": 0,
      "setupSeconds": 20.0,
      "setupCalls": 1000,
      "warmSeconds": 30.0,
      "warmCalls": 30000,
      "actualSeconds": 25.0,
      "actualCalls": 25000,
      "samples": 25,
      "boundaryJit": 0,
      "interiorBoundaryJit": 0,
      "boundaryCpuMs": 0.0,
      "boundaryGc": [
        0,
        0,
        0
      ],
      "maxThreads": 0,
      "heap": [
        10,
        10
      ],
      "rss": [
        10,
        10
      ]
    },
    "U2": {
      "meanNs": 1000000,
      "ciLowNs": 1000000,
      "ciHighNs": 1000000,
      "standardErrorNs": 0,
      "maximumIterationNs": 1000000,
      "bytesPerOp": 0,
      "setupSeconds": 20.0,
      "setupCalls": 1000,
      "warmSeconds": 30.0,
      "warmCalls": 30000,
      "actualSeconds": 25.0,
      "actualCalls": 25000,
      "samples": 25,
      "boundaryJit": 0,
      "interiorBoundaryJit": 0,
      "boundaryCpuMs": 0.0,
      "boundaryGc": [
        0,
        0,
        0
      ],
      "maxThreads": 0,
      "heap": [
        10,
        10
      ],
      "rss": [
        10,
        10
      ]
    }
  },
  "tracedVsU1Percent": 0.0,
  "tracedVsU2Percent": 0.0,
  "controlDriftPercent": 0.0
}


======================================================================
FAIL: test_observer_rejects_inconsistent_statistics (test_pool_evidence_replay.PoolEvidenceReplayTests.test_observer_rejects_inconsistent_statistics) (folder='sampler-primer', corrupt='mean')
----------------------------------------------------------------------
Traceback (most recent call last):
  File "C:\git\Dekaf-worktrees\pr-3142-improve\.github\scripts\test_pool_evidence_replay.py", line 125, in test_observer_rejects_inconsistent_statistics
    self.assertNotEqual(result.returncode, 0, result.stdout)
    ~~~~~~~~~~~~~~~~~~~^^^^^^^^^^^^^^^^^^^^^^^^^^^^^^^^^^^^^
AssertionError: 0 == 0 : {
  "phases": {
    "U1": {
      "meanNs": 1000000,
      "ciLowNs": 1000000,
      "ciHighNs": 1000000,
      "standardErrorNs": 0,
      "maximumIterationNs": 1000000,
      "bytesPerOp": 0,
      "setupSeconds": 20.0,
      "setupCalls": 1000,
      "warmSeconds": 50.0,
      "warmCalls": 50000,
      "actualSeconds": 25.0,
      "actualCalls": 25000,
      "samples": 25,
      "boundaryJit": 0,
      "interiorBoundaryJit": 0,
      "boundaryCpuMs": 0.0,
      "boundaryGc": [
        0,
        0,
        0
      ],
      "maxThreads": 0,
      "heap": [
        10,
        10
      ],
      "rss": [
        10,
        10
      ]
    },
    "T": {
      "meanNs": 100,
      "ciLowNs": 1000000,
      "ciHighNs": 1000000,
      "standardErrorNs": 0,
      "maximumIterationNs": 1000000,
      "bytesPerOp": 0,
      "setupSeconds": 20.0,
      "setupCalls": 1000,
      "warmSeconds": 50.0,
      "warmCalls": 50000,
      "actualSeconds": 25.0,
      "actualCalls": 25000,
      "samples": 25,
      "boundaryJit": 0,
      "interiorBoundaryJit": 0,
      "boundaryCpuMs": 0.0,
      "boundaryGc": [
        0,
        0,
        0
      ],
      "maxThreads": 0,
      "heap": [
        10,
        10
      ],
      "rss": [
        10,
        10
      ]
    },
    "U2": {
      "meanNs": 1000000,
      "ciLowNs": 1000000,
      "ciHighNs": 1000000,
      "standardErrorNs": 0,
      "maximumIterationNs": 1000000,
      "bytesPerOp": 0,
      "setupSeconds": 20.0,
      "setupCalls": 1000,
      "warmSeconds": 50.0,
      "warmCalls": 50000,
      "actualSeconds": 25.0,
      "actualCalls": 25000,
      "samples": 25,
      "boundaryJit": 0,
      "interiorBoundaryJit": 0,
      "boundaryCpuMs": 0.0,
      "boundaryGc": [
        0,
        0,
        0
      ],
      "maxThreads": 0,
      "heap": [
        10,
        10
      ],
      "rss": [
        10,
        10
      ]
    }
  },
  "tracedVsU1Percent": -99.99,
  "tracedVsU2Percent": -99.99,
  "controlDriftPercent": 0.0
}


======================================================================
FAIL: test_observer_rejects_inconsistent_statistics (test_pool_evidence_replay.PoolEvidenceReplayTests.test_observer_rejects_inconsistent_statistics) (folder='sampler-primer', corrupt='standard-error')
----------------------------------------------------------------------
Traceback (most recent call last):
  File "C:\git\Dekaf-worktrees\pr-3142-improve\.github\scripts\test_pool_evidence_replay.py", line 125, in test_observer_rejects_inconsistent_statistics
    self.assertNotEqual(result.returncode, 0, result.stdout)
    ~~~~~~~~~~~~~~~~~~~^^^^^^^^^^^^^^^^^^^^^^^^^^^^^^^^^^^^^
AssertionError: 0 == 0 : {
  "phases": {
    "U1": {
      "meanNs": 1000000,
      "ciLowNs": 1000000,
      "ciHighNs": 1000000,
      "standardErrorNs": 0,
      "maximumIterationNs": 1000000,
      "bytesPerOp": 0,
      "setupSeconds": 20.0,
      "setupCalls": 1000,
      "warmSeconds": 50.0,
      "warmCalls": 50000,
      "actualSeconds": 25.0,
      "actualCalls": 25000,
      "samples": 25,
      "boundaryJit": 0,
      "interiorBoundaryJit": 0,
      "boundaryCpuMs": 0.0,
      "boundaryGc": [
        0,
        0,
        0
      ],
      "maxThreads": 0,
      "heap": [
        10,
        10
      ],
      "rss": [
        10,
        10
      ]
    },
    "T": {
      "meanNs": 1000000,
      "ciLowNs": 1000000,
      "ciHighNs": 1000000,
      "standardErrorNs": 1,
      "maximumIterationNs": 1000000,
      "bytesPerOp": 0,
      "setupSeconds": 20.0,
      "setupCalls": 1000,
      "warmSeconds": 50.0,
      "warmCalls": 50000,
      "actualSeconds": 25.0,
      "actualCalls": 25000,
      "samples": 25,
      "boundaryJit": 0,
      "interiorBoundaryJit": 0,
      "boundaryCpuMs": 0.0,
      "boundaryGc": [
        0,
        0,
        0
      ],
      "maxThreads": 0,
      "heap": [
        10,
        10
      ],
      "rss": [
        10,
        10
      ]
    },
    "U2": {
      "meanNs": 1000000,
      "ciLowNs": 1000000,
      "ciHighNs": 1000000,
      "standardErrorNs": 0,
      "maximumIterationNs": 1000000,
      "bytesPerOp": 0,
      "setupSeconds": 20.0,
      "setupCalls": 1000,
      "warmSeconds": 50.0,
      "warmCalls": 50000,
      "actualSeconds": 25.0,
      "actualCalls": 25000,
      "samples": 25,
      "boundaryJit": 0,
      "interiorBoundaryJit": 0,
      "boundaryCpuMs": 0.0,
      "boundaryGc": [
        0,
        0,
        0
      ],
      "maxThreads": 0,
      "heap": [
        10,
        10
      ],
      "rss": [
        10,
        10
      ]
    }
  },
  "tracedVsU1Percent": 0.0,
  "tracedVsU2Percent": 0.0,
  "controlDriftPercent": 0.0
}


======================================================================
FAIL: test_observer_rejects_inconsistent_statistics (test_pool_evidence_replay.PoolEvidenceReplayTests.test_observer_rejects_inconsistent_statistics) (folder='sampler-primer', corrupt='maximum')
----------------------------------------------------------------------
Traceback (most recent call last):
  File "C:\git\Dekaf-worktrees\pr-3142-improve\.github\scripts\test_pool_evidence_replay.py", line 125, in test_observer_rejects_inconsistent_statistics
    self.assertNotEqual(result.returncode, 0, result.stdout)
    ~~~~~~~~~~~~~~~~~~~^^^^^^^^^^^^^^^^^^^^^^^^^^^^^^^^^^^^^
AssertionError: 0 == 0 : {
  "phases": {
    "U1": {
      "meanNs": 1000000,
      "ciLowNs": 1000000,
      "ciHighNs": 1000000,
      "standardErrorNs": 0,
      "maximumIterationNs": 1000000,
      "bytesPerOp": 0,
      "setupSeconds": 20.0,
      "setupCalls": 1000,
      "warmSeconds": 50.0,
      "warmCalls": 50000,
      "actualSeconds": 25.0,
      "actualCalls": 25000,
      "samples": 25,
      "boundaryJit": 0,
      "interiorBoundaryJit": 0,
      "boundaryCpuMs": 0.0,
      "boundaryGc": [
        0,
        0,
        0
      ],
      "maxThreads": 0,
      "heap": [
        10,
        10
      ],
      "rss": [
        10,
        10
      ]
    },
    "T": {
      "meanNs": 1000000,
      "ciLowNs": 1000000,
      "ciHighNs": 1000000,
      "standardErrorNs": 0,
      "maximumIterationNs": 1000001,
      "bytesPerOp": 0,
      "setupSeconds": 20.0,
      "setupCalls": 1000,
      "warmSeconds": 50.0,
      "warmCalls": 50000,
      "actualSeconds": 25.0,
      "actualCalls": 25000,
      "samples": 25,
      "boundaryJit": 0,
      "interiorBoundaryJit": 0,
      "boundaryCpuMs": 0.0,
      "boundaryGc": [
        0,
        0,
        0
      ],
      "maxThreads": 0,
      "heap": [
        10,
        10
      ],
      "rss": [
        10,
        10
      ]
    },
    "U2": {
      "meanNs": 1000000,
      "ciLowNs": 1000000,
      "ciHighNs": 1000000,
      "standardErrorNs": 0,
      "maximumIterationNs": 1000000,
      "bytesPerOp": 0,
      "setupSeconds": 20.0,
      "setupCalls": 1000,
      "warmSeconds": 50.0,
      "warmCalls": 50000,
      "actualSeconds": 25.0,
      "actualCalls": 25000,
      "samples": 25,
      "boundaryJit": 0,
      "interiorBoundaryJit": 0,
      "boundaryCpuMs": 0.0,
      "boundaryGc": [
        0,
        0,
        0
      ],
      "maxThreads": 0,
      "heap": [
        10,
        10
      ],
      "rss": [
        10,
        10
      ]
    }
  },
  "tracedVsU1Percent": 0.0,
  "tracedVsU2Percent": 0.0,
  "controlDriftPercent": 0.0
}


======================================================================
FAIL: test_observer_rejects_inconsistent_statistics (test_pool_evidence_replay.PoolEvidenceReplayTests.test_observer_rejects_inconsistent_statistics) (folder='sampler-primer', corrupt='original-values')
----------------------------------------------------------------------
Traceback (most recent call last):
  File "C:\git\Dekaf-worktrees\pr-3142-improve\.github\scripts\test_pool_evidence_replay.py", line 125, in test_observer_rejects_inconsistent_statistics
    self.assertNotEqual(result.returncode, 0, result.stdout)
    ~~~~~~~~~~~~~~~~~~~^^^^^^^^^^^^^^^^^^^^^^^^^^^^^^^^^^^^^
AssertionError: 0 == 0 : {
  "phases": {
    "U1": {
      "meanNs": 1000000,
      "ciLowNs": 1000000,
      "ciHighNs": 1000000,
      "standardErrorNs": 0,
      "maximumIterationNs": 1000000,
      "bytesPerOp": 0,
      "setupSeconds": 20.0,
      "setupCalls": 1000,
      "warmSeconds": 50.0,
      "warmCalls": 50000,
      "actualSeconds": 25.0,
      "actualCalls": 25000,
      "samples": 25,
      "boundaryJit": 0,
      "interiorBoundaryJit": 0,
      "boundaryCpuMs": 0.0,
      "boundaryGc": [
        0,
        0,
        0
      ],
      "maxThreads": 0,
      "heap": [
        10,
        10
      ],
      "rss": [
        10,
        10
      ]
    },
    "T": {
      "meanNs": 1000000,
      "ciLowNs": 1000000,
      "ciHighNs": 1000000,
      "standardErrorNs": 0,
      "maximumIterationNs": 1000000,
      "bytesPerOp": 0,
      "setupSeconds": 20.0,
      "setupCalls": 1000,
      "warmSeconds": 50.0,
      "warmCalls": 50000,
      "actualSeconds": 25.0,
      "actualCalls": 25000,
      "samples": 25,
      "boundaryJit": 0,
      "interiorBoundaryJit": 0,
      "boundaryCpuMs": 0.0,
      "boundaryGc": [
        0,
        0,
        0
      ],
      "maxThreads": 0,
      "heap": [
        10,
        10
      ],
      "rss": [
        10,
        10
      ]
    },
    "U2": {
      "meanNs": 1000000,
      "ciLowNs": 1000000,
      "ciHighNs": 1000000,
      "standardErrorNs": 0,
      "maximumIterationNs": 1000000,
      "bytesPerOp": 0,
      "setupSeconds": 20.0,
      "setupCalls": 1000,
      "warmSeconds": 50.0,
      "warmCalls": 50000,
      "actualSeconds": 25.0,
      "actualCalls": 25000,
      "samples": 25,
      "boundaryJit": 0,
      "interiorBoundaryJit": 0,
      "boundaryCpuMs": 0.0,
      "boundaryGc": [
        0,
        0,
        0
      ],
      "maxThreads": 0,
      "heap": [
        10,
        10
      ],
      "rss": [
        10,
        10
      ]
    }
  },
  "tracedVsU1Percent": 0.0,
  "tracedVsU2Percent": 0.0,
  "controlDriftPercent": 0.0
}


======================================================================
FAIL: test_observer_rejects_inconsistent_statistics (test_pool_evidence_replay.PoolEvidenceReplayTests.test_observer_rejects_inconsistent_statistics) (folder='sampler-primer', corrupt='confidence-bound')
----------------------------------------------------------------------
Traceback (most recent call last):
  File "C:\git\Dekaf-worktrees\pr-3142-improve\.github\scripts\test_pool_evidence_replay.py", line 125, in test_observer_rejects_inconsistent_statistics
    self.assertNotEqual(result.returncode, 0, result.stdout)
    ~~~~~~~~~~~~~~~~~~~^^^^^^^^^^^^^^^^^^^^^^^^^^^^^^^^^^^^^
AssertionError: 0 == 0 : {
  "phases": {
    "U1": {
      "meanNs": 1000000,
      "ciLowNs": 1000000,
      "ciHighNs": 1000000,
      "standardErrorNs": 0,
      "maximumIterationNs": 1000000,
      "bytesPerOp": 0,
      "setupSeconds": 20.0,
      "setupCalls": 1000,
      "warmSeconds": 50.0,
      "warmCalls": 50000,
      "actualSeconds": 25.0,
      "actualCalls": 25000,
      "samples": 25,
      "boundaryJit": 0,
      "interiorBoundaryJit": 0,
      "boundaryCpuMs": 0.0,
      "boundaryGc": [
        0,
        0,
        0
      ],
      "maxThreads": 0,
      "heap": [
        10,
        10
      ],
      "rss": [
        10,
        10
      ]
    },
    "T": {
      "meanNs": 1000000,
      "ciLowNs": 1000000,
      "ciHighNs": 1000001,
      "standardErrorNs": 0,
      "maximumIterationNs": 1000000,
      "bytesPerOp": 0,
      "setupSeconds": 20.0,
      "setupCalls": 1000,
      "warmSeconds": 50.0,
      "warmCalls": 50000,
      "actualSeconds": 25.0,
      "actualCalls": 25000,
      "samples": 25,
      "boundaryJit": 0,
      "interiorBoundaryJit": 0,
      "boundaryCpuMs": 0.0,
      "boundaryGc": [
        0,
        0,
        0
      ],
      "maxThreads": 0,
      "heap": [
        10,
        10
      ],
      "rss": [
        10,
        10
      ]
    },
    "U2": {
      "meanNs": 1000000,
      "ciLowNs": 1000000,
      "ciHighNs": 1000000,
      "standardErrorNs": 0,
      "maximumIterationNs": 1000000,
      "bytesPerOp": 0,
      "setupSeconds": 20.0,
      "setupCalls": 1000,
      "warmSeconds": 50.0,
      "warmCalls": 50000,
      "actualSeconds": 25.0,
      "actualCalls": 25000,
      "samples": 25,
      "boundaryJit": 0,
      "interiorBoundaryJit": 0,
      "boundaryCpuMs": 0.0,
      "boundaryGc": [
        0,
        0,
        0
      ],
      "maxThreads": 0,
      "heap": [
        10,
        10
      ],
      "rss": [
        10,
        10
      ]
    }
  },
  "tracedVsU1Percent": 0.0,
  "tracedVsU2Percent": 0.0,
  "controlDriftPercent": 0.0
}


======================================================================
FAIL: test_observer_rejects_inconsistent_statistics (test_pool_evidence_replay.PoolEvidenceReplayTests.test_observer_rejects_inconsistent_statistics) (folder='sampler-primer', corrupt='confidence-level')
----------------------------------------------------------------------
Traceback (most recent call last):
  File "C:\git\Dekaf-worktrees\pr-3142-improve\.github\scripts\test_pool_evidence_replay.py", line 125, in test_observer_rejects_inconsistent_statistics
    self.assertNotEqual(result.returncode, 0, result.stdout)
    ~~~~~~~~~~~~~~~~~~~^^^^^^^^^^^^^^^^^^^^^^^^^^^^^^^^^^^^^
AssertionError: 0 == 0 : {
  "phases": {
    "U1": {
      "meanNs": 1000000,
      "ciLowNs": 1000000,
      "ciHighNs": 1000000,
      "standardErrorNs": 0,
      "maximumIterationNs": 1000000,
      "bytesPerOp": 0,
      "setupSeconds": 20.0,
      "setupCalls": 1000,
      "warmSeconds": 50.0,
      "warmCalls": 50000,
      "actualSeconds": 25.0,
      "actualCalls": 25000,
      "samples": 25,
      "boundaryJit": 0,
      "interiorBoundaryJit": 0,
      "boundaryCpuMs": 0.0,
      "boundaryGc": [
        0,
        0,
        0
      ],
      "maxThreads": 0,
      "heap": [
        10,
        10
      ],
      "rss": [
        10,
        10
      ]
    },
    "T": {
      "meanNs": 1000000,
      "ciLowNs": 1000000,
      "ciHighNs": 1000000,
      "standardErrorNs": 0,
      "maximumIterationNs": 1000000,
      "bytesPerOp": 0,
      "setupSeconds": 20.0,
      "setupCalls": 1000,
      "warmSeconds": 50.0,
      "warmCalls": 50000,
      "actualSeconds": 25.0,
      "actualCalls": 25000,
      "samples": 25,
      "boundaryJit": 0,
      "interiorBoundaryJit": 0,
      "boundaryCpuMs": 0.0,
      "boundaryGc": [
        0,
        0,
        0
      ],
      "maxThreads": 0,
      "heap": [
        10,
        10
      ],
      "rss": [
        10,
        10
      ]
    },
    "U2": {
      "meanNs": 1000000,
      "ciLowNs": 1000000,
      "ciHighNs": 1000000,
      "standardErrorNs": 0,
      "maximumIterationNs": 1000000,
      "bytesPerOp": 0,
      "setupSeconds": 20.0,
      "setupCalls": 1000,
      "warmSeconds": 50.0,
      "warmCalls": 50000,
      "actualSeconds": 25.0,
      "actualCalls": 25000,
      "samples": 25,
      "boundaryJit": 0,
      "interiorBoundaryJit": 0,
      "boundaryCpuMs": 0.0,
      "boundaryGc": [
        0,
        0,
        0
      ],
      "maxThreads": 0,
      "heap": [
        10,
        10
      ],
      "rss": [
        10,
        10
      ]
    }
  },
  "tracedVsU1Percent": 0.0,
  "tracedVsU2Percent": 0.0,
  "controlDriftPercent": 0.0
}


======================================================================
FAIL: test_observer_rejects_inconsistent_statistics (test_pool_evidence_replay.PoolEvidenceReplayTests.test_observer_rejects_inconsistent_statistics) (folder='sampler-primer', corrupt='result-value')
----------------------------------------------------------------------
Traceback (most recent call last):
  File "C:\git\Dekaf-worktrees\pr-3142-improve\.github\scripts\test_pool_evidence_replay.py", line 125, in test_observer_rejects_inconsistent_statistics
    self.assertNotEqual(result.returncode, 0, result.stdout)
    ~~~~~~~~~~~~~~~~~~~^^^^^^^^^^^^^^^^^^^^^^^^^^^^^^^^^^^^^
AssertionError: 0 == 0 : {
  "phases": {
    "U1": {
      "meanNs": 1000000,
      "ciLowNs": 1000000,
      "ciHighNs": 1000000,
      "standardErrorNs": 0,
      "maximumIterationNs": 1000000,
      "bytesPerOp": 0,
      "setupSeconds": 20.0,
      "setupCalls": 1000,
      "warmSeconds": 50.0,
      "warmCalls": 50000,
      "actualSeconds": 25.0,
      "actualCalls": 25000,
      "samples": 25,
      "boundaryJit": 0,
      "interiorBoundaryJit": 0,
      "boundaryCpuMs": 0.0,
      "boundaryGc": [
        0,
        0,
        0
      ],
      "maxThreads": 0,
      "heap": [
        10,
        10
      ],
      "rss": [
        10,
        10
      ]
    },
    "T": {
      "meanNs": 1000000,
      "ciLowNs": 1000000,
      "ciHighNs": 1000000,
      "standardErrorNs": 0,
      "maximumIterationNs": 1000000,
      "bytesPerOp": 0,
      "setupSeconds": 20.0,
      "setupCalls": 1000,
      "warmSeconds": 50.0,
      "warmCalls": 50000,
      "actualSeconds": 25.0,
      "actualCalls": 25000,
      "samples": 25,
      "boundaryJit": 0,
      "interiorBoundaryJit": 0,
      "boundaryCpuMs": 0.0,
      "boundaryGc": [
        0,
        0,
        0
      ],
      "maxThreads": 0,
      "heap": [
        10,
        10
      ],
      "rss": [
        10,
        10
      ]
    },
    "U2": {
      "meanNs": 1000000,
      "ciLowNs": 1000000,
      "ciHighNs": 1000000,
      "standardErrorNs": 0,
      "maximumIterationNs": 1000000,
      "bytesPerOp": 0,
      "setupSeconds": 20.0,
      "setupCalls": 1000,
      "warmSeconds": 50.0,
      "warmCalls": 50000,
      "actualSeconds": 25.0,
      "actualCalls": 25000,
      "samples": 25,
      "boundaryJit": 0,
      "interiorBoundaryJit": 0,
      "boundaryCpuMs": 0.0,
      "boundaryGc": [
        0,
        0,
        0
      ],
      "maxThreads": 0,
      "heap": [
        10,
        10
      ],
      "rss": [
        10,
        10
      ]
    }
  },
  "tracedVsU1Percent": 0.0,
  "tracedVsU2Percent": 0.0,
  "controlDriftPercent": 0.0
}


======================================================================
FAIL: test_observer_rejects_inconsistent_statistics (test_pool_evidence_replay.PoolEvidenceReplayTests.test_observer_rejects_inconsistent_statistics) (folder='sampler-primer', corrupt='result-count')
----------------------------------------------------------------------
Traceback (most recent call last):
  File "C:\git\Dekaf-worktrees\pr-3142-improve\.github\scripts\test_pool_evidence_replay.py", line 125, in test_observer_rejects_inconsistent_statistics
    self.assertNotEqual(result.returncode, 0, result.stdout)
    ~~~~~~~~~~~~~~~~~~~^^^^^^^^^^^^^^^^^^^^^^^^^^^^^^^^^^^^^
AssertionError: 0 == 0 : {
  "phases": {
    "U1": {
      "meanNs": 1000000,
      "ciLowNs": 1000000,
      "ciHighNs": 1000000,
      "standardErrorNs": 0,
      "maximumIterationNs": 1000000,
      "bytesPerOp": 0,
      "setupSeconds": 20.0,
      "setupCalls": 1000,
      "warmSeconds": 50.0,
      "warmCalls": 50000,
      "actualSeconds": 25.0,
      "actualCalls": 25000,
      "samples": 25,
      "boundaryJit": 0,
      "interiorBoundaryJit": 0,
      "boundaryCpuMs": 0.0,
      "boundaryGc": [
        0,
        0,
        0
      ],
      "maxThreads": 0,
      "heap": [
        10,
        10
      ],
      "rss": [
        10,
        10
      ]
    },
    "T": {
      "meanNs": 1000000,
      "ciLowNs": 1000000,
      "ciHighNs": 1000000,
      "standardErrorNs": 0,
      "maximumIterationNs": 1000000,
      "bytesPerOp": 0,
      "setupSeconds": 20.0,
      "setupCalls": 1000,
      "warmSeconds": 50.0,
      "warmCalls": 50000,
      "actualSeconds": 25.0,
      "actualCalls": 25000,
      "samples": 25,
      "boundaryJit": 0,
      "interiorBoundaryJit": 0,
      "boundaryCpuMs": 0.0,
      "boundaryGc": [
        0,
        0,
        0
      ],
      "maxThreads": 0,
      "heap": [
        10,
        10
      ],
      "rss": [
        10,
        10
      ]
    },
    "U2": {
      "meanNs": 1000000,
      "ciLowNs": 1000000,
      "ciHighNs": 1000000,
      "standardErrorNs": 0,
      "maximumIterationNs": 1000000,
      "bytesPerOp": 0,
      "setupSeconds": 20.0,
      "setupCalls": 1000,
      "warmSeconds": 50.0,
      "warmCalls": 50000,
      "actualSeconds": 25.0,
      "actualCalls": 25000,
      "samples": 25,
      "boundaryJit": 0,
      "interiorBoundaryJit": 0,
      "boundaryCpuMs": 0.0,
      "boundaryGc": [
        0,
        0,
        0
      ],
      "maxThreads": 0,
      "heap": [
        10,
        10
      ],
      "rss": [
        10,
        10
      ]
    }
  },
  "tracedVsU1Percent": 0.0,
  "tracedVsU2Percent": 0.0,
  "controlDriftPercent": 0.0
}


======================================================================
FAIL: test_observer_rejects_inconsistent_statistics (test_pool_evidence_replay.PoolEvidenceReplayTests.test_observer_rejects_inconsistent_statistics) (folder='sampler-primer', corrupt='result-operations')
----------------------------------------------------------------------
Traceback (most recent call last):
  File "C:\git\Dekaf-worktrees\pr-3142-improve\.github\scripts\test_pool_evidence_replay.py", line 125, in test_observer_rejects_inconsistent_statistics
    self.assertNotEqual(result.returncode, 0, result.stdout)
    ~~~~~~~~~~~~~~~~~~~^^^^^^^^^^^^^^^^^^^^^^^^^^^^^^^^^^^^^
AssertionError: 0 == 0 : {
  "phases": {
    "U1": {
      "meanNs": 1000000,
      "ciLowNs": 1000000,
      "ciHighNs": 1000000,
      "standardErrorNs": 0,
      "maximumIterationNs": 1000000,
      "bytesPerOp": 0,
      "setupSeconds": 20.0,
      "setupCalls": 1000,
      "warmSeconds": 50.0,
      "warmCalls": 50000,
      "actualSeconds": 25.0,
      "actualCalls": 25000,
      "samples": 25,
      "boundaryJit": 0,
      "interiorBoundaryJit": 0,
      "boundaryCpuMs": 0.0,
      "boundaryGc": [
        0,
        0,
        0
      ],
      "maxThreads": 0,
      "heap": [
        10,
        10
      ],
      "rss": [
        10,
        10
      ]
    },
    "T": {
      "meanNs": 1000000,
      "ciLowNs": 1000000,
      "ciHighNs": 1000000,
      "standardErrorNs": 0,
      "maximumIterationNs": 1000000,
      "bytesPerOp": 0,
      "setupSeconds": 20.0,
      "setupCalls": 1000,
      "warmSeconds": 50.0,
      "warmCalls": 50000,
      "actualSeconds": 25.0,
      "actualCalls": 25000,
      "samples": 25,
      "boundaryJit": 0,
      "interiorBoundaryJit": 0,
      "boundaryCpuMs": 0.0,
      "boundaryGc": [
        0,
        0,
        0
      ],
      "maxThreads": 0,
      "heap": [
        10,
        10
      ],
      "rss": [
        10,
        10
      ]
    },
    "U2": {
      "meanNs": 1000000,
      "ciLowNs": 1000000,
      "ciHighNs": 1000000,
      "standardErrorNs": 0,
      "maximumIterationNs": 1000000,
      "bytesPerOp": 0,
      "setupSeconds": 20.0,
      "setupCalls": 1000,
      "warmSeconds": 50.0,
      "warmCalls": 50000,
      "actualSeconds": 25.0,
      "actualCalls": 25000,
      "samples": 25,
      "boundaryJit": 0,
      "interiorBoundaryJit": 0,
      "boundaryCpuMs": 0.0,
      "boundaryGc": [
        0,
        0,
        0
      ],
      "maxThreads": 0,
      "heap": [
        10,
        10
      ],
      "rss": [
        10,
        10
      ]
    }
  },
  "tracedVsU1Percent": 0.0,
  "tracedVsU2Percent": 0.0,
  "controlDriftPercent": 0.0
}


======================================================================
FAIL: test_observer_rejects_inconsistent_statistics (test_pool_evidence_replay.PoolEvidenceReplayTests.test_observer_rejects_inconsistent_statistics) (folder='helper-primer', corrupt='mean')
----------------------------------------------------------------------
Traceback (most recent call last):
  File "C:\git\Dekaf-worktrees\pr-3142-improve\.github\scripts\test_pool_evidence_replay.py", line 125, in test_observer_rejects_inconsistent_statistics
    self.assertNotEqual(result.returncode, 0, result.stdout)
    ~~~~~~~~~~~~~~~~~~~^^^^^^^^^^^^^^^^^^^^^^^^^^^^^^^^^^^^^
AssertionError: 0 == 0 : {
  "phases": {
    "U1": {
      "meanNs": 1000000,
      "ciLowNs": 1000000,
      "ciHighNs": 1000000,
      "standardErrorNs": 0,
      "maximumIterationNs": 1000000,
      "bytesPerOp": 0,
      "setupSeconds": 20.0,
      "setupCalls": 1000,
      "warmSeconds": 50.0,
      "warmCalls": 50000,
      "actualSeconds": 25.0,
      "actualCalls": 25000,
      "samples": 25,
      "boundaryJit": 0,
      "interiorBoundaryJit": 0,
      "boundaryCpuMs": 0.0,
      "boundaryGc": [
        0,
        0,
        0
      ],
      "maxThreads": 0,
      "heap": [
        10,
        10
      ],
      "rss": [
        10,
        10
      ]
    },
    "T": {
      "meanNs": 100,
      "ciLowNs": 1000000,
      "ciHighNs": 1000000,
      "standardErrorNs": 0,
      "maximumIterationNs": 1000000,
      "bytesPerOp": 0,
      "setupSeconds": 20.0,
      "setupCalls": 1000,
      "warmSeconds": 50.0,
      "warmCalls": 50000,
      "actualSeconds": 25.0,
      "actualCalls": 25000,
      "samples": 25,
      "boundaryJit": 0,
      "interiorBoundaryJit": 0,
      "boundaryCpuMs": 0.0,
      "boundaryGc": [
        0,
        0,
        0
      ],
      "maxThreads": 0,
      "heap": [
        10,
        10
      ],
      "rss": [
        10,
        10
      ]
    },
    "U2": {
      "meanNs": 1000000,
      "ciLowNs": 1000000,
      "ciHighNs": 1000000,
      "standardErrorNs": 0,
      "maximumIterationNs": 1000000,
      "bytesPerOp": 0,
      "setupSeconds": 20.0,
      "setupCalls": 1000,
      "warmSeconds": 50.0,
      "warmCalls": 50000,
      "actualSeconds": 25.0,
      "actualCalls": 25000,
      "samples": 25,
      "boundaryJit": 0,
      "interiorBoundaryJit": 0,
      "boundaryCpuMs": 0.0,
      "boundaryGc": [
        0,
        0,
        0
      ],
      "maxThreads": 0,
      "heap": [
        10,
        10
      ],
      "rss": [
        10,
        10
      ]
    }
  },
  "tracedVsU1Percent": -99.99,
  "tracedVsU2Percent": -99.99,
  "controlDriftPercent": 0.0
}


======================================================================
FAIL: test_observer_rejects_inconsistent_statistics (test_pool_evidence_replay.PoolEvidenceReplayTests.test_observer_rejects_inconsistent_statistics) (folder='helper-primer', corrupt='standard-error')
----------------------------------------------------------------------
Traceback (most recent call last):
  File "C:\git\Dekaf-worktrees\pr-3142-improve\.github\scripts\test_pool_evidence_replay.py", line 125, in test_observer_rejects_inconsistent_statistics
    self.assertNotEqual(result.returncode, 0, result.stdout)
    ~~~~~~~~~~~~~~~~~~~^^^^^^^^^^^^^^^^^^^^^^^^^^^^^^^^^^^^^
AssertionError: 0 == 0 : {
  "phases": {
    "U1": {
      "meanNs": 1000000,
      "ciLowNs": 1000000,
      "ciHighNs": 1000000,
      "standardErrorNs": 0,
      "maximumIterationNs": 1000000,
      "bytesPerOp": 0,
      "setupSeconds": 20.0,
      "setupCalls": 1000,
      "warmSeconds": 50.0,
      "warmCalls": 50000,
      "actualSeconds": 25.0,
      "actualCalls": 25000,
      "samples": 25,
      "boundaryJit": 0,
      "interiorBoundaryJit": 0,
      "boundaryCpuMs": 0.0,
      "boundaryGc": [
        0,
        0,
        0
      ],
      "maxThreads": 0,
      "heap": [
        10,
        10
      ],
      "rss": [
        10,
        10
      ]
    },
    "T": {
      "meanNs": 1000000,
      "ciLowNs": 1000000,
      "ciHighNs": 1000000,
      "standardErrorNs": 1,
      "maximumIterationNs": 1000000,
      "bytesPerOp": 0,
      "setupSeconds": 20.0,
      "setupCalls": 1000,
      "warmSeconds": 50.0,
      "warmCalls": 50000,
      "actualSeconds": 25.0,
      "actualCalls": 25000,
      "samples": 25,
      "boundaryJit": 0,
      "interiorBoundaryJit": 0,
      "boundaryCpuMs": 0.0,
      "boundaryGc": [
        0,
        0,
        0
      ],
      "maxThreads": 0,
      "heap": [
        10,
        10
      ],
      "rss": [
        10,
        10
      ]
    },
    "U2": {
      "meanNs": 1000000,
      "ciLowNs": 1000000,
      "ciHighNs": 1000000,
      "standardErrorNs": 0,
      "maximumIterationNs": 1000000,
      "bytesPerOp": 0,
      "setupSeconds": 20.0,
      "setupCalls": 1000,
      "warmSeconds": 50.0,
      "warmCalls": 50000,
      "actualSeconds": 25.0,
      "actualCalls": 25000,
      "samples": 25,
      "boundaryJit": 0,
      "interiorBoundaryJit": 0,
      "boundaryCpuMs": 0.0,
      "boundaryGc": [
        0,
        0,
        0
      ],
      "maxThreads": 0,
      "heap": [
        10,
        10
      ],
      "rss": [
        10,
        10
      ]
    }
  },
  "tracedVsU1Percent": 0.0,
  "tracedVsU2Percent": 0.0,
  "controlDriftPercent": 0.0
}


======================================================================
FAIL: test_observer_rejects_inconsistent_statistics (test_pool_evidence_replay.PoolEvidenceReplayTests.test_observer_rejects_inconsistent_statistics) (folder='helper-primer', corrupt='maximum')
----------------------------------------------------------------------
Traceback (most recent call last):
  File "C:\git\Dekaf-worktrees\pr-3142-improve\.github\scripts\test_pool_evidence_replay.py", line 125, in test_observer_rejects_inconsistent_statistics
    self.assertNotEqual(result.returncode, 0, result.stdout)
    ~~~~~~~~~~~~~~~~~~~^^^^^^^^^^^^^^^^^^^^^^^^^^^^^^^^^^^^^
AssertionError: 0 == 0 : {
  "phases": {
    "U1": {
      "meanNs": 1000000,
      "ciLowNs": 1000000,
      "ciHighNs": 1000000,
      "standardErrorNs": 0,
      "maximumIterationNs": 1000000,
      "bytesPerOp": 0,
      "setupSeconds": 20.0,
      "setupCalls": 1000,
      "warmSeconds": 50.0,
      "warmCalls": 50000,
      "actualSeconds": 25.0,
      "actualCalls": 25000,
      "samples": 25,
      "boundaryJit": 0,
      "interiorBoundaryJit": 0,
      "boundaryCpuMs": 0.0,
      "boundaryGc": [
        0,
        0,
        0
      ],
      "maxThreads": 0,
      "heap": [
        10,
        10
      ],
      "rss": [
        10,
        10
      ]
    },
    "T": {
      "meanNs": 1000000,
      "ciLowNs": 1000000,
      "ciHighNs": 1000000,
      "standardErrorNs": 0,
      "maximumIterationNs": 1000001,
      "bytesPerOp": 0,
      "setupSeconds": 20.0,
      "setupCalls": 1000,
      "warmSeconds": 50.0,
      "warmCalls": 50000,
      "actualSeconds": 25.0,
      "actualCalls": 25000,
      "samples": 25,
      "boundaryJit": 0,
      "interiorBoundaryJit": 0,
      "boundaryCpuMs": 0.0,
      "boundaryGc": [
        0,
        0,
        0
      ],
      "maxThreads": 0,
      "heap": [
        10,
        10
      ],
      "rss": [
        10,
        10
      ]
    },
    "U2": {
      "meanNs": 1000000,
      "ciLowNs": 1000000,
      "ciHighNs": 1000000,
      "standardErrorNs": 0,
      "maximumIterationNs": 1000000,
      "bytesPerOp": 0,
      "setupSeconds": 20.0,
      "setupCalls": 1000,
      "warmSeconds": 50.0,
      "warmCalls": 50000,
      "actualSeconds": 25.0,
      "actualCalls": 25000,
      "samples": 25,
      "boundaryJit": 0,
      "interiorBoundaryJit": 0,
      "boundaryCpuMs": 0.0,
      "boundaryGc": [
        0,
        0,
        0
      ],
      "maxThreads": 0,
      "heap": [
        10,
        10
      ],
      "rss": [
        10,
        10
      ]
    }
  },
  "tracedVsU1Percent": 0.0,
  "tracedVsU2Percent": 0.0,
  "controlDriftPercent": 0.0
}


======================================================================
FAIL: test_observer_rejects_inconsistent_statistics (test_pool_evidence_replay.PoolEvidenceReplayTests.test_observer_rejects_inconsistent_statistics) (folder='helper-primer', corrupt='original-values')
----------------------------------------------------------------------
Traceback (most recent call last):
  File "C:\git\Dekaf-worktrees\pr-3142-improve\.github\scripts\test_pool_evidence_replay.py", line 125, in test_observer_rejects_inconsistent_statistics
    self.assertNotEqual(result.returncode, 0, result.stdout)
    ~~~~~~~~~~~~~~~~~~~^^^^^^^^^^^^^^^^^^^^^^^^^^^^^^^^^^^^^
AssertionError: 0 == 0 : {
  "phases": {
    "U1": {
      "meanNs": 1000000,
      "ciLowNs": 1000000,
      "ciHighNs": 1000000,
      "standardErrorNs": 0,
      "maximumIterationNs": 1000000,
      "bytesPerOp": 0,
      "setupSeconds": 20.0,
      "setupCalls": 1000,
      "warmSeconds": 50.0,
      "warmCalls": 50000,
      "actualSeconds": 25.0,
      "actualCalls": 25000,
      "samples": 25,
      "boundaryJit": 0,
      "interiorBoundaryJit": 0,
      "boundaryCpuMs": 0.0,
      "boundaryGc": [
        0,
        0,
        0
      ],
      "maxThreads": 0,
      "heap": [
        10,
        10
      ],
      "rss": [
        10,
        10
      ]
    },
    "T": {
      "meanNs": 1000000,
      "ciLowNs": 1000000,
      "ciHighNs": 1000000,
      "standardErrorNs": 0,
      "maximumIterationNs": 1000000,
      "bytesPerOp": 0,
      "setupSeconds": 20.0,
      "setupCalls": 1000,
      "warmSeconds": 50.0,
      "warmCalls": 50000,
      "actualSeconds": 25.0,
      "actualCalls": 25000,
      "samples": 25,
      "boundaryJit": 0,
      "interiorBoundaryJit": 0,
      "boundaryCpuMs": 0.0,
      "boundaryGc": [
        0,
        0,
        0
      ],
      "maxThreads": 0,
      "heap": [
        10,
        10
      ],
      "rss": [
        10,
        10
      ]
    },
    "U2": {
      "meanNs": 1000000,
      "ciLowNs": 1000000,
      "ciHighNs": 1000000,
      "standardErrorNs": 0,
      "maximumIterationNs": 1000000,
      "bytesPerOp": 0,
      "setupSeconds": 20.0,
      "setupCalls": 1000,
      "warmSeconds": 50.0,
      "warmCalls": 50000,
      "actualSeconds": 25.0,
      "actualCalls": 25000,
      "samples": 25,
      "boundaryJit": 0,
      "interiorBoundaryJit": 0,
      "boundaryCpuMs": 0.0,
      "boundaryGc": [
        0,
        0,
        0
      ],
      "maxThreads": 0,
      "heap": [
        10,
        10
      ],
      "rss": [
        10,
        10
      ]
    }
  },
  "tracedVsU1Percent": 0.0,
  "tracedVsU2Percent": 0.0,
  "controlDriftPercent": 0.0
}


======================================================================
FAIL: test_observer_rejects_inconsistent_statistics (test_pool_evidence_replay.PoolEvidenceReplayTests.test_observer_rejects_inconsistent_statistics) (folder='helper-primer', corrupt='confidence-bound')
----------------------------------------------------------------------
Traceback (most recent call last):
  File "C:\git\Dekaf-worktrees\pr-3142-improve\.github\scripts\test_pool_evidence_replay.py", line 125, in test_observer_rejects_inconsistent_statistics
    self.assertNotEqual(result.returncode, 0, result.stdout)
    ~~~~~~~~~~~~~~~~~~~^^^^^^^^^^^^^^^^^^^^^^^^^^^^^^^^^^^^^
AssertionError: 0 == 0 : {
  "phases": {
    "U1": {
      "meanNs": 1000000,
      "ciLowNs": 1000000,
      "ciHighNs": 1000000,
      "standardErrorNs": 0,
      "maximumIterationNs": 1000000,
      "bytesPerOp": 0,
      "setupSeconds": 20.0,
      "setupCalls": 1000,
      "warmSeconds": 50.0,
      "warmCalls": 50000,
      "actualSeconds": 25.0,
      "actualCalls": 25000,
      "samples": 25,
      "boundaryJit": 0,
      "interiorBoundaryJit": 0,
      "boundaryCpuMs": 0.0,
      "boundaryGc": [
        0,
        0,
        0
      ],
      "maxThreads": 0,
      "heap": [
        10,
        10
      ],
      "rss": [
        10,
        10
      ]
    },
    "T": {
      "meanNs": 1000000,
      "ciLowNs": 1000000,
      "ciHighNs": 1000001,
      "standardErrorNs": 0,
      "maximumIterationNs": 1000000,
      "bytesPerOp": 0,
      "setupSeconds": 20.0,
      "setupCalls": 1000,
      "warmSeconds": 50.0,
      "warmCalls": 50000,
      "actualSeconds": 25.0,
      "actualCalls": 25000,
      "samples": 25,
      "boundaryJit": 0,
      "interiorBoundaryJit": 0,
      "boundaryCpuMs": 0.0,
      "boundaryGc": [
        0,
        0,
        0
      ],
      "maxThreads": 0,
      "heap": [
        10,
        10
      ],
      "rss": [
        10,
        10
      ]
    },
    "U2": {
      "meanNs": 1000000,
      "ciLowNs": 1000000,
      "ciHighNs": 1000000,
      "standardErrorNs": 0,
      "maximumIterationNs": 1000000,
      "bytesPerOp": 0,
      "setupSeconds": 20.0,
      "setupCalls": 1000,
      "warmSeconds": 50.0,
      "warmCalls": 50000,
      "actualSeconds": 25.0,
      "actualCalls": 25000,
      "samples": 25,
      "boundaryJit": 0,
      "interiorBoundaryJit": 0,
      "boundaryCpuMs": 0.0,
      "boundaryGc": [
        0,
        0,
        0
      ],
      "maxThreads": 0,
      "heap": [
        10,
        10
      ],
      "rss": [
        10,
        10
      ]
    }
  },
  "tracedVsU1Percent": 0.0,
  "tracedVsU2Percent": 0.0,
  "controlDriftPercent": 0.0
}


======================================================================
FAIL: test_observer_rejects_inconsistent_statistics (test_pool_evidence_replay.PoolEvidenceReplayTests.test_observer_rejects_inconsistent_statistics) (folder='helper-primer', corrupt='confidence-level')
----------------------------------------------------------------------
Traceback (most recent call last):
  File "C:\git\Dekaf-worktrees\pr-3142-improve\.github\scripts\test_pool_evidence_replay.py", line 125, in test_observer_rejects_inconsistent_statistics
    self.assertNotEqual(result.returncode, 0, result.stdout)
    ~~~~~~~~~~~~~~~~~~~^^^^^^^^^^^^^^^^^^^^^^^^^^^^^^^^^^^^^
AssertionError: 0 == 0 : {
  "phases": {
    "U1": {
      "meanNs": 1000000,
      "ciLowNs": 1000000,
      "ciHighNs": 1000000,
      "standardErrorNs": 0,
      "maximumIterationNs": 1000000,
      "bytesPerOp": 0,
      "setupSeconds": 20.0,
      "setupCalls": 1000,
      "warmSeconds": 50.0,
      "warmCalls": 50000,
      "actualSeconds": 25.0,
      "actualCalls": 25000,
      "samples": 25,
      "boundaryJit": 0,
      "interiorBoundaryJit": 0,
      "boundaryCpuMs": 0.0,
      "boundaryGc": [
        0,
        0,
        0
      ],
      "maxThreads": 0,
      "heap": [
        10,
        10
      ],
      "rss": [
        10,
        10
      ]
    },
    "T": {
      "meanNs": 1000000,
      "ciLowNs": 1000000,
      "ciHighNs": 1000000,
      "standardErrorNs": 0,
      "maximumIterationNs": 1000000,
      "bytesPerOp": 0,
      "setupSeconds": 20.0,
      "setupCalls": 1000,
      "warmSeconds": 50.0,
      "warmCalls": 50000,
      "actualSeconds": 25.0,
      "actualCalls": 25000,
      "samples": 25,
      "boundaryJit": 0,
      "interiorBoundaryJit": 0,
      "boundaryCpuMs": 0.0,
      "boundaryGc": [
        0,
        0,
        0
      ],
      "maxThreads": 0,
      "heap": [
        10,
        10
      ],
      "rss": [
        10,
        10
      ]
    },
    "U2": {
      "meanNs": 1000000,
      "ciLowNs": 1000000,
      "ciHighNs": 1000000,
      "standardErrorNs": 0,
      "maximumIterationNs": 1000000,
      "bytesPerOp": 0,
      "setupSeconds": 20.0,
      "setupCalls": 1000,
      "warmSeconds": 50.0,
      "warmCalls": 50000,
      "actualSeconds": 25.0,
      "actualCalls": 25000,
      "samples": 25,
      "boundaryJit": 0,
      "interiorBoundaryJit": 0,
      "boundaryCpuMs": 0.0,
      "boundaryGc": [
        0,
        0,
        0
      ],
      "maxThreads": 0,
      "heap": [
        10,
        10
      ],
      "rss": [
        10,
        10
      ]
    }
  },
  "tracedVsU1Percent": 0.0,
  "tracedVsU2Percent": 0.0,
  "controlDriftPercent": 0.0
}


======================================================================
FAIL: test_observer_rejects_inconsistent_statistics (test_pool_evidence_replay.PoolEvidenceReplayTests.test_observer_rejects_inconsistent_statistics) (folder='helper-primer', corrupt='result-value')
----------------------------------------------------------------------
Traceback (most recent call last):
  File "C:\git\Dekaf-worktrees\pr-3142-improve\.github\scripts\test_pool_evidence_replay.py", line 125, in test_observer_rejects_inconsistent_statistics
    self.assertNotEqual(result.returncode, 0, result.stdout)
    ~~~~~~~~~~~~~~~~~~~^^^^^^^^^^^^^^^^^^^^^^^^^^^^^^^^^^^^^
AssertionError: 0 == 0 : {
  "phases": {
    "U1": {
      "meanNs": 1000000,
      "ciLowNs": 1000000,
      "ciHighNs": 1000000,
      "standardErrorNs": 0,
      "maximumIterationNs": 1000000,
      "bytesPerOp": 0,
      "setupSeconds": 20.0,
      "setupCalls": 1000,
      "warmSeconds": 50.0,
      "warmCalls": 50000,
      "actualSeconds": 25.0,
      "actualCalls": 25000,
      "samples": 25,
      "boundaryJit": 0,
      "interiorBoundaryJit": 0,
      "boundaryCpuMs": 0.0,
      "boundaryGc": [
        0,
        0,
        0
      ],
      "maxThreads": 0,
      "heap": [
        10,
        10
      ],
      "rss": [
        10,
        10
      ]
    },
    "T": {
      "meanNs": 1000000,
      "ciLowNs": 1000000,
      "ciHighNs": 1000000,
      "standardErrorNs": 0,
      "maximumIterationNs": 1000000,
      "bytesPerOp": 0,
      "setupSeconds": 20.0,
      "setupCalls": 1000,
      "warmSeconds": 50.0,
      "warmCalls": 50000,
      "actualSeconds": 25.0,
      "actualCalls": 25000,
      "samples": 25,
      "boundaryJit": 0,
      "interiorBoundaryJit": 0,
      "boundaryCpuMs": 0.0,
      "boundaryGc": [
        0,
        0,
        0
      ],
      "maxThreads": 0,
      "heap": [
        10,
        10
      ],
      "rss": [
        10,
        10
      ]
    },
    "U2": {
      "meanNs": 1000000,
      "ciLowNs": 1000000,
      "ciHighNs": 1000000,
      "standardErrorNs": 0,
      "maximumIterationNs": 1000000,
      "bytesPerOp": 0,
      "setupSeconds": 20.0,
      "setupCalls": 1000,
      "warmSeconds": 50.0,
      "warmCalls": 50000,
      "actualSeconds": 25.0,
      "actualCalls": 25000,
      "samples": 25,
      "boundaryJit": 0,
      "interiorBoundaryJit": 0,
      "boundaryCpuMs": 0.0,
      "boundaryGc": [
        0,
        0,
        0
      ],
      "maxThreads": 0,
      "heap": [
        10,
        10
      ],
      "rss": [
        10,
        10
      ]
    }
  },
  "tracedVsU1Percent": 0.0,
  "tracedVsU2Percent": 0.0,
  "controlDriftPercent": 0.0
}


======================================================================
FAIL: test_observer_rejects_inconsistent_statistics (test_pool_evidence_replay.PoolEvidenceReplayTests.test_observer_rejects_inconsistent_statistics) (folder='helper-primer', corrupt='result-count')
----------------------------------------------------------------------
Traceback (most recent call last):
  File "C:\git\Dekaf-worktrees\pr-3142-improve\.github\scripts\test_pool_evidence_replay.py", line 125, in test_observer_rejects_inconsistent_statistics
    self.assertNotEqual(result.returncode, 0, result.stdout)
    ~~~~~~~~~~~~~~~~~~~^^^^^^^^^^^^^^^^^^^^^^^^^^^^^^^^^^^^^
AssertionError: 0 == 0 : {
  "phases": {
    "U1": {
      "meanNs": 1000000,
      "ciLowNs": 1000000,
      "ciHighNs": 1000000,
      "standardErrorNs": 0,
      "maximumIterationNs": 1000000,
      "bytesPerOp": 0,
      "setupSeconds": 20.0,
      "setupCalls": 1000,
      "warmSeconds": 50.0,
      "warmCalls": 50000,
      "actualSeconds": 25.0,
      "actualCalls": 25000,
      "samples": 25,
      "boundaryJit": 0,
      "interiorBoundaryJit": 0,
      "boundaryCpuMs": 0.0,
      "boundaryGc": [
        0,
        0,
        0
      ],
      "maxThreads": 0,
      "heap": [
        10,
        10
      ],
      "rss": [
        10,
        10
      ]
    },
    "T": {
      "meanNs": 1000000,
      "ciLowNs": 1000000,
      "ciHighNs": 1000000,
      "standardErrorNs": 0,
      "maximumIterationNs": 1000000,
      "bytesPerOp": 0,
      "setupSeconds": 20.0,
      "setupCalls": 1000,
      "warmSeconds": 50.0,
      "warmCalls": 50000,
      "actualSeconds": 25.0,
      "actualCalls": 25000,
      "samples": 25,
      "boundaryJit": 0,
      "interiorBoundaryJit": 0,
      "boundaryCpuMs": 0.0,
      "boundaryGc": [
        0,
        0,
        0
      ],
      "maxThreads": 0,
      "heap": [
        10,
        10
      ],
      "rss": [
        10,
        10
      ]
    },
    "U2": {
      "meanNs": 1000000,
      "ciLowNs": 1000000,
      "ciHighNs": 1000000,
      "standardErrorNs": 0,
      "maximumIterationNs": 1000000,
      "bytesPerOp": 0,
      "setupSeconds": 20.0,
      "setupCalls": 1000,
      "warmSeconds": 50.0,
      "warmCalls": 50000,
      "actualSeconds": 25.0,
      "actualCalls": 25000,
      "samples": 25,
      "boundaryJit": 0,
      "interiorBoundaryJit": 0,
      "boundaryCpuMs": 0.0,
      "boundaryGc": [
        0,
        0,
        0
      ],
      "maxThreads": 0,
      "heap": [
        10,
        10
      ],
      "rss": [
        10,
        10
      ]
    }
  },
  "tracedVsU1Percent": 0.0,
  "tracedVsU2Percent": 0.0,
  "controlDriftPercent": 0.0
}


======================================================================
FAIL: test_observer_rejects_inconsistent_statistics (test_pool_evidence_replay.PoolEvidenceReplayTests.test_observer_rejects_inconsistent_statistics) (folder='helper-primer', corrupt='result-operations')
----------------------------------------------------------------------
Traceback (most recent call last):
  File "C:\git\Dekaf-worktrees\pr-3142-improve\.github\scripts\test_pool_evidence_replay.py", line 125, in test_observer_rejects_inconsistent_statistics
    self.assertNotEqual(result.returncode, 0, result.stdout)
    ~~~~~~~~~~~~~~~~~~~^^^^^^^^^^^^^^^^^^^^^^^^^^^^^^^^^^^^^
AssertionError: 0 == 0 : {
  "phases": {
    "U1": {
      "meanNs": 1000000,
      "ciLowNs": 1000000,
      "ciHighNs": 1000000,
      "standardErrorNs": 0,
      "maximumIterationNs": 1000000,
      "bytesPerOp": 0,
      "setupSeconds": 20.0,
      "setupCalls": 1000,
      "warmSeconds": 50.0,
      "warmCalls": 50000,
      "actualSeconds": 25.0,
      "actualCalls": 25000,
      "samples": 25,
      "boundaryJit": 0,
      "interiorBoundaryJit": 0,
      "boundaryCpuMs": 0.0,
      "boundaryGc": [
        0,
        0,
        0
      ],
      "maxThreads": 0,
      "heap": [
        10,
        10
      ],
      "rss": [
        10,
        10
      ]
    },
    "T": {
      "meanNs": 1000000,
      "ciLowNs": 1000000,
      "ciHighNs": 1000000,
      "standardErrorNs": 0,
      "maximumIterationNs": 1000000,
      "bytesPerOp": 0,
      "setupSeconds": 20.0,
      "setupCalls": 1000,
      "warmSeconds": 50.0,
      "warmCalls": 50000,
      "actualSeconds": 25.0,
      "actualCalls": 25000,
      "samples": 25,
      "boundaryJit": 0,
      "interiorBoundaryJit": 0,
      "boundaryCpuMs": 0.0,
      "boundaryGc": [
        0,
        0,
        0
      ],
      "maxThreads": 0,
      "heap": [
        10,
        10
      ],
      "rss": [
        10,
        10
      ]
    },
    "U2": {
      "meanNs": 1000000,
      "ciLowNs": 1000000,
      "ciHighNs": 1000000,
      "standardErrorNs": 0,
      "maximumIterationNs": 1000000,
      "bytesPerOp": 0,
      "setupSeconds": 20.0,
      "setupCalls": 1000,
      "warmSeconds": 50.0,
      "warmCalls": 50000,
      "actualSeconds": 25.0,
      "actualCalls": 25000,
      "samples": 25,
      "boundaryJit": 0,
      "interiorBoundaryJit": 0,
      "boundaryCpuMs": 0.0,
      "boundaryGc": [
        0,
        0,
        0
      ],
      "maxThreads": 0,
      "heap": [
        10,
        10
      ],
      "rss": [
        10,
        10
      ]
    }
  },
  "tracedVsU1Percent": 0.0,
  "tracedVsU2Percent": 0.0,
  "controlDriftPercent": 0.0
}


----------------------------------------------------------------------
Ran 7 tests in 4.877s

FAILED (failures=27)
