// Validating benchmarks:
// ***** BenchmarkRunner: Start   *****
// ***** Found 1 benchmark(s) in total *****
// ***** Building 1 exe(s) in Parallel: Start   *****
// ***** Done, took 00:00:00 (0.02 sec)   *****
// Found 1 benchmarks:
//   DiagnosticBenchmarks.Int32: Job-FMPSYE(OutlierMode=DontRemove, Affinity=00000000000000000100, Toolchain=InProcessEmitToolchain, InvocationCount=67108864, IterationCount=15, UnrollFactor=1, WarmupCount=10)

Setup power plan (GUID: 8c5e7fda-e8bf-4a96-9a85-a6e23a8c635c FriendlyName: High performance)
// **************************
// Benchmark: DiagnosticBenchmarks.Int32: Job-FMPSYE(OutlierMode=DontRemove, Affinity=00000000000000000100, Toolchain=InProcessEmitToolchain, InvocationCount=67108864, IterationCount=15, UnrollFactor=1, WarmupCount=10)
// *** Execute ***
// Launch: 1 / 1

// Benchmark Process Environment Information:
// BenchmarkDotNet v0.15.8
// Runtime=.NET 10.0.11 (10.0.11, 10.0.1126.37416), X64 RyuJIT x86-64-v3
// GC=Concurrent Workstation
// HardwareIntrinsics=AVX2+BMI1+BMI2+F16C+FMA+LZCNT+MOVBE,AVX,SSE3+SSSE3+SSE4.1+SSE4.2+POPCNT,X86Base+SSE+SSE2,AES+PCLMUL,AvxVnni,SERIALIZE VectorSize=256
// Job: Job-FMPSYE(OutlierMode=DontRemove, Affinity=00000000000000000100, Toolchain=InProcessEmitToolchain, InvocationCount=67108864, IterationCount=15, UnrollFactor=1, WarmupCount=10)

OverheadJitting  1: 1 op, 164900.00 ns, 164.9000 us/op
WorkloadJitting  1: 1 op, 140800.00 ns, 140.8000 us/op

OverheadWarmup   1: 67108864 op, 85922400.00 ns, 1.2803 ns/op
OverheadWarmup   2: 67108864 op, 85623100.00 ns, 1.2759 ns/op
OverheadWarmup   3: 67108864 op, 85278200.00 ns, 1.2707 ns/op
OverheadWarmup   4: 67108864 op, 85114200.00 ns, 1.2683 ns/op
OverheadWarmup   5: 67108864 op, 85968800.00 ns, 1.2810 ns/op
OverheadWarmup   6: 67108864 op, 99248500.00 ns, 1.4789 ns/op
OverheadWarmup   7: 67108864 op, 94817500.00 ns, 1.4129 ns/op
OverheadWarmup   8: 67108864 op, 85459800.00 ns, 1.2735 ns/op
OverheadWarmup   9: 67108864 op, 84092700.00 ns, 1.2531 ns/op
OverheadWarmup  10: 67108864 op, 84333500.00 ns, 1.2567 ns/op

OverheadActual   1: 67108864 op, 84158800.00 ns, 1.2541 ns/op
OverheadActual   2: 67108864 op, 84657900.00 ns, 1.2615 ns/op
OverheadActual   3: 67108864 op, 85438600.00 ns, 1.2731 ns/op
OverheadActual   4: 67108864 op, 84762300.00 ns, 1.2631 ns/op
OverheadActual   5: 67108864 op, 85484600.00 ns, 1.2738 ns/op
OverheadActual   6: 67108864 op, 85256700.00 ns, 1.2704 ns/op
OverheadActual   7: 67108864 op, 85299400.00 ns, 1.2711 ns/op
OverheadActual   8: 67108864 op, 85088900.00 ns, 1.2679 ns/op
OverheadActual   9: 67108864 op, 84294800.00 ns, 1.2561 ns/op
OverheadActual  10: 67108864 op, 84268000.00 ns, 1.2557 ns/op
OverheadActual  11: 67108864 op, 84317600.00 ns, 1.2564 ns/op
OverheadActual  12: 67108864 op, 84177300.00 ns, 1.2543 ns/op
OverheadActual  13: 67108864 op, 84231600.00 ns, 1.2551 ns/op
OverheadActual  14: 67108864 op, 85056500.00 ns, 1.2674 ns/op
OverheadActual  15: 67108864 op, 84715600.00 ns, 1.2624 ns/op

WorkloadWarmup   1: 67108864 op, 1928167700.00 ns, 28.7319 ns/op
WorkloadWarmup   2: 67108864 op, 2508098100.00 ns, 37.3736 ns/op
WorkloadWarmup   3: 67108864 op, 3239641900.00 ns, 48.2744 ns/op
WorkloadWarmup   4: 67108864 op, 2999003300.00 ns, 44.6886 ns/op
WorkloadWarmup   5: 67108864 op, 277550100.00 ns, 4.1358 ns/op
WorkloadWarmup   6: 67108864 op, 98203600.00 ns, 1.4633 ns/op
WorkloadWarmup   7: 67108864 op, 98288500.00 ns, 1.4646 ns/op
WorkloadWarmup   8: 67108864 op, 97882200.00 ns, 1.4586 ns/op
WorkloadWarmup   9: 67108864 op, 98297600.00 ns, 1.4647 ns/op
WorkloadWarmup  10: 67108864 op, 98086100.00 ns, 1.4616 ns/op

WorkloadActual   1: 67108864 op, 98245000.00 ns, 1.4640 ns/op
WorkloadActual   2: 67108864 op, 98091800.00 ns, 1.4617 ns/op
WorkloadActual   3: 67108864 op, 98350700.00 ns, 1.4655 ns/op
WorkloadActual   4: 67108864 op, 98668000.00 ns, 1.4703 ns/op
WorkloadActual   5: 67108864 op, 97859400.00 ns, 1.4582 ns/op
WorkloadActual   6: 67108864 op, 98651400.00 ns, 1.4700 ns/op
WorkloadActual   7: 67108864 op, 98829900.00 ns, 1.4727 ns/op
WorkloadActual   8: 67108864 op, 98118900.00 ns, 1.4621 ns/op
WorkloadActual   9: 67108864 op, 98093400.00 ns, 1.4617 ns/op
WorkloadActual  10: 67108864 op, 98767500.00 ns, 1.4718 ns/op
WorkloadActual  11: 67108864 op, 98587100.00 ns, 1.4691 ns/op
WorkloadActual  12: 67108864 op, 98115100.00 ns, 1.4620 ns/op
WorkloadActual  13: 67108864 op, 99507000.00 ns, 1.4828 ns/op
WorkloadActual  14: 67108864 op, 99414500.00 ns, 1.4814 ns/op
WorkloadActual  15: 67108864 op, 98148200.00 ns, 1.4625 ns/op

WorkloadResult   1: 67108864 op, 13529400.00 ns, 0.2016 ns/op
WorkloadResult   2: 67108864 op, 13376200.00 ns, 0.1993 ns/op
WorkloadResult   3: 67108864 op, 13635100.00 ns, 0.2032 ns/op
WorkloadResult   4: 67108864 op, 13952400.00 ns, 0.2079 ns/op
WorkloadResult   5: 67108864 op, 13143800.00 ns, 0.1959 ns/op
WorkloadResult   6: 67108864 op, 13935800.00 ns, 0.2077 ns/op
WorkloadResult   7: 67108864 op, 14114300.00 ns, 0.2103 ns/op
WorkloadResult   8: 67108864 op, 13403300.00 ns, 0.1997 ns/op
WorkloadResult   9: 67108864 op, 13377800.00 ns, 0.1993 ns/op
WorkloadResult  10: 67108864 op, 14051900.00 ns, 0.2094 ns/op
WorkloadResult  11: 67108864 op, 13871500.00 ns, 0.2067 ns/op
WorkloadResult  12: 67108864 op, 13399500.00 ns, 0.1997 ns/op
WorkloadResult  13: 67108864 op, 14791400.00 ns, 0.2204 ns/op
WorkloadResult  14: 67108864 op, 14698900.00 ns, 0.2190 ns/op
WorkloadResult  15: 67108864 op, 13432600.00 ns, 0.2002 ns/op
// GC:  0 0 0 2304 67108864
// Threading:  0 0 67108864


Mean = 0.205 ns, StdErr = 0.002 ns (0.91%), N = 15, StdDev = 0.007 ns
Min = 0.196 ns, Q1 = 0.200 ns, Median = 0.203 ns, Q3 = 0.209 ns, Max = 0.220 ns
IQR = 0.009 ns, LowerFence = 0.186 ns, UpperFence = 0.222 ns
ConfidenceInterval = [0.198 ns; 0.213 ns] (CI 99.9%), Margin = 0.008 ns (3.79% of Mean)
Skewness = 0.75, Kurtosis = 2.41, MValue = 2

// ** Remained 0 (0.0%) benchmark(s) to run. Estimated finish 2026-09-08 4:26 (0h 0m from now) **
Successfully reverted power plan (GUID: 8c5e7fda-e8bf-4a96-9a85-a6e23a8c635c FriendlyName: High performance)
// ***** BenchmarkRunner: Finish  *****

// * Export *
  .artifacts\deserialized-null\runtime-flag\measure\B\Int32\results\Dekaf.Benchmarks.Diagnostics.DiagnosticBenchmarks-report.csv
  .artifacts\deserialized-null\runtime-flag\measure\B\Int32\results\Dekaf.Benchmarks.Diagnostics.DiagnosticBenchmarks-report-github.md
  .artifacts\deserialized-null\runtime-flag\measure\B\Int32\results\Dekaf.Benchmarks.Diagnostics.DiagnosticBenchmarks-report.html
  .artifacts\deserialized-null\runtime-flag\measure\B\Int32\results\Dekaf.Benchmarks.Diagnostics.DiagnosticBenchmarks-report-full.json

// * Detailed results *
DiagnosticBenchmarks.Int32: Job-FMPSYE(OutlierMode=DontRemove, Affinity=00000000000000000100, Toolchain=InProcessEmitToolchain, InvocationCount=67108864, IterationCount=15, UnrollFactor=1, WarmupCount=10)
Runtime = ; GC = 
Mean = 0.205 ns, StdErr = 0.002 ns (0.91%), N = 15, StdDev = 0.007 ns
Min = 0.196 ns, Q1 = 0.200 ns, Median = 0.203 ns, Q3 = 0.209 ns, Max = 0.220 ns
IQR = 0.009 ns, LowerFence = 0.186 ns, UpperFence = 0.222 ns
ConfidenceInterval = [0.198 ns; 0.213 ns] (CI 99.9%), Margin = 0.008 ns (3.79% of Mean)
Skewness = 0.75, Kurtosis = 2.41, MValue = 2
-------------------- Histogram --------------------
[0.196 ns ; 0.203 ns) | @@@@@@@@
[0.203 ns ; 0.212 ns) | @@@@@
[0.212 ns ; 0.224 ns) | @@
---------------------------------------------------

// * Summary *

BenchmarkDotNet v0.15.8, Windows 11 (10.0.26200.9168/25H2/2025Update/HudsonValley2)
12th Gen Intel Core i7-12700K 3.60GHz, 1 CPU, 20 logical and 12 physical cores
.NET SDK 10.0.400
  [Host] : .NET 10.0.11 (10.0.11, 10.0.1126.37416), X64 RyuJIT x86-64-v3

OutlierMode=DontRemove  Affinity=00000000000000000100  Toolchain=InProcessEmitToolchain  
InvocationCount=67108864  IterationCount=15  UnrollFactor=1  
WarmupCount=10  

| Method | Mean      | Error     | StdDev    | Allocated |
|------- |----------:|----------:|----------:|----------:|
| Int32  | 0.2054 ns | 0.0078 ns | 0.0073 ns |         - |

// * Warnings *
MinIterationTime
  DiagnosticBenchmarks.Int32: OutlierMode=DontRemove, Affinity=00000000000000000100, Toolchain=InProcessEmitToolchain, InvocationCount=67108864, IterationCount=15, UnrollFactor=1, WarmupCount=10 -> The minimum observed iteration time is 97.859ms which is very small. It's recommended to increase it to at least 100ms using more operations.

// * Legends *
  Mean      : Arithmetic mean of all measurements
  Error     : Half of 99.9% confidence interval
  StdDev    : Standard deviation of all measurements
  Allocated : Allocated memory per single operation (managed only, inclusive, 1KB = 1024B)
  1 ns      : 1 Nanosecond (0.000000001 sec)

// * Diagnostic Output - MemoryDiagnoser *


// ***** BenchmarkRunner: End *****
Run time: 00:00:35 (35.79 sec), executed benchmarks: 1

Global total time: 00:00:36 (36.34 sec), executed benchmarks: 1
// * Artifacts cleanup *
Artifacts cleanup is finished
