// Validating benchmarks:
// ***** BenchmarkRunner: Start   *****
// ***** Found 1 benchmark(s) in total *****
// ***** Building 1 exe(s) in Parallel: Start   *****
// ***** Done, took 00:00:00 (0.02 sec)   *****
// Found 1 benchmarks:
//   DiagnosticBenchmarks.ByteArray: Job-WYZZKU(OutlierMode=DontRemove, Affinity=00000000000000000100, Toolchain=InProcessEmitToolchain, InvocationCount=16777216, IterationCount=15, UnrollFactor=1, WarmupCount=10)

Setup power plan (GUID: 8c5e7fda-e8bf-4a96-9a85-a6e23a8c635c FriendlyName: High performance)
// **************************
// Benchmark: DiagnosticBenchmarks.ByteArray: Job-WYZZKU(OutlierMode=DontRemove, Affinity=00000000000000000100, Toolchain=InProcessEmitToolchain, InvocationCount=16777216, IterationCount=15, UnrollFactor=1, WarmupCount=10)
// *** Execute ***
// Launch: 1 / 1

// Benchmark Process Environment Information:
// BenchmarkDotNet v0.15.8
// Runtime=.NET 10.0.11 (10.0.11, 10.0.1126.37416), X64 RyuJIT x86-64-v3
// GC=Concurrent Workstation
// HardwareIntrinsics=AVX2+BMI1+BMI2+F16C+FMA+LZCNT+MOVBE,AVX,SSE3+SSSE3+SSE4.1+SSE4.2+POPCNT,X86Base+SSE+SSE2,AES+PCLMUL,AvxVnni,SERIALIZE VectorSize=256
// Job: Job-WYZZKU(OutlierMode=DontRemove, Affinity=00000000000000000100, Toolchain=InProcessEmitToolchain, InvocationCount=16777216, IterationCount=15, UnrollFactor=1, WarmupCount=10)

OverheadJitting  1: 1 op, 160300.00 ns, 160.3000 us/op
WorkloadJitting  1: 1 op, 146700.00 ns, 146.7000 us/op

OverheadWarmup   1: 16777216 op, 21573400.00 ns, 1.2859 ns/op
OverheadWarmup   2: 16777216 op, 21298500.00 ns, 1.2695 ns/op
OverheadWarmup   3: 16777216 op, 21604000.00 ns, 1.2877 ns/op
OverheadWarmup   4: 16777216 op, 21252700.00 ns, 1.2668 ns/op
OverheadWarmup   5: 16777216 op, 21415900.00 ns, 1.2765 ns/op
OverheadWarmup   6: 16777216 op, 21329500.00 ns, 1.2713 ns/op

OverheadActual   1: 16777216 op, 21176500.00 ns, 1.2622 ns/op
OverheadActual   2: 16777216 op, 21320200.00 ns, 1.2708 ns/op
OverheadActual   3: 16777216 op, 21574200.00 ns, 1.2859 ns/op
OverheadActual   4: 16777216 op, 21997500.00 ns, 1.3112 ns/op
OverheadActual   5: 16777216 op, 21575000.00 ns, 1.2860 ns/op
OverheadActual   6: 16777216 op, 21712900.00 ns, 1.2942 ns/op
OverheadActual   7: 16777216 op, 21724500.00 ns, 1.2949 ns/op
OverheadActual   8: 16777216 op, 22082500.00 ns, 1.3162 ns/op
OverheadActual   9: 16777216 op, 21672000.00 ns, 1.2918 ns/op
OverheadActual  10: 16777216 op, 22148000.00 ns, 1.3201 ns/op
OverheadActual  11: 16777216 op, 21639600.00 ns, 1.2898 ns/op
OverheadActual  12: 16777216 op, 21904500.00 ns, 1.3056 ns/op
OverheadActual  13: 16777216 op, 21676600.00 ns, 1.2920 ns/op
OverheadActual  14: 16777216 op, 22073000.00 ns, 1.3157 ns/op
OverheadActual  15: 16777216 op, 21751100.00 ns, 1.2965 ns/op

WorkloadWarmup   1: 16777216 op, 1050750500.00 ns, 62.6296 ns/op
WorkloadWarmup   2: 16777216 op, 1049880100.00 ns, 62.5777 ns/op
WorkloadWarmup   3: 16777216 op, 1047659300.00 ns, 62.4454 ns/op
WorkloadWarmup   4: 16777216 op, 1044619500.00 ns, 62.2642 ns/op
WorkloadWarmup   5: 16777216 op, 1049890900.00 ns, 62.5784 ns/op
WorkloadWarmup   6: 16777216 op, 1069707800.00 ns, 63.7596 ns/op
WorkloadWarmup   7: 16777216 op, 1046807300.00 ns, 62.3946 ns/op
WorkloadWarmup   8: 16777216 op, 1065315600.00 ns, 63.4978 ns/op
WorkloadWarmup   9: 16777216 op, 1054346500.00 ns, 62.8439 ns/op
WorkloadWarmup  10: 16777216 op, 1056501600.00 ns, 62.9724 ns/op

WorkloadActual   1: 16777216 op, 1053153000.00 ns, 62.7728 ns/op
WorkloadActual   2: 16777216 op, 1049922000.00 ns, 62.5802 ns/op
WorkloadActual   3: 16777216 op, 907998200.00 ns, 54.1209 ns/op
WorkloadActual   4: 16777216 op, 908529400.00 ns, 54.1526 ns/op
WorkloadActual   5: 16777216 op, 898075600.00 ns, 53.5295 ns/op
WorkloadActual   6: 16777216 op, 914969200.00 ns, 54.5364 ns/op
WorkloadActual   7: 16777216 op, 896149200.00 ns, 53.4147 ns/op
WorkloadActual   8: 16777216 op, 905097600.00 ns, 53.9480 ns/op
WorkloadActual   9: 16777216 op, 899565900.00 ns, 53.6183 ns/op
WorkloadActual  10: 16777216 op, 897030100.00 ns, 53.4672 ns/op
WorkloadActual  11: 16777216 op, 894701000.00 ns, 53.3283 ns/op
WorkloadActual  12: 16777216 op, 894066500.00 ns, 53.2905 ns/op
WorkloadActual  13: 16777216 op, 889599900.00 ns, 53.0243 ns/op
WorkloadActual  14: 16777216 op, 897802500.00 ns, 53.5132 ns/op
WorkloadActual  15: 16777216 op, 895985900.00 ns, 53.4049 ns/op

WorkloadResult   1: 16777216 op, 1031440100.00 ns, 61.4786 ns/op
WorkloadResult   2: 16777216 op, 1028209100.00 ns, 61.2860 ns/op
WorkloadResult   3: 16777216 op, 886285300.00 ns, 52.8267 ns/op
WorkloadResult   4: 16777216 op, 886816500.00 ns, 52.8584 ns/op
WorkloadResult   5: 16777216 op, 876362700.00 ns, 52.2353 ns/op
WorkloadResult   6: 16777216 op, 893256300.00 ns, 53.2422 ns/op
WorkloadResult   7: 16777216 op, 874436300.00 ns, 52.1205 ns/op
WorkloadResult   8: 16777216 op, 883384700.00 ns, 52.6538 ns/op
WorkloadResult   9: 16777216 op, 877853000.00 ns, 52.3241 ns/op
WorkloadResult  10: 16777216 op, 875317200.00 ns, 52.1730 ns/op
WorkloadResult  11: 16777216 op, 872988100.00 ns, 52.0341 ns/op
WorkloadResult  12: 16777216 op, 872353600.00 ns, 51.9963 ns/op
WorkloadResult  13: 16777216 op, 867887000.00 ns, 51.7301 ns/op
WorkloadResult  14: 16777216 op, 876089600.00 ns, 52.2190 ns/op
WorkloadResult  15: 16777216 op, 874273000.00 ns, 52.1107 ns/op
// GC:  0 0 0 2304 16777216
// Threading:  0 0 16777216


Mean = 53.553 ns, StdErr = 0.827 ns (1.54%), N = 15, StdDev = 3.203 ns
Min = 51.730 ns, Q1 = 52.116 ns, Median = 52.235 ns, Q3 = 52.843 ns, Max = 61.479 ns
IQR = 0.727 ns, LowerFence = 51.025 ns, UpperFence = 53.933 ns
ConfidenceInterval = [50.128 ns; 56.977 ns] (CI 99.9%), Margin = 3.424 ns (6.39% of Mean)
Skewness = 1.89, Kurtosis = 4.79, MValue = 2

// ** Remained 0 (0.0%) benchmark(s) to run. Estimated finish 2026-09-08 4:17 (0h 0m from now) **
Successfully reverted power plan (GUID: 8c5e7fda-e8bf-4a96-9a85-a6e23a8c635c FriendlyName: High performance)
// ***** BenchmarkRunner: Finish  *****

// * Export *
  .artifacts\deserialized-null\runtime-flag\measure\A1\ByteArray\results\Dekaf.Benchmarks.Diagnostics.DiagnosticBenchmarks-report.csv
  .artifacts\deserialized-null\runtime-flag\measure\A1\ByteArray\results\Dekaf.Benchmarks.Diagnostics.DiagnosticBenchmarks-report-github.md
  .artifacts\deserialized-null\runtime-flag\measure\A1\ByteArray\results\Dekaf.Benchmarks.Diagnostics.DiagnosticBenchmarks-report.html
  .artifacts\deserialized-null\runtime-flag\measure\A1\ByteArray\results\Dekaf.Benchmarks.Diagnostics.DiagnosticBenchmarks-report-full.json

// * Detailed results *
DiagnosticBenchmarks.ByteArray: Job-WYZZKU(OutlierMode=DontRemove, Affinity=00000000000000000100, Toolchain=InProcessEmitToolchain, InvocationCount=16777216, IterationCount=15, UnrollFactor=1, WarmupCount=10)
Runtime = ; GC = 
Mean = 53.553 ns, StdErr = 0.827 ns (1.54%), N = 15, StdDev = 3.203 ns
Min = 51.730 ns, Q1 = 52.116 ns, Median = 52.235 ns, Q3 = 52.843 ns, Max = 61.479 ns
IQR = 0.727 ns, LowerFence = 51.025 ns, UpperFence = 53.933 ns
ConfidenceInterval = [50.128 ns; 56.977 ns] (CI 99.9%), Margin = 3.424 ns (6.39% of Mean)
Skewness = 1.89, Kurtosis = 4.79, MValue = 2
-------------------- Histogram --------------------
[50.781 ns ; 54.191 ns) | @@@@@@@@@@@@@
[54.191 ns ; 57.600 ns) | 
[57.600 ns ; 59.678 ns) | 
[59.678 ns ; 63.183 ns) | @@
---------------------------------------------------

// * Summary *

BenchmarkDotNet v0.15.8, Windows 11 (10.0.26200.9168/25H2/2025Update/HudsonValley2)
12th Gen Intel Core i7-12700K 3.60GHz, 1 CPU, 20 logical and 12 physical cores
.NET SDK 10.0.400
  [Host] : .NET 10.0.11 (10.0.11, 10.0.1126.37416), X64 RyuJIT x86-64-v3

OutlierMode=DontRemove  Affinity=00000000000000000100  Toolchain=InProcessEmitToolchain  
InvocationCount=16777216  IterationCount=15  UnrollFactor=1  
WarmupCount=10  

| Method    | Mean     | Error    | StdDev   | Allocated |
|---------- |---------:|---------:|---------:|----------:|
| ByteArray | 53.55 ns | 3.424 ns | 3.203 ns |         - |

// * Hints *
Outliers
  DiagnosticBenchmarks.ByteArray: OutlierMode=DontRemove, Affinity=00000000000000000100, Toolchain=InProcessEmitToolchain, InvocationCount=16777216, IterationCount=15, UnrollFactor=1, WarmupCount=10 -> 2 outliers were detected (62.58 ns, 62.77 ns)

// * Legends *
  Mean      : Arithmetic mean of all measurements
  Error     : Half of 99.9% confidence interval
  StdDev    : Standard deviation of all measurements
  Allocated : Allocated memory per single operation (managed only, inclusive, 1KB = 1024B)
  1 ns      : 1 Nanosecond (0.000000001 sec)

// * Diagnostic Output - MemoryDiagnoser *


// ***** BenchmarkRunner: End *****
Run time: 00:00:46 (46.33 sec), executed benchmarks: 1

Global total time: 00:00:46 (46.94 sec), executed benchmarks: 1
// * Artifacts cleanup *
Artifacts cleanup is finished
