// Validating benchmarks:
// ***** BenchmarkRunner: Start   *****
// ***** Found 1 benchmark(s) in total *****
// ***** Building 1 exe(s) in Parallel: Start   *****
// ***** Done, took 00:00:00 (0.06 sec)   *****
// Found 1 benchmarks:
//   PartitionedShutdownBenchmarks.DrainFullQueue: A1(OutlierMode=DontRemove, Toolchain=InProcessEmitToolchain, InvocationCount=1, IterationCount=300, UnrollFactor=1, WarmupCount=30)

// **************************
// Benchmark: PartitionedShutdownBenchmarks.DrainFullQueue: A1(OutlierMode=DontRemove, Toolchain=InProcessEmitToolchain, InvocationCount=1, IterationCount=300, UnrollFactor=1, WarmupCount=30)
// *** Execute ***
// Launch: 1 / 1
// ! Failed to set up priority High for process System.Diagnostics.Process (dotnet). Make sure you have the right permissions. Message: Permission denied

// Benchmark Process Environment Information:
// BenchmarkDotNet v0.15.8
// Runtime=.NET 10.0.11 (10.0.11, 10.0.1126.37416), X64 RyuJIT x86-64-v3
// GC=Concurrent Workstation
// HardwareIntrinsics=AVX2+BMI1+BMI2+F16C+FMA+LZCNT+MOVBE,AVX,SSE3+SSSE3+SSE4.1+SSE4.2+POPCNT,X86Base+SSE+SSE2,AES+PCLMUL VectorSize=256
// Job: Job-YFXGFF(OutlierMode=DontRemove, Toolchain=InProcessEmitToolchain, InvocationCount=1, IterationCount=300, UnrollFactor=1, WarmupCount=30)

OverheadJitting  1: 1 op, 190959.00 ns, 190.9590 us/op
WorkloadJitting  1: 1 op, 53601905.00 ns, 53.6019 ms/op

OverheadWarmup   1: 1 op, 2104.00 ns, 2.1040 us/op
OverheadWarmup   2: 1 op, 351.00 ns, 351.0000 ns/op
OverheadWarmup   3: 1 op, 231.00 ns, 231.0000 ns/op
OverheadWarmup   4: 1 op, 221.00 ns, 221.0000 ns/op
OverheadWarmup   5: 1 op, 230.00 ns, 230.0000 ns/op
OverheadWarmup   6: 1 op, 230.00 ns, 230.0000 ns/op
OverheadWarmup   7: 1 op, 220.00 ns, 220.0000 ns/op
OverheadWarmup   8: 1 op, 211.00 ns, 211.0000 ns/op
OverheadWarmup   9: 1 op, 221.00 ns, 221.0000 ns/op

OverheadActual   1: 1 op, 270.00 ns, 270.0000 ns/op
OverheadActual   2: 1 op, 250.00 ns, 250.0000 ns/op
OverheadActual   3: 1 op, 261.00 ns, 261.0000 ns/op
OverheadActual   4: 1 op, 210.00 ns, 210.0000 ns/op
OverheadActual   5: 1 op, 220.00 ns, 220.0000 ns/op
OverheadActual   6: 1 op, 220.00 ns, 220.0000 ns/op
OverheadActual   7: 1 op, 210.00 ns, 210.0000 ns/op
OverheadActual   8: 1 op, 190.00 ns, 190.0000 ns/op
OverheadActual   9: 1 op, 210.00 ns, 210.0000 ns/op
OverheadActual  10: 1 op, 220.00 ns, 220.0000 ns/op
OverheadActual  11: 1 op, 220.00 ns, 220.0000 ns/op
OverheadActual  12: 1 op, 210.00 ns, 210.0000 ns/op
OverheadActual  13: 1 op, 241.00 ns, 241.0000 ns/op
OverheadActual  14: 1 op, 221.00 ns, 221.0000 ns/op
OverheadActual  15: 1 op, 210.00 ns, 210.0000 ns/op
OverheadActual  16: 1 op, 220.00 ns, 220.0000 ns/op
OverheadActual  17: 1 op, 210.00 ns, 210.0000 ns/op
OverheadActual  18: 1 op, 220.00 ns, 220.0000 ns/op
OverheadActual  19: 1 op, 221.00 ns, 221.0000 ns/op
OverheadActual  20: 1 op, 220.00 ns, 220.0000 ns/op

WorkloadWarmup   1: 1 op, 341792.00 ns, 341.7920 us/op
WorkloadWarmup   2: 1 op, 238648.00 ns, 238.6480 us/op
WorkloadWarmup   3: 1 op, 206237.00 ns, 206.2370 us/op
WorkloadWarmup   4: 1 op, 232888.00 ns, 232.8880 us/op
WorkloadWarmup   5: 1 op, 203843.00 ns, 203.8430 us/op
WorkloadWarmup   6: 1 op, 199334.00 ns, 199.3340 us/op
WorkloadWarmup   7: 1 op, 201147.00 ns, 201.1470 us/op
WorkloadWarmup   8: 1 op, 200367.00 ns, 200.3670 us/op
WorkloadWarmup   9: 1 op, 197862.00 ns, 197.8620 us/op
WorkloadWarmup  10: 1 op, 244499.00 ns, 244.4990 us/op
WorkloadWarmup  11: 1 op, 200226.00 ns, 200.2260 us/op
WorkloadWarmup  12: 1 op, 233329.00 ns, 233.3290 us/op
WorkloadWarmup  13: 1 op, 200557.00 ns, 200.5570 us/op
WorkloadWarmup  14: 1 op, 221186.00 ns, 221.1860 us/op
WorkloadWarmup  15: 1 op, 201288.00 ns, 201.2880 us/op
WorkloadWarmup  16: 1 op, 200106.00 ns, 200.1060 us/op
WorkloadWarmup  17: 1 op, 204254.00 ns, 204.2540 us/op
WorkloadWarmup  18: 1 op, 202911.00 ns, 202.9110 us/op
WorkloadWarmup  19: 1 op, 198062.00 ns, 198.0620 us/op
WorkloadWarmup  20: 1 op, 231775.00 ns, 231.7750 us/op
WorkloadWarmup  21: 1 op, 197972.00 ns, 197.9720 us/op
WorkloadWarmup  22: 1 op, 221065.00 ns, 221.0650 us/op
WorkloadWarmup  23: 1 op, 201890.00 ns, 201.8900 us/op
WorkloadWarmup  24: 1 op, 198764.00 ns, 198.7640 us/op
WorkloadWarmup  25: 1 op, 213471.00 ns, 213.4710 us/op
WorkloadWarmup  26: 1 op, 220795.00 ns, 220.7950 us/op
WorkloadWarmup  27: 1 op, 201008.00 ns, 201.0080 us/op
WorkloadWarmup  28: 1 op, 235382.00 ns, 235.3820 us/op
WorkloadWarmup  29: 1 op, 198443.00 ns, 198.4430 us/op
WorkloadWarmup  30: 1 op, 219672.00 ns, 219.6720 us/op

WorkloadActual   1: 1 op, 218751.00 ns, 218.7510 us/op
WorkloadActual   2: 1 op, 230192.00 ns, 230.1920 us/op
WorkloadActual   3: 1 op, 202371.00 ns, 202.3710 us/op
WorkloadActual   4: 1 op, 218520.00 ns, 218.5200 us/op
WorkloadActual   5: 1 op, 197721.00 ns, 197.7210 us/op
WorkloadActual   6: 1 op, 216376.00 ns, 216.3760 us/op
WorkloadActual   7: 1 op, 200867.00 ns, 200.8670 us/op
WorkloadActual   8: 1 op, 196439.00 ns, 196.4390 us/op
WorkloadActual   9: 1 op, 196469.00 ns, 196.4690 us/op
WorkloadActual  10: 1 op, 200767.00 ns, 200.7670 us/op
WorkloadActual  11: 1 op, 197150.00 ns, 197.1500 us/op
WorkloadActual  12: 1 op, 208182.00 ns, 208.1820 us/op
WorkloadActual  13: 1 op, 246393.00 ns, 246.3930 us/op
WorkloadActual  14: 1 op, 199585.00 ns, 199.5850 us/op
WorkloadActual  15: 1 op, 197531.00 ns, 197.5310 us/op
WorkloadActual  16: 1 op, 203402.00 ns, 203.4020 us/op
WorkloadActual  17: 1 op, 199494.00 ns, 199.4940 us/op
WorkloadActual  18: 1 op, 199354.00 ns, 199.3540 us/op
WorkloadActual  19: 1 op, 214843.00 ns, 214.8430 us/op
WorkloadActual  20: 1 op, 199324.00 ns, 199.3240 us/op
WorkloadActual  21: 1 op, 200827.00 ns, 200.8270 us/op
WorkloadActual  22: 1 op, 201619.00 ns, 201.6190 us/op
WorkloadActual  23: 1 op, 199865.00 ns, 199.8650 us/op
WorkloadActual  24: 1 op, 199555.00 ns, 199.5550 us/op
WorkloadActual  25: 1 op, 197171.00 ns, 197.1710 us/op
WorkloadActual  26: 1 op, 198183.00 ns, 198.1830 us/op
WorkloadActual  27: 1 op, 195848.00 ns, 195.8480 us/op
WorkloadActual  28: 1 op, 197772.00 ns, 197.7720 us/op
WorkloadActual  29: 1 op, 201198.00 ns, 201.1980 us/op
WorkloadActual  30: 1 op, 201629.00 ns, 201.6290 us/op
WorkloadActual  31: 1 op, 199955.00 ns, 199.9550 us/op
WorkloadActual  32: 1 op, 198553.00 ns, 198.5530 us/op
WorkloadActual  33: 1 op, 215815.00 ns, 215.8150 us/op
WorkloadActual  34: 1 op, 199565.00 ns, 199.5650 us/op
WorkloadActual  35: 1 op, 200847.00 ns, 200.8470 us/op
WorkloadActual  36: 1 op, 197020.00 ns, 197.0200 us/op
WorkloadActual  37: 1 op, 199074.00 ns, 199.0740 us/op
WorkloadActual  38: 1 op, 198463.00 ns, 198.4630 us/op
WorkloadActual  39: 1 op, 197230.00 ns, 197.2300 us/op
WorkloadActual  40: 1 op, 200687.00 ns, 200.6870 us/op
WorkloadActual  41: 1 op, 201749.00 ns, 201.7490 us/op
WorkloadActual  42: 1 op, 199575.00 ns, 199.5750 us/op
WorkloadActual  43: 1 op, 200566.00 ns, 200.5660 us/op
WorkloadActual  44: 1 op, 201900.00 ns, 201.9000 us/op
WorkloadActual  45: 1 op, 197471.00 ns, 197.4710 us/op
WorkloadActual  46: 1 op, 200878.00 ns, 200.8780 us/op
WorkloadActual  47: 1 op, 221526.00 ns, 221.5260 us/op
WorkloadActual  48: 1 op, 207640.00 ns, 207.6400 us/op
WorkloadActual  49: 1 op, 220204.00 ns, 220.2040 us/op
WorkloadActual  50: 1 op, 197982.00 ns, 197.9820 us/op
WorkloadActual  51: 1 op, 218210.00 ns, 218.2100 us/op
WorkloadActual  52: 1 op, 200566.00 ns, 200.5660 us/op
WorkloadActual  53: 1 op, 237687.00 ns, 237.6870 us/op
WorkloadActual  54: 1 op, 199685.00 ns, 199.6850 us/op
WorkloadActual  55: 1 op, 218260.00 ns, 218.2600 us/op
WorkloadActual  56: 1 op, 203202.00 ns, 203.2020 us/op
WorkloadActual  57: 1 op, 220735.00 ns, 220.7350 us/op
WorkloadActual  58: 1 op, 199435.00 ns, 199.4350 us/op
WorkloadActual  59: 1 op, 217780.00 ns, 217.7800 us/op
WorkloadActual  60: 1 op, 198793.00 ns, 198.7930 us/op
WorkloadActual  61: 1 op, 253917.00 ns, 253.9170 us/op
WorkloadActual  62: 1 op, 199896.00 ns, 199.8960 us/op
WorkloadActual  63: 1 op, 240191.00 ns, 240.1910 us/op
WorkloadActual  64: 1 op, 201468.00 ns, 201.4680 us/op
WorkloadActual  65: 1 op, 216247.00 ns, 216.2470 us/op
WorkloadActual  66: 1 op, 197751.00 ns, 197.7510 us/op
WorkloadActual  67: 1 op, 219402.00 ns, 219.4020 us/op
WorkloadActual  68: 1 op, 197511.00 ns, 197.5110 us/op
WorkloadActual  69: 1 op, 234801.00 ns, 234.8010 us/op
WorkloadActual  70: 1 op, 200897.00 ns, 200.8970 us/op
WorkloadActual  71: 1 op, 217629.00 ns, 217.6290 us/op
WorkloadActual  72: 1 op, 202721.00 ns, 202.7210 us/op
WorkloadActual  73: 1 op, 232177.00 ns, 232.1770 us/op
WorkloadActual  74: 1 op, 217758.00 ns, 217.7580 us/op
WorkloadActual  75: 1 op, 201629.00 ns, 201.6290 us/op
WorkloadActual  76: 1 op, 200337.00 ns, 200.3370 us/op
WorkloadActual  77: 1 op, 200336.00 ns, 200.3360 us/op
WorkloadActual  78: 1 op, 202120.00 ns, 202.1200 us/op
WorkloadActual  79: 1 op, 200497.00 ns, 200.4970 us/op
WorkloadActual  80: 1 op, 198242.00 ns, 198.2420 us/op
WorkloadActual  81: 1 op, 206047.00 ns, 206.0470 us/op
WorkloadActual  82: 1 op, 234310.00 ns, 234.3100 us/op
WorkloadActual  83: 1 op, 201038.00 ns, 201.0380 us/op
WorkloadActual  84: 1 op, 235482.00 ns, 235.4820 us/op
WorkloadActual  85: 1 op, 201258.00 ns, 201.2580 us/op
WorkloadActual  86: 1 op, 218741.00 ns, 218.7410 us/op
WorkloadActual  87: 1 op, 202651.00 ns, 202.6510 us/op
WorkloadActual  88: 1 op, 219964.00 ns, 219.9640 us/op
WorkloadActual  89: 1 op, 216497.00 ns, 216.4970 us/op
WorkloadActual  90: 1 op, 234521.00 ns, 234.5210 us/op
WorkloadActual  91: 1 op, 199475.00 ns, 199.4750 us/op
WorkloadActual  92: 1 op, 219572.00 ns, 219.5720 us/op
WorkloadActual  93: 1 op, 200527.00 ns, 200.5270 us/op
WorkloadActual  94: 1 op, 226085.00 ns, 226.0850 us/op
WorkloadActual  95: 1 op, 200927.00 ns, 200.9270 us/op
WorkloadActual  96: 1 op, 221336.00 ns, 221.3360 us/op
WorkloadActual  97: 1 op, 201779.00 ns, 201.7790 us/op
WorkloadActual  98: 1 op, 233709.00 ns, 233.7090 us/op
WorkloadActual  99: 1 op, 198373.00 ns, 198.3730 us/op
WorkloadActual  100: 1 op, 227938.00 ns, 227.9380 us/op
WorkloadActual  101: 1 op, 205747.00 ns, 205.7470 us/op
WorkloadActual  102: 1 op, 221897.00 ns, 221.8970 us/op
WorkloadActual  103: 1 op, 212980.00 ns, 212.9800 us/op
WorkloadActual  104: 1 op, 222999.00 ns, 222.9990 us/op
WorkloadActual  105: 1 op, 198313.00 ns, 198.3130 us/op
WorkloadActual  106: 1 op, 230604.00 ns, 230.6040 us/op
WorkloadActual  107: 1 op, 196820.00 ns, 196.8200 us/op
WorkloadActual  108: 1 op, 197722.00 ns, 197.7220 us/op
WorkloadActual  109: 1 op, 204014.00 ns, 204.0140 us/op
WorkloadActual  110: 1 op, 201408.00 ns, 201.4080 us/op
WorkloadActual  111: 1 op, 200376.00 ns, 200.3760 us/op
WorkloadActual  112: 1 op, 199625.00 ns, 199.6250 us/op
WorkloadActual  113: 1 op, 200055.00 ns, 200.0550 us/op
WorkloadActual  114: 1 op, 201448.00 ns, 201.4480 us/op
WorkloadActual  115: 1 op, 197651.00 ns, 197.6510 us/op
WorkloadActual  116: 1 op, 199144.00 ns, 199.1440 us/op
WorkloadActual  117: 1 op, 216807.00 ns, 216.8070 us/op
WorkloadActual  118: 1 op, 197251.00 ns, 197.2510 us/op
WorkloadActual  119: 1 op, 200797.00 ns, 200.7970 us/op
WorkloadActual  120: 1 op, 197932.00 ns, 197.9320 us/op
WorkloadActual  121: 1 op, 197692.00 ns, 197.6920 us/op
WorkloadActual  122: 1 op, 199725.00 ns, 199.7250 us/op
WorkloadActual  123: 1 op, 198142.00 ns, 198.1420 us/op
WorkloadActual  124: 1 op, 202511.00 ns, 202.5110 us/op
WorkloadActual  125: 1 op, 202160.00 ns, 202.1600 us/op
WorkloadActual  126: 1 op, 199675.00 ns, 199.6750 us/op
WorkloadActual  127: 1 op, 197280.00 ns, 197.2800 us/op
WorkloadActual  128: 1 op, 199615.00 ns, 199.6150 us/op
WorkloadActual  129: 1 op, 196329.00 ns, 196.3290 us/op
WorkloadActual  130: 1 op, 198302.00 ns, 198.3020 us/op
WorkloadActual  131: 1 op, 216075.00 ns, 216.0750 us/op
WorkloadActual  132: 1 op, 197932.00 ns, 197.9320 us/op
WorkloadActual  133: 1 op, 199535.00 ns, 199.5350 us/op
WorkloadActual  134: 1 op, 198753.00 ns, 198.7530 us/op
WorkloadActual  135: 1 op, 199164.00 ns, 199.1640 us/op
WorkloadActual  136: 1 op, 198843.00 ns, 198.8430 us/op
WorkloadActual  137: 1 op, 201118.00 ns, 201.1180 us/op
WorkloadActual  138: 1 op, 201749.00 ns, 201.7490 us/op
WorkloadActual  139: 1 op, 196479.00 ns, 196.4790 us/op
WorkloadActual  140: 1 op, 199345.00 ns, 199.3450 us/op
WorkloadActual  141: 1 op, 199805.00 ns, 199.8050 us/op
WorkloadActual  142: 1 op, 199535.00 ns, 199.5350 us/op
WorkloadActual  143: 1 op, 214824.00 ns, 214.8240 us/op
WorkloadActual  144: 1 op, 198582.00 ns, 198.5820 us/op
WorkloadActual  145: 1 op, 196329.00 ns, 196.3290 us/op
WorkloadActual  146: 1 op, 199625.00 ns, 199.6250 us/op
WorkloadActual  147: 1 op, 198072.00 ns, 198.0720 us/op
WorkloadActual  148: 1 op, 200426.00 ns, 200.4260 us/op
WorkloadActual  149: 1 op, 196921.00 ns, 196.9210 us/op
WorkloadActual  150: 1 op, 198483.00 ns, 198.4830 us/op
WorkloadActual  151: 1 op, 202440.00 ns, 202.4400 us/op
WorkloadActual  152: 1 op, 201498.00 ns, 201.4980 us/op
WorkloadActual  153: 1 op, 199265.00 ns, 199.2650 us/op
WorkloadActual  154: 1 op, 199083.00 ns, 199.0830 us/op
WorkloadActual  155: 1 op, 201198.00 ns, 201.1980 us/op
WorkloadActual  156: 1 op, 201538.00 ns, 201.5380 us/op
WorkloadActual  157: 1 op, 215935.00 ns, 215.9350 us/op
WorkloadActual  158: 1 op, 197912.00 ns, 197.9120 us/op
WorkloadActual  159: 1 op, 216718.00 ns, 216.7180 us/op
WorkloadActual  160: 1 op, 197942.00 ns, 197.9420 us/op
WorkloadActual  161: 1 op, 201057.00 ns, 201.0570 us/op
WorkloadActual  162: 1 op, 197731.00 ns, 197.7310 us/op
WorkloadActual  163: 1 op, 198062.00 ns, 198.0620 us/op
WorkloadActual  164: 1 op, 201699.00 ns, 201.6990 us/op
WorkloadActual  165: 1 op, 197230.00 ns, 197.2300 us/op
WorkloadActual  166: 1 op, 199625.00 ns, 199.6250 us/op
WorkloadActual  167: 1 op, 200036.00 ns, 200.0360 us/op
WorkloadActual  168: 1 op, 198943.00 ns, 198.9430 us/op
WorkloadActual  169: 1 op, 199205.00 ns, 199.2050 us/op
WorkloadActual  170: 1 op, 204835.00 ns, 204.8350 us/op
WorkloadActual  171: 1 op, 214232.00 ns, 214.2320 us/op
WorkloadActual  172: 1 op, 200406.00 ns, 200.4060 us/op
WorkloadActual  173: 1 op, 197672.00 ns, 197.6720 us/op
WorkloadActual  174: 1 op, 218711.00 ns, 218.7110 us/op
WorkloadActual  175: 1 op, 196880.00 ns, 196.8800 us/op
WorkloadActual  176: 1 op, 203893.00 ns, 203.8930 us/op
WorkloadActual  177: 1 op, 199715.00 ns, 199.7150 us/op
WorkloadActual  178: 1 op, 198503.00 ns, 198.5030 us/op
WorkloadActual  179: 1 op, 198703.00 ns, 198.7030 us/op
WorkloadActual  180: 1 op, 198112.00 ns, 198.1120 us/op
WorkloadActual  181: 1 op, 197161.00 ns, 197.1610 us/op
WorkloadActual  182: 1 op, 200587.00 ns, 200.5870 us/op
WorkloadActual  183: 1 op, 197101.00 ns, 197.1010 us/op
WorkloadActual  184: 1 op, 197000.00 ns, 197.0000 us/op
WorkloadActual  185: 1 op, 215735.00 ns, 215.7350 us/op
WorkloadActual  186: 1 op, 199014.00 ns, 199.0140 us/op
WorkloadActual  187: 1 op, 197521.00 ns, 197.5210 us/op
WorkloadActual  188: 1 op, 199284.00 ns, 199.2840 us/op
WorkloadActual  189: 1 op, 196810.00 ns, 196.8100 us/op
WorkloadActual  190: 1 op, 200257.00 ns, 200.2570 us/op
WorkloadActual  191: 1 op, 197321.00 ns, 197.3210 us/op
WorkloadActual  192: 1 op, 198914.00 ns, 198.9140 us/op
WorkloadActual  193: 1 op, 196339.00 ns, 196.3390 us/op
WorkloadActual  194: 1 op, 204755.00 ns, 204.7550 us/op
WorkloadActual  195: 1 op, 196049.00 ns, 196.0490 us/op
WorkloadActual  196: 1 op, 200817.00 ns, 200.8170 us/op
WorkloadActual  197: 1 op, 197080.00 ns, 197.0800 us/op
WorkloadActual  198: 1 op, 200297.00 ns, 200.2970 us/op
WorkloadActual  199: 1 op, 213060.00 ns, 213.0600 us/op
WorkloadActual  200: 1 op, 198923.00 ns, 198.9230 us/op
WorkloadActual  201: 1 op, 196088.00 ns, 196.0880 us/op
WorkloadActual  202: 1 op, 201699.00 ns, 201.6990 us/op
WorkloadActual  203: 1 op, 202721.00 ns, 202.7210 us/op
WorkloadActual  204: 1 op, 201909.00 ns, 201.9090 us/op
WorkloadActual  205: 1 op, 197291.00 ns, 197.2910 us/op
WorkloadActual  206: 1 op, 199555.00 ns, 199.5550 us/op
WorkloadActual  207: 1 op, 201057.00 ns, 201.0570 us/op
WorkloadActual  208: 1 op, 198292.00 ns, 198.2920 us/op
WorkloadActual  209: 1 op, 198824.00 ns, 198.8240 us/op
WorkloadActual  210: 1 op, 198613.00 ns, 198.6130 us/op
WorkloadActual  211: 1 op, 199294.00 ns, 199.2940 us/op
WorkloadActual  212: 1 op, 201378.00 ns, 201.3780 us/op
WorkloadActual  213: 1 op, 214874.00 ns, 214.8740 us/op
WorkloadActual  214: 1 op, 205736.00 ns, 205.7360 us/op
WorkloadActual  215: 1 op, 197581.00 ns, 197.5810 us/op
WorkloadActual  216: 1 op, 201879.00 ns, 201.8790 us/op
WorkloadActual  217: 1 op, 222237.00 ns, 222.2370 us/op
WorkloadActual  218: 1 op, 198242.00 ns, 198.2420 us/op
WorkloadActual  219: 1 op, 219673.00 ns, 219.6730 us/op
WorkloadActual  220: 1 op, 198012.00 ns, 198.0120 us/op
WorkloadActual  221: 1 op, 215825.00 ns, 215.8250 us/op
WorkloadActual  222: 1 op, 197581.00 ns, 197.5810 us/op
WorkloadActual  223: 1 op, 226526.00 ns, 226.5260 us/op
WorkloadActual  224: 1 op, 203973.00 ns, 203.9730 us/op
WorkloadActual  225: 1 op, 219693.00 ns, 219.6930 us/op
WorkloadActual  226: 1 op, 197280.00 ns, 197.2800 us/op
WorkloadActual  227: 1 op, 263044.00 ns, 263.0440 us/op
WorkloadActual  228: 1 op, 201629.00 ns, 201.6290 us/op
WorkloadActual  229: 1 op, 217568.00 ns, 217.5680 us/op
WorkloadActual  230: 1 op, 197892.00 ns, 197.8920 us/op
WorkloadActual  231: 1 op, 231886.00 ns, 231.8860 us/op
WorkloadActual  232: 1 op, 198853.00 ns, 198.8530 us/op
WorkloadActual  233: 1 op, 219553.00 ns, 219.5530 us/op
WorkloadActual  234: 1 op, 204404.00 ns, 204.4040 us/op
WorkloadActual  235: 1 op, 217368.00 ns, 217.3680 us/op
WorkloadActual  236: 1 op, 197291.00 ns, 197.2910 us/op
WorkloadActual  237: 1 op, 217909.00 ns, 217.9090 us/op
WorkloadActual  238: 1 op, 209464.00 ns, 209.4640 us/op
WorkloadActual  239: 1 op, 249428.00 ns, 249.4280 us/op
WorkloadActual  240: 1 op, 198473.00 ns, 198.4730 us/op
WorkloadActual  241: 1 op, 217619.00 ns, 217.6190 us/op
WorkloadActual  242: 1 op, 198503.00 ns, 198.5030 us/op
WorkloadActual  243: 1 op, 216857.00 ns, 216.8570 us/op
WorkloadActual  244: 1 op, 197942.00 ns, 197.9420 us/op
WorkloadActual  245: 1 op, 219202.00 ns, 219.2020 us/op
WorkloadActual  246: 1 op, 197361.00 ns, 197.3610 us/op
WorkloadActual  247: 1 op, 230594.00 ns, 230.5940 us/op
WorkloadActual  248: 1 op, 201289.00 ns, 201.2890 us/op
WorkloadActual  249: 1 op, 199645.00 ns, 199.6450 us/op
WorkloadActual  250: 1 op, 199024.00 ns, 199.0240 us/op
WorkloadActual  251: 1 op, 197511.00 ns, 197.5110 us/op
WorkloadActual  252: 1 op, 197962.00 ns, 197.9620 us/op
WorkloadActual  253: 1 op, 216917.00 ns, 216.9170 us/op
WorkloadActual  254: 1 op, 198943.00 ns, 198.9430 us/op
WorkloadActual  255: 1 op, 199895.00 ns, 199.8950 us/op
WorkloadActual  256: 1 op, 199976.00 ns, 199.9760 us/op
WorkloadActual  257: 1 op, 200106.00 ns, 200.1060 us/op
WorkloadActual  258: 1 op, 198884.00 ns, 198.8840 us/op
WorkloadActual  259: 1 op, 197371.00 ns, 197.3710 us/op
WorkloadActual  260: 1 op, 198462.00 ns, 198.4620 us/op
WorkloadActual  261: 1 op, 197592.00 ns, 197.5920 us/op
WorkloadActual  262: 1 op, 197200.00 ns, 197.2000 us/op
WorkloadActual  263: 1 op, 199244.00 ns, 199.2440 us/op
WorkloadActual  264: 1 op, 197601.00 ns, 197.6010 us/op
WorkloadActual  265: 1 op, 216576.00 ns, 216.5760 us/op
WorkloadActual  266: 1 op, 198082.00 ns, 198.0820 us/op
WorkloadActual  267: 1 op, 197280.00 ns, 197.2800 us/op
WorkloadActual  268: 1 op, 229471.00 ns, 229.4710 us/op
WorkloadActual  269: 1 op, 198533.00 ns, 198.5330 us/op
WorkloadActual  270: 1 op, 217128.00 ns, 217.1280 us/op
WorkloadActual  271: 1 op, 200948.00 ns, 200.9480 us/op
WorkloadActual  272: 1 op, 232146.00 ns, 232.1460 us/op
WorkloadActual  273: 1 op, 197882.00 ns, 197.8820 us/op
WorkloadActual  274: 1 op, 216827.00 ns, 216.8270 us/op
WorkloadActual  275: 1 op, 198723.00 ns, 198.7230 us/op
WorkloadActual  276: 1 op, 202080.00 ns, 202.0800 us/op
WorkloadActual  277: 1 op, 197311.00 ns, 197.3110 us/op
WorkloadActual  278: 1 op, 199665.00 ns, 199.6650 us/op
WorkloadActual  279: 1 op, 197912.00 ns, 197.9120 us/op
WorkloadActual  280: 1 op, 235974.00 ns, 235.9740 us/op
WorkloadActual  281: 1 op, 197071.00 ns, 197.0710 us/op
WorkloadActual  282: 1 op, 197952.00 ns, 197.9520 us/op
WorkloadActual  283: 1 op, 199414.00 ns, 199.4140 us/op
WorkloadActual  284: 1 op, 199474.00 ns, 199.4740 us/op
WorkloadActual  285: 1 op, 196870.00 ns, 196.8700 us/op
WorkloadActual  286: 1 op, 199955.00 ns, 199.9550 us/op
WorkloadActual  287: 1 op, 198232.00 ns, 198.2320 us/op
WorkloadActual  288: 1 op, 198252.00 ns, 198.2520 us/op
WorkloadActual  289: 1 op, 198954.00 ns, 198.9540 us/op
WorkloadActual  290: 1 op, 200306.00 ns, 200.3060 us/op
WorkloadActual  291: 1 op, 196819.00 ns, 196.8190 us/op
WorkloadActual  292: 1 op, 208992.00 ns, 208.9920 us/op
WorkloadActual  293: 1 op, 198233.00 ns, 198.2330 us/op
WorkloadActual  294: 1 op, 200236.00 ns, 200.2360 us/op
WorkloadActual  295: 1 op, 198994.00 ns, 198.9940 us/op
WorkloadActual  296: 1 op, 196899.00 ns, 196.8990 us/op
WorkloadActual  297: 1 op, 199244.00 ns, 199.2440 us/op
WorkloadActual  298: 1 op, 203061.00 ns, 203.0610 us/op
WorkloadActual  299: 1 op, 200317.00 ns, 200.3170 us/op
WorkloadActual  300: 1 op, 203022.00 ns, 203.0220 us/op

WorkloadResult   1: 1 op, 218531.00 ns, 218.5310 us/op
WorkloadResult   2: 1 op, 229972.00 ns, 229.9720 us/op
WorkloadResult   3: 1 op, 202151.00 ns, 202.1510 us/op
WorkloadResult   4: 1 op, 218300.00 ns, 218.3000 us/op
WorkloadResult   5: 1 op, 197501.00 ns, 197.5010 us/op
WorkloadResult   6: 1 op, 216156.00 ns, 216.1560 us/op
WorkloadResult   7: 1 op, 200647.00 ns, 200.6470 us/op
WorkloadResult   8: 1 op, 196219.00 ns, 196.2190 us/op
WorkloadResult   9: 1 op, 196249.00 ns, 196.2490 us/op
WorkloadResult  10: 1 op, 200547.00 ns, 200.5470 us/op
WorkloadResult  11: 1 op, 196930.00 ns, 196.9300 us/op
WorkloadResult  12: 1 op, 207962.00 ns, 207.9620 us/op
WorkloadResult  13: 1 op, 246173.00 ns, 246.1730 us/op
WorkloadResult  14: 1 op, 199365.00 ns, 199.3650 us/op
WorkloadResult  15: 1 op, 197311.00 ns, 197.3110 us/op
WorkloadResult  16: 1 op, 203182.00 ns, 203.1820 us/op
WorkloadResult  17: 1 op, 199274.00 ns, 199.2740 us/op
WorkloadResult  18: 1 op, 199134.00 ns, 199.1340 us/op
WorkloadResult  19: 1 op, 214623.00 ns, 214.6230 us/op
WorkloadResult  20: 1 op, 199104.00 ns, 199.1040 us/op
WorkloadResult  21: 1 op, 200607.00 ns, 200.6070 us/op
WorkloadResult  22: 1 op, 201399.00 ns, 201.3990 us/op
WorkloadResult  23: 1 op, 199645.00 ns, 199.6450 us/op
WorkloadResult  24: 1 op, 199335.00 ns, 199.3350 us/op
WorkloadResult  25: 1 op, 196951.00 ns, 196.9510 us/op
WorkloadResult  26: 1 op, 197963.00 ns, 197.9630 us/op
WorkloadResult  27: 1 op, 195628.00 ns, 195.6280 us/op
WorkloadResult  28: 1 op, 197552.00 ns, 197.5520 us/op
WorkloadResult  29: 1 op, 200978.00 ns, 200.9780 us/op
WorkloadResult  30: 1 op, 201409.00 ns, 201.4090 us/op
WorkloadResult  31: 1 op, 199735.00 ns, 199.7350 us/op
WorkloadResult  32: 1 op, 198333.00 ns, 198.3330 us/op
WorkloadResult  33: 1 op, 215595.00 ns, 215.5950 us/op
WorkloadResult  34: 1 op, 199345.00 ns, 199.3450 us/op
WorkloadResult  35: 1 op, 200627.00 ns, 200.6270 us/op
WorkloadResult  36: 1 op, 196800.00 ns, 196.8000 us/op
WorkloadResult  37: 1 op, 198854.00 ns, 198.8540 us/op
WorkloadResult  38: 1 op, 198243.00 ns, 198.2430 us/op
WorkloadResult  39: 1 op, 197010.00 ns, 197.0100 us/op
WorkloadResult  40: 1 op, 200467.00 ns, 200.4670 us/op
WorkloadResult  41: 1 op, 201529.00 ns, 201.5290 us/op
WorkloadResult  42: 1 op, 199355.00 ns, 199.3550 us/op
WorkloadResult  43: 1 op, 200346.00 ns, 200.3460 us/op
WorkloadResult  44: 1 op, 201680.00 ns, 201.6800 us/op
WorkloadResult  45: 1 op, 197251.00 ns, 197.2510 us/op
WorkloadResult  46: 1 op, 200658.00 ns, 200.6580 us/op
WorkloadResult  47: 1 op, 221306.00 ns, 221.3060 us/op
WorkloadResult  48: 1 op, 207420.00 ns, 207.4200 us/op
WorkloadResult  49: 1 op, 219984.00 ns, 219.9840 us/op
WorkloadResult  50: 1 op, 197762.00 ns, 197.7620 us/op
WorkloadResult  51: 1 op, 217990.00 ns, 217.9900 us/op
WorkloadResult  52: 1 op, 200346.00 ns, 200.3460 us/op
WorkloadResult  53: 1 op, 237467.00 ns, 237.4670 us/op
WorkloadResult  54: 1 op, 199465.00 ns, 199.4650 us/op
WorkloadResult  55: 1 op, 218040.00 ns, 218.0400 us/op
WorkloadResult  56: 1 op, 202982.00 ns, 202.9820 us/op
WorkloadResult  57: 1 op, 220515.00 ns, 220.5150 us/op
WorkloadResult  58: 1 op, 199215.00 ns, 199.2150 us/op
WorkloadResult  59: 1 op, 217560.00 ns, 217.5600 us/op
WorkloadResult  60: 1 op, 198573.00 ns, 198.5730 us/op
WorkloadResult  61: 1 op, 253697.00 ns, 253.6970 us/op
WorkloadResult  62: 1 op, 199676.00 ns, 199.6760 us/op
WorkloadResult  63: 1 op, 239971.00 ns, 239.9710 us/op
WorkloadResult  64: 1 op, 201248.00 ns, 201.2480 us/op
WorkloadResult  65: 1 op, 216027.00 ns, 216.0270 us/op
WorkloadResult  66: 1 op, 197531.00 ns, 197.5310 us/op
WorkloadResult  67: 1 op, 219182.00 ns, 219.1820 us/op
WorkloadResult  68: 1 op, 197291.00 ns, 197.2910 us/op
WorkloadResult  69: 1 op, 234581.00 ns, 234.5810 us/op
WorkloadResult  70: 1 op, 200677.00 ns, 200.6770 us/op
WorkloadResult  71: 1 op, 217409.00 ns, 217.4090 us/op
WorkloadResult  72: 1 op, 202501.00 ns, 202.5010 us/op
WorkloadResult  73: 1 op, 231957.00 ns, 231.9570 us/op
WorkloadResult  74: 1 op, 217538.00 ns, 217.5380 us/op
WorkloadResult  75: 1 op, 201409.00 ns, 201.4090 us/op
WorkloadResult  76: 1 op, 200117.00 ns, 200.1170 us/op
WorkloadResult  77: 1 op, 200116.00 ns, 200.1160 us/op
WorkloadResult  78: 1 op, 201900.00 ns, 201.9000 us/op
WorkloadResult  79: 1 op, 200277.00 ns, 200.2770 us/op
WorkloadResult  80: 1 op, 198022.00 ns, 198.0220 us/op
WorkloadResult  81: 1 op, 205827.00 ns, 205.8270 us/op
WorkloadResult  82: 1 op, 234090.00 ns, 234.0900 us/op
WorkloadResult  83: 1 op, 200818.00 ns, 200.8180 us/op
WorkloadResult  84: 1 op, 235262.00 ns, 235.2620 us/op
WorkloadResult  85: 1 op, 201038.00 ns, 201.0380 us/op
WorkloadResult  86: 1 op, 218521.00 ns, 218.5210 us/op
WorkloadResult  87: 1 op, 202431.00 ns, 202.4310 us/op
WorkloadResult  88: 1 op, 219744.00 ns, 219.7440 us/op
WorkloadResult  89: 1 op, 216277.00 ns, 216.2770 us/op
WorkloadResult  90: 1 op, 234301.00 ns, 234.3010 us/op
WorkloadResult  91: 1 op, 199255.00 ns, 199.2550 us/op
WorkloadResult  92: 1 op, 219352.00 ns, 219.3520 us/op
WorkloadResult  93: 1 op, 200307.00 ns, 200.3070 us/op
WorkloadResult  94: 1 op, 225865.00 ns, 225.8650 us/op
WorkloadResult  95: 1 op, 200707.00 ns, 200.7070 us/op
WorkloadResult  96: 1 op, 221116.00 ns, 221.1160 us/op
WorkloadResult  97: 1 op, 201559.00 ns, 201.5590 us/op
WorkloadResult  98: 1 op, 233489.00 ns, 233.4890 us/op
WorkloadResult  99: 1 op, 198153.00 ns, 198.1530 us/op
WorkloadResult  100: 1 op, 227718.00 ns, 227.7180 us/op
WorkloadResult  101: 1 op, 205527.00 ns, 205.5270 us/op
WorkloadResult  102: 1 op, 221677.00 ns, 221.6770 us/op
WorkloadResult  103: 1 op, 212760.00 ns, 212.7600 us/op
WorkloadResult  104: 1 op, 222779.00 ns, 222.7790 us/op
WorkloadResult  105: 1 op, 198093.00 ns, 198.0930 us/op
WorkloadResult  106: 1 op, 230384.00 ns, 230.3840 us/op
WorkloadResult  107: 1 op, 196600.00 ns, 196.6000 us/op
WorkloadResult  108: 1 op, 197502.00 ns, 197.5020 us/op
WorkloadResult  109: 1 op, 203794.00 ns, 203.7940 us/op
WorkloadResult  110: 1 op, 201188.00 ns, 201.1880 us/op
WorkloadResult  111: 1 op, 200156.00 ns, 200.1560 us/op
WorkloadResult  112: 1 op, 199405.00 ns, 199.4050 us/op
WorkloadResult  113: 1 op, 199835.00 ns, 199.8350 us/op
WorkloadResult  114: 1 op, 201228.00 ns, 201.2280 us/op
WorkloadResult  115: 1 op, 197431.00 ns, 197.4310 us/op
WorkloadResult  116: 1 op, 198924.00 ns, 198.9240 us/op
WorkloadResult  117: 1 op, 216587.00 ns, 216.5870 us/op
WorkloadResult  118: 1 op, 197031.00 ns, 197.0310 us/op
WorkloadResult  119: 1 op, 200577.00 ns, 200.5770 us/op
WorkloadResult  120: 1 op, 197712.00 ns, 197.7120 us/op
WorkloadResult  121: 1 op, 197472.00 ns, 197.4720 us/op
WorkloadResult  122: 1 op, 199505.00 ns, 199.5050 us/op
WorkloadResult  123: 1 op, 197922.00 ns, 197.9220 us/op
WorkloadResult  124: 1 op, 202291.00 ns, 202.2910 us/op
WorkloadResult  125: 1 op, 201940.00 ns, 201.9400 us/op
WorkloadResult  126: 1 op, 199455.00 ns, 199.4550 us/op
WorkloadResult  127: 1 op, 197060.00 ns, 197.0600 us/op
WorkloadResult  128: 1 op, 199395.00 ns, 199.3950 us/op
WorkloadResult  129: 1 op, 196109.00 ns, 196.1090 us/op
WorkloadResult  130: 1 op, 198082.00 ns, 198.0820 us/op
WorkloadResult  131: 1 op, 215855.00 ns, 215.8550 us/op
WorkloadResult  132: 1 op, 197712.00 ns, 197.7120 us/op
WorkloadResult  133: 1 op, 199315.00 ns, 199.3150 us/op
WorkloadResult  134: 1 op, 198533.00 ns, 198.5330 us/op
WorkloadResult  135: 1 op, 198944.00 ns, 198.9440 us/op
WorkloadResult  136: 1 op, 198623.00 ns, 198.6230 us/op
WorkloadResult  137: 1 op, 200898.00 ns, 200.8980 us/op
WorkloadResult  138: 1 op, 201529.00 ns, 201.5290 us/op
WorkloadResult  139: 1 op, 196259.00 ns, 196.2590 us/op
WorkloadResult  140: 1 op, 199125.00 ns, 199.1250 us/op
WorkloadResult  141: 1 op, 199585.00 ns, 199.5850 us/op
WorkloadResult  142: 1 op, 199315.00 ns, 199.3150 us/op
WorkloadResult  143: 1 op, 214604.00 ns, 214.6040 us/op
WorkloadResult  144: 1 op, 198362.00 ns, 198.3620 us/op
WorkloadResult  145: 1 op, 196109.00 ns, 196.1090 us/op
WorkloadResult  146: 1 op, 199405.00 ns, 199.4050 us/op
WorkloadResult  147: 1 op, 197852.00 ns, 197.8520 us/op
WorkloadResult  148: 1 op, 200206.00 ns, 200.2060 us/op
WorkloadResult  149: 1 op, 196701.00 ns, 196.7010 us/op
WorkloadResult  150: 1 op, 198263.00 ns, 198.2630 us/op
WorkloadResult  151: 1 op, 202220.00 ns, 202.2200 us/op
WorkloadResult  152: 1 op, 201278.00 ns, 201.2780 us/op
WorkloadResult  153: 1 op, 199045.00 ns, 199.0450 us/op
WorkloadResult  154: 1 op, 198863.00 ns, 198.8630 us/op
WorkloadResult  155: 1 op, 200978.00 ns, 200.9780 us/op
WorkloadResult  156: 1 op, 201318.00 ns, 201.3180 us/op
WorkloadResult  157: 1 op, 215715.00 ns, 215.7150 us/op
WorkloadResult  158: 1 op, 197692.00 ns, 197.6920 us/op
WorkloadResult  159: 1 op, 216498.00 ns, 216.4980 us/op
WorkloadResult  160: 1 op, 197722.00 ns, 197.7220 us/op
WorkloadResult  161: 1 op, 200837.00 ns, 200.8370 us/op
WorkloadResult  162: 1 op, 197511.00 ns, 197.5110 us/op
WorkloadResult  163: 1 op, 197842.00 ns, 197.8420 us/op
WorkloadResult  164: 1 op, 201479.00 ns, 201.4790 us/op
WorkloadResult  165: 1 op, 197010.00 ns, 197.0100 us/op
WorkloadResult  166: 1 op, 199405.00 ns, 199.4050 us/op
WorkloadResult  167: 1 op, 199816.00 ns, 199.8160 us/op
WorkloadResult  168: 1 op, 198723.00 ns, 198.7230 us/op
WorkloadResult  169: 1 op, 198985.00 ns, 198.9850 us/op
WorkloadResult  170: 1 op, 204615.00 ns, 204.6150 us/op
WorkloadResult  171: 1 op, 214012.00 ns, 214.0120 us/op
WorkloadResult  172: 1 op, 200186.00 ns, 200.1860 us/op
WorkloadResult  173: 1 op, 197452.00 ns, 197.4520 us/op
WorkloadResult  174: 1 op, 218491.00 ns, 218.4910 us/op
WorkloadResult  175: 1 op, 196660.00 ns, 196.6600 us/op
WorkloadResult  176: 1 op, 203673.00 ns, 203.6730 us/op
WorkloadResult  177: 1 op, 199495.00 ns, 199.4950 us/op
WorkloadResult  178: 1 op, 198283.00 ns, 198.2830 us/op
WorkloadResult  179: 1 op, 198483.00 ns, 198.4830 us/op
WorkloadResult  180: 1 op, 197892.00 ns, 197.8920 us/op
WorkloadResult  181: 1 op, 196941.00 ns, 196.9410 us/op
WorkloadResult  182: 1 op, 200367.00 ns, 200.3670 us/op
WorkloadResult  183: 1 op, 196881.00 ns, 196.8810 us/op
WorkloadResult  184: 1 op, 196780.00 ns, 196.7800 us/op
WorkloadResult  185: 1 op, 215515.00 ns, 215.5150 us/op
WorkloadResult  186: 1 op, 198794.00 ns, 198.7940 us/op
WorkloadResult  187: 1 op, 197301.00 ns, 197.3010 us/op
WorkloadResult  188: 1 op, 199064.00 ns, 199.0640 us/op
WorkloadResult  189: 1 op, 196590.00 ns, 196.5900 us/op
WorkloadResult  190: 1 op, 200037.00 ns, 200.0370 us/op
WorkloadResult  191: 1 op, 197101.00 ns, 197.1010 us/op
WorkloadResult  192: 1 op, 198694.00 ns, 198.6940 us/op
WorkloadResult  193: 1 op, 196119.00 ns, 196.1190 us/op
WorkloadResult  194: 1 op, 204535.00 ns, 204.5350 us/op
WorkloadResult  195: 1 op, 195829.00 ns, 195.8290 us/op
WorkloadResult  196: 1 op, 200597.00 ns, 200.5970 us/op
WorkloadResult  197: 1 op, 196860.00 ns, 196.8600 us/op
WorkloadResult  198: 1 op, 200077.00 ns, 200.0770 us/op
WorkloadResult  199: 1 op, 212840.00 ns, 212.8400 us/op
WorkloadResult  200: 1 op, 198703.00 ns, 198.7030 us/op
WorkloadResult  201: 1 op, 195868.00 ns, 195.8680 us/op
WorkloadResult  202: 1 op, 201479.00 ns, 201.4790 us/op
WorkloadResult  203: 1 op, 202501.00 ns, 202.5010 us/op
WorkloadResult  204: 1 op, 201689.00 ns, 201.6890 us/op
WorkloadResult  205: 1 op, 197071.00 ns, 197.0710 us/op
WorkloadResult  206: 1 op, 199335.00 ns, 199.3350 us/op
WorkloadResult  207: 1 op, 200837.00 ns, 200.8370 us/op
WorkloadResult  208: 1 op, 198072.00 ns, 198.0720 us/op
WorkloadResult  209: 1 op, 198604.00 ns, 198.6040 us/op
WorkloadResult  210: 1 op, 198393.00 ns, 198.3930 us/op
WorkloadResult  211: 1 op, 199074.00 ns, 199.0740 us/op
WorkloadResult  212: 1 op, 201158.00 ns, 201.1580 us/op
WorkloadResult  213: 1 op, 214654.00 ns, 214.6540 us/op
WorkloadResult  214: 1 op, 205516.00 ns, 205.5160 us/op
WorkloadResult  215: 1 op, 197361.00 ns, 197.3610 us/op
WorkloadResult  216: 1 op, 201659.00 ns, 201.6590 us/op
WorkloadResult  217: 1 op, 222017.00 ns, 222.0170 us/op
WorkloadResult  218: 1 op, 198022.00 ns, 198.0220 us/op
WorkloadResult  219: 1 op, 219453.00 ns, 219.4530 us/op
WorkloadResult  220: 1 op, 197792.00 ns, 197.7920 us/op
WorkloadResult  221: 1 op, 215605.00 ns, 215.6050 us/op
WorkloadResult  222: 1 op, 197361.00 ns, 197.3610 us/op
WorkloadResult  223: 1 op, 226306.00 ns, 226.3060 us/op
WorkloadResult  224: 1 op, 203753.00 ns, 203.7530 us/op
WorkloadResult  225: 1 op, 219473.00 ns, 219.4730 us/op
WorkloadResult  226: 1 op, 197060.00 ns, 197.0600 us/op
WorkloadResult  227: 1 op, 262824.00 ns, 262.8240 us/op
WorkloadResult  228: 1 op, 201409.00 ns, 201.4090 us/op
WorkloadResult  229: 1 op, 217348.00 ns, 217.3480 us/op
WorkloadResult  230: 1 op, 197672.00 ns, 197.6720 us/op
WorkloadResult  231: 1 op, 231666.00 ns, 231.6660 us/op
WorkloadResult  232: 1 op, 198633.00 ns, 198.6330 us/op
WorkloadResult  233: 1 op, 219333.00 ns, 219.3330 us/op
WorkloadResult  234: 1 op, 204184.00 ns, 204.1840 us/op
WorkloadResult  235: 1 op, 217148.00 ns, 217.1480 us/op
WorkloadResult  236: 1 op, 197071.00 ns, 197.0710 us/op
WorkloadResult  237: 1 op, 217689.00 ns, 217.6890 us/op
WorkloadResult  238: 1 op, 209244.00 ns, 209.2440 us/op
WorkloadResult  239: 1 op, 249208.00 ns, 249.2080 us/op
WorkloadResult  240: 1 op, 198253.00 ns, 198.2530 us/op
WorkloadResult  241: 1 op, 217399.00 ns, 217.3990 us/op
WorkloadResult  242: 1 op, 198283.00 ns, 198.2830 us/op
WorkloadResult  243: 1 op, 216637.00 ns, 216.6370 us/op
WorkloadResult  244: 1 op, 197722.00 ns, 197.7220 us/op
WorkloadResult  245: 1 op, 218982.00 ns, 218.9820 us/op
WorkloadResult  246: 1 op, 197141.00 ns, 197.1410 us/op
WorkloadResult  247: 1 op, 230374.00 ns, 230.3740 us/op
WorkloadResult  248: 1 op, 201069.00 ns, 201.0690 us/op
WorkloadResult  249: 1 op, 199425.00 ns, 199.4250 us/op
WorkloadResult  250: 1 op, 198804.00 ns, 198.8040 us/op
WorkloadResult  251: 1 op, 197291.00 ns, 197.2910 us/op
WorkloadResult  252: 1 op, 197742.00 ns, 197.7420 us/op
WorkloadResult  253: 1 op, 216697.00 ns, 216.6970 us/op
WorkloadResult  254: 1 op, 198723.00 ns, 198.7230 us/op
WorkloadResult  255: 1 op, 199675.00 ns, 199.6750 us/op
WorkloadResult  256: 1 op, 199756.00 ns, 199.7560 us/op
WorkloadResult  257: 1 op, 199886.00 ns, 199.8860 us/op
WorkloadResult  258: 1 op, 198664.00 ns, 198.6640 us/op
WorkloadResult  259: 1 op, 197151.00 ns, 197.1510 us/op
WorkloadResult  260: 1 op, 198242.00 ns, 198.2420 us/op
WorkloadResult  261: 1 op, 197372.00 ns, 197.3720 us/op
WorkloadResult  262: 1 op, 196980.00 ns, 196.9800 us/op
WorkloadResult  263: 1 op, 199024.00 ns, 199.0240 us/op
WorkloadResult  264: 1 op, 197381.00 ns, 197.3810 us/op
WorkloadResult  265: 1 op, 216356.00 ns, 216.3560 us/op
WorkloadResult  266: 1 op, 197862.00 ns, 197.8620 us/op
WorkloadResult  267: 1 op, 197060.00 ns, 197.0600 us/op
WorkloadResult  268: 1 op, 229251.00 ns, 229.2510 us/op
WorkloadResult  269: 1 op, 198313.00 ns, 198.3130 us/op
WorkloadResult  270: 1 op, 216908.00 ns, 216.9080 us/op
WorkloadResult  271: 1 op, 200728.00 ns, 200.7280 us/op
WorkloadResult  272: 1 op, 231926.00 ns, 231.9260 us/op
WorkloadResult  273: 1 op, 197662.00 ns, 197.6620 us/op
WorkloadResult  274: 1 op, 216607.00 ns, 216.6070 us/op
WorkloadResult  275: 1 op, 198503.00 ns, 198.5030 us/op
WorkloadResult  276: 1 op, 201860.00 ns, 201.8600 us/op
WorkloadResult  277: 1 op, 197091.00 ns, 197.0910 us/op
WorkloadResult  278: 1 op, 199445.00 ns, 199.4450 us/op
WorkloadResult  279: 1 op, 197692.00 ns, 197.6920 us/op
WorkloadResult  280: 1 op, 235754.00 ns, 235.7540 us/op
WorkloadResult  281: 1 op, 196851.00 ns, 196.8510 us/op
WorkloadResult  282: 1 op, 197732.00 ns, 197.7320 us/op
WorkloadResult  283: 1 op, 199194.00 ns, 199.1940 us/op
WorkloadResult  284: 1 op, 199254.00 ns, 199.2540 us/op
WorkloadResult  285: 1 op, 196650.00 ns, 196.6500 us/op
WorkloadResult  286: 1 op, 199735.00 ns, 199.7350 us/op
WorkloadResult  287: 1 op, 198012.00 ns, 198.0120 us/op
WorkloadResult  288: 1 op, 198032.00 ns, 198.0320 us/op
WorkloadResult  289: 1 op, 198734.00 ns, 198.7340 us/op
WorkloadResult  290: 1 op, 200086.00 ns, 200.0860 us/op
WorkloadResult  291: 1 op, 196599.00 ns, 196.5990 us/op
WorkloadResult  292: 1 op, 208772.00 ns, 208.7720 us/op
WorkloadResult  293: 1 op, 198013.00 ns, 198.0130 us/op
WorkloadResult  294: 1 op, 200016.00 ns, 200.0160 us/op
WorkloadResult  295: 1 op, 198774.00 ns, 198.7740 us/op
WorkloadResult  296: 1 op, 196679.00 ns, 196.6790 us/op
WorkloadResult  297: 1 op, 199024.00 ns, 199.0240 us/op
WorkloadResult  298: 1 op, 202841.00 ns, 202.8410 us/op
WorkloadResult  299: 1 op, 200097.00 ns, 200.0970 us/op
WorkloadResult  300: 1 op, 202802.00 ns, 202.8020 us/op
// GC:  0 0 0 54656 1
// Threading:  3 0 1


Mean = 204.976 us, StdErr = 0.662 us (0.32%), N = 300, StdDev = 11.466 us
Min = 195.628 us, Q1 = 198.022 us, Median = 199.826 us, Q3 = 205.602 us, Max = 262.824 us
IQR = 7.580 us, LowerFence = 186.652 us, UpperFence = 216.972 us
ConfidenceInterval = [202.776 us; 207.176 us] (CI 99.9%), Margin = 2.200 us (1.07% of Mean)
Skewness = 1.99, Kurtosis = 7.03, MValue = 2.16

// ** Remained 0 (0.0 %) benchmark(s) to run. Estimated finish 2026-09-07 17:04 (0h 0m from now) **
// ***** BenchmarkRunner: Finish  *****

// * Export *
  home/runner/work/Dekaf/Dekaf/aba-results/A1/results/Dekaf.Benchmarks.PartitionedShutdownBenchmarks-report.csv
  home/runner/work/Dekaf/Dekaf/aba-results/A1/results/Dekaf.Benchmarks.PartitionedShutdownBenchmarks-report-github.md
  home/runner/work/Dekaf/Dekaf/aba-results/A1/results/Dekaf.Benchmarks.PartitionedShutdownBenchmarks-report.html
  home/runner/work/Dekaf/Dekaf/aba-results/A1/results/Dekaf.Benchmarks.PartitionedShutdownBenchmarks-report-full.json

// * Detailed results *
PartitionedShutdownBenchmarks.DrainFullQueue: A1(OutlierMode=DontRemove, Toolchain=InProcessEmitToolchain, InvocationCount=1, IterationCount=300, UnrollFactor=1, WarmupCount=30)
Runtime = ; GC = 
Mean = 204.976 us, StdErr = 0.662 us (0.32%), N = 300, StdDev = 11.466 us
Min = 195.628 us, Q1 = 198.022 us, Median = 199.826 us, Q3 = 205.602 us, Max = 262.824 us
IQR = 7.580 us, LowerFence = 186.652 us, UpperFence = 216.972 us
ConfidenceInterval = [202.776 us; 207.176 us] (CI 99.9%), Margin = 2.200 us (1.07% of Mean)
Skewness = 1.99, Kurtosis = 7.03, MValue = 2.16
-------------------- Histogram --------------------
[193.380 us ; 201.077 us) | @@@@@@@@@@@@@@@@@@@@@@@@@@@@@@@@@@@@@@@@@@@@@@@@@@@@@@@@@@@@@@@@@@@@@@@@@@@@@@@@@@@@@@@@@@@@@@@@@@@@@@@@@@@@@@@@@@@@@@@@@@@@@@@@@@@@@@@@@@@@@@@@@@@@@@@@@@@@@@@@@@@@@@@@@@@@@@@@@@@@@@@@@@
[201.077 us ; 205.590 us) | @@@@@@@@@@@@@@@@@@@@@@@@@@@@@@@@@@@@@@@
[205.590 us ; 209.783 us) | @@@@@
[209.783 us ; 215.502 us) | @@@@@@
[215.502 us ; 219.997 us) | @@@@@@@@@@@@@@@@@@@@@@@@@@@@@@@@@@@@
[219.997 us ; 226.062 us) | @@@@@@@
[226.062 us ; 231.373 us) | @@@@@@
[231.373 us ; 241.106 us) | @@@@@@@@@@@
[241.106 us ; 250.167 us) | @@
[250.167 us ; 256.234 us) | @
[256.234 us ; 265.072 us) | @
---------------------------------------------------

// * Summary *

BenchmarkDotNet v0.15.8, Linux Ubuntu 24.04.4 LTS (Noble Numbat)
AMD EPYC 7763 2.45GHz, 1 CPU, 4 logical and 2 physical cores
.NET SDK 10.0.400
  [Host] : .NET 10.0.11 (10.0.11, 10.0.1126.37416), X64 RyuJIT x86-64-v3

Job=A1  OutlierMode=DontRemove  Toolchain=InProcessEmitToolchain  
InvocationCount=1  IterationCount=300  UnrollFactor=1  
WarmupCount=30  

| Method         | Mean     | Error   | StdDev   | Median   | Allocated |
|--------------- |---------:|--------:|---------:|---------:|----------:|
| DrainFullQueue | 205.0 us | 2.20 us | 11.47 us | 199.8 us |  53.38 KB |

// * Warnings *
MinIterationTime
  PartitionedShutdownBenchmarks.DrainFullQueue: A1 -> The minimum observed iteration time is 195.848us which is very small. It's recommended to increase it to at least 100ms using more operations.

// * Hints *
Outliers
  PartitionedShutdownBenchmarks.DrainFullQueue: A1 -> 49 outliers were detected (217.37 us..263.04 us)

// * Legends *
  Mean      : Arithmetic mean of all measurements
  Error     : Half of 99.9% confidence interval
  StdDev    : Standard deviation of all measurements
  Median    : Value separating the higher half of all measurements (50th percentile)
  Allocated : Allocated memory per single operation (managed only, inclusive, 1KB = 1024B)
  1 us      : 1 Microsecond (0.000001 sec)

// * Diagnostic Output - MemoryDiagnoser *


// ***** BenchmarkRunner: End *****
Run time: 00:00:00 (0.83 sec), executed benchmarks: 1

Global total time: 00:00:01 (1.28 sec), executed benchmarks: 1
// * Artifacts cleanup *
Artifacts cleanup is finished
