// Validating benchmarks:
// ***** BenchmarkRunner: Start   *****
// ***** Found 1 benchmark(s) in total *****
// ***** Building 1 exe(s) in Parallel: Start   *****
// ***** Done, took 00:00:00 (0.03 sec)   *****
// Found 1 benchmarks:
//   DiagnosticBenchmarks.ArraySegment: Job-WYZZKU(OutlierMode=DontRemove, Affinity=00000000000000000100, Toolchain=InProcessEmitToolchain, InvocationCount=16777216, IterationCount=15, UnrollFactor=1, WarmupCount=10)

Setup power plan (GUID: 8c5e7fda-e8bf-4a96-9a85-a6e23a8c635c FriendlyName: High performance)
// **************************
// Benchmark: DiagnosticBenchmarks.ArraySegment: Job-WYZZKU(OutlierMode=DontRemove, Affinity=00000000000000000100, Toolchain=InProcessEmitToolchain, InvocationCount=16777216, IterationCount=15, UnrollFactor=1, WarmupCount=10)
// *** Execute ***
// Launch: 1 / 1

// Benchmark Process Environment Information:
// BenchmarkDotNet v0.15.8
// Runtime=.NET 10.0.11 (10.0.11, 10.0.1126.37416), X64 RyuJIT x86-64-v3
// GC=Concurrent Workstation
// HardwareIntrinsics=AVX2+BMI1+BMI2+F16C+FMA+LZCNT+MOVBE,AVX,SSE3+SSSE3+SSE4.1+SSE4.2+POPCNT,X86Base+SSE+SSE2,AES+PCLMUL,AvxVnni,SERIALIZE VectorSize=256
// Job: Job-WYZZKU(OutlierMode=DontRemove, Affinity=00000000000000000100, Toolchain=InProcessEmitToolchain, InvocationCount=16777216, IterationCount=15, UnrollFactor=1, WarmupCount=10)

SIZES string=16 number=8 nullable=12 array=16 raw=24 memory=24 segment=24
WARM seconds=1.000018 operations=7289378 jit=2257 jitMs=189.153600 threads=14 pending=0 cpuMs=1296.875000 gc0=2 gc1=2 gc2=2 heap=476096 rss=59871232
WARM seconds=2.000003 operations=14742904 jit=2259 jitMs=189.325000 threads=14 pending=0 cpuMs=2296.875000 gc0=2 gc1=2 gc2=2 heap=484320 rss=59580416
WARM seconds=3.000008 operations=22086870 jit=2259 jitMs=189.325000 threads=14 pending=0 cpuMs=3281.250000 gc0=2 gc1=2 gc2=2 heap=484320 rss=60141568
WARM seconds=4.000003 operations=29140153 jit=2259 jitMs=189.325000 threads=14 pending=0 cpuMs=4265.625000 gc0=2 gc1=2 gc2=2 heap=492544 rss=60170240
WARM seconds=5.000003 operations=36035474 jit=2259 jitMs=189.325000 threads=14 pending=0 cpuMs=5265.625000 gc0=2 gc1=2 gc2=2 heap=492544 rss=60186624
WARM seconds=6.000004 operations=42574023 jit=2293 jitMs=193.035900 threads=14 pending=0 cpuMs=6265.625000 gc0=2 gc1=2 gc2=2 heap=500768 rss=60289024
WARM seconds=7.000004 operations=48967258 jit=2293 jitMs=193.035900 threads=14 pending=0 cpuMs=7265.625000 gc0=2 gc1=2 gc2=2 heap=508992 rss=60231680
WARM seconds=8.000004 operations=55391224 jit=2293 jitMs=193.035900 threads=14 pending=0 cpuMs=8265.625000 gc0=2 gc1=2 gc2=2 heap=508992 rss=60231680
WARM seconds=9.000003 operations=61878236 jit=2293 jitMs=193.035900 threads=14 pending=0 cpuMs=9265.625000 gc0=2 gc1=2 gc2=2 heap=517216 rss=60231680
WARM seconds=10.000004 operations=68399214 jit=2293 jitMs=193.035900 threads=14 pending=0 cpuMs=10218.750000 gc0=2 gc1=2 gc2=2 heap=517216 rss=60231680
WARM seconds=11.000003 operations=75092961 jit=2293 jitMs=193.035900 threads=14 pending=0 cpuMs=11140.625000 gc0=2 gc1=2 gc2=2 heap=525440 rss=60231680
WARM seconds=12.000004 operations=94573230 jit=2305 jitMs=1237.219100 threads=14 pending=0 cpuMs=12125.000000 gc0=2 gc1=2 gc2=2 heap=525440 rss=60252160
WARM seconds=13.000003 operations=115081444 jit=2305 jitMs=1237.219100 threads=14 pending=0 cpuMs=13125.000000 gc0=2 gc1=2 gc2=2 heap=533664 rss=60301312
WARM seconds=14.000004 operations=134476308 jit=2306 jitMs=3183.698700 threads=14 pending=0 cpuMs=14078.125000 gc0=2 gc1=2 gc2=2 heap=533664 rss=60301312
WARM seconds=15.000003 operations=154221294 jit=2306 jitMs=3183.698700 threads=14 pending=0 cpuMs=15078.125000 gc0=2 gc1=2 gc2=2 heap=541888 rss=60309504
WARM seconds=16.000003 operations=174895901 jit=2306 jitMs=3183.698700 threads=14 pending=0 cpuMs=16078.125000 gc0=2 gc1=2 gc2=2 heap=541888 rss=60317696
WARM seconds=17.000008 operations=195539137 jit=2306 jitMs=3183.698700 threads=14 pending=0 cpuMs=17078.125000 gc0=2 gc1=2 gc2=2 heap=550112 rss=60317696
WARM seconds=18.000003 operations=215519942 jit=2306 jitMs=3183.698700 threads=14 pending=0 cpuMs=18078.125000 gc0=2 gc1=2 gc2=2 heap=558336 rss=60534784
WARM seconds=19.000004 operations=236270346 jit=2349 jitMs=8553.046600 threads=14 pending=0 cpuMs=19078.125000 gc0=2 gc1=2 gc2=2 heap=558336 rss=60530688
RAW operations=1000 bytes=0 sink=0
OverheadJitting  1: 1 op, 160900.00 ns, 160.9000 us/op
WorkloadJitting  1: 1 op, 142300.00 ns, 142.3000 us/op

OverheadWarmup   1: 16777216 op, 21542800.00 ns, 1.2841 ns/op
OverheadWarmup   2: 16777216 op, 22060100.00 ns, 1.3149 ns/op
OverheadWarmup   3: 16777216 op, 22631900.00 ns, 1.3490 ns/op
OverheadWarmup   4: 16777216 op, 23194500.00 ns, 1.3825 ns/op
OverheadWarmup   5: 16777216 op, 21562800.00 ns, 1.2852 ns/op
OverheadWarmup   6: 16777216 op, 21579700.00 ns, 1.2863 ns/op
OverheadWarmup   7: 16777216 op, 23049700.00 ns, 1.3739 ns/op
OverheadWarmup   8: 16777216 op, 26020200.00 ns, 1.5509 ns/op
OverheadWarmup   9: 16777216 op, 22134900.00 ns, 1.3193 ns/op

OverheadActual   1: 16777216 op, 21332700.00 ns, 1.2715 ns/op
OverheadActual   2: 16777216 op, 25686700.00 ns, 1.5310 ns/op
OverheadActual   3: 16777216 op, 26409900.00 ns, 1.5742 ns/op
OverheadActual   4: 16777216 op, 23039800.00 ns, 1.3733 ns/op
OverheadActual   5: 16777216 op, 22254300.00 ns, 1.3265 ns/op
OverheadActual   6: 16777216 op, 21181800.00 ns, 1.2625 ns/op
OverheadActual   7: 16777216 op, 20648400.00 ns, 1.2307 ns/op
OverheadActual   8: 16777216 op, 20628900.00 ns, 1.2296 ns/op
OverheadActual   9: 16777216 op, 20792100.00 ns, 1.2393 ns/op
OverheadActual  10: 16777216 op, 20772800.00 ns, 1.2382 ns/op
OverheadActual  11: 16777216 op, 20921500.00 ns, 1.2470 ns/op
OverheadActual  12: 16777216 op, 20988900.00 ns, 1.2510 ns/op
OverheadActual  13: 16777216 op, 21094600.00 ns, 1.2573 ns/op
OverheadActual  14: 16777216 op, 21230200.00 ns, 1.2654 ns/op
OverheadActual  15: 16777216 op, 20582100.00 ns, 1.2268 ns/op
OverheadActual  16: 16777216 op, 20834900.00 ns, 1.2419 ns/op
OverheadActual  17: 16777216 op, 20685900.00 ns, 1.2330 ns/op
OverheadActual  18: 16777216 op, 20784500.00 ns, 1.2389 ns/op
OverheadActual  19: 16777216 op, 20787200.00 ns, 1.2390 ns/op
OverheadActual  20: 16777216 op, 20766500.00 ns, 1.2378 ns/op

WorkloadWarmup   1: 16777216 op, 62588300.00 ns, 3.7306 ns/op
WorkloadWarmup   2: 16777216 op, 63633700.00 ns, 3.7929 ns/op
WorkloadWarmup   3: 16777216 op, 62328100.00 ns, 3.7150 ns/op
WorkloadWarmup   4: 16777216 op, 62887800.00 ns, 3.7484 ns/op
WorkloadWarmup   5: 16777216 op, 63168000.00 ns, 3.7651 ns/op
WorkloadWarmup   6: 16777216 op, 62540400.00 ns, 3.7277 ns/op
WorkloadWarmup   7: 16777216 op, 62187400.00 ns, 3.7067 ns/op
WorkloadWarmup   8: 16777216 op, 62263800.00 ns, 3.7112 ns/op
WorkloadWarmup   9: 16777216 op, 62274100.00 ns, 3.7118 ns/op
WorkloadWarmup  10: 16777216 op, 62752500.00 ns, 3.7403 ns/op

WorkloadActual   1: 16777216 op, 62720800.00 ns, 3.7385 ns/op
WorkloadActual   2: 16777216 op, 62792600.00 ns, 3.7427 ns/op
WorkloadActual   3: 16777216 op, 63767100.00 ns, 3.8008 ns/op
WorkloadActual   4: 16777216 op, 62434200.00 ns, 3.7214 ns/op
WorkloadActual   5: 16777216 op, 63240900.00 ns, 3.7695 ns/op
WorkloadActual   6: 16777216 op, 62329500.00 ns, 3.7151 ns/op
WorkloadActual   7: 16777216 op, 62453400.00 ns, 3.7225 ns/op
WorkloadActual   8: 16777216 op, 63053100.00 ns, 3.7583 ns/op
WorkloadActual   9: 16777216 op, 62379000.00 ns, 3.7181 ns/op
WorkloadActual  10: 16777216 op, 62932500.00 ns, 3.7511 ns/op
WorkloadActual  11: 16777216 op, 62696200.00 ns, 3.7370 ns/op
WorkloadActual  12: 16777216 op, 62567500.00 ns, 3.7293 ns/op
WorkloadActual  13: 16777216 op, 64933900.00 ns, 3.8704 ns/op
WorkloadActual  14: 16777216 op, 62536400.00 ns, 3.7275 ns/op
WorkloadActual  15: 16777216 op, 62269300.00 ns, 3.7115 ns/op

WorkloadResult   1: 16777216 op, 41842600.00 ns, 2.4940 ns/op
WorkloadResult   2: 16777216 op, 41914400.00 ns, 2.4983 ns/op
WorkloadResult   3: 16777216 op, 42888900.00 ns, 2.5564 ns/op
WorkloadResult   4: 16777216 op, 41556000.00 ns, 2.4769 ns/op
WorkloadResult   5: 16777216 op, 42362700.00 ns, 2.5250 ns/op
WorkloadResult   6: 16777216 op, 41451300.00 ns, 2.4707 ns/op
WorkloadResult   7: 16777216 op, 41575200.00 ns, 2.4781 ns/op
WorkloadResult   8: 16777216 op, 42174900.00 ns, 2.5138 ns/op
WorkloadResult   9: 16777216 op, 41500800.00 ns, 2.4736 ns/op
WorkloadResult  10: 16777216 op, 42054300.00 ns, 2.5066 ns/op
WorkloadResult  11: 16777216 op, 41818000.00 ns, 2.4925 ns/op
WorkloadResult  12: 16777216 op, 41689300.00 ns, 2.4849 ns/op
WorkloadResult  13: 16777216 op, 44055700.00 ns, 2.6259 ns/op
WorkloadResult  14: 16777216 op, 41658200.00 ns, 2.4830 ns/op
WorkloadResult  15: 16777216 op, 41391100.00 ns, 2.4671 ns/op
// GC:  0 0 0 2304 16777216
// Threading:  0 0 16777216


Mean = 2.503 ns, StdErr = 0.011 ns (0.43%), N = 15, StdDev = 0.041 ns
Min = 2.467 ns, Q1 = 2.478 ns, Median = 2.493 ns, Q3 = 2.510 ns, Max = 2.626 ns
IQR = 0.033 ns, LowerFence = 2.428 ns, UpperFence = 2.559 ns
ConfidenceInterval = [2.459 ns; 2.547 ns] (CI 99.9%), Margin = 0.044 ns (1.77% of Mean)
Skewness = 1.74, Kurtosis = 5.45, MValue = 2

// ** Remained 0 (0.0%) benchmark(s) to run. Estimated finish 2026-09-08 4:19 (0h 0m from now) **
Successfully reverted power plan (GUID: 8c5e7fda-e8bf-4a96-9a85-a6e23a8c635c FriendlyName: High performance)
// ***** BenchmarkRunner: Finish  *****

// * Export *
  .artifacts\deserialized-null\runtime-flag\measure\A1\ArraySegment\results\Dekaf.Benchmarks.Diagnostics.DiagnosticBenchmarks-report.csv
  .artifacts\deserialized-null\runtime-flag\measure\A1\ArraySegment\results\Dekaf.Benchmarks.Diagnostics.DiagnosticBenchmarks-report-github.md
  .artifacts\deserialized-null\runtime-flag\measure\A1\ArraySegment\results\Dekaf.Benchmarks.Diagnostics.DiagnosticBenchmarks-report.html
  .artifacts\deserialized-null\runtime-flag\measure\A1\ArraySegment\results\Dekaf.Benchmarks.Diagnostics.DiagnosticBenchmarks-report-full.json

// * Detailed results *
DiagnosticBenchmarks.ArraySegment: Job-WYZZKU(OutlierMode=DontRemove, Affinity=00000000000000000100, Toolchain=InProcessEmitToolchain, InvocationCount=16777216, IterationCount=15, UnrollFactor=1, WarmupCount=10)
Runtime = ; GC = 
Mean = 2.503 ns, StdErr = 0.011 ns (0.43%), N = 15, StdDev = 0.041 ns
Min = 2.467 ns, Q1 = 2.478 ns, Median = 2.493 ns, Q3 = 2.510 ns, Max = 2.626 ns
IQR = 0.033 ns, LowerFence = 2.428 ns, UpperFence = 2.559 ns
ConfidenceInterval = [2.459 ns; 2.547 ns] (CI 99.9%), Margin = 0.044 ns (1.77% of Mean)
Skewness = 1.74, Kurtosis = 5.45, MValue = 2
-------------------- Histogram --------------------
[2.462 ns ; 2.560 ns) | @@@@@@@@@@@@@@
[2.560 ns ; 2.648 ns) | @
---------------------------------------------------

// * Summary *

BenchmarkDotNet v0.15.8, Windows 11 (10.0.26200.9168/25H2/2025Update/HudsonValley2)
12th Gen Intel Core i7-12700K 3.60GHz, 1 CPU, 20 logical and 12 physical cores
.NET SDK 10.0.400
  [Host] : .NET 10.0.11 (10.0.11, 10.0.1126.37416), X64 RyuJIT x86-64-v3

OutlierMode=DontRemove  Affinity=00000000000000000100  Toolchain=InProcessEmitToolchain  
InvocationCount=16777216  IterationCount=15  UnrollFactor=1  
WarmupCount=10  

| Method       | Mean     | Error     | StdDev    | Allocated |
|------------- |---------:|----------:|----------:|----------:|
| ArraySegment | 2.503 ns | 0.0443 ns | 0.0414 ns |         - |

// * Warnings *
MinIterationTime
  DiagnosticBenchmarks.ArraySegment: OutlierMode=DontRemove, Affinity=00000000000000000100, Toolchain=InProcessEmitToolchain, InvocationCount=16777216, IterationCount=15, UnrollFactor=1, WarmupCount=10 -> The minimum observed iteration time is 62.269ms which is very small. It's recommended to increase it to at least 100ms using more operations.

// * Hints *
Outliers
  DiagnosticBenchmarks.ArraySegment: OutlierMode=DontRemove, Affinity=00000000000000000100, Toolchain=InProcessEmitToolchain, InvocationCount=16777216, IterationCount=15, UnrollFactor=1, WarmupCount=10 -> 1 outlier  was  detected (3.87 ns)

// * Legends *
  Mean      : Arithmetic mean of all measurements
  Error     : Half of 99.9% confidence interval
  StdDev    : Standard deviation of all measurements
  Allocated : Allocated memory per single operation (managed only, inclusive, 1KB = 1024B)
  1 ns      : 1 Nanosecond (0.000000001 sec)

// * Diagnostic Output - MemoryDiagnoser *


// ***** BenchmarkRunner: End *****
Run time: 00:00:22 (22.97 sec), executed benchmarks: 1

Global total time: 00:00:23 (23.87 sec), executed benchmarks: 1
// * Artifacts cleanup *
Artifacts cleanup is finished
