// Validating benchmarks:
// ***** BenchmarkRunner: Start   *****
// ***** Found 1 benchmark(s) in total *****
// ***** Building 1 exe(s) in Parallel: Start   *****
// ***** Done, took 00:00:00 (0.05 sec)   *****
// Found 1 benchmarks:
//   SyncBench.Workload: Job-OOLEIO(OutlierMode=DontRemove, Affinity=00000000000000000100, Toolchain=InProcessEmitToolchain, IterationCount=15, IterationTime=250ms, WarmupCount=8) [Enabled=False]

Setup power plan (GUID: 8c5e7fda-e8bf-4a96-9a85-a6e23a8c635c FriendlyName: High performance)
// **************************
// Benchmark: SyncBench.Workload: Job-OOLEIO(OutlierMode=DontRemove, Affinity=00000000000000000100, Toolchain=InProcessEmitToolchain, IterationCount=15, IterationTime=250ms, WarmupCount=8) [Enabled=False]
// *** Execute ***
// Launch: 1 / 1

// Benchmark Process Environment Information:
// BenchmarkDotNet v0.15.8
// Runtime=.NET 10.0.11 (10.0.11, 10.0.1126.37416), X64 RyuJIT x86-64-v3
// GC=Concurrent Workstation
// HardwareIntrinsics=AVX2+BMI1+BMI2+F16C+FMA+LZCNT+MOVBE,AVX,SSE3+SSSE3+SSE4.1+SSE4.2+POPCNT,X86Base+SSE+SSE2,AES+PCLMUL,AvxVnni,SERIALIZE VectorSize=256
// Job: Job-OOLEIO(OutlierMode=DontRemove, Affinity=00000000000000000100, Toolchain=InProcessEmitToolchain, IterationCount=15, IterationTime=250ms, WarmupCount=8)

WARM seconds=1.000 cycles=3215144 jit=1198 threads=17 cpuMs=1484.375 gc0=2 gc1=2 gc2=2 heap=546232 rss=58007552
WARM seconds=2.000 cycles=6701182 jit=1200 threads=17 cpuMs=2484.375 gc0=2 gc1=2 gc2=2 heap=546232 rss=57806848
WARM seconds=3.000 cycles=10081290 jit=1200 threads=17 cpuMs=3453.125 gc0=2 gc1=2 gc2=2 heap=554456 rss=57724928
WARM seconds=4.000 cycles=13180829 jit=1200 threads=17 cpuMs=4421.875 gc0=2 gc1=2 gc2=2 heap=562680 rss=57724928
WARM seconds=5.000 cycles=16669240 jit=1200 threads=17 cpuMs=5421.875 gc0=2 gc1=2 gc2=2 heap=562680 rss=57724928
WARM seconds=6.000 cycles=20147920 jit=1200 threads=17 cpuMs=6421.875 gc0=2 gc1=2 gc2=2 heap=570904 rss=57790464
WARM seconds=7.000 cycles=23586140 jit=1200 threads=17 cpuMs=7406.250 gc0=2 gc1=2 gc2=2 heap=570904 rss=57790464
WARM seconds=8.000 cycles=27084111 jit=1200 threads=17 cpuMs=8375.000 gc0=2 gc1=2 gc2=2 heap=579128 rss=57790464
WARM seconds=9.000 cycles=30414491 jit=1200 threads=17 cpuMs=9359.375 gc0=2 gc1=2 gc2=2 heap=579128 rss=57790464
WARM seconds=10.000 cycles=33827992 jit=1200 threads=17 cpuMs=10343.750 gc0=2 gc1=2 gc2=2 heap=587352 rss=57794560
WARM seconds=11.000 cycles=37287140 jit=1200 threads=17 cpuMs=11328.125 gc0=2 gc1=2 gc2=2 heap=595576 rss=57794560
WARM seconds=12.000 cycles=40726732 jit=1200 threads=17 cpuMs=12343.750 gc0=2 gc1=2 gc2=2 heap=595576 rss=57790464
WARM seconds=13.000 cycles=44105443 jit=1200 threads=17 cpuMs=13296.875 gc0=2 gc1=2 gc2=2 heap=603800 rss=57790464
WARM seconds=14.000 cycles=47598809 jit=1200 threads=17 cpuMs=14281.250 gc0=2 gc1=2 gc2=2 heap=603800 rss=57716736
WARM seconds=15.000 cycles=51018981 jit=1200 threads=17 cpuMs=15281.250 gc0=2 gc1=2 gc2=2 heap=612024 rss=57716736
WARM seconds=16.000 cycles=54512929 jit=1200 threads=17 cpuMs=16281.250 gc0=2 gc1=2 gc2=2 heap=612024 rss=57716736
WARM seconds=17.000 cycles=57986026 jit=1200 threads=17 cpuMs=17281.250 gc0=2 gc1=2 gc2=2 heap=620248 rss=57720832
WARM seconds=18.000 cycles=61439665 jit=1200 threads=17 cpuMs=18265.625 gc0=2 gc1=2 gc2=2 heap=620248 rss=57720832
WARM seconds=19.000 cycles=64854972 jit=1200 threads=17 cpuMs=19250.000 gc0=2 gc1=2 gc2=2 heap=628472 rss=57724928
WARM seconds=20.000 cycles=68306100 jit=1200 threads=17 cpuMs=20265.625 gc0=2 gc1=2 gc2=2 heap=636696 rss=57733120
WARM completed seconds=20.010 cycles=68306100 deleted=34153050000 acknowledged=0
RAW cycles=1000 bytes=0
OverheadJitting  1: 1 op, 121900.00 ns, 121.9000 us/op
WorkloadJitting  1: 1 op, 980600.00 ns, 980.6000 us/op

OverheadJitting  2: 16 op, 146500.00 ns, 9.1563 us/op
WorkloadJitting  2: 16 op, 153000.00 ns, 9.5625 us/op

WorkloadPilot    1: 16 op, 7700.00 ns, 481.2500 ns/op
WorkloadPilot    2: 519488 op, 125483300.00 ns, 241.5519 ns/op
WorkloadPilot    3: 1034976 op, 254521600.00 ns, 245.9203 ns/op
WorkloadPilot    4: 1016592 op, 252376100.00 ns, 248.2570 ns/op
WorkloadPilot    5: 1007024 op, 245248900.00 ns, 243.5383 ns/op
WorkloadPilot    6: 1026544 op, 247889200.00 ns, 241.4794 ns/op
WorkloadPilot    7: 1035296 op, 251825600.00 ns, 243.2402 ns/op

OverheadWarmup   1: 1035296 op, 1224000.00 ns, 1.1823 ns/op
OverheadWarmup   2: 1035296 op, 1220600.00 ns, 1.1790 ns/op
OverheadWarmup   3: 1035296 op, 1214800.00 ns, 1.1734 ns/op
OverheadWarmup   4: 1035296 op, 1214900.00 ns, 1.1735 ns/op
OverheadWarmup   5: 1035296 op, 1261000.00 ns, 1.2180 ns/op
OverheadWarmup   6: 1035296 op, 1214800.00 ns, 1.1734 ns/op
OverheadWarmup   7: 1035296 op, 1214800.00 ns, 1.1734 ns/op
OverheadWarmup   8: 1035296 op, 1214900.00 ns, 1.1735 ns/op

OverheadActual   1: 1035296 op, 1222900.00 ns, 1.1812 ns/op
OverheadActual   2: 1035296 op, 1222800.00 ns, 1.1811 ns/op
OverheadActual   3: 1035296 op, 1226500.00 ns, 1.1847 ns/op
OverheadActual   4: 1035296 op, 1220300.00 ns, 1.1787 ns/op
OverheadActual   5: 1035296 op, 1219400.00 ns, 1.1778 ns/op
OverheadActual   6: 1035296 op, 1218100.00 ns, 1.1766 ns/op
OverheadActual   7: 1035296 op, 1219500.00 ns, 1.1779 ns/op
OverheadActual   8: 1035296 op, 1214900.00 ns, 1.1735 ns/op
OverheadActual   9: 1035296 op, 1214800.00 ns, 1.1734 ns/op
OverheadActual  10: 1035296 op, 1214900.00 ns, 1.1735 ns/op
OverheadActual  11: 1035296 op, 1271900.00 ns, 1.2285 ns/op
OverheadActual  12: 1035296 op, 1374400.00 ns, 1.3275 ns/op
OverheadActual  13: 1035296 op, 1214900.00 ns, 1.1735 ns/op
OverheadActual  14: 1035296 op, 1219200.00 ns, 1.1776 ns/op
OverheadActual  15: 1035296 op, 1275900.00 ns, 1.2324 ns/op

WorkloadWarmup   1: 1035296 op, 250135400.00 ns, 241.6076 ns/op
WorkloadWarmup   2: 1035296 op, 250251400.00 ns, 241.7197 ns/op
WorkloadWarmup   3: 1035296 op, 249958300.00 ns, 241.4366 ns/op
WorkloadWarmup   4: 1035296 op, 251737500.00 ns, 243.1551 ns/op
WorkloadWarmup   5: 1035296 op, 251242800.00 ns, 242.6773 ns/op
WorkloadWarmup   6: 1035296 op, 249318600.00 ns, 240.8187 ns/op
WorkloadWarmup   7: 1035296 op, 249798100.00 ns, 241.2818 ns/op
WorkloadWarmup   8: 1035296 op, 252566900.00 ns, 243.9562 ns/op

WorkloadActual   1: 1035296 op, 249700600.00 ns, 241.1876 ns/op
WorkloadActual   2: 1035296 op, 253471400.00 ns, 244.8299 ns/op
WorkloadActual   3: 1035296 op, 255166000.00 ns, 246.4667 ns/op
WorkloadActual   4: 1035296 op, 250530000.00 ns, 241.9888 ns/op
WorkloadActual   5: 1035296 op, 251035800.00 ns, 242.4773 ns/op
WorkloadActual   6: 1035296 op, 251561300.00 ns, 242.9849 ns/op
WorkloadActual   7: 1035296 op, 249279800.00 ns, 240.7812 ns/op
WorkloadActual   8: 1035296 op, 249127100.00 ns, 240.6337 ns/op
WorkloadActual   9: 1035296 op, 249111600.00 ns, 240.6187 ns/op
WorkloadActual  10: 1035296 op, 253843400.00 ns, 245.1892 ns/op
WorkloadActual  11: 1035296 op, 265249200.00 ns, 256.2061 ns/op
WorkloadActual  12: 1035296 op, 249748000.00 ns, 241.2334 ns/op
WorkloadActual  13: 1035296 op, 251117500.00 ns, 242.5562 ns/op
WorkloadActual  14: 1035296 op, 256657400.00 ns, 247.9073 ns/op
WorkloadActual  15: 1035296 op, 255398600.00 ns, 246.6914 ns/op

WorkloadResult   1: 1035296 op, 248481100.00 ns, 240.0097 ns/op
WorkloadResult   2: 1035296 op, 252251900.00 ns, 243.6520 ns/op
WorkloadResult   3: 1035296 op, 253946500.00 ns, 245.2888 ns/op
WorkloadResult   4: 1035296 op, 249310500.00 ns, 240.8108 ns/op
WorkloadResult   5: 1035296 op, 249816300.00 ns, 241.2994 ns/op
WorkloadResult   6: 1035296 op, 250341800.00 ns, 241.8070 ns/op
WorkloadResult   7: 1035296 op, 248060300.00 ns, 239.6033 ns/op
WorkloadResult   8: 1035296 op, 247907600.00 ns, 239.4558 ns/op
WorkloadResult   9: 1035296 op, 247892100.00 ns, 239.4408 ns/op
WorkloadResult  10: 1035296 op, 252623900.00 ns, 244.0113 ns/op
WorkloadResult  11: 1035296 op, 264029700.00 ns, 255.0282 ns/op
WorkloadResult  12: 1035296 op, 248528500.00 ns, 240.0555 ns/op
WorkloadResult  13: 1035296 op, 249898000.00 ns, 241.3783 ns/op
WorkloadResult  14: 1035296 op, 255437900.00 ns, 246.7293 ns/op
WorkloadResult  15: 1035296 op, 254179100.00 ns, 245.5135 ns/op
// GC:  0 0 0 1296 1035296
// Threading:  0 0 1035296


Mean = 242.939 ns, StdErr = 1.064 ns (0.44%), N = 15, StdDev = 4.120 ns
Min = 239.441 ns, Q1 = 240.033 ns, Median = 241.378 ns, Q3 = 244.650 ns, Max = 255.028 ns
IQR = 4.617 ns, LowerFence = 233.106 ns, UpperFence = 251.576 ns
ConfidenceInterval = [238.534 ns; 247.344 ns] (CI 99.9%), Margin = 4.405 ns (1.81% of Mean)
Skewness = 1.58, Kurtosis = 5.15, MValue = 2

// ** Remained 0 (0.0%) benchmark(s) to run. Estimated finish 2026-09-07 22:47 (0h 0m from now) **
Successfully reverted power plan (GUID: 8c5e7fda-e8bf-4a96-9a85-a6e23a8c635c FriendlyName: High performance)
// ***** BenchmarkRunner: Finish  *****

// * Export *
  C:/git/Dekaf-worktrees/pr-3085-disabled-metrics/.artifacts/metrics-review/results/A2-sync-off\results\SyncBench-report.csv
  C:/git/Dekaf-worktrees/pr-3085-disabled-metrics/.artifacts/metrics-review/results/A2-sync-off\results\SyncBench-report-github.md
  C:/git/Dekaf-worktrees/pr-3085-disabled-metrics/.artifacts/metrics-review/results/A2-sync-off\results\SyncBench-report.html

// * Detailed results *
SyncBench.Workload: Job-OOLEIO(OutlierMode=DontRemove, Affinity=00000000000000000100, Toolchain=InProcessEmitToolchain, IterationCount=15, IterationTime=250ms, WarmupCount=8) [Enabled=False]
Runtime = ; GC = 
Mean = 242.939 ns, StdErr = 1.064 ns (0.44%), N = 15, StdDev = 4.120 ns
Min = 239.441 ns, Q1 = 240.033 ns, Median = 241.378 ns, Q3 = 244.650 ns, Max = 255.028 ns
IQR = 4.617 ns, LowerFence = 233.106 ns, UpperFence = 251.576 ns
ConfidenceInterval = [238.534 ns; 247.344 ns] (CI 99.9%), Margin = 4.405 ns (1.81% of Mean)
Skewness = 1.58, Kurtosis = 5.15, MValue = 2
-------------------- Histogram --------------------
[239.131 ns ; 247.824 ns) | @@@@@@@@@@@@@@
[247.824 ns ; 257.221 ns) | @
---------------------------------------------------

// * Summary *

BenchmarkDotNet v0.15.8, Windows 11 (10.0.26200.9168/25H2/2025Update/HudsonValley2)
12th Gen Intel Core i7-12700K 3.60GHz, 1 CPU, 20 logical and 12 physical cores
.NET SDK 10.0.400
  [Host] : .NET 10.0.11 (10.0.11, 10.0.1126.37416), X64 RyuJIT x86-64-v3

OutlierMode=DontRemove  Affinity=00000000000000000100  Toolchain=InProcessEmitToolchain  
IterationCount=15  IterationTime=250ms  WarmupCount=8  

| Method   | Enabled | Mean     | Error   | StdDev  | Allocated |
|--------- |-------- |---------:|--------:|--------:|----------:|
| Workload | False   | 242.9 ns | 4.40 ns | 4.12 ns |         - |

// * Hints *
Outliers
  SyncBench.Workload: OutlierMode=DontRemove, Affinity=00000000000000000100, Toolchain=InProcessEmitToolchain, IterationCount=15, IterationTime=250ms, WarmupCount=8 -> 1 outlier  was  detected (256.21 ns)

// * Legends *
  Enabled   : Value of the 'Enabled' parameter
  Mean      : Arithmetic mean of all measurements
  Error     : Half of 99.9% confidence interval
  StdDev    : Standard deviation of all measurements
  Allocated : Allocated memory per single operation (managed only, inclusive, 1KB = 1024B)
  1 ns      : 1 Nanosecond (0.000000001 sec)

// * Diagnostic Output - MemoryDiagnoser *


// ***** BenchmarkRunner: End *****
Run time: 00:00:27 (27.85 sec), executed benchmarks: 1

Global total time: 00:00:28 (28.44 sec), executed benchmarks: 1
// * Artifacts cleanup *
Artifacts cleanup is finished
