// Validating benchmarks:
// ***** BenchmarkRunner: Start   *****
// ***** Found 8 benchmark(s) in total *****
// ***** Building 1 exe(s) in Parallel: Start   *****
// ***** Done, took 00:00:00 (0.07 sec)   *****
// Found 8 benchmarks:
//   ConsumerFollowerOffsetRetryBenchmarks.SuccessfulFetch: B(OutlierMode=DontRemove, Toolchain=InProcessEmitToolchain, IterationCount=25, IterationTime=250ms, WarmupCount=8) [Prefetch=False]
//   ConsumerFollowerOffsetRetryBenchmarks.FollowerError: B(OutlierMode=DontRemove, Toolchain=InProcessEmitToolchain, IterationCount=25, IterationTime=250ms, WarmupCount=8) [Prefetch=False]
//   ConsumerFollowerOffsetRetryBenchmarks.LeaderError: B(OutlierMode=DontRemove, Toolchain=InProcessEmitToolchain, IterationCount=25, IterationTime=250ms, WarmupCount=8) [Prefetch=False]
//   ConsumerFollowerOffsetRetryBenchmarks.ResponsePoolControl: B(OutlierMode=DontRemove, Toolchain=InProcessEmitToolchain, IterationCount=25, IterationTime=250ms, WarmupCount=8) [Prefetch=False]
//   ConsumerFollowerOffsetRetryBenchmarks.SuccessfulFetch: B(OutlierMode=DontRemove, Toolchain=InProcessEmitToolchain, IterationCount=25, IterationTime=250ms, WarmupCount=8) [Prefetch=True]
//   ConsumerFollowerOffsetRetryBenchmarks.FollowerError: B(OutlierMode=DontRemove, Toolchain=InProcessEmitToolchain, IterationCount=25, IterationTime=250ms, WarmupCount=8) [Prefetch=True]
//   ConsumerFollowerOffsetRetryBenchmarks.LeaderError: B(OutlierMode=DontRemove, Toolchain=InProcessEmitToolchain, IterationCount=25, IterationTime=250ms, WarmupCount=8) [Prefetch=True]
//   ConsumerFollowerOffsetRetryBenchmarks.ResponsePoolControl: B(OutlierMode=DontRemove, Toolchain=InProcessEmitToolchain, IterationCount=25, IterationTime=250ms, WarmupCount=8) [Prefetch=True]

// **************************
// Benchmark: ConsumerFollowerOffsetRetryBenchmarks.SuccessfulFetch: B(OutlierMode=DontRemove, Toolchain=InProcessEmitToolchain, IterationCount=25, IterationTime=250ms, WarmupCount=8) [Prefetch=False]
// *** Execute ***
// Launch: 1 / 1
// ! Failed to set up priority High for process System.Diagnostics.Process (dotnet). Make sure you have the right permissions. Message: Permission denied

// Benchmark Process Environment Information:
// BenchmarkDotNet v0.15.8
// Runtime=.NET 10.0.11 (10.0.11, 10.0.1126.37416), X64 RyuJIT x86-64-v4
// GC=Concurrent Workstation
// HardwareIntrinsics=AVX512 BITALG+VBMI2+VNNI+VPOPCNTDQ,AVX512 IFMA+VBMI,AVX512 F+BW+CD+DQ+VL,AVX2+BMI1+BMI2+F16C+FMA+LZCNT+MOVBE,AVX,SSE3+SSSE3+SSE4.1+SSE4.2+POPCNT,X86Base+SSE+SSE2,AES+PCLMUL,AvxVnni,SERIALIZE VectorSize=256
// Job: Job-FZWQLI(OutlierMode=DontRemove, Toolchain=InProcessEmitToolchain, IterationCount=25, IterationTime=250ms, WarmupCount=8)

OverheadJitting  1: 1 op, 198586.00 ns, 198.5860 us/op
WorkloadJitting  1: 1 op, 326717.00 ns, 326.7170 us/op

OverheadJitting  2: 16 op, 419133.00 ns, 26.1958 us/op
WorkloadJitting  2: 16 op, 463408.00 ns, 28.9630 us/op

WorkloadPilot    1: 16 op, 56056.00 ns, 3.5035 us/op
WorkloadPilot    2: 71360 op, 95865749.00 ns, 1.3434 us/op
WorkloadPilot    3: 186096 op, 234467385.00 ns, 1.2599 us/op
WorkloadPilot    4: 198432 op, 255914873.00 ns, 1.2897 us/op
WorkloadPilot    5: 193856 op, 253947296.00 ns, 1.3100 us/op
WorkloadPilot    6: 190848 op, 251735569.00 ns, 1.3190 us/op

OverheadWarmup   1: 190848 op, 484798.00 ns, 2.5402 ns/op
OverheadWarmup   2: 190848 op, 482646.00 ns, 2.5290 ns/op
OverheadWarmup   3: 190848 op, 503361.00 ns, 2.6375 ns/op
OverheadWarmup   4: 190848 op, 498657.00 ns, 2.6128 ns/op
OverheadWarmup   5: 190848 op, 493866.00 ns, 2.5877 ns/op
OverheadWarmup   6: 190848 op, 499325.00 ns, 2.6163 ns/op
OverheadWarmup   7: 190848 op, 493069.00 ns, 2.5836 ns/op

OverheadActual   1: 190848 op, 495860.00 ns, 2.5982 ns/op
OverheadActual   2: 190848 op, 482740.00 ns, 2.5294 ns/op
OverheadActual   3: 190848 op, 482760.00 ns, 2.5296 ns/op
OverheadActual   4: 190848 op, 482631.00 ns, 2.5289 ns/op
OverheadActual   5: 190848 op, 471149.00 ns, 2.4687 ns/op
OverheadActual   6: 190848 op, 465513.00 ns, 2.4392 ns/op
OverheadActual   7: 190848 op, 452435.00 ns, 2.3707 ns/op
OverheadActual   8: 190848 op, 465343.00 ns, 2.4383 ns/op
OverheadActual   9: 190848 op, 463786.00 ns, 2.4301 ns/op
OverheadActual  10: 190848 op, 464818.00 ns, 2.4355 ns/op
OverheadActual  11: 190848 op, 470463.00 ns, 2.4651 ns/op
OverheadActual  12: 190848 op, 452438.00 ns, 2.3707 ns/op
OverheadActual  13: 190848 op, 452468.00 ns, 2.3708 ns/op
OverheadActual  14: 190848 op, 467133.00 ns, 2.4477 ns/op
OverheadActual  15: 190848 op, 477366.00 ns, 2.5013 ns/op

WorkloadWarmup   1: 190848 op, 259749731.00 ns, 1.3610 us/op
WorkloadWarmup   2: 190848 op, 228777687.00 ns, 1.1987 us/op
WorkloadWarmup   3: 190848 op, 221191084.00 ns, 1.1590 us/op
WorkloadWarmup   4: 190848 op, 221454484.00 ns, 1.1604 us/op
WorkloadWarmup   5: 190848 op, 237720605.00 ns, 1.2456 us/op
WorkloadWarmup   6: 190848 op, 242106998.00 ns, 1.2686 us/op
WorkloadWarmup   7: 190848 op, 231410405.00 ns, 1.2125 us/op
WorkloadWarmup   8: 190848 op, 243910686.00 ns, 1.2780 us/op

WorkloadActual   1: 190848 op, 245722910.00 ns, 1.2875 us/op
WorkloadActual   2: 190848 op, 225786659.00 ns, 1.1831 us/op
WorkloadActual   3: 190848 op, 226171881.00 ns, 1.1851 us/op
WorkloadActual   4: 190848 op, 239288506.00 ns, 1.2538 us/op
WorkloadActual   5: 190848 op, 226518536.00 ns, 1.1869 us/op
WorkloadActual   6: 190848 op, 227502128.00 ns, 1.1921 us/op
WorkloadActual   7: 190848 op, 224379423.00 ns, 1.1757 us/op
WorkloadActual   8: 190848 op, 233584635.00 ns, 1.2239 us/op
WorkloadActual   9: 190848 op, 231553573.00 ns, 1.2133 us/op
WorkloadActual  10: 190848 op, 223792395.00 ns, 1.1726 us/op
WorkloadActual  11: 190848 op, 216613736.00 ns, 1.1350 us/op
WorkloadActual  12: 190848 op, 230637028.00 ns, 1.2085 us/op
WorkloadActual  13: 190848 op, 225680147.00 ns, 1.1825 us/op
WorkloadActual  14: 190848 op, 216794338.00 ns, 1.1360 us/op
WorkloadActual  15: 190848 op, 226811205.00 ns, 1.1884 us/op
WorkloadActual  16: 190848 op, 217361512.00 ns, 1.1389 us/op
WorkloadActual  17: 190848 op, 223679610.00 ns, 1.1720 us/op
WorkloadActual  18: 190848 op, 231147746.00 ns, 1.2112 us/op
WorkloadActual  19: 190848 op, 229663309.00 ns, 1.2034 us/op
WorkloadActual  20: 190848 op, 219838715.00 ns, 1.1519 us/op
WorkloadActual  21: 190848 op, 218844817.00 ns, 1.1467 us/op
WorkloadActual  22: 190848 op, 223792923.00 ns, 1.1726 us/op
WorkloadActual  23: 190848 op, 240477271.00 ns, 1.2600 us/op
WorkloadActual  24: 190848 op, 222964548.00 ns, 1.1683 us/op
WorkloadActual  25: 190848 op, 222434089.00 ns, 1.1655 us/op

WorkloadResult   1: 190848 op, 245255777.00 ns, 1.2851 us/op
WorkloadResult   2: 190848 op, 225319526.00 ns, 1.1806 us/op
WorkloadResult   3: 190848 op, 225704748.00 ns, 1.1826 us/op
WorkloadResult   4: 190848 op, 238821373.00 ns, 1.2514 us/op
WorkloadResult   5: 190848 op, 226051403.00 ns, 1.1845 us/op
WorkloadResult   6: 190848 op, 227034995.00 ns, 1.1896 us/op
WorkloadResult   7: 190848 op, 223912290.00 ns, 1.1732 us/op
WorkloadResult   8: 190848 op, 233117502.00 ns, 1.2215 us/op
WorkloadResult   9: 190848 op, 231086440.00 ns, 1.2108 us/op
WorkloadResult  10: 190848 op, 223325262.00 ns, 1.1702 us/op
WorkloadResult  11: 190848 op, 216146603.00 ns, 1.1326 us/op
WorkloadResult  12: 190848 op, 230169895.00 ns, 1.2060 us/op
WorkloadResult  13: 190848 op, 225213014.00 ns, 1.1801 us/op
WorkloadResult  14: 190848 op, 216327205.00 ns, 1.1335 us/op
WorkloadResult  15: 190848 op, 226344072.00 ns, 1.1860 us/op
WorkloadResult  16: 190848 op, 216894379.00 ns, 1.1365 us/op
WorkloadResult  17: 190848 op, 223212477.00 ns, 1.1696 us/op
WorkloadResult  18: 190848 op, 230680613.00 ns, 1.2087 us/op
WorkloadResult  19: 190848 op, 229196176.00 ns, 1.2009 us/op
WorkloadResult  20: 190848 op, 219371582.00 ns, 1.1495 us/op
WorkloadResult  21: 190848 op, 218377684.00 ns, 1.1442 us/op
WorkloadResult  22: 190848 op, 223325790.00 ns, 1.1702 us/op
WorkloadResult  23: 190848 op, 240010138.00 ns, 1.2576 us/op
WorkloadResult  24: 190848 op, 222497415.00 ns, 1.1658 us/op
WorkloadResult  25: 190848 op, 221966956.00 ns, 1.1631 us/op
// GC:  0 0 0 35116032 190848
// Threading:  0 0 190848


Mean = 1.186 μs, StdErr = 0.008 μs (0.65%), N = 25, StdDev = 0.038 μs
Min = 1.133 μs, Q1 = 1.166 μs, Median = 1.181 μs, Q3 = 1.206 μs, Max = 1.285 μs
IQR = 0.040 μs, LowerFence = 1.106 μs, UpperFence = 1.266 μs
ConfidenceInterval = [1.157 μs; 1.215 μs] (CI 99.9%), Margin = 0.029 μs (2.42% of Mean)
Skewness = 0.79, Kurtosis = 3.14, MValue = 2

// ** Remained 7 (87.5 %) benchmark(s) to run. Estimated finish 2026-09-07 17:06 (0h 1m from now) **
// **************************
// Benchmark: ConsumerFollowerOffsetRetryBenchmarks.FollowerError: B(OutlierMode=DontRemove, Toolchain=InProcessEmitToolchain, IterationCount=25, IterationTime=250ms, WarmupCount=8) [Prefetch=False]
// *** Execute ***
// Launch: 1 / 1
// ! Failed to set up priority High for process System.Diagnostics.Process (dotnet). Make sure you have the right permissions. Message: Permission denied

// Benchmark Process Environment Information:
// BenchmarkDotNet v0.15.8
// Runtime=.NET 10.0.11 (10.0.11, 10.0.1126.37416), X64 RyuJIT x86-64-v4
// GC=Concurrent Workstation
// HardwareIntrinsics=AVX512 BITALG+VBMI2+VNNI+VPOPCNTDQ,AVX512 IFMA+VBMI,AVX512 F+BW+CD+DQ+VL,AVX2+BMI1+BMI2+F16C+FMA+LZCNT+MOVBE,AVX,SSE3+SSSE3+SSE4.1+SSE4.2+POPCNT,X86Base+SSE+SSE2,AES+PCLMUL,AvxVnni,SERIALIZE VectorSize=256
// Job: Job-FZWQLI(OutlierMode=DontRemove, Toolchain=InProcessEmitToolchain, IterationCount=25, IterationTime=250ms, WarmupCount=8)

OverheadJitting  1: 1 op, 251784.00 ns, 251.7840 us/op
WorkloadJitting  1: 1 op, 274880.00 ns, 274.8800 us/op

OverheadJitting  2: 16 op, 359693.00 ns, 22.4808 us/op
WorkloadJitting  2: 16 op, 401105.00 ns, 25.0691 us/op

WorkloadPilot    1: 16 op, 39094.00 ns, 2.4434 us/op
WorkloadPilot    2: 102320 op, 114005716.00 ns, 1.1142 us/op
WorkloadPilot    3: 224384 op, 271916690.00 ns, 1.2118 us/op
WorkloadPilot    4: 206304 op, 245206881.00 ns, 1.1886 us/op
WorkloadPilot    5: 210352 op, 249590879.00 ns, 1.1865 us/op
WorkloadPilot    6: 210704 op, 243136601.00 ns, 1.1539 us/op
WorkloadPilot    7: 216656 op, 250594253.00 ns, 1.1566 us/op
WorkloadPilot    8: 216144 op, 258187419.00 ns, 1.1945 us/op

OverheadWarmup   1: 216144 op, 533576.00 ns, 2.4686 ns/op
OverheadWarmup   2: 216144 op, 548629.00 ns, 2.5383 ns/op
OverheadWarmup   3: 216144 op, 547336.00 ns, 2.5323 ns/op
OverheadWarmup   4: 216144 op, 516914.00 ns, 2.3915 ns/op
OverheadWarmup   5: 216144 op, 503944.00 ns, 2.3315 ns/op
OverheadWarmup   6: 216144 op, 460736.00 ns, 2.1316 ns/op
OverheadWarmup   7: 216144 op, 464965.00 ns, 2.1512 ns/op
OverheadWarmup   8: 216144 op, 522210.00 ns, 2.4160 ns/op
OverheadWarmup   9: 216144 op, 513146.00 ns, 2.3741 ns/op

OverheadActual   1: 216144 op, 512514.00 ns, 2.3712 ns/op
OverheadActual   2: 216144 op, 513937.00 ns, 2.3778 ns/op
OverheadActual   3: 216144 op, 515502.00 ns, 2.3850 ns/op
OverheadActual   4: 216144 op, 460679.00 ns, 2.1314 ns/op
OverheadActual   5: 216144 op, 470037.00 ns, 2.1746 ns/op
OverheadActual   6: 216144 op, 472100.00 ns, 2.1842 ns/op
OverheadActual   7: 216144 op, 478795.00 ns, 2.2152 ns/op
OverheadActual   8: 216144 op, 469583.00 ns, 2.1725 ns/op
OverheadActual   9: 216144 op, 456827.00 ns, 2.1135 ns/op
OverheadActual  10: 216144 op, 447953.00 ns, 2.0725 ns/op
OverheadActual  11: 216144 op, 466729.00 ns, 2.1593 ns/op
OverheadActual  12: 216144 op, 451770.00 ns, 2.0901 ns/op
OverheadActual  13: 216144 op, 447961.00 ns, 2.0725 ns/op
OverheadActual  14: 216144 op, 457069.00 ns, 2.1147 ns/op
OverheadActual  15: 216144 op, 447937.00 ns, 2.0724 ns/op
OverheadActual  16: 216144 op, 447959.00 ns, 2.0725 ns/op
OverheadActual  17: 216144 op, 456101.00 ns, 2.1102 ns/op

WorkloadWarmup   1: 216144 op, 263396923.00 ns, 1.2186 us/op
WorkloadWarmup   2: 216144 op, 252912246.00 ns, 1.1701 us/op
WorkloadWarmup   3: 216144 op, 252798362.00 ns, 1.1696 us/op
WorkloadWarmup   4: 216144 op, 255119978.00 ns, 1.1803 us/op
WorkloadWarmup   5: 216144 op, 250785926.00 ns, 1.1603 us/op
WorkloadWarmup   6: 216144 op, 259652746.00 ns, 1.2013 us/op
WorkloadWarmup   7: 216144 op, 256921899.00 ns, 1.1887 us/op
WorkloadWarmup   8: 216144 op, 252541105.00 ns, 1.1684 us/op

WorkloadActual   1: 216144 op, 270745967.00 ns, 1.2526 us/op
WorkloadActual   2: 216144 op, 260018709.00 ns, 1.2030 us/op
WorkloadActual   3: 216144 op, 249393667.00 ns, 1.1538 us/op
WorkloadActual   4: 216144 op, 252231589.00 ns, 1.1670 us/op
WorkloadActual   5: 216144 op, 247847578.00 ns, 1.1467 us/op
WorkloadActual   6: 216144 op, 257617902.00 ns, 1.1919 us/op
WorkloadActual   7: 216144 op, 254032742.00 ns, 1.1753 us/op
WorkloadActual   8: 216144 op, 268659636.00 ns, 1.2430 us/op
WorkloadActual   9: 216144 op, 246470827.00 ns, 1.1403 us/op
WorkloadActual  10: 216144 op, 253380844.00 ns, 1.1723 us/op
WorkloadActual  11: 216144 op, 284029044.00 ns, 1.3141 us/op
WorkloadActual  12: 216144 op, 280771944.00 ns, 1.2990 us/op
WorkloadActual  13: 216144 op, 281058104.00 ns, 1.3003 us/op
WorkloadActual  14: 216144 op, 271278056.00 ns, 1.2551 us/op
WorkloadActual  15: 216144 op, 261583762.00 ns, 1.2102 us/op
WorkloadActual  16: 216144 op, 262580139.00 ns, 1.2148 us/op
WorkloadActual  17: 216144 op, 261463640.00 ns, 1.2097 us/op
WorkloadActual  18: 216144 op, 260471065.00 ns, 1.2051 us/op
WorkloadActual  19: 216144 op, 258949387.00 ns, 1.1980 us/op
WorkloadActual  20: 216144 op, 275205250.00 ns, 1.2732 us/op
WorkloadActual  21: 216144 op, 250299808.00 ns, 1.1580 us/op
WorkloadActual  22: 216144 op, 254116976.00 ns, 1.1757 us/op
WorkloadActual  23: 216144 op, 261906684.00 ns, 1.2117 us/op
WorkloadActual  24: 216144 op, 245774311.00 ns, 1.1371 us/op
WorkloadActual  25: 216144 op, 249134993.00 ns, 1.1526 us/op

WorkloadResult   1: 216144 op, 270285288.00 ns, 1.2505 us/op
WorkloadResult   2: 216144 op, 259558030.00 ns, 1.2009 us/op
WorkloadResult   3: 216144 op, 248932988.00 ns, 1.1517 us/op
WorkloadResult   4: 216144 op, 251770910.00 ns, 1.1648 us/op
WorkloadResult   5: 216144 op, 247386899.00 ns, 1.1445 us/op
WorkloadResult   6: 216144 op, 257157223.00 ns, 1.1897 us/op
WorkloadResult   7: 216144 op, 253572063.00 ns, 1.1732 us/op
WorkloadResult   8: 216144 op, 268198957.00 ns, 1.2408 us/op
WorkloadResult   9: 216144 op, 246010148.00 ns, 1.1382 us/op
WorkloadResult  10: 216144 op, 252920165.00 ns, 1.1701 us/op
WorkloadResult  11: 216144 op, 283568365.00 ns, 1.3119 us/op
WorkloadResult  12: 216144 op, 280311265.00 ns, 1.2969 us/op
WorkloadResult  13: 216144 op, 280597425.00 ns, 1.2982 us/op
WorkloadResult  14: 216144 op, 270817377.00 ns, 1.2529 us/op
WorkloadResult  15: 216144 op, 261123083.00 ns, 1.2081 us/op
WorkloadResult  16: 216144 op, 262119460.00 ns, 1.2127 us/op
WorkloadResult  17: 216144 op, 261002961.00 ns, 1.2075 us/op
WorkloadResult  18: 216144 op, 260010386.00 ns, 1.2029 us/op
WorkloadResult  19: 216144 op, 258488708.00 ns, 1.1959 us/op
WorkloadResult  20: 216144 op, 274744571.00 ns, 1.2711 us/op
WorkloadResult  21: 216144 op, 249839129.00 ns, 1.1559 us/op
WorkloadResult  22: 216144 op, 253656297.00 ns, 1.1736 us/op
WorkloadResult  23: 216144 op, 261446005.00 ns, 1.2096 us/op
WorkloadResult  24: 216144 op, 245313632.00 ns, 1.1350 us/op
WorkloadResult  25: 216144 op, 248674314.00 ns, 1.1505 us/op
// GC:  0 0 0 39770496 216144
// Threading:  0 0 216144


Mean = 1.204 μs, StdErr = 0.010 μs (0.86%), N = 25, StdDev = 0.052 μs
Min = 1.135 μs, Q1 = 1.165 μs, Median = 1.201 μs, Q3 = 1.241 μs, Max = 1.312 μs
IQR = 0.076 μs, LowerFence = 1.051 μs, UpperFence = 1.355 μs
ConfidenceInterval = [1.165 μs; 1.243 μs] (CI 99.9%), Margin = 0.039 μs (3.24% of Mean)
Skewness = 0.57, Kurtosis = 2.17, MValue = 2

// ** Remained 6 (75.0 %) benchmark(s) to run. Estimated finish 2026-09-07 17:06 (0h 1m from now) **
// **************************
// Benchmark: ConsumerFollowerOffsetRetryBenchmarks.LeaderError: B(OutlierMode=DontRemove, Toolchain=InProcessEmitToolchain, IterationCount=25, IterationTime=250ms, WarmupCount=8) [Prefetch=False]
// *** Execute ***
// Launch: 1 / 1
// ! Failed to set up priority High for process System.Diagnostics.Process (dotnet). Make sure you have the right permissions. Message: Permission denied

// Benchmark Process Environment Information:
// BenchmarkDotNet v0.15.8
// Runtime=.NET 10.0.11 (10.0.11, 10.0.1126.37416), X64 RyuJIT x86-64-v4
// GC=Concurrent Workstation
// HardwareIntrinsics=AVX512 BITALG+VBMI2+VNNI+VPOPCNTDQ,AVX512 IFMA+VBMI,AVX512 F+BW+CD+DQ+VL,AVX2+BMI1+BMI2+F16C+FMA+LZCNT+MOVBE,AVX,SSE3+SSSE3+SSE4.1+SSE4.2+POPCNT,X86Base+SSE+SSE2,AES+PCLMUL,AvxVnni,SERIALIZE VectorSize=256
// Job: Job-FZWQLI(OutlierMode=DontRemove, Toolchain=InProcessEmitToolchain, IterationCount=25, IterationTime=250ms, WarmupCount=8)

OverheadJitting  1: 1 op, 282469.00 ns, 282.4690 us/op
WorkloadJitting  1: 1 op, 369447.00 ns, 369.4470 us/op

OverheadJitting  2: 16 op, 416595.00 ns, 26.0372 us/op
WorkloadJitting  2: 16 op, 447836.00 ns, 27.9898 us/op

WorkloadPilot    1: 16 op, 52626.00 ns, 3.2891 us/op
WorkloadPilot    2: 76016 op, 116832129.00 ns, 1.5369 us/op
WorkloadPilot    3: 162672 op, 245439440.00 ns, 1.5088 us/op
WorkloadPilot    4: 165696 op, 236796514.00 ns, 1.4291 us/op
WorkloadPilot    5: 174944 op, 255696973.00 ns, 1.4616 us/op
WorkloadPilot    6: 171056 op, 260150044.00 ns, 1.5208 us/op
WorkloadPilot    7: 164384 op, 241638760.00 ns, 1.4700 us/op
WorkloadPilot    8: 170080 op, 242414595.00 ns, 1.4253 us/op
WorkloadPilot    9: 175408 op, 255118333.00 ns, 1.4544 us/op

OverheadWarmup   1: 175408 op, 367025.00 ns, 2.0924 ns/op
OverheadWarmup   2: 175408 op, 373968.00 ns, 2.1320 ns/op
OverheadWarmup   3: 175408 op, 363461.00 ns, 2.0721 ns/op
OverheadWarmup   4: 175408 op, 368595.00 ns, 2.1014 ns/op
OverheadWarmup   5: 175408 op, 363512.00 ns, 2.0724 ns/op

OverheadActual   1: 175408 op, 363540.00 ns, 2.0725 ns/op
OverheadActual   2: 175408 op, 363623.00 ns, 2.0730 ns/op
OverheadActual   3: 175408 op, 372446.00 ns, 2.1233 ns/op
OverheadActual   4: 175408 op, 363514.00 ns, 2.0724 ns/op
OverheadActual   5: 175408 op, 372976.00 ns, 2.1263 ns/op
OverheadActual   6: 175408 op, 363488.00 ns, 2.0722 ns/op
OverheadActual   7: 175408 op, 363485.00 ns, 2.0722 ns/op
OverheadActual   8: 175408 op, 384010.00 ns, 2.1892 ns/op
OverheadActual   9: 175408 op, 363550.00 ns, 2.0726 ns/op
OverheadActual  10: 175408 op, 363500.00 ns, 2.0723 ns/op
OverheadActual  11: 175408 op, 363495.00 ns, 2.0723 ns/op
OverheadActual  12: 175408 op, 363504.00 ns, 2.0723 ns/op
OverheadActual  13: 175408 op, 374380.00 ns, 2.1343 ns/op
OverheadActual  14: 175408 op, 363497.00 ns, 2.0723 ns/op
OverheadActual  15: 175408 op, 371469.00 ns, 2.1177 ns/op

WorkloadWarmup   1: 175408 op, 251227481.00 ns, 1.4322 us/op
WorkloadWarmup   2: 175408 op, 260655861.00 ns, 1.4860 us/op
WorkloadWarmup   3: 175408 op, 262757745.00 ns, 1.4980 us/op
WorkloadWarmup   4: 175408 op, 246482445.00 ns, 1.4052 us/op
WorkloadWarmup   5: 175408 op, 263656961.00 ns, 1.5031 us/op
WorkloadWarmup   6: 175408 op, 264270060.00 ns, 1.5066 us/op
WorkloadWarmup   7: 175408 op, 250274504.00 ns, 1.4268 us/op
WorkloadWarmup   8: 175408 op, 254926437.00 ns, 1.4533 us/op

WorkloadActual   1: 175408 op, 258644837.00 ns, 1.4745 us/op
WorkloadActual   2: 175408 op, 245919165.00 ns, 1.4020 us/op
WorkloadActual   3: 175408 op, 265948666.00 ns, 1.5162 us/op
WorkloadActual   4: 175408 op, 256686531.00 ns, 1.4634 us/op
WorkloadActual   5: 175408 op, 267786843.00 ns, 1.5267 us/op
WorkloadActual   6: 175408 op, 251435482.00 ns, 1.4334 us/op
WorkloadActual   7: 175408 op, 249663875.00 ns, 1.4233 us/op
WorkloadActual   8: 175408 op, 249747311.00 ns, 1.4238 us/op
WorkloadActual   9: 175408 op, 246238042.00 ns, 1.4038 us/op
WorkloadActual  10: 175408 op, 254905897.00 ns, 1.4532 us/op
WorkloadActual  11: 175408 op, 243895298.00 ns, 1.3904 us/op
WorkloadActual  12: 175408 op, 252277446.00 ns, 1.4382 us/op
WorkloadActual  13: 175408 op, 262726862.00 ns, 1.4978 us/op
WorkloadActual  14: 175408 op, 261918679.00 ns, 1.4932 us/op
WorkloadActual  15: 175408 op, 248668345.00 ns, 1.4177 us/op
WorkloadActual  16: 175408 op, 248645785.00 ns, 1.4175 us/op
WorkloadActual  17: 175408 op, 262903435.00 ns, 1.4988 us/op
WorkloadActual  18: 175408 op, 259001731.00 ns, 1.4766 us/op
WorkloadActual  19: 175408 op, 245467302.00 ns, 1.3994 us/op
WorkloadActual  20: 175408 op, 255210482.00 ns, 1.4550 us/op
WorkloadActual  21: 175408 op, 249598346.00 ns, 1.4230 us/op
WorkloadActual  22: 175408 op, 244778935.00 ns, 1.3955 us/op
WorkloadActual  23: 175408 op, 249179681.00 ns, 1.4206 us/op
WorkloadActual  24: 175408 op, 261932956.00 ns, 1.4933 us/op
WorkloadActual  25: 175408 op, 249443733.00 ns, 1.4221 us/op

WorkloadResult   1: 175408 op, 258281297.00 ns, 1.4725 us/op
WorkloadResult   2: 175408 op, 245555625.00 ns, 1.3999 us/op
WorkloadResult   3: 175408 op, 265585126.00 ns, 1.5141 us/op
WorkloadResult   4: 175408 op, 256322991.00 ns, 1.4613 us/op
WorkloadResult   5: 175408 op, 267423303.00 ns, 1.5246 us/op
WorkloadResult   6: 175408 op, 251071942.00 ns, 1.4314 us/op
WorkloadResult   7: 175408 op, 249300335.00 ns, 1.4213 us/op
WorkloadResult   8: 175408 op, 249383771.00 ns, 1.4217 us/op
WorkloadResult   9: 175408 op, 245874502.00 ns, 1.4017 us/op
WorkloadResult  10: 175408 op, 254542357.00 ns, 1.4511 us/op
WorkloadResult  11: 175408 op, 243531758.00 ns, 1.3884 us/op
WorkloadResult  12: 175408 op, 251913906.00 ns, 1.4362 us/op
WorkloadResult  13: 175408 op, 262363322.00 ns, 1.4957 us/op
WorkloadResult  14: 175408 op, 261555139.00 ns, 1.4911 us/op
WorkloadResult  15: 175408 op, 248304805.00 ns, 1.4156 us/op
WorkloadResult  16: 175408 op, 248282245.00 ns, 1.4155 us/op
WorkloadResult  17: 175408 op, 262539895.00 ns, 1.4967 us/op
WorkloadResult  18: 175408 op, 258638191.00 ns, 1.4745 us/op
WorkloadResult  19: 175408 op, 245103762.00 ns, 1.3973 us/op
WorkloadResult  20: 175408 op, 254846942.00 ns, 1.4529 us/op
WorkloadResult  21: 175408 op, 249234806.00 ns, 1.4209 us/op
WorkloadResult  22: 175408 op, 244415395.00 ns, 1.3934 us/op
WorkloadResult  23: 175408 op, 248816141.00 ns, 1.4185 us/op
WorkloadResult  24: 175408 op, 261569416.00 ns, 1.4912 us/op
WorkloadResult  25: 175408 op, 249080193.00 ns, 1.4200 us/op
// GC:  0 0 0 43501648 175408
// Threading:  0 0 175408


Mean = 1.444 μs, StdErr = 0.008 μs (0.56%), N = 25, StdDev = 0.041 μs
Min = 1.388 μs, Q1 = 1.416 μs, Median = 1.431 μs, Q3 = 1.474 μs, Max = 1.525 μs
IQR = 0.059 μs, LowerFence = 1.327 μs, UpperFence = 1.563 μs
ConfidenceInterval = [1.414 μs; 1.475 μs] (CI 99.9%), Margin = 0.030 μs (2.11% of Mean)
Skewness = 0.42, Kurtosis = 1.8, MValue = 2.5

// ** Remained 5 (62.5 %) benchmark(s) to run. Estimated finish 2026-09-07 17:06 (0h 0m from now) **
// **************************
// Benchmark: ConsumerFollowerOffsetRetryBenchmarks.ResponsePoolControl: B(OutlierMode=DontRemove, Toolchain=InProcessEmitToolchain, IterationCount=25, IterationTime=250ms, WarmupCount=8) [Prefetch=False]
// *** Execute ***
// Launch: 1 / 1
// ! Failed to set up priority High for process System.Diagnostics.Process (dotnet). Make sure you have the right permissions. Message: Permission denied

// Benchmark Process Environment Information:
// BenchmarkDotNet v0.15.8
// Runtime=.NET 10.0.11 (10.0.11, 10.0.1126.37416), X64 RyuJIT x86-64-v4
// GC=Concurrent Workstation
// HardwareIntrinsics=AVX512 BITALG+VBMI2+VNNI+VPOPCNTDQ,AVX512 IFMA+VBMI,AVX512 F+BW+CD+DQ+VL,AVX2+BMI1+BMI2+F16C+FMA+LZCNT+MOVBE,AVX,SSE3+SSSE3+SSE4.1+SSE4.2+POPCNT,X86Base+SSE+SSE2,AES+PCLMUL,AvxVnni,SERIALIZE VectorSize=256
// Job: Job-FZWQLI(OutlierMode=DontRemove, Toolchain=InProcessEmitToolchain, IterationCount=25, IterationTime=250ms, WarmupCount=8)

OverheadJitting  1: 1 op, 240849.00 ns, 240.8490 us/op
WorkloadJitting  1: 1 op, 287201.00 ns, 287.2010 us/op

OverheadJitting  2: 16 op, 217531.00 ns, 13.5957 us/op
WorkloadJitting  2: 16 op, 211450.00 ns, 13.2156 us/op

WorkloadPilot    1: 16 op, 5892.00 ns, 368.2500 ns/op
WorkloadPilot    2: 678896 op, 105736643.00 ns, 155.7479 ns/op
WorkloadPilot    3: 1605168 op, 249810189.00 ns, 155.6287 ns/op
WorkloadPilot    4: 1606400 op, 256703410.00 ns, 159.8004 ns/op
WorkloadPilot    5: 1564464 op, 235733644.00 ns, 150.6801 ns/op
WorkloadPilot    6: 1659152 op, 254930163.00 ns, 153.6509 ns/op
WorkloadPilot    7: 1627072 op, 245270070.00 ns, 150.7432 ns/op
WorkloadPilot    8: 1658464 op, 255559479.00 ns, 154.0941 ns/op

OverheadWarmup   1: 1658464 op, 3503473.00 ns, 2.1125 ns/op
OverheadWarmup   2: 1658464 op, 3720685.00 ns, 2.2435 ns/op
OverheadWarmup   3: 1658464 op, 3602400.00 ns, 2.1721 ns/op
OverheadWarmup   4: 1658464 op, 3422688.00 ns, 2.0638 ns/op
OverheadWarmup   5: 1658464 op, 3405285.00 ns, 2.0533 ns/op
OverheadWarmup   6: 1658464 op, 3474936.00 ns, 2.0953 ns/op
OverheadWarmup   7: 1658464 op, 3493104.00 ns, 2.1062 ns/op
OverheadWarmup   8: 1658464 op, 3416300.00 ns, 2.0599 ns/op

OverheadActual   1: 1658464 op, 3426952.00 ns, 2.0663 ns/op
OverheadActual   2: 1658464 op, 3410835.00 ns, 2.0566 ns/op
OverheadActual   3: 1658464 op, 3398950.00 ns, 2.0495 ns/op
OverheadActual   4: 1658464 op, 3467945.00 ns, 2.0911 ns/op
OverheadActual   5: 1658464 op, 3496069.00 ns, 2.1080 ns/op
OverheadActual   6: 1658464 op, 3414057.00 ns, 2.0586 ns/op
OverheadActual   7: 1658464 op, 3396906.00 ns, 2.0482 ns/op
OverheadActual   8: 1658464 op, 3402335.00 ns, 2.0515 ns/op
OverheadActual   9: 1658464 op, 3395948.00 ns, 2.0476 ns/op
OverheadActual  10: 1658464 op, 3437700.00 ns, 2.0728 ns/op
OverheadActual  11: 1658464 op, 3402569.00 ns, 2.0516 ns/op
OverheadActual  12: 1658464 op, 3997712.00 ns, 2.4105 ns/op
OverheadActual  13: 1658464 op, 3948621.00 ns, 2.3809 ns/op
OverheadActual  14: 1658464 op, 3979652.00 ns, 2.3996 ns/op
OverheadActual  15: 1658464 op, 4114946.00 ns, 2.4812 ns/op
OverheadActual  16: 1658464 op, 3980712.00 ns, 2.4002 ns/op
OverheadActual  17: 1658464 op, 3896562.00 ns, 2.3495 ns/op
OverheadActual  18: 1658464 op, 3997985.00 ns, 2.4107 ns/op
OverheadActual  19: 1658464 op, 4064886.00 ns, 2.4510 ns/op
OverheadActual  20: 1658464 op, 3898366.00 ns, 2.3506 ns/op

WorkloadWarmup   1: 1658464 op, 263240359.00 ns, 158.7254 ns/op
WorkloadWarmup   2: 1658464 op, 261558508.00 ns, 157.7113 ns/op
WorkloadWarmup   3: 1658464 op, 269224823.00 ns, 162.3338 ns/op
WorkloadWarmup   4: 1658464 op, 268225336.00 ns, 161.7312 ns/op
WorkloadWarmup   5: 1658464 op, 254624509.00 ns, 153.5303 ns/op
WorkloadWarmup   6: 1658464 op, 251238011.00 ns, 151.4884 ns/op
WorkloadWarmup   7: 1658464 op, 260692616.00 ns, 157.1892 ns/op
WorkloadWarmup   8: 1658464 op, 267782991.00 ns, 161.4645 ns/op

WorkloadActual   1: 1658464 op, 260296816.00 ns, 156.9505 ns/op
WorkloadActual   2: 1658464 op, 273399058.00 ns, 164.8508 ns/op
WorkloadActual   3: 1658464 op, 277983262.00 ns, 167.6149 ns/op
WorkloadActual   4: 1658464 op, 255422293.00 ns, 154.0114 ns/op
WorkloadActual   5: 1658464 op, 262968203.00 ns, 158.5613 ns/op
WorkloadActual   6: 1658464 op, 260789206.00 ns, 157.2474 ns/op
WorkloadActual   7: 1658464 op, 250002432.00 ns, 150.7434 ns/op
WorkloadActual   8: 1658464 op, 251489382.00 ns, 151.6399 ns/op
WorkloadActual   9: 1658464 op, 252741671.00 ns, 152.3950 ns/op
WorkloadActual  10: 1658464 op, 257458000.00 ns, 155.2388 ns/op
WorkloadActual  11: 1658464 op, 261621050.00 ns, 157.7490 ns/op
WorkloadActual  12: 1658464 op, 260267602.00 ns, 156.9329 ns/op
WorkloadActual  13: 1658464 op, 249685320.00 ns, 150.5521 ns/op
WorkloadActual  14: 1658464 op, 254293086.00 ns, 153.3305 ns/op
WorkloadActual  15: 1658464 op, 277338345.00 ns, 167.2260 ns/op
WorkloadActual  16: 1658464 op, 257872283.00 ns, 155.4886 ns/op
WorkloadActual  17: 1658464 op, 251024408.00 ns, 151.3596 ns/op
WorkloadActual  18: 1658464 op, 273776944.00 ns, 165.0786 ns/op
WorkloadActual  19: 1658464 op, 259506753.00 ns, 156.4742 ns/op
WorkloadActual  20: 1658464 op, 251798172.00 ns, 151.8261 ns/op
WorkloadActual  21: 1658464 op, 257544482.00 ns, 155.2910 ns/op
WorkloadActual  22: 1658464 op, 272489318.00 ns, 164.3022 ns/op
WorkloadActual  23: 1658464 op, 253958621.00 ns, 153.1288 ns/op
WorkloadActual  24: 1658464 op, 253896010.00 ns, 153.0911 ns/op
WorkloadActual  25: 1658464 op, 255327162.00 ns, 153.9540 ns/op

WorkloadResult   1: 1658464 op, 256814809.00 ns, 154.8510 ns/op
WorkloadResult   2: 1658464 op, 269917051.00 ns, 162.7512 ns/op
WorkloadResult   3: 1658464 op, 274501255.00 ns, 165.5154 ns/op
WorkloadResult   4: 1658464 op, 251940286.00 ns, 151.9118 ns/op
WorkloadResult   5: 1658464 op, 259486196.00 ns, 156.4618 ns/op
WorkloadResult   6: 1658464 op, 257307199.00 ns, 155.1479 ns/op
WorkloadResult   7: 1658464 op, 246520425.00 ns, 148.6438 ns/op
WorkloadResult   8: 1658464 op, 248007375.00 ns, 149.5404 ns/op
WorkloadResult   9: 1658464 op, 249259664.00 ns, 150.2955 ns/op
WorkloadResult  10: 1658464 op, 253975993.00 ns, 153.1393 ns/op
WorkloadResult  11: 1658464 op, 258139043.00 ns, 155.6495 ns/op
WorkloadResult  12: 1658464 op, 256785595.00 ns, 154.8334 ns/op
WorkloadResult  13: 1658464 op, 246203313.00 ns, 148.4526 ns/op
WorkloadResult  14: 1658464 op, 250811079.00 ns, 151.2309 ns/op
WorkloadResult  15: 1658464 op, 273856338.00 ns, 165.1265 ns/op
WorkloadResult  16: 1658464 op, 254390276.00 ns, 153.3891 ns/op
WorkloadResult  17: 1658464 op, 247542401.00 ns, 149.2600 ns/op
WorkloadResult  18: 1658464 op, 270294937.00 ns, 162.9791 ns/op
WorkloadResult  19: 1658464 op, 256024746.00 ns, 154.3746 ns/op
WorkloadResult  20: 1658464 op, 248316165.00 ns, 149.7266 ns/op
WorkloadResult  21: 1658464 op, 254062475.00 ns, 153.1914 ns/op
WorkloadResult  22: 1658464 op, 269007311.00 ns, 162.2027 ns/op
WorkloadResult  23: 1658464 op, 250476614.00 ns, 151.0293 ns/op
WorkloadResult  24: 1658464 op, 250414003.00 ns, 150.9915 ns/op
WorkloadResult  25: 1658464 op, 251845155.00 ns, 151.8545 ns/op
// GC:  0 0 0 0 1658464
// Threading:  0 0 1658464


Mean = 154.502 ns, StdErr = 1.046 ns (0.68%), N = 25, StdDev = 5.229 ns
Min = 148.453 ns, Q1 = 150.992 ns, Median = 153.191 ns, Q3 = 155.649 ns, Max = 165.515 ns
IQR = 4.658 ns, LowerFence = 144.005 ns, UpperFence = 162.636 ns
ConfidenceInterval = [150.585 ns; 158.419 ns] (CI 99.9%), Margin = 3.917 ns (2.54% of Mean)
Skewness = 0.88, Kurtosis = 2.46, MValue = 2

// ** Remained 4 (50.0 %) benchmark(s) to run. Estimated finish 2026-09-07 17:06 (0h 0m from now) **
// **************************
// Benchmark: ConsumerFollowerOffsetRetryBenchmarks.SuccessfulFetch: B(OutlierMode=DontRemove, Toolchain=InProcessEmitToolchain, IterationCount=25, IterationTime=250ms, WarmupCount=8) [Prefetch=True]
// *** Execute ***
// Launch: 1 / 1
// ! Failed to set up priority High for process System.Diagnostics.Process (dotnet). Make sure you have the right permissions. Message: Permission denied

// Benchmark Process Environment Information:
// BenchmarkDotNet v0.15.8
// Runtime=.NET 10.0.11 (10.0.11, 10.0.1126.37416), X64 RyuJIT x86-64-v4
// GC=Concurrent Workstation
// HardwareIntrinsics=AVX512 BITALG+VBMI2+VNNI+VPOPCNTDQ,AVX512 IFMA+VBMI,AVX512 F+BW+CD+DQ+VL,AVX2+BMI1+BMI2+F16C+FMA+LZCNT+MOVBE,AVX,SSE3+SSSE3+SSE4.1+SSE4.2+POPCNT,X86Base+SSE+SSE2,AES+PCLMUL,AvxVnni,SERIALIZE VectorSize=256
// Job: Job-FZWQLI(OutlierMode=DontRemove, Toolchain=InProcessEmitToolchain, IterationCount=25, IterationTime=250ms, WarmupCount=8)

OverheadJitting  1: 1 op, 261765.00 ns, 261.7650 us/op
WorkloadJitting  1: 1 op, 250156.00 ns, 250.1560 us/op

OverheadJitting  2: 16 op, 397471.00 ns, 24.8419 us/op
WorkloadJitting  2: 16 op, 457577.00 ns, 28.5986 us/op

WorkloadPilot    1: 16 op, 36480.00 ns, 2.2800 us/op
WorkloadPilot    2: 109664 op, 135562029.00 ns, 1.2362 us/op
WorkloadPilot    3: 202240 op, 249737594.00 ns, 1.2349 us/op
WorkloadPilot    4: 202464 op, 239396776.00 ns, 1.1824 us/op
WorkloadPilot    5: 211440 op, 256011103.00 ns, 1.2108 us/op
WorkloadPilot    6: 206480 op, 254284751.00 ns, 1.2315 us/op
WorkloadPilot    7: 203008 op, 256478087.00 ns, 1.2634 us/op

OverheadWarmup   1: 203008 op, 435897.00 ns, 2.1472 ns/op
OverheadWarmup   2: 203008 op, 436175.00 ns, 2.1486 ns/op
OverheadWarmup   3: 203008 op, 445677.00 ns, 2.1954 ns/op
OverheadWarmup   4: 203008 op, 434410.00 ns, 2.1399 ns/op
OverheadWarmup   5: 203008 op, 441355.00 ns, 2.1741 ns/op
OverheadWarmup   6: 203008 op, 432705.00 ns, 2.1315 ns/op

OverheadActual   1: 203008 op, 432781.00 ns, 2.1318 ns/op
OverheadActual   2: 203008 op, 432712.00 ns, 2.1315 ns/op
OverheadActual   3: 203008 op, 429697.00 ns, 2.1167 ns/op
OverheadActual   4: 203008 op, 420711.00 ns, 2.0724 ns/op
OverheadActual   5: 203008 op, 420674.00 ns, 2.0722 ns/op
OverheadActual   6: 203008 op, 435768.00 ns, 2.1466 ns/op
OverheadActual   7: 203008 op, 420717.00 ns, 2.0724 ns/op
OverheadActual   8: 203008 op, 442782.00 ns, 2.1811 ns/op
OverheadActual   9: 203008 op, 442251.00 ns, 2.1785 ns/op
OverheadActual  10: 203008 op, 471497.00 ns, 2.3226 ns/op
OverheadActual  11: 203008 op, 432806.00 ns, 2.1320 ns/op
OverheadActual  12: 203008 op, 440826.00 ns, 2.1715 ns/op
OverheadActual  13: 203008 op, 441127.00 ns, 2.1730 ns/op
OverheadActual  14: 203008 op, 435986.00 ns, 2.1476 ns/op
OverheadActual  15: 203008 op, 437093.00 ns, 2.1531 ns/op

WorkloadWarmup   1: 203008 op, 238470828.00 ns, 1.1747 us/op
WorkloadWarmup   2: 203008 op, 256519101.00 ns, 1.2636 us/op
WorkloadWarmup   3: 203008 op, 252368923.00 ns, 1.2431 us/op
WorkloadWarmup   4: 203008 op, 239380812.00 ns, 1.1792 us/op
WorkloadWarmup   5: 203008 op, 243660606.00 ns, 1.2003 us/op
WorkloadWarmup   6: 203008 op, 248684211.00 ns, 1.2250 us/op
WorkloadWarmup   7: 203008 op, 242717754.00 ns, 1.1956 us/op
WorkloadWarmup   8: 203008 op, 249647212.00 ns, 1.2297 us/op

WorkloadActual   1: 203008 op, 255227173.00 ns, 1.2572 us/op
WorkloadActual   2: 203008 op, 268360096.00 ns, 1.3219 us/op
WorkloadActual   3: 203008 op, 262908561.00 ns, 1.2951 us/op
WorkloadActual   4: 203008 op, 255873704.00 ns, 1.2604 us/op
WorkloadActual   5: 203008 op, 241522055.00 ns, 1.1897 us/op
WorkloadActual   6: 203008 op, 242307587.00 ns, 1.1936 us/op
WorkloadActual   7: 203008 op, 242005823.00 ns, 1.1921 us/op
WorkloadActual   8: 203008 op, 231101875.00 ns, 1.1384 us/op
WorkloadActual   9: 203008 op, 259650102.00 ns, 1.2790 us/op
WorkloadActual  10: 203008 op, 261288580.00 ns, 1.2871 us/op
WorkloadActual  11: 203008 op, 265111769.00 ns, 1.3059 us/op
WorkloadActual  12: 203008 op, 267228718.00 ns, 1.3163 us/op
WorkloadActual  13: 203008 op, 272690431.00 ns, 1.3432 us/op
WorkloadActual  14: 203008 op, 271033273.00 ns, 1.3351 us/op
WorkloadActual  15: 203008 op, 269113336.00 ns, 1.3256 us/op
WorkloadActual  16: 203008 op, 245336814.00 ns, 1.2085 us/op
WorkloadActual  17: 203008 op, 254592473.00 ns, 1.2541 us/op
WorkloadActual  18: 203008 op, 240941498.00 ns, 1.1869 us/op
WorkloadActual  19: 203008 op, 249028767.00 ns, 1.2267 us/op
WorkloadActual  20: 203008 op, 249588493.00 ns, 1.2295 us/op
WorkloadActual  21: 203008 op, 252318145.00 ns, 1.2429 us/op
WorkloadActual  22: 203008 op, 249648744.00 ns, 1.2297 us/op
WorkloadActual  23: 203008 op, 236137728.00 ns, 1.1632 us/op
WorkloadActual  24: 203008 op, 250449101.00 ns, 1.2337 us/op
WorkloadActual  25: 203008 op, 253336342.00 ns, 1.2479 us/op

WorkloadResult   1: 203008 op, 254791405.00 ns, 1.2551 us/op
WorkloadResult   2: 203008 op, 267924328.00 ns, 1.3198 us/op
WorkloadResult   3: 203008 op, 262472793.00 ns, 1.2929 us/op
WorkloadResult   4: 203008 op, 255437936.00 ns, 1.2583 us/op
WorkloadResult   5: 203008 op, 241086287.00 ns, 1.1876 us/op
WorkloadResult   6: 203008 op, 241871819.00 ns, 1.1914 us/op
WorkloadResult   7: 203008 op, 241570055.00 ns, 1.1900 us/op
WorkloadResult   8: 203008 op, 230666107.00 ns, 1.1362 us/op
WorkloadResult   9: 203008 op, 259214334.00 ns, 1.2769 us/op
WorkloadResult  10: 203008 op, 260852812.00 ns, 1.2849 us/op
WorkloadResult  11: 203008 op, 264676001.00 ns, 1.3038 us/op
WorkloadResult  12: 203008 op, 266792950.00 ns, 1.3142 us/op
WorkloadResult  13: 203008 op, 272254663.00 ns, 1.3411 us/op
WorkloadResult  14: 203008 op, 270597505.00 ns, 1.3329 us/op
WorkloadResult  15: 203008 op, 268677568.00 ns, 1.3235 us/op
WorkloadResult  16: 203008 op, 244901046.00 ns, 1.2064 us/op
WorkloadResult  17: 203008 op, 254156705.00 ns, 1.2520 us/op
WorkloadResult  18: 203008 op, 240505730.00 ns, 1.1847 us/op
WorkloadResult  19: 203008 op, 248592999.00 ns, 1.2245 us/op
WorkloadResult  20: 203008 op, 249152725.00 ns, 1.2273 us/op
WorkloadResult  21: 203008 op, 251882377.00 ns, 1.2408 us/op
WorkloadResult  22: 203008 op, 249212976.00 ns, 1.2276 us/op
WorkloadResult  23: 203008 op, 235701960.00 ns, 1.1610 us/op
WorkloadResult  24: 203008 op, 250013333.00 ns, 1.2315 us/op
WorkloadResult  25: 203008 op, 252900574.00 ns, 1.2458 us/op
// GC:  0 0 0 37353472 203008
// Threading:  0 0 203008


Mean = 1.248 μs, StdErr = 0.011 μs (0.90%), N = 25, StdDev = 0.056 μs
Min = 1.136 μs, Q1 = 1.206 μs, Median = 1.246 μs, Q3 = 1.293 μs, Max = 1.341 μs
IQR = 0.087 μs, LowerFence = 1.077 μs, UpperFence = 1.423 μs
ConfidenceInterval = [1.206 μs; 1.291 μs] (CI 99.9%), Margin = 0.042 μs (3.38% of Mean)
Skewness = -0.06, Kurtosis = 1.94, MValue = 2

// ** Remained 3 (37.5 %) benchmark(s) to run. Estimated finish 2026-09-07 17:06 (0h 0m from now) **
// **************************
// Benchmark: ConsumerFollowerOffsetRetryBenchmarks.FollowerError: B(OutlierMode=DontRemove, Toolchain=InProcessEmitToolchain, IterationCount=25, IterationTime=250ms, WarmupCount=8) [Prefetch=True]
// *** Execute ***
// Launch: 1 / 1
// ! Failed to set up priority High for process System.Diagnostics.Process (dotnet). Make sure you have the right permissions. Message: Permission denied

// Benchmark Process Environment Information:
// BenchmarkDotNet v0.15.8
// Runtime=.NET 10.0.11 (10.0.11, 10.0.1126.37416), X64 RyuJIT x86-64-v4
// GC=Concurrent Workstation
// HardwareIntrinsics=AVX512 BITALG+VBMI2+VNNI+VPOPCNTDQ,AVX512 IFMA+VBMI,AVX512 F+BW+CD+DQ+VL,AVX2+BMI1+BMI2+F16C+FMA+LZCNT+MOVBE,AVX,SSE3+SSSE3+SSE4.1+SSE4.2+POPCNT,X86Base+SSE+SSE2,AES+PCLMUL,AvxVnni,SERIALIZE VectorSize=256
// Job: Job-FZWQLI(OutlierMode=DontRemove, Toolchain=InProcessEmitToolchain, IterationCount=25, IterationTime=250ms, WarmupCount=8)

OverheadJitting  1: 1 op, 260304.00 ns, 260.3040 us/op
WorkloadJitting  1: 1 op, 211747.00 ns, 211.7470 us/op

OverheadJitting  2: 16 op, 365441.00 ns, 22.8401 us/op
WorkloadJitting  2: 16 op, 435971.00 ns, 27.2482 us/op

WorkloadPilot    1: 16 op, 39371.00 ns, 2.4607 us/op
WorkloadPilot    2: 101600 op, 123578081.00 ns, 1.2163 us/op
WorkloadPilot    3: 205552 op, 257831453.00 ns, 1.2543 us/op
WorkloadPilot    4: 199312 op, 248620331.00 ns, 1.2474 us/op
WorkloadPilot    5: 200432 op, 250772094.00 ns, 1.2512 us/op
WorkloadPilot    6: 199824 op, 258965471.00 ns, 1.2960 us/op

OverheadWarmup   1: 199824 op, 439250.00 ns, 2.1982 ns/op
OverheadWarmup   2: 199824 op, 436898.00 ns, 2.1864 ns/op
OverheadWarmup   3: 199824 op, 426102.00 ns, 2.1324 ns/op
OverheadWarmup   4: 199824 op, 426025.00 ns, 2.1320 ns/op
OverheadWarmup   5: 199824 op, 453446.00 ns, 2.2692 ns/op
OverheadWarmup   6: 199824 op, 474504.00 ns, 2.3746 ns/op
OverheadWarmup   7: 199824 op, 425931.00 ns, 2.1315 ns/op
OverheadWarmup   8: 199824 op, 426083.00 ns, 2.1323 ns/op
OverheadWarmup   9: 199824 op, 441977.00 ns, 2.2118 ns/op
OverheadWarmup  10: 199824 op, 426043.00 ns, 2.1321 ns/op

OverheadActual   1: 199824 op, 414118.00 ns, 2.0724 ns/op
OverheadActual   2: 199824 op, 424206.00 ns, 2.1229 ns/op
OverheadActual   3: 199824 op, 436085.00 ns, 2.1823 ns/op
OverheadActual   4: 199824 op, 427612.00 ns, 2.1399 ns/op
OverheadActual   5: 199824 op, 429196.00 ns, 2.1479 ns/op
OverheadActual   6: 199824 op, 454892.00 ns, 2.2765 ns/op
OverheadActual   7: 199824 op, 414192.00 ns, 2.0728 ns/op
OverheadActual   8: 199824 op, 414057.00 ns, 2.0721 ns/op
OverheadActual   9: 199824 op, 421938.00 ns, 2.1115 ns/op
OverheadActual  10: 199824 op, 414080.00 ns, 2.0722 ns/op
OverheadActual  11: 199824 op, 415169.00 ns, 2.0777 ns/op
OverheadActual  12: 199824 op, 422497.00 ns, 2.1143 ns/op
OverheadActual  13: 199824 op, 422947.00 ns, 2.1166 ns/op
OverheadActual  14: 199824 op, 467845.00 ns, 2.3413 ns/op
OverheadActual  15: 199824 op, 445664.00 ns, 2.2303 ns/op

WorkloadWarmup   1: 199824 op, 248445621.00 ns, 1.2433 us/op
WorkloadWarmup   2: 199824 op, 247236995.00 ns, 1.2373 us/op
WorkloadWarmup   3: 199824 op, 252419933.00 ns, 1.2632 us/op
WorkloadWarmup   4: 199824 op, 248243277.00 ns, 1.2423 us/op
WorkloadWarmup   5: 199824 op, 231821995.00 ns, 1.1601 us/op
WorkloadWarmup   6: 199824 op, 234088841.00 ns, 1.1715 us/op
WorkloadWarmup   7: 199824 op, 238837967.00 ns, 1.1952 us/op
WorkloadWarmup   8: 199824 op, 241747225.00 ns, 1.2098 us/op

WorkloadActual   1: 199824 op, 248573118.00 ns, 1.2440 us/op
WorkloadActual   2: 199824 op, 252990359.00 ns, 1.2661 us/op
WorkloadActual   3: 199824 op, 241583126.00 ns, 1.2090 us/op
WorkloadActual   4: 199824 op, 239135715.00 ns, 1.1967 us/op
WorkloadActual   5: 199824 op, 242171771.00 ns, 1.2119 us/op
WorkloadActual   6: 199824 op, 234392176.00 ns, 1.1730 us/op
WorkloadActual   7: 199824 op, 238417970.00 ns, 1.1931 us/op
WorkloadActual   8: 199824 op, 239069207.00 ns, 1.1964 us/op
WorkloadActual   9: 199824 op, 232291780.00 ns, 1.1625 us/op
WorkloadActual  10: 199824 op, 233027522.00 ns, 1.1662 us/op
WorkloadActual  11: 199824 op, 255509820.00 ns, 1.2787 us/op
WorkloadActual  12: 199824 op, 247684586.00 ns, 1.2395 us/op
WorkloadActual  13: 199824 op, 232566039.00 ns, 1.1639 us/op
WorkloadActual  14: 199824 op, 232343902.00 ns, 1.1627 us/op
WorkloadActual  15: 199824 op, 244162016.00 ns, 1.2219 us/op
WorkloadActual  16: 199824 op, 248639361.00 ns, 1.2443 us/op
WorkloadActual  17: 199824 op, 231070505.00 ns, 1.1564 us/op
WorkloadActual  18: 199824 op, 229463387.00 ns, 1.1483 us/op
WorkloadActual  19: 199824 op, 250643365.00 ns, 1.2543 us/op
WorkloadActual  20: 199824 op, 230568244.00 ns, 1.1539 us/op
WorkloadActual  21: 199824 op, 234179251.00 ns, 1.1719 us/op
WorkloadActual  22: 199824 op, 241416023.00 ns, 1.2081 us/op
WorkloadActual  23: 199824 op, 245098045.00 ns, 1.2266 us/op
WorkloadActual  24: 199824 op, 233085154.00 ns, 1.1665 us/op
WorkloadActual  25: 199824 op, 256331858.00 ns, 1.2828 us/op

WorkloadResult   1: 199824 op, 248150171.00 ns, 1.2418 us/op
WorkloadResult   2: 199824 op, 252567412.00 ns, 1.2639 us/op
WorkloadResult   3: 199824 op, 241160179.00 ns, 1.2069 us/op
WorkloadResult   4: 199824 op, 238712768.00 ns, 1.1946 us/op
WorkloadResult   5: 199824 op, 241748824.00 ns, 1.2098 us/op
WorkloadResult   6: 199824 op, 233969229.00 ns, 1.1709 us/op
WorkloadResult   7: 199824 op, 237995023.00 ns, 1.1910 us/op
WorkloadResult   8: 199824 op, 238646260.00 ns, 1.1943 us/op
WorkloadResult   9: 199824 op, 231868833.00 ns, 1.1604 us/op
WorkloadResult  10: 199824 op, 232604575.00 ns, 1.1640 us/op
WorkloadResult  11: 199824 op, 255086873.00 ns, 1.2766 us/op
WorkloadResult  12: 199824 op, 247261639.00 ns, 1.2374 us/op
WorkloadResult  13: 199824 op, 232143092.00 ns, 1.1617 us/op
WorkloadResult  14: 199824 op, 231920955.00 ns, 1.1606 us/op
WorkloadResult  15: 199824 op, 243739069.00 ns, 1.2198 us/op
WorkloadResult  16: 199824 op, 248216414.00 ns, 1.2422 us/op
WorkloadResult  17: 199824 op, 230647558.00 ns, 1.1543 us/op
WorkloadResult  18: 199824 op, 229040440.00 ns, 1.1462 us/op
WorkloadResult  19: 199824 op, 250220418.00 ns, 1.2522 us/op
WorkloadResult  20: 199824 op, 230145297.00 ns, 1.1517 us/op
WorkloadResult  21: 199824 op, 233756304.00 ns, 1.1698 us/op
WorkloadResult  22: 199824 op, 240993076.00 ns, 1.2060 us/op
WorkloadResult  23: 199824 op, 244675098.00 ns, 1.2245 us/op
WorkloadResult  24: 199824 op, 232662207.00 ns, 1.1643 us/op
WorkloadResult  25: 199824 op, 255908911.00 ns, 1.2807 us/op
// GC:  0 0 0 36767616 199824
// Threading:  0 0 199824


Mean = 1.202 μs, StdErr = 0.008 μs (0.69%), N = 25, StdDev = 0.042 μs
Min = 1.146 μs, Q1 = 1.164 μs, Median = 1.195 μs, Q3 = 1.237 μs, Max = 1.281 μs
IQR = 0.073 μs, LowerFence = 1.054 μs, UpperFence = 1.347 μs
ConfidenceInterval = [1.171 μs; 1.233 μs] (CI 99.9%), Margin = 0.031 μs (2.59% of Mean)
Skewness = 0.38, Kurtosis = 1.78, MValue = 2

// ** Remained 2 (25.0 %) benchmark(s) to run. Estimated finish 2026-09-07 17:06 (0h 0m from now) **
// **************************
// Benchmark: ConsumerFollowerOffsetRetryBenchmarks.LeaderError: B(OutlierMode=DontRemove, Toolchain=InProcessEmitToolchain, IterationCount=25, IterationTime=250ms, WarmupCount=8) [Prefetch=True]
// *** Execute ***
// Launch: 1 / 1
// ! Failed to set up priority High for process System.Diagnostics.Process (dotnet). Make sure you have the right permissions. Message: Permission denied

// Benchmark Process Environment Information:
// BenchmarkDotNet v0.15.8
// Runtime=.NET 10.0.11 (10.0.11, 10.0.1126.37416), X64 RyuJIT x86-64-v4
// GC=Concurrent Workstation
// HardwareIntrinsics=AVX512 BITALG+VBMI2+VNNI+VPOPCNTDQ,AVX512 IFMA+VBMI,AVX512 F+BW+CD+DQ+VL,AVX2+BMI1+BMI2+F16C+FMA+LZCNT+MOVBE,AVX,SSE3+SSSE3+SSE4.1+SSE4.2+POPCNT,X86Base+SSE+SSE2,AES+PCLMUL,AvxVnni,SERIALIZE VectorSize=256
// Job: Job-FZWQLI(OutlierMode=DontRemove, Toolchain=InProcessEmitToolchain, IterationCount=25, IterationTime=250ms, WarmupCount=8)

OverheadJitting  1: 1 op, 278476.00 ns, 278.4760 us/op
WorkloadJitting  1: 1 op, 281800.00 ns, 281.8000 us/op

OverheadJitting  2: 16 op, 421015.00 ns, 26.3134 us/op
WorkloadJitting  2: 16 op, 512200.00 ns, 32.0125 us/op

WorkloadPilot    1: 16 op, 68991.00 ns, 4.3119 us/op
WorkloadPilot    2: 57984 op, 93962852.00 ns, 1.6205 us/op
WorkloadPilot    3: 154288 op, 260088765.00 ns, 1.6857 us/op
WorkloadPilot    4: 148304 op, 232973135.00 ns, 1.5709 us/op
WorkloadPilot    5: 159152 op, 240468158.00 ns, 1.5109 us/op
WorkloadPilot    6: 165472 op, 241067887.00 ns, 1.4569 us/op
WorkloadPilot    7: 171616 op, 249811740.00 ns, 1.4556 us/op
WorkloadPilot    8: 171760 op, 262831443.00 ns, 1.5302 us/op
WorkloadPilot    9: 163376 op, 238104334.00 ns, 1.4574 us/op
WorkloadPilot   10: 171552 op, 251653393.00 ns, 1.4669 us/op

OverheadWarmup   1: 171552 op, 403383.00 ns, 2.3514 ns/op
OverheadWarmup   2: 171552 op, 413289.00 ns, 2.4091 ns/op
OverheadWarmup   3: 171552 op, 413072.00 ns, 2.4079 ns/op
OverheadWarmup   4: 171552 op, 422355.00 ns, 2.4620 ns/op
OverheadWarmup   5: 171552 op, 425989.00 ns, 2.4831 ns/op
OverheadWarmup   6: 171552 op, 405492.00 ns, 2.3637 ns/op

OverheadActual   1: 171552 op, 412887.00 ns, 2.4068 ns/op
OverheadActual   2: 171552 op, 400040.00 ns, 2.3319 ns/op
OverheadActual   3: 171552 op, 400006.00 ns, 2.3317 ns/op
OverheadActual   4: 171552 op, 409800.00 ns, 2.3888 ns/op
OverheadActual   5: 171552 op, 399995.00 ns, 2.3316 ns/op
OverheadActual   6: 171552 op, 400054.00 ns, 2.3320 ns/op
OverheadActual   7: 171552 op, 414826.00 ns, 2.4181 ns/op
OverheadActual   8: 171552 op, 426708.00 ns, 2.4873 ns/op
OverheadActual   9: 171552 op, 426699.00 ns, 2.4873 ns/op
OverheadActual  10: 171552 op, 426673.00 ns, 2.4871 ns/op
OverheadActual  11: 171552 op, 426694.00 ns, 2.4873 ns/op
OverheadActual  12: 171552 op, 435002.00 ns, 2.5357 ns/op
OverheadActual  13: 171552 op, 422270.00 ns, 2.4615 ns/op
OverheadActual  14: 171552 op, 412878.00 ns, 2.4067 ns/op
OverheadActual  15: 171552 op, 399975.00 ns, 2.3315 ns/op

WorkloadWarmup   1: 171552 op, 268465457.00 ns, 1.5649 us/op
WorkloadWarmup   2: 171552 op, 252514864.00 ns, 1.4719 us/op
WorkloadWarmup   3: 171552 op, 248315071.00 ns, 1.4475 us/op
WorkloadWarmup   4: 171552 op, 242486559.00 ns, 1.4135 us/op
WorkloadWarmup   5: 171552 op, 250498222.00 ns, 1.4602 us/op
WorkloadWarmup   6: 171552 op, 249284970.00 ns, 1.4531 us/op
WorkloadWarmup   7: 171552 op, 260882537.00 ns, 1.5207 us/op
WorkloadWarmup   8: 171552 op, 269261337.00 ns, 1.5696 us/op

WorkloadActual   1: 171552 op, 248181454.00 ns, 1.4467 us/op
WorkloadActual   2: 171552 op, 247987970.00 ns, 1.4456 us/op
WorkloadActual   3: 171552 op, 259598082.00 ns, 1.5132 us/op
WorkloadActual   4: 171552 op, 254707194.00 ns, 1.4847 us/op
WorkloadActual   5: 171552 op, 247077226.00 ns, 1.4402 us/op
WorkloadActual   6: 171552 op, 253717023.00 ns, 1.4790 us/op
WorkloadActual   7: 171552 op, 251187877.00 ns, 1.4642 us/op
WorkloadActual   8: 171552 op, 260499893.00 ns, 1.5185 us/op
WorkloadActual   9: 171552 op, 260003439.00 ns, 1.5156 us/op
WorkloadActual  10: 171552 op, 248791249.00 ns, 1.4502 us/op
WorkloadActual  11: 171552 op, 243186419.00 ns, 1.4176 us/op
WorkloadActual  12: 171552 op, 256533892.00 ns, 1.4954 us/op
WorkloadActual  13: 171552 op, 272244153.00 ns, 1.5869 us/op
WorkloadActual  14: 171552 op, 247798678.00 ns, 1.4445 us/op
WorkloadActual  15: 171552 op, 248600314.00 ns, 1.4491 us/op
WorkloadActual  16: 171552 op, 265176996.00 ns, 1.5458 us/op
WorkloadActual  17: 171552 op, 249404244.00 ns, 1.4538 us/op
WorkloadActual  18: 171552 op, 246701231.00 ns, 1.4381 us/op
WorkloadActual  19: 171552 op, 262767153.00 ns, 1.5317 us/op
WorkloadActual  20: 171552 op, 250275995.00 ns, 1.4589 us/op
WorkloadActual  21: 171552 op, 248196327.00 ns, 1.4468 us/op
WorkloadActual  22: 171552 op, 249816377.00 ns, 1.4562 us/op
WorkloadActual  23: 171552 op, 253445169.00 ns, 1.4774 us/op
WorkloadActual  24: 171552 op, 251277641.00 ns, 1.4647 us/op
WorkloadActual  25: 171552 op, 251835988.00 ns, 1.4680 us/op

WorkloadResult   1: 171552 op, 247768567.00 ns, 1.4443 us/op
WorkloadResult   2: 171552 op, 247575083.00 ns, 1.4431 us/op
WorkloadResult   3: 171552 op, 259185195.00 ns, 1.5108 us/op
WorkloadResult   4: 171552 op, 254294307.00 ns, 1.4823 us/op
WorkloadResult   5: 171552 op, 246664339.00 ns, 1.4378 us/op
WorkloadResult   6: 171552 op, 253304136.00 ns, 1.4765 us/op
WorkloadResult   7: 171552 op, 250774990.00 ns, 1.4618 us/op
WorkloadResult   8: 171552 op, 260087006.00 ns, 1.5161 us/op
WorkloadResult   9: 171552 op, 259590552.00 ns, 1.5132 us/op
WorkloadResult  10: 171552 op, 248378362.00 ns, 1.4478 us/op
WorkloadResult  11: 171552 op, 242773532.00 ns, 1.4152 us/op
WorkloadResult  12: 171552 op, 256121005.00 ns, 1.4930 us/op
WorkloadResult  13: 171552 op, 271831266.00 ns, 1.5845 us/op
WorkloadResult  14: 171552 op, 247385791.00 ns, 1.4420 us/op
WorkloadResult  15: 171552 op, 248187427.00 ns, 1.4467 us/op
WorkloadResult  16: 171552 op, 264764109.00 ns, 1.5433 us/op
WorkloadResult  17: 171552 op, 248991357.00 ns, 1.4514 us/op
WorkloadResult  18: 171552 op, 246288344.00 ns, 1.4356 us/op
WorkloadResult  19: 171552 op, 262354266.00 ns, 1.5293 us/op
WorkloadResult  20: 171552 op, 249863108.00 ns, 1.4565 us/op
WorkloadResult  21: 171552 op, 247783440.00 ns, 1.4444 us/op
WorkloadResult  22: 171552 op, 249403490.00 ns, 1.4538 us/op
WorkloadResult  23: 171552 op, 253032282.00 ns, 1.4750 us/op
WorkloadResult  24: 171552 op, 250864754.00 ns, 1.4623 us/op
WorkloadResult  25: 171552 op, 251423101.00 ns, 1.4656 us/op
// GC:  0 0 0 42545360 171552
// Threading:  0 0 171552


Mean = 1.473 μs, StdErr = 0.008 μs (0.54%), N = 25, StdDev = 0.040 μs
Min = 1.415 μs, Q1 = 1.444 μs, Median = 1.462 μs, Q3 = 1.493 μs, Max = 1.585 μs
IQR = 0.049 μs, LowerFence = 1.371 μs, UpperFence = 1.566 μs
ConfidenceInterval = [1.443 μs; 1.503 μs] (CI 99.9%), Margin = 0.030 μs (2.03% of Mean)
Skewness = 1.03, Kurtosis = 3.4, MValue = 2.14

// ** Remained 1 (12.5 %) benchmark(s) to run. Estimated finish 2026-09-07 17:06 (0h 0m from now) **
// **************************
// Benchmark: ConsumerFollowerOffsetRetryBenchmarks.ResponsePoolControl: B(OutlierMode=DontRemove, Toolchain=InProcessEmitToolchain, IterationCount=25, IterationTime=250ms, WarmupCount=8) [Prefetch=True]
// *** Execute ***
// Launch: 1 / 1
// ! Failed to set up priority High for process System.Diagnostics.Process (dotnet). Make sure you have the right permissions. Message: Permission denied

// Benchmark Process Environment Information:
// BenchmarkDotNet v0.15.8
// Runtime=.NET 10.0.11 (10.0.11, 10.0.1126.37416), X64 RyuJIT x86-64-v4
// GC=Concurrent Workstation
// HardwareIntrinsics=AVX512 BITALG+VBMI2+VNNI+VPOPCNTDQ,AVX512 IFMA+VBMI,AVX512 F+BW+CD+DQ+VL,AVX2+BMI1+BMI2+F16C+FMA+LZCNT+MOVBE,AVX,SSE3+SSSE3+SSE4.1+SSE4.2+POPCNT,X86Base+SSE+SSE2,AES+PCLMUL,AvxVnni,SERIALIZE VectorSize=256
// Job: Job-FZWQLI(OutlierMode=DontRemove, Toolchain=InProcessEmitToolchain, IterationCount=25, IterationTime=250ms, WarmupCount=8)

OverheadJitting  1: 1 op, 220169.00 ns, 220.1690 us/op
WorkloadJitting  1: 1 op, 155240.00 ns, 155.2400 us/op

OverheadJitting  2: 16 op, 210765.00 ns, 13.1728 us/op
WorkloadJitting  2: 16 op, 207250.00 ns, 12.9531 us/op

WorkloadPilot    1: 16 op, 6640.00 ns, 415.0000 ns/op
WorkloadPilot    2: 602416 op, 91374084.00 ns, 151.6794 ns/op
WorkloadPilot    3: 1648224 op, 248049884.00 ns, 150.4953 ns/op
WorkloadPilot    4: 1661184 op, 263648568.00 ns, 158.7112 ns/op
WorkloadPilot    5: 1575200 op, 241402069.00 ns, 153.2517 ns/op
WorkloadPilot    6: 1631312 op, 255681453.00 ns, 156.7336 ns/op
WorkloadPilot    7: 1595072 op, 257570176.00 ns, 161.4787 ns/op

OverheadWarmup   1: 1595072 op, 3280369.00 ns, 2.0566 ns/op
OverheadWarmup   2: 1595072 op, 3623619.00 ns, 2.2718 ns/op
OverheadWarmup   3: 1595072 op, 3379692.00 ns, 2.1188 ns/op
OverheadWarmup   4: 1595072 op, 3318365.00 ns, 2.0804 ns/op
OverheadWarmup   5: 1595072 op, 3264326.00 ns, 2.0465 ns/op
OverheadWarmup   6: 1595072 op, 3279526.00 ns, 2.0560 ns/op
OverheadWarmup   7: 1595072 op, 3297196.00 ns, 2.0671 ns/op
OverheadWarmup   8: 1595072 op, 3329379.00 ns, 2.0873 ns/op
OverheadWarmup   9: 1595072 op, 3280983.00 ns, 2.0569 ns/op

OverheadActual   1: 1595072 op, 3272558.00 ns, 2.0517 ns/op
OverheadActual   2: 1595072 op, 3303467.00 ns, 2.0710 ns/op
OverheadActual   3: 1595072 op, 3667439.00 ns, 2.2992 ns/op
OverheadActual   4: 1595072 op, 3677882.00 ns, 2.3058 ns/op
OverheadActual   5: 1595072 op, 3775723.00 ns, 2.3671 ns/op
OverheadActual   6: 1595072 op, 3923199.00 ns, 2.4596 ns/op
OverheadActual   7: 1595072 op, 3681905.00 ns, 2.3083 ns/op
OverheadActual   8: 1595072 op, 3681494.00 ns, 2.3080 ns/op
OverheadActual   9: 1595072 op, 3682402.00 ns, 2.3086 ns/op
OverheadActual  10: 1595072 op, 3681339.00 ns, 2.3079 ns/op
OverheadActual  11: 1595072 op, 3796847.00 ns, 2.3804 ns/op
OverheadActual  12: 1595072 op, 3753288.00 ns, 2.3531 ns/op
OverheadActual  13: 1595072 op, 3697243.00 ns, 2.3179 ns/op
OverheadActual  14: 1595072 op, 3694442.00 ns, 2.3162 ns/op
OverheadActual  15: 1595072 op, 3571611.00 ns, 2.2392 ns/op

WorkloadWarmup   1: 1595072 op, 255753084.00 ns, 160.3395 ns/op
WorkloadWarmup   2: 1595072 op, 248298251.00 ns, 155.6659 ns/op
WorkloadWarmup   3: 1595072 op, 243977108.00 ns, 152.9568 ns/op
WorkloadWarmup   4: 1595072 op, 246468201.00 ns, 154.5185 ns/op
WorkloadWarmup   5: 1595072 op, 241124908.00 ns, 151.1687 ns/op
WorkloadWarmup   6: 1595072 op, 249482630.00 ns, 156.4084 ns/op
WorkloadWarmup   7: 1595072 op, 257085146.00 ns, 161.1746 ns/op
WorkloadWarmup   8: 1595072 op, 246539145.00 ns, 154.5630 ns/op

WorkloadActual   1: 1595072 op, 244178368.00 ns, 153.0830 ns/op
WorkloadActual   2: 1595072 op, 265386410.00 ns, 166.3790 ns/op
WorkloadActual   3: 1595072 op, 275688193.00 ns, 172.8375 ns/op
WorkloadActual   4: 1595072 op, 269328739.00 ns, 168.8505 ns/op
WorkloadActual   5: 1595072 op, 271598525.00 ns, 170.2735 ns/op
WorkloadActual   6: 1595072 op, 256773622.00 ns, 160.9793 ns/op
WorkloadActual   7: 1595072 op, 255380587.00 ns, 160.1060 ns/op
WorkloadActual   8: 1595072 op, 250030123.00 ns, 156.7516 ns/op
WorkloadActual   9: 1595072 op, 258752854.00 ns, 162.2202 ns/op
WorkloadActual  10: 1595072 op, 253712366.00 ns, 159.0601 ns/op
WorkloadActual  11: 1595072 op, 255345324.00 ns, 160.0839 ns/op
WorkloadActual  12: 1595072 op, 264684378.00 ns, 165.9388 ns/op
WorkloadActual  13: 1595072 op, 261599524.00 ns, 164.0048 ns/op
WorkloadActual  14: 1595072 op, 247242586.00 ns, 155.0040 ns/op
WorkloadActual  15: 1595072 op, 255663948.00 ns, 160.2836 ns/op
WorkloadActual  16: 1595072 op, 242677312.00 ns, 152.1419 ns/op
WorkloadActual  17: 1595072 op, 244385899.00 ns, 153.2131 ns/op
WorkloadActual  18: 1595072 op, 253884783.00 ns, 159.1682 ns/op
WorkloadActual  19: 1595072 op, 248971042.00 ns, 156.0877 ns/op
WorkloadActual  20: 1595072 op, 256668984.00 ns, 160.9137 ns/op
WorkloadActual  21: 1595072 op, 240297936.00 ns, 150.6502 ns/op
WorkloadActual  22: 1595072 op, 257052800.00 ns, 161.1544 ns/op
WorkloadActual  23: 1595072 op, 252335845.00 ns, 158.1972 ns/op
WorkloadActual  24: 1595072 op, 244370364.00 ns, 153.2033 ns/op
WorkloadActual  25: 1595072 op, 251811472.00 ns, 157.8684 ns/op

WorkloadResult   1: 1595072 op, 240496463.00 ns, 150.7747 ns/op
WorkloadResult   2: 1595072 op, 261704505.00 ns, 164.0707 ns/op
WorkloadResult   3: 1595072 op, 272006288.00 ns, 170.5292 ns/op
WorkloadResult   4: 1595072 op, 265646834.00 ns, 166.5422 ns/op
WorkloadResult   5: 1595072 op, 267916620.00 ns, 167.9652 ns/op
WorkloadResult   6: 1595072 op, 253091717.00 ns, 158.6710 ns/op
WorkloadResult   7: 1595072 op, 251698682.00 ns, 157.7977 ns/op
WorkloadResult   8: 1595072 op, 246348218.00 ns, 154.4433 ns/op
WorkloadResult   9: 1595072 op, 255070949.00 ns, 159.9119 ns/op
WorkloadResult  10: 1595072 op, 250030461.00 ns, 156.7518 ns/op
WorkloadResult  11: 1595072 op, 251663419.00 ns, 157.7756 ns/op
WorkloadResult  12: 1595072 op, 261002473.00 ns, 163.6305 ns/op
WorkloadResult  13: 1595072 op, 257917619.00 ns, 161.6965 ns/op
WorkloadResult  14: 1595072 op, 243560681.00 ns, 152.6957 ns/op
WorkloadResult  15: 1595072 op, 251982043.00 ns, 157.9753 ns/op
WorkloadResult  16: 1595072 op, 238995407.00 ns, 149.8336 ns/op
WorkloadResult  17: 1595072 op, 240703994.00 ns, 150.9048 ns/op
WorkloadResult  18: 1595072 op, 250202878.00 ns, 156.8599 ns/op
WorkloadResult  19: 1595072 op, 245289137.00 ns, 153.7794 ns/op
WorkloadResult  20: 1595072 op, 252987079.00 ns, 158.6054 ns/op
WorkloadResult  21: 1595072 op, 236616031.00 ns, 148.3419 ns/op
WorkloadResult  22: 1595072 op, 253370895.00 ns, 158.8461 ns/op
WorkloadResult  23: 1595072 op, 248653940.00 ns, 155.8889 ns/op
WorkloadResult  24: 1595072 op, 240688459.00 ns, 150.8950 ns/op
WorkloadResult  25: 1595072 op, 248129567.00 ns, 155.5601 ns/op
// GC:  0 0 0 0 1595072
// Threading:  0 0 1595072


Mean = 157.630 ns, StdErr = 1.153 ns (0.73%), N = 25, StdDev = 5.767 ns
Min = 148.342 ns, Q1 = 153.779 ns, Median = 157.776 ns, Q3 = 159.912 ns, Max = 170.529 ns
IQR = 6.133 ns, LowerFence = 144.581 ns, UpperFence = 169.111 ns
ConfidenceInterval = [153.310 ns; 161.950 ns] (CI 99.9%), Margin = 4.320 ns (2.74% of Mean)
Skewness = 0.44, Kurtosis = 2.43, MValue = 2.55

// ** Remained 0 (0.0 %) benchmark(s) to run. Estimated finish 2026-09-07 17:06 (0h 0m from now) **
// ***** BenchmarkRunner: Finish  *****

// * Export *
  home/runner/work/Dekaf/Dekaf/aba-results/B/results/Dekaf.Benchmarks.Benchmarks.Unit.ConsumerFollowerOffsetRetryBenchmarks-report.csv
  home/runner/work/Dekaf/Dekaf/aba-results/B/results/Dekaf.Benchmarks.Benchmarks.Unit.ConsumerFollowerOffsetRetryBenchmarks-report-github.md
  home/runner/work/Dekaf/Dekaf/aba-results/B/results/Dekaf.Benchmarks.Benchmarks.Unit.ConsumerFollowerOffsetRetryBenchmarks-report.html
  home/runner/work/Dekaf/Dekaf/aba-results/B/results/Dekaf.Benchmarks.Benchmarks.Unit.ConsumerFollowerOffsetRetryBenchmarks-report-full.json

// * Detailed results *
ConsumerFollowerOffsetRetryBenchmarks.SuccessfulFetch: B(OutlierMode=DontRemove, Toolchain=InProcessEmitToolchain, IterationCount=25, IterationTime=250ms, WarmupCount=8) [Prefetch=False]
Runtime = ; GC = 
Mean = 1.186 μs, StdErr = 0.008 μs (0.65%), N = 25, StdDev = 0.038 μs
Min = 1.133 μs, Q1 = 1.166 μs, Median = 1.181 μs, Q3 = 1.206 μs, Max = 1.285 μs
IQR = 0.040 μs, LowerFence = 1.106 μs, UpperFence = 1.266 μs
ConfidenceInterval = [1.157 μs; 1.215 μs] (CI 99.9%), Margin = 0.029 μs (2.42% of Mean)
Skewness = 0.79, Kurtosis = 3.14, MValue = 2
-------------------- Histogram --------------------
[1.124 μs ; 1.159 μs) | @@@@@
[1.159 μs ; 1.194 μs) | @@@@@@@@@@@@
[1.194 μs ; 1.228 μs) | @@@@@
[1.228 μs ; 1.285 μs) | @@@
---------------------------------------------------

ConsumerFollowerOffsetRetryBenchmarks.FollowerError: B(OutlierMode=DontRemove, Toolchain=InProcessEmitToolchain, IterationCount=25, IterationTime=250ms, WarmupCount=8) [Prefetch=False]
Runtime = ; GC = 
Mean = 1.204 μs, StdErr = 0.010 μs (0.86%), N = 25, StdDev = 0.052 μs
Min = 1.135 μs, Q1 = 1.165 μs, Median = 1.201 μs, Q3 = 1.241 μs, Max = 1.312 μs
IQR = 0.076 μs, LowerFence = 1.051 μs, UpperFence = 1.355 μs
ConfidenceInterval = [1.165 μs; 1.243 μs] (CI 99.9%), Margin = 0.039 μs (3.24% of Mean)
Skewness = 0.57, Kurtosis = 2.17, MValue = 2
-------------------- Histogram --------------------
[1.127 μs ; 1.168 μs) | @@@@@@@
[1.168 μs ; 1.215 μs) | @@@@@@@@@@@
[1.215 μs ; 1.279 μs) | @@@@
[1.279 μs ; 1.335 μs) | @@@
---------------------------------------------------

ConsumerFollowerOffsetRetryBenchmarks.LeaderError: B(OutlierMode=DontRemove, Toolchain=InProcessEmitToolchain, IterationCount=25, IterationTime=250ms, WarmupCount=8) [Prefetch=False]
Runtime = ; GC = 
Mean = 1.444 μs, StdErr = 0.008 μs (0.56%), N = 25, StdDev = 0.041 μs
Min = 1.388 μs, Q1 = 1.416 μs, Median = 1.431 μs, Q3 = 1.474 μs, Max = 1.525 μs
IQR = 0.059 μs, LowerFence = 1.327 μs, UpperFence = 1.563 μs
ConfidenceInterval = [1.414 μs; 1.475 μs] (CI 99.9%), Margin = 0.030 μs (2.11% of Mean)
Skewness = 0.42, Kurtosis = 1.8, MValue = 2.5
-------------------- Histogram --------------------
[1.387 μs ; 1.423 μs) | @@@@@@@@@@@@
[1.423 μs ; 1.461 μs) | @@@@
[1.461 μs ; 1.501 μs) | @@@@@@@
[1.501 μs ; 1.543 μs) | @@
---------------------------------------------------

ConsumerFollowerOffsetRetryBenchmarks.ResponsePoolControl: B(OutlierMode=DontRemove, Toolchain=InProcessEmitToolchain, IterationCount=25, IterationTime=250ms, WarmupCount=8) [Prefetch=False]
Runtime = ; GC = 
Mean = 154.502 ns, StdErr = 1.046 ns (0.68%), N = 25, StdDev = 5.229 ns
Min = 148.453 ns, Q1 = 150.992 ns, Median = 153.191 ns, Q3 = 155.649 ns, Max = 165.515 ns
IQR = 4.658 ns, LowerFence = 144.005 ns, UpperFence = 162.636 ns
ConfidenceInterval = [150.585 ns; 158.419 ns] (CI 99.9%), Margin = 3.917 ns (2.54% of Mean)
Skewness = 0.88, Kurtosis = 2.46, MValue = 2
-------------------- Histogram --------------------
[146.105 ns ; 150.973 ns) | @@@@@@
[150.973 ns ; 155.668 ns) | @@@@@@@@@@@@@
[155.668 ns ; 161.512 ns) | @
[161.512 ns ; 166.206 ns) | @@@@@
---------------------------------------------------

ConsumerFollowerOffsetRetryBenchmarks.SuccessfulFetch: B(OutlierMode=DontRemove, Toolchain=InProcessEmitToolchain, IterationCount=25, IterationTime=250ms, WarmupCount=8) [Prefetch=True]
Runtime = ; GC = 
Mean = 1.248 μs, StdErr = 0.011 μs (0.90%), N = 25, StdDev = 0.056 μs
Min = 1.136 μs, Q1 = 1.206 μs, Median = 1.246 μs, Q3 = 1.293 μs, Max = 1.341 μs
IQR = 0.087 μs, LowerFence = 1.077 μs, UpperFence = 1.423 μs
ConfidenceInterval = [1.206 μs; 1.291 μs] (CI 99.9%), Margin = 0.042 μs (3.38% of Mean)
Skewness = -0.06, Kurtosis = 1.94, MValue = 2
-------------------- Histogram --------------------
[1.111 μs ; 1.158 μs) | @
[1.158 μs ; 1.216 μs) | @@@@@@
[1.216 μs ; 1.267 μs) | @@@@@@@@@
[1.267 μs ; 1.325 μs) | @@@@@@@
[1.325 μs ; 1.366 μs) | @@
---------------------------------------------------

ConsumerFollowerOffsetRetryBenchmarks.FollowerError: B(OutlierMode=DontRemove, Toolchain=InProcessEmitToolchain, IterationCount=25, IterationTime=250ms, WarmupCount=8) [Prefetch=True]
Runtime = ; GC = 
Mean = 1.202 μs, StdErr = 0.008 μs (0.69%), N = 25, StdDev = 0.042 μs
Min = 1.146 μs, Q1 = 1.164 μs, Median = 1.195 μs, Q3 = 1.237 μs, Max = 1.281 μs
IQR = 0.073 μs, LowerFence = 1.054 μs, UpperFence = 1.347 μs
ConfidenceInterval = [1.171 μs; 1.233 μs] (CI 99.9%), Margin = 0.031 μs (2.59% of Mean)
Skewness = 0.38, Kurtosis = 1.78, MValue = 2
-------------------- Histogram --------------------
[1.140 μs ; 1.177 μs) | @@@@@@@@@@
[1.177 μs ; 1.226 μs) | @@@@@@@@
[1.226 μs ; 1.269 μs) | @@@@@
[1.269 μs ; 1.299 μs) | @@
---------------------------------------------------

ConsumerFollowerOffsetRetryBenchmarks.LeaderError: B(OutlierMode=DontRemove, Toolchain=InProcessEmitToolchain, IterationCount=25, IterationTime=250ms, WarmupCount=8) [Prefetch=True]
Runtime = ; GC = 
Mean = 1.473 μs, StdErr = 0.008 μs (0.54%), N = 25, StdDev = 0.040 μs
Min = 1.415 μs, Q1 = 1.444 μs, Median = 1.462 μs, Q3 = 1.493 μs, Max = 1.585 μs
IQR = 0.049 μs, LowerFence = 1.371 μs, UpperFence = 1.566 μs
ConfidenceInterval = [1.443 μs; 1.503 μs] (CI 99.9%), Margin = 0.030 μs (2.03% of Mean)
Skewness = 1.03, Kurtosis = 3.4, MValue = 2.14
-------------------- Histogram --------------------
[1.397 μs ; 1.433 μs) | @
[1.433 μs ; 1.469 μs) | @@@@@@@@@@@@@@
[1.469 μs ; 1.509 μs) | @@@@
[1.509 μs ; 1.567 μs) | @@@@@
[1.567 μs ; 1.602 μs) | @
---------------------------------------------------

ConsumerFollowerOffsetRetryBenchmarks.ResponsePoolControl: B(OutlierMode=DontRemove, Toolchain=InProcessEmitToolchain, IterationCount=25, IterationTime=250ms, WarmupCount=8) [Prefetch=True]
Runtime = ; GC = 
Mean = 157.630 ns, StdErr = 1.153 ns (0.73%), N = 25, StdDev = 5.767 ns
Min = 148.342 ns, Q1 = 153.779 ns, Median = 157.776 ns, Q3 = 159.912 ns, Max = 170.529 ns
IQR = 6.133 ns, LowerFence = 144.581 ns, UpperFence = 169.111 ns
ConfidenceInterval = [153.310 ns; 161.950 ns] (CI 99.9%), Margin = 4.320 ns (2.74% of Mean)
Skewness = 0.44, Kurtosis = 2.43, MValue = 2.55
-------------------- Histogram --------------------
[147.930 ns ; 153.724 ns) | @@@@@@
[153.724 ns ; 158.901 ns) | @@@@@@@@@@@@
[158.901 ns ; 164.580 ns) | @@@@
[164.580 ns ; 171.124 ns) | @@@
---------------------------------------------------

// * Summary *

BenchmarkDotNet v0.15.8, Linux Ubuntu 24.04.4 LTS (Noble Numbat)
INTEL XEON PLATINUM 8573C 2.30GHz, 1 CPU, 4 logical and 2 physical cores
.NET SDK 10.0.400
  [Host] : .NET 10.0.11 (10.0.11, 10.0.1126.37416), X64 RyuJIT x86-64-v4

Job=B  OutlierMode=DontRemove  Toolchain=InProcessEmitToolchain  
IterationCount=25  IterationTime=250ms  WarmupCount=8  

| Method              | Prefetch | Mean       | Error    | StdDev   | Allocated |
|-------------------- |--------- |-----------:|---------:|---------:|----------:|
| SuccessfulFetch     | False    | 1,186.2 ns | 28.74 ns | 38.37 ns |     184 B |
| FollowerError       | False    | 1,204.3 ns | 39.01 ns | 52.08 ns |     184 B |
| LeaderError         | False    | 1,444.3 ns | 30.45 ns | 40.65 ns |     248 B |
| ResponsePoolControl | False    |   154.5 ns |  3.92 ns |  5.23 ns |         - |
| SuccessfulFetch     | True     | 1,248.4 ns | 42.25 ns | 56.40 ns |     184 B |
| FollowerError       | True     | 1,201.8 ns | 31.17 ns | 41.62 ns |     184 B |
| LeaderError         | True     | 1,473.3 ns | 29.87 ns | 39.87 ns |     248 B |
| ResponsePoolControl | True     |   157.6 ns |  4.32 ns |  5.77 ns |         - |

// * Hints *
Outliers
  ConsumerFollowerOffsetRetryBenchmarks.SuccessfulFetch: B     -> 1 outlier  was  detected (1.29 μs)
  ConsumerFollowerOffsetRetryBenchmarks.ResponsePoolControl: B -> 4 outliers were detected (164.85 ns..167.61 ns)
  ConsumerFollowerOffsetRetryBenchmarks.LeaderError: B         -> 1 outlier  was  detected (1.59 μs)
  ConsumerFollowerOffsetRetryBenchmarks.ResponsePoolControl: B -> 1 outlier  was  detected (172.84 ns)

// * Legends *
  Prefetch  : Value of the 'Prefetch' parameter
  Mean      : Arithmetic mean of all measurements
  Error     : Half of 99.9% confidence interval
  StdDev    : Standard deviation of all measurements
  Allocated : Allocated memory per single operation (managed only, inclusive, 1KB = 1024B)
  1 ns      : 1 Nanosecond (0.000000001 sec)

// * Diagnostic Output - MemoryDiagnoser *


// ***** BenchmarkRunner: End *****
Run time: 00:01:22 (82.24 sec), executed benchmarks: 8

Global total time: 00:01:22 (82.65 sec), executed benchmarks: 8
// * Artifacts cleanup *
Artifacts cleanup is finished
