// Validating benchmarks:
// ***** BenchmarkRunner: Start   *****
// ***** Found 1 benchmark(s) in total *****
// ***** Building 1 exe(s) in Parallel: Start   *****
// ***** Done, took 00:00:00 (0.06 sec)   *****
// Found 1 benchmarks:
//   DiagnosticBenchmarks.CustomString: Job-WYZZKU(OutlierMode=DontRemove, Affinity=00000000000000000100, Toolchain=InProcessEmitToolchain, InvocationCount=16777216, IterationCount=15, UnrollFactor=1, WarmupCount=10)

Setup power plan (GUID: 8c5e7fda-e8bf-4a96-9a85-a6e23a8c635c FriendlyName: High performance)
// **************************
// Benchmark: DiagnosticBenchmarks.CustomString: Job-WYZZKU(OutlierMode=DontRemove, Affinity=00000000000000000100, Toolchain=InProcessEmitToolchain, InvocationCount=16777216, IterationCount=15, UnrollFactor=1, WarmupCount=10)
// *** Execute ***
// Launch: 1 / 1

// Benchmark Process Environment Information:
// BenchmarkDotNet v0.15.8
// Runtime=.NET 10.0.11 (10.0.11, 10.0.1126.37416), X64 RyuJIT x86-64-v3
// GC=Concurrent Workstation
// HardwareIntrinsics=AVX2+BMI1+BMI2+F16C+FMA+LZCNT+MOVBE,AVX,SSE3+SSSE3+SSE4.1+SSE4.2+POPCNT,X86Base+SSE+SSE2,AES+PCLMUL,AvxVnni,SERIALIZE VectorSize=256
// Job: Job-WYZZKU(OutlierMode=DontRemove, Affinity=00000000000000000100, Toolchain=InProcessEmitToolchain, InvocationCount=16777216, IterationCount=15, UnrollFactor=1, WarmupCount=10)

SIZES string=16 number=8 nullable=12 array=16 raw=24 memory=24 segment=24
WARM seconds=1.000011 operations=13692596 jit=2263 jitMs=283.017000 threads=9 pending=0 cpuMs=1375.000000 gc0=2 gc1=2 gc2=2 heap=470864 rss=59691008
WARM seconds=2.000003 operations=27535049 jit=2265 jitMs=283.186200 threads=9 pending=0 cpuMs=2375.000000 gc0=2 gc1=2 gc2=2 heap=479088 rss=59363328
WARM seconds=3.000020 operations=40690770 jit=2265 jitMs=283.186200 threads=9 pending=0 cpuMs=3375.000000 gc0=2 gc1=2 gc2=2 heap=479088 rss=59936768
WARM seconds=4.000003 operations=53811692 jit=2265 jitMs=283.186200 threads=9 pending=0 cpuMs=4375.000000 gc0=2 gc1=2 gc2=2 heap=487312 rss=59961344
WARM seconds=5.000002 operations=66207230 jit=2265 jitMs=283.186200 threads=9 pending=0 cpuMs=5359.375000 gc0=2 gc1=2 gc2=2 heap=487312 rss=59961344
WARM seconds=6.000003 operations=76441728 jit=2307 jitMs=290.476400 threads=9 pending=0 cpuMs=6343.750000 gc0=2 gc1=2 gc2=2 heap=495536 rss=60067840
WARM seconds=7.000005 operations=95836174 jit=2307 jitMs=290.476400 threads=9 pending=0 cpuMs=7328.125000 gc0=2 gc1=2 gc2=2 heap=495536 rss=60071936
WARM seconds=8.000004 operations=113860228 jit=2307 jitMs=290.476400 threads=9 pending=0 cpuMs=8312.500000 gc0=2 gc1=2 gc2=2 heap=503760 rss=60084224
WARM seconds=9.000004 operations=133030220 jit=2307 jitMs=290.476400 threads=9 pending=0 cpuMs=9296.875000 gc0=2 gc1=2 gc2=2 heap=503760 rss=60080128
WARM seconds=10.000005 operations=152347565 jit=2307 jitMs=290.476400 threads=9 pending=0 cpuMs=10296.875000 gc0=2 gc1=2 gc2=2 heap=511984 rss=60080128
WARM seconds=11.000004 operations=171632715 jit=2307 jitMs=290.476400 threads=9 pending=0 cpuMs=11296.875000 gc0=2 gc1=2 gc2=2 heap=511984 rss=60080128
WARM seconds=12.000005 operations=190938068 jit=2307 jitMs=290.476400 threads=9 pending=0 cpuMs=12250.000000 gc0=2 gc1=2 gc2=2 heap=520208 rss=60080128
WARM seconds=13.000004 operations=209122979 jit=2307 jitMs=290.476400 threads=9 pending=0 cpuMs=13218.750000 gc0=2 gc1=2 gc2=2 heap=520208 rss=60080128
WARM seconds=14.000005 operations=228597981 jit=2307 jitMs=290.476400 threads=9 pending=0 cpuMs=14218.750000 gc0=2 gc1=2 gc2=2 heap=528432 rss=60145664
WARM seconds=15.000004 operations=247180535 jit=2307 jitMs=290.476400 threads=9 pending=0 cpuMs=15156.250000 gc0=2 gc1=2 gc2=2 heap=528432 rss=60149760
WARM seconds=16.000004 operations=266712449 jit=2307 jitMs=290.476400 threads=9 pending=0 cpuMs=16156.250000 gc0=2 gc1=2 gc2=2 heap=536656 rss=60149760
WARM seconds=17.000004 operations=286207349 jit=2307 jitMs=290.476400 threads=9 pending=0 cpuMs=17156.250000 gc0=2 gc1=2 gc2=2 heap=536656 rss=60149760
WARM seconds=18.000003 operations=304106295 jit=2342 jitMs=4071.782000 threads=9 pending=0 cpuMs=18140.625000 gc0=2 gc1=2 gc2=2 heap=544880 rss=60387328
WARM seconds=19.000003 operations=323634667 jit=2343 jitMs=4368.906400 threads=9 pending=0 cpuMs=19140.625000 gc0=2 gc1=2 gc2=2 heap=544880 rss=60387328
WARM seconds=20.000046 operations=342210945 jit=2343 jitMs=4368.906400 threads=9 pending=0 cpuMs=20140.625000 gc0=2 gc1=2 gc2=2 heap=553104 rss=60329984
RAW operations=1000 bytes=0 sink=-95355096
OverheadJitting  1: 1 op, 165100.00 ns, 165.1000 us/op
WorkloadJitting  1: 1 op, 143500.00 ns, 143.5000 us/op

OverheadWarmup   1: 16777216 op, 21297200.00 ns, 1.2694 ns/op
OverheadWarmup   2: 16777216 op, 21327400.00 ns, 1.2712 ns/op
OverheadWarmup   3: 16777216 op, 21120000.00 ns, 1.2589 ns/op
OverheadWarmup   4: 16777216 op, 21397500.00 ns, 1.2754 ns/op
OverheadWarmup   5: 16777216 op, 21131200.00 ns, 1.2595 ns/op

OverheadActual   1: 16777216 op, 21235600.00 ns, 1.2657 ns/op
OverheadActual   2: 16777216 op, 21535800.00 ns, 1.2836 ns/op
OverheadActual   3: 16777216 op, 21533300.00 ns, 1.2835 ns/op
OverheadActual   4: 16777216 op, 21222900.00 ns, 1.2650 ns/op
OverheadActual   5: 16777216 op, 21397800.00 ns, 1.2754 ns/op
OverheadActual   6: 16777216 op, 21897000.00 ns, 1.3052 ns/op
OverheadActual   7: 16777216 op, 21513700.00 ns, 1.2823 ns/op
OverheadActual   8: 16777216 op, 21803500.00 ns, 1.2996 ns/op
OverheadActual   9: 16777216 op, 21512100.00 ns, 1.2822 ns/op
OverheadActual  10: 16777216 op, 21377900.00 ns, 1.2742 ns/op
OverheadActual  11: 16777216 op, 21051900.00 ns, 1.2548 ns/op
OverheadActual  12: 16777216 op, 21327700.00 ns, 1.2712 ns/op
OverheadActual  13: 16777216 op, 21135100.00 ns, 1.2598 ns/op
OverheadActual  14: 16777216 op, 21363700.00 ns, 1.2734 ns/op
OverheadActual  15: 16777216 op, 21105700.00 ns, 1.2580 ns/op

WorkloadWarmup   1: 16777216 op, 148040900.00 ns, 8.8239 ns/op
WorkloadWarmup   2: 16777216 op, 148076700.00 ns, 8.8261 ns/op
WorkloadWarmup   3: 16777216 op, 147665600.00 ns, 8.8016 ns/op
WorkloadWarmup   4: 16777216 op, 149897200.00 ns, 8.9346 ns/op
WorkloadWarmup   5: 16777216 op, 150734500.00 ns, 8.9845 ns/op
WorkloadWarmup   6: 16777216 op, 148595800.00 ns, 8.8570 ns/op
WorkloadWarmup   7: 16777216 op, 150119600.00 ns, 8.9478 ns/op
WorkloadWarmup   8: 16777216 op, 150455600.00 ns, 8.9679 ns/op
WorkloadWarmup   9: 16777216 op, 148583900.00 ns, 8.8563 ns/op
WorkloadWarmup  10: 16777216 op, 149462900.00 ns, 8.9087 ns/op

WorkloadActual   1: 16777216 op, 202838700.00 ns, 12.0901 ns/op
WorkloadActual   2: 16777216 op, 171584300.00 ns, 10.2272 ns/op
WorkloadActual   3: 16777216 op, 166028700.00 ns, 9.8961 ns/op
WorkloadActual   4: 16777216 op, 149261300.00 ns, 8.8967 ns/op
WorkloadActual   5: 16777216 op, 148411700.00 ns, 8.8460 ns/op
WorkloadActual   6: 16777216 op, 148913400.00 ns, 8.8759 ns/op
WorkloadActual   7: 16777216 op, 149635100.00 ns, 8.9189 ns/op
WorkloadActual   8: 16777216 op, 148331900.00 ns, 8.8413 ns/op
WorkloadActual   9: 16777216 op, 148943000.00 ns, 8.8777 ns/op
WorkloadActual  10: 16777216 op, 149905900.00 ns, 8.9351 ns/op
WorkloadActual  11: 16777216 op, 149982700.00 ns, 8.9397 ns/op
WorkloadActual  12: 16777216 op, 151360100.00 ns, 9.0218 ns/op
WorkloadActual  13: 16777216 op, 149756000.00 ns, 8.9262 ns/op
WorkloadActual  14: 16777216 op, 149176700.00 ns, 8.8916 ns/op
WorkloadActual  15: 16777216 op, 148113200.00 ns, 8.8282 ns/op

WorkloadResult   1: 16777216 op, 181460800.00 ns, 10.8159 ns/op
WorkloadResult   2: 16777216 op, 150206400.00 ns, 8.9530 ns/op
WorkloadResult   3: 16777216 op, 144650800.00 ns, 8.6219 ns/op
WorkloadResult   4: 16777216 op, 127883400.00 ns, 7.6224 ns/op
WorkloadResult   5: 16777216 op, 127033800.00 ns, 7.5718 ns/op
WorkloadResult   6: 16777216 op, 127535500.00 ns, 7.6017 ns/op
WorkloadResult   7: 16777216 op, 128257200.00 ns, 7.6447 ns/op
WorkloadResult   8: 16777216 op, 126954000.00 ns, 7.5670 ns/op
WorkloadResult   9: 16777216 op, 127565100.00 ns, 7.6035 ns/op
WorkloadResult  10: 16777216 op, 128528000.00 ns, 7.6609 ns/op
WorkloadResult  11: 16777216 op, 128604800.00 ns, 7.6654 ns/op
WorkloadResult  12: 16777216 op, 129982200.00 ns, 7.7475 ns/op
WorkloadResult  13: 16777216 op, 128378100.00 ns, 7.6519 ns/op
WorkloadResult  14: 16777216 op, 127798800.00 ns, 7.6174 ns/op
WorkloadResult  15: 16777216 op, 126735300.00 ns, 7.5540 ns/op
// GC:  0 0 0 2304 16777216
// Threading:  0 0 16777216


Mean = 7.993 ns, StdErr = 0.228 ns (2.85%), N = 15, StdDev = 0.884 ns
Min = 7.554 ns, Q1 = 7.603 ns, Median = 7.645 ns, Q3 = 7.706 ns, Max = 10.816 ns
IQR = 0.104 ns, LowerFence = 7.447 ns, UpperFence = 7.862 ns
ConfidenceInterval = [7.048 ns; 8.938 ns] (CI 99.9%), Margin = 0.945 ns (11.82% of Mean)
Skewness = 2.22, Kurtosis = 7.07, MValue = 2

// ** Remained 0 (0.0%) benchmark(s) to run. Estimated finish 2026-09-08 4:28 (0h 0m from now) **
Successfully reverted power plan (GUID: 8c5e7fda-e8bf-4a96-9a85-a6e23a8c635c FriendlyName: High performance)
// ***** BenchmarkRunner: Finish  *****

// * Export *
  .artifacts\deserialized-null\runtime-flag\measure\B\CustomString\results\Dekaf.Benchmarks.Diagnostics.DiagnosticBenchmarks-report.csv
  .artifacts\deserialized-null\runtime-flag\measure\B\CustomString\results\Dekaf.Benchmarks.Diagnostics.DiagnosticBenchmarks-report-github.md
  .artifacts\deserialized-null\runtime-flag\measure\B\CustomString\results\Dekaf.Benchmarks.Diagnostics.DiagnosticBenchmarks-report.html
  .artifacts\deserialized-null\runtime-flag\measure\B\CustomString\results\Dekaf.Benchmarks.Diagnostics.DiagnosticBenchmarks-report-full.json

// * Detailed results *
DiagnosticBenchmarks.CustomString: Job-WYZZKU(OutlierMode=DontRemove, Affinity=00000000000000000100, Toolchain=InProcessEmitToolchain, InvocationCount=16777216, IterationCount=15, UnrollFactor=1, WarmupCount=10)
Runtime = ; GC = 
Mean = 7.993 ns, StdErr = 0.228 ns (2.85%), N = 15, StdDev = 0.884 ns
Min = 7.554 ns, Q1 = 7.603 ns, Median = 7.645 ns, Q3 = 7.706 ns, Max = 10.816 ns
IQR = 0.104 ns, LowerFence = 7.447 ns, UpperFence = 7.862 ns
ConfidenceInterval = [7.048 ns; 8.938 ns] (CI 99.9%), Margin = 0.945 ns (11.82% of Mean)
Skewness = 2.22, Kurtosis = 7.07, MValue = 2
-------------------- Histogram --------------------
[ 7.180 ns ;  8.121 ns) | @@@@@@@@@@@@
[ 8.121 ns ;  9.258 ns) | @@
[ 9.258 ns ; 10.346 ns) | 
[10.346 ns ; 11.286 ns) | @
---------------------------------------------------

// * Summary *

BenchmarkDotNet v0.15.8, Windows 11 (10.0.26200.9168/25H2/2025Update/HudsonValley2)
12th Gen Intel Core i7-12700K 3.60GHz, 1 CPU, 20 logical and 12 physical cores
.NET SDK 10.0.400
  [Host] : .NET 10.0.11 (10.0.11, 10.0.1126.37416), X64 RyuJIT x86-64-v3

OutlierMode=DontRemove  Affinity=00000000000000000100  Toolchain=InProcessEmitToolchain  
InvocationCount=16777216  IterationCount=15  UnrollFactor=1  
WarmupCount=10  

| Method       | Mean     | Error     | StdDev    | Allocated |
|------------- |---------:|----------:|----------:|----------:|
| CustomString | 7.993 ns | 0.9449 ns | 0.8838 ns |         - |

// * Hints *
Outliers
  DiagnosticBenchmarks.CustomString: OutlierMode=DontRemove, Affinity=00000000000000000100, Toolchain=InProcessEmitToolchain, InvocationCount=16777216, IterationCount=15, UnrollFactor=1, WarmupCount=10 -> 3 outliers were detected (9.90 ns..12.09 ns)

// * Legends *
  Mean      : Arithmetic mean of all measurements
  Error     : Half of 99.9% confidence interval
  StdDev    : Standard deviation of all measurements
  Allocated : Allocated memory per single operation (managed only, inclusive, 1KB = 1024B)
  1 ns      : 1 Nanosecond (0.000000001 sec)

// * Diagnostic Output - MemoryDiagnoser *


// ***** BenchmarkRunner: End *****
Run time: 00:00:25 (25.21 sec), executed benchmarks: 1

Global total time: 00:00:26 (26.06 sec), executed benchmarks: 1
// * Artifacts cleanup *
Artifacts cleanup is finished
