// Validating benchmarks:
// ***** BenchmarkRunner: Start   *****
// ***** Found 6 benchmark(s) in total *****
// ***** Building 1 exe(s) in Parallel: Start   *****
// start dotnet  restore --nodeReuse:false /p:UseSharedCompilation=false /p:Deterministic=true /p:Optimize=true /p:ArtifactsPath="C:\git\Dekaf-worktrees\pr-3117-batch-cap-docs\tools\Dekaf.Benchmarks\bin\Release\net10.0\Dekaf.Benchmarks-Dry-1/" /p:OutDir="C:\git\Dekaf-worktrees\pr-3117-batch-cap-docs\tools\Dekaf.Benchmarks\bin\Release\net10.0\Dekaf.Benchmarks-Dry-1\bin\Release\net10.0/" /p:OutputPath="C:\git\Dekaf-worktrees\pr-3117-batch-cap-docs\tools\Dekaf.Benchmarks\bin\Release\net10.0\Dekaf.Benchmarks-Dry-1\bin\Release\net10.0/" /p:PublishDir="C:\git\Dekaf-worktrees\pr-3117-batch-cap-docs\tools\Dekaf.Benchmarks\bin\Release\net10.0\Dekaf.Benchmarks-Dry-1\publish/" in C:\git\Dekaf-worktrees\pr-3117-batch-cap-docs\tools\Dekaf.Benchmarks\bin\Release\net10.0\Dekaf.Benchmarks-Dry-1
// command took 3.24 sec and exited with 0
// start dotnet  build -c Release --no-restore --nodeReuse:false /p:UseSharedCompilation=false /p:Deterministic=true /p:Optimize=true /p:ArtifactsPath="C:\git\Dekaf-worktrees\pr-3117-batch-cap-docs\tools\Dekaf.Benchmarks\bin\Release\net10.0\Dekaf.Benchmarks-Dry-1/" /p:OutDir="C:\git\Dekaf-worktrees\pr-3117-batch-cap-docs\tools\Dekaf.Benchmarks\bin\Release\net10.0\Dekaf.Benchmarks-Dry-1\bin\Release\net10.0/" /p:OutputPath="C:\git\Dekaf-worktrees\pr-3117-batch-cap-docs\tools\Dekaf.Benchmarks\bin\Release\net10.0\Dekaf.Benchmarks-Dry-1\bin\Release\net10.0/" /p:PublishDir="C:\git\Dekaf-worktrees\pr-3117-batch-cap-docs\tools\Dekaf.Benchmarks\bin\Release\net10.0\Dekaf.Benchmarks-Dry-1\publish/" --output "C:\git\Dekaf-worktrees\pr-3117-batch-cap-docs\tools\Dekaf.Benchmarks\bin\Release\net10.0\Dekaf.Benchmarks-Dry-1\bin\Release\net10.0/" in C:\git\Dekaf-worktrees\pr-3117-batch-cap-docs\tools\Dekaf.Benchmarks\bin\Release\net10.0\Dekaf.Benchmarks-Dry-1
// command took 32.33 sec and exited with 0
// ***** Done, took 00:00:35 (35.75 sec)   *****
// Found 6 benchmarks:
//   KeyOrderedDispatchBenchmarks.DispatchLifetime: Dry(IterationCount=1, LaunchCount=1, RunStrategy=ColdStart, UnrollFactor=1, WarmupCount=1) [Pattern=Repeated, BatchSize=1]
//   KeyOrderedDispatchBenchmarks.DispatchLifetime: Dry(IterationCount=1, LaunchCount=1, RunStrategy=ColdStart, UnrollFactor=1, WarmupCount=1) [Pattern=Repeated, BatchSize=16]
//   KeyOrderedDispatchBenchmarks.DispatchLifetime: Dry(IterationCount=1, LaunchCount=1, RunStrategy=ColdStart, UnrollFactor=1, WarmupCount=1) [Pattern=Distinct, BatchSize=1]
//   KeyOrderedDispatchBenchmarks.DispatchLifetime: Dry(IterationCount=1, LaunchCount=1, RunStrategy=ColdStart, UnrollFactor=1, WarmupCount=1) [Pattern=Distinct, BatchSize=16]
//   KeyOrderedDispatchBenchmarks.DispatchLifetime: Dry(IterationCount=1, LaunchCount=1, RunStrategy=ColdStart, UnrollFactor=1, WarmupCount=1) [Pattern=PendingPairs, BatchSize=1]
//   KeyOrderedDispatchBenchmarks.DispatchLifetime: Dry(IterationCount=1, LaunchCount=1, RunStrategy=ColdStart, UnrollFactor=1, WarmupCount=1) [Pattern=PendingPairs, BatchSize=16]

Setup power plan (GUID: 8c5e7fda-e8bf-4a96-9a85-a6e23a8c635c FriendlyName: High performance)
// **************************
// Benchmark: KeyOrderedDispatchBenchmarks.DispatchLifetime: Dry(IterationCount=1, LaunchCount=1, RunStrategy=ColdStart, UnrollFactor=1, WarmupCount=1) [Pattern=Repeated, BatchSize=1]
// *** Execute ***
// Launch: 1 / 1
// Execute: dotnet Dekaf.Benchmarks-Dry-1.dll --anonymousPipes 6756 2644 --benchmarkName "Dekaf.Benchmarks.Benchmarks.Unit.KeyOrderedDispatchBenchmarks.DispatchLifetime(Pattern: Repeated, BatchSize: 1)" --job Dry --benchmarkId 0 in C:\git\Dekaf-worktrees\pr-3117-batch-cap-docs\tools\Dekaf.Benchmarks\bin\Release\net10.0\Dekaf.Benchmarks-Dry-1\bin\Release\net10.0
// BeforeAnythingElse

// Benchmark Process Environment Information:
// BenchmarkDotNet v0.15.8
// Runtime=.NET 10.0.11 (10.0.11, 10.0.1126.37416), X64 RyuJIT x86-64-v3
// GC=Concurrent Workstation
// HardwareIntrinsics=AVX2+BMI1+BMI2+F16C+FMA+LZCNT+MOVBE,AVX,SSE3+SSSE3+SSE4.1+SSE4.2+POPCNT,X86Base+SSE+SSE2,AES+PCLMUL,AvxVnni,SERIALIZE VectorSize=256
// Job: Dry(IterationCount=1, LaunchCount=1, RunStrategy=ColdStart, UnrollFactor=1, WarmupCount=1)

// BeforeActualRun
WorkloadActual   1: 1 op, 103902800.00 ns, 103.9028 ms/op

// AfterActualRun
WorkloadResult   1: 1 op, 103902800.00 ns, 103.9028 ms/op
// GC:  0 0 0 46736 1
// Threading:  0 0 1

STEADY_ALLOCATION pattern=Repeated batchSize=1 largestBatch=1 records=261888 bytes=0
// AfterAll
// Benchmark Process 35804 has exited with code 0.

Mean = 103.903 ms, StdErr = 0.000 ms (0.00%), N = 1, StdDev = 0.000 ms
Min = 103.903 ms, Q1 = 103.903 ms, Median = 103.903 ms, Q3 = 103.903 ms, Max = 103.903 ms
IQR = 0.000 ms, LowerFence = 103.903 ms, UpperFence = 103.903 ms
ConfidenceInterval = [NaN ms; NaN ms] (CI 99.9%), Margin = NaN ms (NaN% of Mean)
Skewness = NaN, Kurtosis = NaN, MValue = 2

// ** Remained 5 (83.3%) benchmark(s) to run. Estimated finish 2026-09-07 23:24 (0h 0m from now) **
Setup power plan (GUID: 8c5e7fda-e8bf-4a96-9a85-a6e23a8c635c FriendlyName: High performance)
// **************************
// Benchmark: KeyOrderedDispatchBenchmarks.DispatchLifetime: Dry(IterationCount=1, LaunchCount=1, RunStrategy=ColdStart, UnrollFactor=1, WarmupCount=1) [Pattern=Repeated, BatchSize=16]
// *** Execute ***
// Launch: 1 / 1
// Execute: dotnet Dekaf.Benchmarks-Dry-1.dll --anonymousPipes 6756 2644 --benchmarkName "Dekaf.Benchmarks.Benchmarks.Unit.KeyOrderedDispatchBenchmarks.DispatchLifetime(Pattern: Repeated, BatchSize: 16)" --job Dry --benchmarkId 1 in C:\git\Dekaf-worktrees\pr-3117-batch-cap-docs\tools\Dekaf.Benchmarks\bin\Release\net10.0\Dekaf.Benchmarks-Dry-1\bin\Release\net10.0
// BeforeAnythingElse

// Benchmark Process Environment Information:
// BenchmarkDotNet v0.15.8
// Runtime=.NET 10.0.11 (10.0.11, 10.0.1126.37416), X64 RyuJIT x86-64-v3
// GC=Concurrent Workstation
// HardwareIntrinsics=AVX2+BMI1+BMI2+F16C+FMA+LZCNT+MOVBE,AVX,SSE3+SSSE3+SSE4.1+SSE4.2+POPCNT,X86Base+SSE+SSE2,AES+PCLMUL,AvxVnni,SERIALIZE VectorSize=256
// Job: Dry(IterationCount=1, LaunchCount=1, RunStrategy=ColdStart, UnrollFactor=1, WarmupCount=1)

// BeforeActualRun
WorkloadActual   1: 1 op, 103155000.00 ns, 103.1550 ms/op

// AfterActualRun
WorkloadResult   1: 1 op, 103155000.00 ns, 103.1550 ms/op
// GC:  0 0 0 48112 1
// Threading:  0 0 1

STEADY_ALLOCATION pattern=Repeated batchSize=16 largestBatch=1 records=261888 bytes=0
// AfterAll
// Benchmark Process 92140 has exited with code 0.

Mean = 103.155 ms, StdErr = 0.000 ms (0.00%), N = 1, StdDev = 0.000 ms
Min = 103.155 ms, Q1 = 103.155 ms, Median = 103.155 ms, Q3 = 103.155 ms, Max = 103.155 ms
IQR = 0.000 ms, LowerFence = 103.155 ms, UpperFence = 103.155 ms
ConfidenceInterval = [NaN ms; NaN ms] (CI 99.9%), Margin = NaN ms (NaN% of Mean)
Skewness = NaN, Kurtosis = NaN, MValue = 2

// ** Remained 4 (66.7%) benchmark(s) to run. Estimated finish 2026-09-07 23:24 (0h 0m from now) **
Setup power plan (GUID: 8c5e7fda-e8bf-4a96-9a85-a6e23a8c635c FriendlyName: High performance)
// **************************
// Benchmark: KeyOrderedDispatchBenchmarks.DispatchLifetime: Dry(IterationCount=1, LaunchCount=1, RunStrategy=ColdStart, UnrollFactor=1, WarmupCount=1) [Pattern=Distinct, BatchSize=1]
// *** Execute ***
// Launch: 1 / 1
// Execute: dotnet Dekaf.Benchmarks-Dry-1.dll --anonymousPipes 4608 4604 --benchmarkName "Dekaf.Benchmarks.Benchmarks.Unit.KeyOrderedDispatchBenchmarks.DispatchLifetime(Pattern: Distinct, BatchSize: 1)" --job Dry --benchmarkId 2 in C:\git\Dekaf-worktrees\pr-3117-batch-cap-docs\tools\Dekaf.Benchmarks\bin\Release\net10.0\Dekaf.Benchmarks-Dry-1\bin\Release\net10.0
// BeforeAnythingElse

// Benchmark Process Environment Information:
// BenchmarkDotNet v0.15.8
// Runtime=.NET 10.0.11 (10.0.11, 10.0.1126.37416), X64 RyuJIT x86-64-v3
// GC=Concurrent Workstation
// HardwareIntrinsics=AVX2+BMI1+BMI2+F16C+FMA+LZCNT+MOVBE,AVX,SSE3+SSSE3+SSE4.1+SSE4.2+POPCNT,X86Base+SSE+SSE2,AES+PCLMUL,AvxVnni,SERIALIZE VectorSize=256
// Job: Dry(IterationCount=1, LaunchCount=1, RunStrategy=ColdStart, UnrollFactor=1, WarmupCount=1)

// BeforeActualRun
WorkloadActual   1: 1 op, 100494100.00 ns, 100.4941 ms/op

// AfterActualRun
WorkloadResult   1: 1 op, 100494100.00 ns, 100.4941 ms/op
// GC:  0 0 0 46736 1
// Threading:  0 0 1

STEADY_ALLOCATION pattern=Distinct batchSize=1 largestBatch=1 records=261888 bytes=0
// AfterAll
// Benchmark Process 60788 has exited with code 0.

Mean = 100.494 ms, StdErr = 0.000 ms (0.00%), N = 1, StdDev = 0.000 ms
Min = 100.494 ms, Q1 = 100.494 ms, Median = 100.494 ms, Q3 = 100.494 ms, Max = 100.494 ms
IQR = 0.000 ms, LowerFence = 100.494 ms, UpperFence = 100.494 ms
ConfidenceInterval = [NaN ms; NaN ms] (CI 99.9%), Margin = NaN ms (NaN% of Mean)
Skewness = NaN, Kurtosis = NaN, MValue = 2

// ** Remained 3 (50.0%) benchmark(s) to run. Estimated finish 2026-09-07 23:24 (0h 0m from now) **
Setup power plan (GUID: 8c5e7fda-e8bf-4a96-9a85-a6e23a8c635c FriendlyName: High performance)
// **************************
// Benchmark: KeyOrderedDispatchBenchmarks.DispatchLifetime: Dry(IterationCount=1, LaunchCount=1, RunStrategy=ColdStart, UnrollFactor=1, WarmupCount=1) [Pattern=Distinct, BatchSize=16]
// *** Execute ***
// Launch: 1 / 1
// Execute: dotnet Dekaf.Benchmarks-Dry-1.dll --anonymousPipes 4580 1744 --benchmarkName "Dekaf.Benchmarks.Benchmarks.Unit.KeyOrderedDispatchBenchmarks.DispatchLifetime(Pattern: Distinct, BatchSize: 16)" --job Dry --benchmarkId 3 in C:\git\Dekaf-worktrees\pr-3117-batch-cap-docs\tools\Dekaf.Benchmarks\bin\Release\net10.0\Dekaf.Benchmarks-Dry-1\bin\Release\net10.0
// BeforeAnythingElse

// Benchmark Process Environment Information:
// BenchmarkDotNet v0.15.8
// Runtime=.NET 10.0.11 (10.0.11, 10.0.1126.37416), X64 RyuJIT x86-64-v3
// GC=Concurrent Workstation
// HardwareIntrinsics=AVX2+BMI1+BMI2+F16C+FMA+LZCNT+MOVBE,AVX,SSE3+SSSE3+SSE4.1+SSE4.2+POPCNT,X86Base+SSE+SSE2,AES+PCLMUL,AvxVnni,SERIALIZE VectorSize=256
// Job: Dry(IterationCount=1, LaunchCount=1, RunStrategy=ColdStart, UnrollFactor=1, WarmupCount=1)

// BeforeActualRun
WorkloadActual   1: 1 op, 101447600.00 ns, 101.4476 ms/op

// AfterActualRun
WorkloadResult   1: 1 op, 101447600.00 ns, 101.4476 ms/op
// GC:  0 0 0 48112 1
// Threading:  0 0 1

STEADY_ALLOCATION pattern=Distinct batchSize=16 largestBatch=1 records=261888 bytes=0
// AfterAll
// Benchmark Process 79060 has exited with code 0.

Mean = 101.448 ms, StdErr = 0.000 ms (0.00%), N = 1, StdDev = 0.000 ms
Min = 101.448 ms, Q1 = 101.448 ms, Median = 101.448 ms, Q3 = 101.448 ms, Max = 101.448 ms
IQR = 0.000 ms, LowerFence = 101.448 ms, UpperFence = 101.448 ms
ConfidenceInterval = [NaN ms; NaN ms] (CI 99.9%), Margin = NaN ms (NaN% of Mean)
Skewness = NaN, Kurtosis = NaN, MValue = 2

// ** Remained 2 (33.3%) benchmark(s) to run. Estimated finish 2026-09-07 23:24 (0h 0m from now) **
Setup power plan (GUID: 8c5e7fda-e8bf-4a96-9a85-a6e23a8c635c FriendlyName: High performance)
// **************************
// Benchmark: KeyOrderedDispatchBenchmarks.DispatchLifetime: Dry(IterationCount=1, LaunchCount=1, RunStrategy=ColdStart, UnrollFactor=1, WarmupCount=1) [Pattern=PendingPairs, BatchSize=1]
// *** Execute ***
// Launch: 1 / 1
// Execute: dotnet Dekaf.Benchmarks-Dry-1.dll --anonymousPipes 4568 5016 --benchmarkName "Dekaf.Benchmarks.Benchmarks.Unit.KeyOrderedDispatchBenchmarks.DispatchLifetime(Pattern: PendingPairs, BatchSize: 1)" --job Dry --benchmarkId 4 in C:\git\Dekaf-worktrees\pr-3117-batch-cap-docs\tools\Dekaf.Benchmarks\bin\Release\net10.0\Dekaf.Benchmarks-Dry-1\bin\Release\net10.0
// BeforeAnythingElse

// Benchmark Process Environment Information:
// BenchmarkDotNet v0.15.8
// Runtime=.NET 10.0.11 (10.0.11, 10.0.1126.37416), X64 RyuJIT x86-64-v3
// GC=Concurrent Workstation
// HardwareIntrinsics=AVX2+BMI1+BMI2+F16C+FMA+LZCNT+MOVBE,AVX,SSE3+SSSE3+SSE4.1+SSE4.2+POPCNT,X86Base+SSE+SSE2,AES+PCLMUL,AvxVnni,SERIALIZE VectorSize=256
// Job: Dry(IterationCount=1, LaunchCount=1, RunStrategy=ColdStart, UnrollFactor=1, WarmupCount=1)

// BeforeActualRun
WorkloadActual   1: 1 op, 109173500.00 ns, 109.1735 ms/op

// AfterActualRun
WorkloadResult   1: 1 op, 109173500.00 ns, 109.1735 ms/op
// GC:  0 0 0 47104 1
// Threading:  0 0 1

STEADY_ALLOCATION pattern=PendingPairs batchSize=1 largestBatch=1 records=261888 bytes=0
// AfterAll
// Benchmark Process 100252 has exited with code 0.

Mean = 109.174 ms, StdErr = 0.000 ms (0.00%), N = 1, StdDev = 0.000 ms
Min = 109.174 ms, Q1 = 109.174 ms, Median = 109.174 ms, Q3 = 109.174 ms, Max = 109.174 ms
IQR = 0.000 ms, LowerFence = 109.174 ms, UpperFence = 109.174 ms
ConfidenceInterval = [NaN ms; NaN ms] (CI 99.9%), Margin = NaN ms (NaN% of Mean)
Skewness = NaN, Kurtosis = NaN, MValue = 2

// ** Remained 1 (16.7%) benchmark(s) to run. Estimated finish 2026-09-07 23:24 (0h 0m from now) **
Setup power plan (GUID: 8c5e7fda-e8bf-4a96-9a85-a6e23a8c635c FriendlyName: High performance)
// **************************
// Benchmark: KeyOrderedDispatchBenchmarks.DispatchLifetime: Dry(IterationCount=1, LaunchCount=1, RunStrategy=ColdStart, UnrollFactor=1, WarmupCount=1) [Pattern=PendingPairs, BatchSize=16]
// *** Execute ***
// Launch: 1 / 1
// Execute: dotnet Dekaf.Benchmarks-Dry-1.dll --anonymousPipes 5476 5456 --benchmarkName "Dekaf.Benchmarks.Benchmarks.Unit.KeyOrderedDispatchBenchmarks.DispatchLifetime(Pattern: PendingPairs, BatchSize: 16)" --job Dry --benchmarkId 5 in C:\git\Dekaf-worktrees\pr-3117-batch-cap-docs\tools\Dekaf.Benchmarks\bin\Release\net10.0\Dekaf.Benchmarks-Dry-1\bin\Release\net10.0
// BeforeAnythingElse

// Benchmark Process Environment Information:
// BenchmarkDotNet v0.15.8
// Runtime=.NET 10.0.11 (10.0.11, 10.0.1126.37416), X64 RyuJIT x86-64-v3
// GC=Concurrent Workstation
// HardwareIntrinsics=AVX2+BMI1+BMI2+F16C+FMA+LZCNT+MOVBE,AVX,SSE3+SSSE3+SSE4.1+SSE4.2+POPCNT,X86Base+SSE+SSE2,AES+PCLMUL,AvxVnni,SERIALIZE VectorSize=256
// Job: Dry(IterationCount=1, LaunchCount=1, RunStrategy=ColdStart, UnrollFactor=1, WarmupCount=1)

// BeforeActualRun
WorkloadActual   1: 1 op, 89120300.00 ns, 89.1203 ms/op

// AfterActualRun
WorkloadResult   1: 1 op, 89120300.00 ns, 89.1203 ms/op
// GC:  0 0 0 49856 1
// Threading:  0 0 1

STEADY_ALLOCATION pattern=PendingPairs batchSize=16 largestBatch=16 records=261888 bytes=0
// AfterAll
// Benchmark Process 92552 has exited with code 0.

Mean = 89.120 ms, StdErr = 0.000 ms (0.00%), N = 1, StdDev = 0.000 ms
Min = 89.120 ms, Q1 = 89.120 ms, Median = 89.120 ms, Q3 = 89.120 ms, Max = 89.120 ms
IQR = 0.000 ms, LowerFence = 89.120 ms, UpperFence = 89.120 ms
ConfidenceInterval = [NaN ms; NaN ms] (CI 99.9%), Margin = NaN ms (NaN% of Mean)
Skewness = NaN, Kurtosis = NaN, MValue = 2

// ** Remained 0 (0.0%) benchmark(s) to run. Estimated finish 2026-09-07 23:24 (0h 0m from now) **
Successfully reverted power plan (GUID: 8c5e7fda-e8bf-4a96-9a85-a6e23a8c635c FriendlyName: High performance)
// ***** BenchmarkRunner: Finish  *****

// * Export *
  .artifacts\key-dispatch\dry-batched\results\Dekaf.Benchmarks.Benchmarks.Unit.KeyOrderedDispatchBenchmarks-report.csv
  .artifacts\key-dispatch\dry-batched\results\Dekaf.Benchmarks.Benchmarks.Unit.KeyOrderedDispatchBenchmarks-report-github.md
  .artifacts\key-dispatch\dry-batched\results\Dekaf.Benchmarks.Benchmarks.Unit.KeyOrderedDispatchBenchmarks-report.html

// * Detailed results *
KeyOrderedDispatchBenchmarks.DispatchLifetime: Dry(IterationCount=1, LaunchCount=1, RunStrategy=ColdStart, UnrollFactor=1, WarmupCount=1) [Pattern=Repeated, BatchSize=1]
Runtime = .NET 10.0.11 (10.0.11, 10.0.1126.37416), X64 RyuJIT x86-64-v3; GC = Concurrent Workstation
Mean = 103.903 ms, StdErr = 0.000 ms (0.00%), N = 1, StdDev = 0.000 ms
Min = 103.903 ms, Q1 = 103.903 ms, Median = 103.903 ms, Q3 = 103.903 ms, Max = 103.903 ms
IQR = 0.000 ms, LowerFence = 103.903 ms, UpperFence = 103.903 ms
ConfidenceInterval = [NaN ms; NaN ms] (CI 99.9%), Margin = NaN ms (NaN% of Mean)
Skewness = NaN, Kurtosis = NaN, MValue = 2
-------------------- Histogram --------------------
[103.903 ms ; 103.903 ms) | @
---------------------------------------------------

KeyOrderedDispatchBenchmarks.DispatchLifetime: Dry(IterationCount=1, LaunchCount=1, RunStrategy=ColdStart, UnrollFactor=1, WarmupCount=1) [Pattern=Repeated, BatchSize=16]
Runtime = .NET 10.0.11 (10.0.11, 10.0.1126.37416), X64 RyuJIT x86-64-v3; GC = Concurrent Workstation
Mean = 103.155 ms, StdErr = 0.000 ms (0.00%), N = 1, StdDev = 0.000 ms
Min = 103.155 ms, Q1 = 103.155 ms, Median = 103.155 ms, Q3 = 103.155 ms, Max = 103.155 ms
IQR = 0.000 ms, LowerFence = 103.155 ms, UpperFence = 103.155 ms
ConfidenceInterval = [NaN ms; NaN ms] (CI 99.9%), Margin = NaN ms (NaN% of Mean)
Skewness = NaN, Kurtosis = NaN, MValue = 2
-------------------- Histogram --------------------
[103.155 ms ; 103.155 ms) | @
---------------------------------------------------

KeyOrderedDispatchBenchmarks.DispatchLifetime: Dry(IterationCount=1, LaunchCount=1, RunStrategy=ColdStart, UnrollFactor=1, WarmupCount=1) [Pattern=Distinct, BatchSize=1]
Runtime = .NET 10.0.11 (10.0.11, 10.0.1126.37416), X64 RyuJIT x86-64-v3; GC = Concurrent Workstation
Mean = 100.494 ms, StdErr = 0.000 ms (0.00%), N = 1, StdDev = 0.000 ms
Min = 100.494 ms, Q1 = 100.494 ms, Median = 100.494 ms, Q3 = 100.494 ms, Max = 100.494 ms
IQR = 0.000 ms, LowerFence = 100.494 ms, UpperFence = 100.494 ms
ConfidenceInterval = [NaN ms; NaN ms] (CI 99.9%), Margin = NaN ms (NaN% of Mean)
Skewness = NaN, Kurtosis = NaN, MValue = 2
-------------------- Histogram --------------------
[100.494 ms ; 100.494 ms) | @
---------------------------------------------------

KeyOrderedDispatchBenchmarks.DispatchLifetime: Dry(IterationCount=1, LaunchCount=1, RunStrategy=ColdStart, UnrollFactor=1, WarmupCount=1) [Pattern=Distinct, BatchSize=16]
Runtime = .NET 10.0.11 (10.0.11, 10.0.1126.37416), X64 RyuJIT x86-64-v3; GC = Concurrent Workstation
Mean = 101.448 ms, StdErr = 0.000 ms (0.00%), N = 1, StdDev = 0.000 ms
Min = 101.448 ms, Q1 = 101.448 ms, Median = 101.448 ms, Q3 = 101.448 ms, Max = 101.448 ms
IQR = 0.000 ms, LowerFence = 101.448 ms, UpperFence = 101.448 ms
ConfidenceInterval = [NaN ms; NaN ms] (CI 99.9%), Margin = NaN ms (NaN% of Mean)
Skewness = NaN, Kurtosis = NaN, MValue = 2
-------------------- Histogram --------------------
[101.448 ms ; 101.448 ms) | @
---------------------------------------------------

KeyOrderedDispatchBenchmarks.DispatchLifetime: Dry(IterationCount=1, LaunchCount=1, RunStrategy=ColdStart, UnrollFactor=1, WarmupCount=1) [Pattern=PendingPairs, BatchSize=1]
Runtime = .NET 10.0.11 (10.0.11, 10.0.1126.37416), X64 RyuJIT x86-64-v3; GC = Concurrent Workstation
Mean = 109.174 ms, StdErr = 0.000 ms (0.00%), N = 1, StdDev = 0.000 ms
Min = 109.174 ms, Q1 = 109.174 ms, Median = 109.174 ms, Q3 = 109.174 ms, Max = 109.174 ms
IQR = 0.000 ms, LowerFence = 109.174 ms, UpperFence = 109.174 ms
ConfidenceInterval = [NaN ms; NaN ms] (CI 99.9%), Margin = NaN ms (NaN% of Mean)
Skewness = NaN, Kurtosis = NaN, MValue = 2
-------------------- Histogram --------------------
[109.173 ms ; 109.174 ms) | @
---------------------------------------------------

KeyOrderedDispatchBenchmarks.DispatchLifetime: Dry(IterationCount=1, LaunchCount=1, RunStrategy=ColdStart, UnrollFactor=1, WarmupCount=1) [Pattern=PendingPairs, BatchSize=16]
Runtime = .NET 10.0.11 (10.0.11, 10.0.1126.37416), X64 RyuJIT x86-64-v3; GC = Concurrent Workstation
Mean = 89.120 ms, StdErr = 0.000 ms (0.00%), N = 1, StdDev = 0.000 ms
Min = 89.120 ms, Q1 = 89.120 ms, Median = 89.120 ms, Q3 = 89.120 ms, Max = 89.120 ms
IQR = 0.000 ms, LowerFence = 89.120 ms, UpperFence = 89.120 ms
ConfidenceInterval = [NaN ms; NaN ms] (CI 99.9%), Margin = NaN ms (NaN% of Mean)
Skewness = NaN, Kurtosis = NaN, MValue = 2
-------------------- Histogram --------------------
[89.120 ms ; 89.120 ms) | @
---------------------------------------------------

// * Summary *

BenchmarkDotNet v0.15.8, Windows 11 (10.0.26200.9168/25H2/2025Update/HudsonValley2)
12th Gen Intel Core i7-12700K 3.60GHz, 1 CPU, 20 logical and 12 physical cores
.NET SDK 10.0.400
  [Host] : .NET 10.0.11 (10.0.11, 10.0.1126.37416), X64 RyuJIT x86-64-v3
  Dry    : .NET 10.0.11 (10.0.11, 10.0.1126.37416), X64 RyuJIT x86-64-v3

Job=Dry  IterationCount=1  LaunchCount=1  
RunStrategy=ColdStart  UnrollFactor=1  WarmupCount=1  

| Method           | Pattern      | BatchSize | Mean      | Error | Allocated |
|----------------- |------------- |---------- |----------:|------:|----------:|
| DispatchLifetime | Repeated     | 1         | 103.90 ms |    NA |  45.64 KB |
| DispatchLifetime | Repeated     | 16        | 103.16 ms |    NA |  46.98 KB |
| DispatchLifetime | Distinct     | 1         | 100.49 ms |    NA |  45.64 KB |
| DispatchLifetime | Distinct     | 16        | 101.45 ms |    NA |  46.98 KB |
| DispatchLifetime | PendingPairs | 1         | 109.17 ms |    NA |     46 KB |
| DispatchLifetime | PendingPairs | 16        |  89.12 ms |    NA |  48.69 KB |

// * Warnings *
MinIterationTime
  KeyOrderedDispatchBenchmarks.DispatchLifetime: Dry -> The minimum observed iteration time is 89.12ms which is very small. It's recommended to increase it to at least 100ms using more operations.

// * Legends *
  Pattern   : Value of the 'Pattern' parameter
  BatchSize : Value of the 'BatchSize' parameter
  Mean      : Arithmetic mean of all measurements
  Error     : Half of 99.9% confidence interval
  Allocated : Allocated memory per single operation (managed only, inclusive, 1KB = 1024B)
  1 ms      : 1 Millisecond (0.001 sec)

// * Diagnostic Output - MemoryDiagnoser *


// ***** BenchmarkRunner: End *****
Run time: 00:00:03 (3.51 sec), executed benchmarks: 6

Global total time: 00:00:39 (39.61 sec), executed benchmarks: 6
// * Artifacts cleanup *
Artifacts cleanup is finished
