// Validating benchmarks:
// ***** BenchmarkRunner: Start   *****
// ***** Found 6 benchmark(s) in total *****
// ***** Building 1 exe(s) in Parallel: Start   *****
// start dotnet  restore --nodeReuse:false /p:UseSharedCompilation=false /p:Deterministic=true /p:Optimize=true /p:ArtifactsPath="C:\git\Dekaf-worktrees\pr-3117-batch-cap-docs\tools\Dekaf.Benchmarks\bin\Release\net10.0\Dekaf.Benchmarks-Job-XZUHJM-1/" /p:OutDir="C:\git\Dekaf-worktrees\pr-3117-batch-cap-docs\tools\Dekaf.Benchmarks\bin\Release\net10.0\Dekaf.Benchmarks-Job-XZUHJM-1\bin\Release\net10.0/" /p:OutputPath="C:\git\Dekaf-worktrees\pr-3117-batch-cap-docs\tools\Dekaf.Benchmarks\bin\Release\net10.0\Dekaf.Benchmarks-Job-XZUHJM-1\bin\Release\net10.0/" /p:PublishDir="C:\git\Dekaf-worktrees\pr-3117-batch-cap-docs\tools\Dekaf.Benchmarks\bin\Release\net10.0\Dekaf.Benchmarks-Job-XZUHJM-1\publish/" in C:\git\Dekaf-worktrees\pr-3117-batch-cap-docs\tools\Dekaf.Benchmarks\bin\Release\net10.0\Dekaf.Benchmarks-Job-XZUHJM-1
// command took 3.05 sec and exited with 0
// start dotnet  build -c Release --no-restore --nodeReuse:false /p:UseSharedCompilation=false /p:Deterministic=true /p:Optimize=true /p:ArtifactsPath="C:\git\Dekaf-worktrees\pr-3117-batch-cap-docs\tools\Dekaf.Benchmarks\bin\Release\net10.0\Dekaf.Benchmarks-Job-XZUHJM-1/" /p:OutDir="C:\git\Dekaf-worktrees\pr-3117-batch-cap-docs\tools\Dekaf.Benchmarks\bin\Release\net10.0\Dekaf.Benchmarks-Job-XZUHJM-1\bin\Release\net10.0/" /p:OutputPath="C:\git\Dekaf-worktrees\pr-3117-batch-cap-docs\tools\Dekaf.Benchmarks\bin\Release\net10.0\Dekaf.Benchmarks-Job-XZUHJM-1\bin\Release\net10.0/" /p:PublishDir="C:\git\Dekaf-worktrees\pr-3117-batch-cap-docs\tools\Dekaf.Benchmarks\bin\Release\net10.0\Dekaf.Benchmarks-Job-XZUHJM-1\publish/" --output "C:\git\Dekaf-worktrees\pr-3117-batch-cap-docs\tools\Dekaf.Benchmarks\bin\Release\net10.0\Dekaf.Benchmarks-Job-XZUHJM-1\bin\Release\net10.0/" in C:\git\Dekaf-worktrees\pr-3117-batch-cap-docs\tools\Dekaf.Benchmarks\bin\Release\net10.0\Dekaf.Benchmarks-Job-XZUHJM-1
// command took 41.09 sec and exited with 0
// ***** Done, took 00:00:44 (44.39 sec)   *****
// Found 6 benchmarks:
//   KeyOrderedDispatchBenchmarks.DispatchLifetime: Job-XZUHJM(OutlierMode=DontRemove, Affinity=00000000000000000100, IterationCount=15, IterationTime=1s, WarmupCount=30) [Pattern=Repeated, BatchSize=1]
//   KeyOrderedDispatchBenchmarks.DispatchLifetime: Job-XZUHJM(OutlierMode=DontRemove, Affinity=00000000000000000100, IterationCount=15, IterationTime=1s, WarmupCount=30) [Pattern=Repeated, BatchSize=16]
//   KeyOrderedDispatchBenchmarks.DispatchLifetime: Job-XZUHJM(OutlierMode=DontRemove, Affinity=00000000000000000100, IterationCount=15, IterationTime=1s, WarmupCount=30) [Pattern=Distinct, BatchSize=1]
//   KeyOrderedDispatchBenchmarks.DispatchLifetime: Job-XZUHJM(OutlierMode=DontRemove, Affinity=00000000000000000100, IterationCount=15, IterationTime=1s, WarmupCount=30) [Pattern=Distinct, BatchSize=16]
//   KeyOrderedDispatchBenchmarks.DispatchLifetime: Job-XZUHJM(OutlierMode=DontRemove, Affinity=00000000000000000100, IterationCount=15, IterationTime=1s, WarmupCount=30) [Pattern=PendingPairs, BatchSize=1]
//   KeyOrderedDispatchBenchmarks.DispatchLifetime: Job-XZUHJM(OutlierMode=DontRemove, Affinity=00000000000000000100, IterationCount=15, IterationTime=1s, WarmupCount=30) [Pattern=PendingPairs, BatchSize=16]

Setup power plan (GUID: 8c5e7fda-e8bf-4a96-9a85-a6e23a8c635c FriendlyName: High performance)
// **************************
// Benchmark: KeyOrderedDispatchBenchmarks.DispatchLifetime: Job-XZUHJM(OutlierMode=DontRemove, Affinity=00000000000000000100, IterationCount=15, IterationTime=1s, WarmupCount=30) [Pattern=Repeated, BatchSize=1]
// *** Execute ***
// Launch: 1 / 1
// Execute: dotnet Dekaf.Benchmarks-Job-XZUHJM-1.dll --anonymousPipes 2916 2908 --benchmarkName "Dekaf.Benchmarks.Benchmarks.Unit.KeyOrderedDispatchBenchmarks.DispatchLifetime(Pattern: Repeated, BatchSize: 1)" --job "OutlierMode=DontRemove, Affinity=00000000000000000100, IterationCount=15, IterationTime=1s, WarmupCount=30" --benchmarkId 0 in C:\git\Dekaf-worktrees\pr-3117-batch-cap-docs\tools\Dekaf.Benchmarks\bin\Release\net10.0\Dekaf.Benchmarks-Job-XZUHJM-1\bin\Release\net10.0
// BeforeAnythingElse

// Benchmark Process Environment Information:
// BenchmarkDotNet v0.15.8
// Runtime=.NET 10.0.11 (10.0.11, 10.0.1126.37416), X64 RyuJIT x86-64-v3
// GC=Concurrent Workstation
// HardwareIntrinsics=AVX2+BMI1+BMI2+F16C+FMA+LZCNT+MOVBE,AVX,SSE3+SSSE3+SSE4.1+SSE4.2+POPCNT,X86Base+SSE+SSE2,AES+PCLMUL,AvxVnni,SERIALIZE VectorSize=256
// Job: Job-TEHENC(OutlierMode=DontRemove, Affinity=100, IterationCount=15, IterationTime=1s, WarmupCount=30)

OverheadJitting  1: 1 op, 141300.00 ns, 141.3000 us/op
WorkloadJitting  1: 1 op, 36925600.00 ns, 36.9256 ms/op

OverheadJitting  2: 16 op, 256900.00 ns, 16.0563 us/op
WorkloadJitting  2: 16 op, 552723100.00 ns, 34.5452 ms/op

WorkloadPilot    1: 16 op, 562291700.00 ns, 35.1432 ms/op
WorkloadPilot    2: 32 op, 1119215500.00 ns, 34.9755 ms/op

OverheadWarmup   1: 32 op, 500.00 ns, 15.6250 ns/op
OverheadWarmup   2: 32 op, 300.00 ns, 9.3750 ns/op
OverheadWarmup   3: 32 op, 300.00 ns, 9.3750 ns/op
OverheadWarmup   4: 32 op, 200.00 ns, 6.2500 ns/op
OverheadWarmup   5: 32 op, 300.00 ns, 9.3750 ns/op
OverheadWarmup   6: 32 op, 200.00 ns, 6.2500 ns/op

OverheadActual   1: 32 op, 400.00 ns, 12.5000 ns/op
OverheadActual   2: 32 op, 400.00 ns, 12.5000 ns/op
OverheadActual   3: 32 op, 600.00 ns, 18.7500 ns/op
OverheadActual   4: 32 op, 300.00 ns, 9.3750 ns/op
OverheadActual   5: 32 op, 300.00 ns, 9.3750 ns/op
OverheadActual   6: 32 op, 200.00 ns, 6.2500 ns/op
OverheadActual   7: 32 op, 300.00 ns, 9.3750 ns/op
OverheadActual   8: 32 op, 200.00 ns, 6.2500 ns/op
OverheadActual   9: 32 op, 200.00 ns, 6.2500 ns/op
OverheadActual  10: 32 op, 200.00 ns, 6.2500 ns/op
OverheadActual  11: 32 op, 300.00 ns, 9.3750 ns/op
OverheadActual  12: 32 op, 200.00 ns, 6.2500 ns/op
OverheadActual  13: 32 op, 200.00 ns, 6.2500 ns/op
OverheadActual  14: 32 op, 300.00 ns, 9.3750 ns/op
OverheadActual  15: 32 op, 200.00 ns, 6.2500 ns/op
OverheadActual  16: 32 op, 300.00 ns, 9.3750 ns/op
OverheadActual  17: 32 op, 300.00 ns, 9.3750 ns/op
OverheadActual  18: 32 op, 300.00 ns, 9.3750 ns/op
OverheadActual  19: 32 op, 200.00 ns, 6.2500 ns/op
OverheadActual  20: 32 op, 300.00 ns, 9.3750 ns/op

WorkloadWarmup   1: 32 op, 1115287600.00 ns, 34.8527 ms/op
WorkloadWarmup   2: 32 op, 1119706700.00 ns, 34.9908 ms/op
WorkloadWarmup   3: 32 op, 1128796000.00 ns, 35.2749 ms/op
WorkloadWarmup   4: 32 op, 1121409800.00 ns, 35.0441 ms/op
WorkloadWarmup   5: 32 op, 1154314000.00 ns, 36.0723 ms/op
WorkloadWarmup   6: 32 op, 1168962200.00 ns, 36.5301 ms/op
WorkloadWarmup   7: 32 op, 1131635400.00 ns, 35.3636 ms/op
WorkloadWarmup   8: 32 op, 1128682100.00 ns, 35.2713 ms/op
WorkloadWarmup   9: 32 op, 1117746100.00 ns, 34.9296 ms/op
WorkloadWarmup  10: 32 op, 1117588800.00 ns, 34.9247 ms/op
WorkloadWarmup  11: 32 op, 1116071200.00 ns, 34.8772 ms/op
WorkloadWarmup  12: 32 op, 1119714600.00 ns, 34.9911 ms/op
WorkloadWarmup  13: 32 op, 1118106600.00 ns, 34.9408 ms/op
WorkloadWarmup  14: 32 op, 1172365000.00 ns, 36.6364 ms/op
WorkloadWarmup  15: 32 op, 1138385600.00 ns, 35.5746 ms/op
WorkloadWarmup  16: 32 op, 1136020100.00 ns, 35.5006 ms/op
WorkloadWarmup  17: 32 op, 1144313000.00 ns, 35.7598 ms/op
WorkloadWarmup  18: 32 op, 1147866100.00 ns, 35.8708 ms/op
WorkloadWarmup  19: 32 op, 1137766800.00 ns, 35.5552 ms/op
WorkloadWarmup  20: 32 op, 1154961200.00 ns, 36.0925 ms/op
WorkloadWarmup  21: 32 op, 1135684900.00 ns, 35.4902 ms/op
WorkloadWarmup  22: 32 op, 1167588000.00 ns, 36.4871 ms/op
WorkloadWarmup  23: 32 op, 1186233200.00 ns, 37.0698 ms/op
WorkloadWarmup  24: 32 op, 1131276900.00 ns, 35.3524 ms/op
WorkloadWarmup  25: 32 op, 1166279600.00 ns, 36.4462 ms/op
WorkloadWarmup  26: 32 op, 1173249600.00 ns, 36.6641 ms/op
WorkloadWarmup  27: 32 op, 1157694300.00 ns, 36.1779 ms/op
WorkloadWarmup  28: 32 op, 1151205500.00 ns, 35.9752 ms/op
WorkloadWarmup  29: 32 op, 1150206600.00 ns, 35.9440 ms/op
WorkloadWarmup  30: 32 op, 1163266300.00 ns, 36.3521 ms/op

// BeforeActualRun
WorkloadActual   1: 32 op, 1166429200.00 ns, 36.4509 ms/op
WorkloadActual   2: 32 op, 1177285200.00 ns, 36.7902 ms/op
WorkloadActual   3: 32 op, 1139553700.00 ns, 35.6111 ms/op
WorkloadActual   4: 32 op, 1143010100.00 ns, 35.7191 ms/op
WorkloadActual   5: 32 op, 1136213600.00 ns, 35.5067 ms/op
WorkloadActual   6: 32 op, 1135790500.00 ns, 35.4935 ms/op
WorkloadActual   7: 32 op, 1145675700.00 ns, 35.8024 ms/op
WorkloadActual   8: 32 op, 1157781200.00 ns, 36.1807 ms/op
WorkloadActual   9: 32 op, 1157570900.00 ns, 36.1741 ms/op
WorkloadActual  10: 32 op, 1191930300.00 ns, 37.2478 ms/op
WorkloadActual  11: 32 op, 1162497400.00 ns, 36.3280 ms/op
WorkloadActual  12: 32 op, 1147988600.00 ns, 35.8746 ms/op
WorkloadActual  13: 32 op, 1160084800.00 ns, 36.2527 ms/op
WorkloadActual  14: 32 op, 1160059700.00 ns, 36.2519 ms/op
WorkloadActual  15: 32 op, 1146605100.00 ns, 35.8314 ms/op

// AfterActualRun
WorkloadResult   1: 32 op, 1166428900.00 ns, 36.4509 ms/op
WorkloadResult   2: 32 op, 1177284900.00 ns, 36.7902 ms/op
WorkloadResult   3: 32 op, 1139553400.00 ns, 35.6110 ms/op
WorkloadResult   4: 32 op, 1143009800.00 ns, 35.7191 ms/op
WorkloadResult   5: 32 op, 1136213300.00 ns, 35.5067 ms/op
WorkloadResult   6: 32 op, 1135790200.00 ns, 35.4934 ms/op
WorkloadResult   7: 32 op, 1145675400.00 ns, 35.8024 ms/op
WorkloadResult   8: 32 op, 1157780900.00 ns, 36.1807 ms/op
WorkloadResult   9: 32 op, 1157570600.00 ns, 36.1741 ms/op
WorkloadResult  10: 32 op, 1191930000.00 ns, 37.2478 ms/op
WorkloadResult  11: 32 op, 1162497100.00 ns, 36.3280 ms/op
WorkloadResult  12: 32 op, 1147988300.00 ns, 35.8746 ms/op
WorkloadResult  13: 32 op, 1160084500.00 ns, 36.2526 ms/op
WorkloadResult  14: 32 op, 1160059400.00 ns, 36.2519 ms/op
WorkloadResult  15: 32 op, 1146604800.00 ns, 35.8314 ms/op
// GC:  0 0 0 1496176 32
// Threading:  0 0 32

STEADY_ALLOCATION pattern=Repeated batchSize=1 records=261888 bytes=0
// AfterAll
// Benchmark Process 109956 has exited with code 0.

Mean = 36.101 ms, StdErr = 0.126 ms (0.35%), N = 15, StdDev = 0.489 ms
Min = 35.493 ms, Q1 = 35.761 ms, Median = 36.174 ms, Q3 = 36.290 ms, Max = 37.248 ms
IQR = 0.530 ms, LowerFence = 34.966 ms, UpperFence = 37.085 ms
ConfidenceInterval = [35.579 ms; 36.623 ms] (CI 99.9%), Margin = 0.522 ms (1.45% of Mean)
Skewness = 0.7, Kurtosis = 2.72, MValue = 2

// ** Remained 5 (83.3%) benchmark(s) to run. Estimated finish 2026-09-07 23:26 (0h 4m from now) **
Setup power plan (GUID: 8c5e7fda-e8bf-4a96-9a85-a6e23a8c635c FriendlyName: High performance)
// **************************
// Benchmark: KeyOrderedDispatchBenchmarks.DispatchLifetime: Job-XZUHJM(OutlierMode=DontRemove, Affinity=00000000000000000100, IterationCount=15, IterationTime=1s, WarmupCount=30) [Pattern=Repeated, BatchSize=16]
// *** Execute ***
// Launch: 1 / 1
// Execute: dotnet Dekaf.Benchmarks-Job-XZUHJM-1.dll --anonymousPipes 2980 2984 --benchmarkName "Dekaf.Benchmarks.Benchmarks.Unit.KeyOrderedDispatchBenchmarks.DispatchLifetime(Pattern: Repeated, BatchSize: 16)" --job "OutlierMode=DontRemove, Affinity=00000000000000000100, IterationCount=15, IterationTime=1s, WarmupCount=30" --benchmarkId 1 in C:\git\Dekaf-worktrees\pr-3117-batch-cap-docs\tools\Dekaf.Benchmarks\bin\Release\net10.0\Dekaf.Benchmarks-Job-XZUHJM-1\bin\Release\net10.0
// BeforeAnythingElse

// Benchmark Process Environment Information:
// BenchmarkDotNet v0.15.8
// Runtime=.NET 10.0.11 (10.0.11, 10.0.1126.37416), X64 RyuJIT x86-64-v3
// GC=Concurrent Workstation
// HardwareIntrinsics=AVX2+BMI1+BMI2+F16C+FMA+LZCNT+MOVBE,AVX,SSE3+SSSE3+SSE4.1+SSE4.2+POPCNT,X86Base+SSE+SSE2,AES+PCLMUL,AvxVnni,SERIALIZE VectorSize=256
// Job: Job-TEHENC(OutlierMode=DontRemove, Affinity=100, IterationCount=15, IterationTime=1s, WarmupCount=30)

OverheadJitting  1: 1 op, 139600.00 ns, 139.6000 us/op
WorkloadJitting  1: 1 op, 36784500.00 ns, 36.7845 ms/op

OverheadJitting  2: 16 op, 240200.00 ns, 15.0125 us/op
WorkloadJitting  2: 16 op, 548493000.00 ns, 34.2808 ms/op

WorkloadPilot    1: 16 op, 564196200.00 ns, 35.2623 ms/op
WorkloadPilot    2: 32 op, 1156954000.00 ns, 36.1548 ms/op

OverheadWarmup   1: 32 op, 500.00 ns, 15.6250 ns/op
OverheadWarmup   2: 32 op, 400.00 ns, 12.5000 ns/op
OverheadWarmup   3: 32 op, 300.00 ns, 9.3750 ns/op
OverheadWarmup   4: 32 op, 200.00 ns, 6.2500 ns/op
OverheadWarmup   5: 32 op, 300.00 ns, 9.3750 ns/op
OverheadWarmup   6: 32 op, 200.00 ns, 6.2500 ns/op
OverheadWarmup   7: 32 op, 300.00 ns, 9.3750 ns/op
OverheadWarmup   8: 32 op, 300.00 ns, 9.3750 ns/op

OverheadActual   1: 32 op, 300.00 ns, 9.3750 ns/op
OverheadActual   2: 32 op, 300.00 ns, 9.3750 ns/op
OverheadActual   3: 32 op, 400.00 ns, 12.5000 ns/op
OverheadActual   4: 32 op, 300.00 ns, 9.3750 ns/op
OverheadActual   5: 32 op, 300.00 ns, 9.3750 ns/op
OverheadActual   6: 32 op, 300.00 ns, 9.3750 ns/op
OverheadActual   7: 32 op, 300.00 ns, 9.3750 ns/op
OverheadActual   8: 32 op, 300.00 ns, 9.3750 ns/op
OverheadActual   9: 32 op, 300.00 ns, 9.3750 ns/op
OverheadActual  10: 32 op, 400.00 ns, 12.5000 ns/op
OverheadActual  11: 32 op, 300.00 ns, 9.3750 ns/op
OverheadActual  12: 32 op, 300.00 ns, 9.3750 ns/op
OverheadActual  13: 32 op, 300.00 ns, 9.3750 ns/op
OverheadActual  14: 32 op, 300.00 ns, 9.3750 ns/op
OverheadActual  15: 32 op, 300.00 ns, 9.3750 ns/op
OverheadActual  16: 32 op, 300.00 ns, 9.3750 ns/op
OverheadActual  17: 32 op, 300.00 ns, 9.3750 ns/op
OverheadActual  18: 32 op, 300.00 ns, 9.3750 ns/op
OverheadActual  19: 32 op, 300.00 ns, 9.3750 ns/op
OverheadActual  20: 32 op, 300.00 ns, 9.3750 ns/op

WorkloadWarmup   1: 32 op, 1174802600.00 ns, 36.7126 ms/op
WorkloadWarmup   2: 32 op, 1146369500.00 ns, 35.8240 ms/op
WorkloadWarmup   3: 32 op, 1115230600.00 ns, 34.8510 ms/op
WorkloadWarmup   4: 32 op, 1122910000.00 ns, 35.0909 ms/op
WorkloadWarmup   5: 32 op, 1116001500.00 ns, 34.8750 ms/op
WorkloadWarmup   6: 32 op, 1101391200.00 ns, 34.4185 ms/op
WorkloadWarmup   7: 32 op, 1101722200.00 ns, 34.4288 ms/op
WorkloadWarmup   8: 32 op, 1100934900.00 ns, 34.4042 ms/op
WorkloadWarmup   9: 32 op, 1143647300.00 ns, 35.7390 ms/op
WorkloadWarmup  10: 32 op, 1157393900.00 ns, 36.1686 ms/op
WorkloadWarmup  11: 32 op, 1110147700.00 ns, 34.6921 ms/op
WorkloadWarmup  12: 32 op, 1119160700.00 ns, 34.9738 ms/op
WorkloadWarmup  13: 32 op, 1117975500.00 ns, 34.9367 ms/op
WorkloadWarmup  14: 32 op, 1113738300.00 ns, 34.8043 ms/op
WorkloadWarmup  15: 32 op, 1105255000.00 ns, 34.5392 ms/op
WorkloadWarmup  16: 32 op, 1113883900.00 ns, 34.8089 ms/op
WorkloadWarmup  17: 32 op, 1170176600.00 ns, 36.5680 ms/op
WorkloadWarmup  18: 32 op, 1162836000.00 ns, 36.3386 ms/op
WorkloadWarmup  19: 32 op, 1129236600.00 ns, 35.2886 ms/op
WorkloadWarmup  20: 32 op, 1109077900.00 ns, 34.6587 ms/op
WorkloadWarmup  21: 32 op, 1113587500.00 ns, 34.7996 ms/op
WorkloadWarmup  22: 32 op, 1110082300.00 ns, 34.6901 ms/op
WorkloadWarmup  23: 32 op, 1102305400.00 ns, 34.4470 ms/op
WorkloadWarmup  24: 32 op, 1106952900.00 ns, 34.5923 ms/op
WorkloadWarmup  25: 32 op, 1118711500.00 ns, 34.9597 ms/op
WorkloadWarmup  26: 32 op, 1132915400.00 ns, 35.4036 ms/op
WorkloadWarmup  27: 32 op, 1185248300.00 ns, 37.0390 ms/op
WorkloadWarmup  28: 32 op, 1130684100.00 ns, 35.3339 ms/op
WorkloadWarmup  29: 32 op, 1122129700.00 ns, 35.0666 ms/op
WorkloadWarmup  30: 32 op, 1119268700.00 ns, 34.9771 ms/op

// BeforeActualRun
WorkloadActual   1: 32 op, 1119505700.00 ns, 34.9846 ms/op
WorkloadActual   2: 32 op, 1124462500.00 ns, 35.1395 ms/op
WorkloadActual   3: 32 op, 1117738700.00 ns, 34.9293 ms/op
WorkloadActual   4: 32 op, 1129157800.00 ns, 35.2862 ms/op
WorkloadActual   5: 32 op, 1173356900.00 ns, 36.6674 ms/op
WorkloadActual   6: 32 op, 1149036700.00 ns, 35.9074 ms/op
WorkloadActual   7: 32 op, 1114634700.00 ns, 34.8323 ms/op
WorkloadActual   8: 32 op, 1112812100.00 ns, 34.7754 ms/op
WorkloadActual   9: 32 op, 1113010600.00 ns, 34.7816 ms/op
WorkloadActual  10: 32 op, 1112791200.00 ns, 34.7747 ms/op
WorkloadActual  11: 32 op, 1109544900.00 ns, 34.6733 ms/op
WorkloadActual  12: 32 op, 1112110600.00 ns, 34.7535 ms/op
WorkloadActual  13: 32 op, 1116713700.00 ns, 34.8973 ms/op
WorkloadActual  14: 32 op, 1157021000.00 ns, 36.1569 ms/op
WorkloadActual  15: 32 op, 1160955700.00 ns, 36.2799 ms/op

// AfterActualRun
WorkloadResult   1: 32 op, 1119505400.00 ns, 34.9845 ms/op
WorkloadResult   2: 32 op, 1124462200.00 ns, 35.1394 ms/op
WorkloadResult   3: 32 op, 1117738400.00 ns, 34.9293 ms/op
WorkloadResult   4: 32 op, 1129157500.00 ns, 35.2862 ms/op
WorkloadResult   5: 32 op, 1173356600.00 ns, 36.6674 ms/op
WorkloadResult   6: 32 op, 1149036400.00 ns, 35.9074 ms/op
WorkloadResult   7: 32 op, 1114634400.00 ns, 34.8323 ms/op
WorkloadResult   8: 32 op, 1112811800.00 ns, 34.7754 ms/op
WorkloadResult   9: 32 op, 1113010300.00 ns, 34.7816 ms/op
WorkloadResult  10: 32 op, 1112790900.00 ns, 34.7747 ms/op
WorkloadResult  11: 32 op, 1109544600.00 ns, 34.6733 ms/op
WorkloadResult  12: 32 op, 1112110300.00 ns, 34.7534 ms/op
WorkloadResult  13: 32 op, 1116713400.00 ns, 34.8973 ms/op
WorkloadResult  14: 32 op, 1157020700.00 ns, 36.1569 ms/op
WorkloadResult  15: 32 op, 1160955400.00 ns, 36.2799 ms/op
// GC:  0 0 0 1540208 32
// Threading:  0 0 32

STEADY_ALLOCATION pattern=Repeated batchSize=16 records=261888 bytes=0
// AfterAll
// Benchmark Process 77920 has exited with code 0.

Mean = 35.256 ms, StdErr = 0.170 ms (0.48%), N = 15, StdDev = 0.658 ms
Min = 34.673 ms, Q1 = 34.778 ms, Median = 34.929 ms, Q3 = 35.597 ms, Max = 36.667 ms
IQR = 0.818 ms, LowerFence = 33.551 ms, UpperFence = 36.824 ms
ConfidenceInterval = [34.553 ms; 35.959 ms] (CI 99.9%), Margin = 0.703 ms (1.99% of Mean)
Skewness = 0.95, Kurtosis = 2.25, MValue = 2

// ** Remained 4 (66.7%) benchmark(s) to run. Estimated finish 2026-09-07 23:26 (0h 3m from now) **
Setup power plan (GUID: 8c5e7fda-e8bf-4a96-9a85-a6e23a8c635c FriendlyName: High performance)
// **************************
// Benchmark: KeyOrderedDispatchBenchmarks.DispatchLifetime: Job-XZUHJM(OutlierMode=DontRemove, Affinity=00000000000000000100, IterationCount=15, IterationTime=1s, WarmupCount=30) [Pattern=Distinct, BatchSize=1]
// *** Execute ***
// Launch: 1 / 1
// Execute: dotnet Dekaf.Benchmarks-Job-XZUHJM-1.dll --anonymousPipes 3312 2940 --benchmarkName "Dekaf.Benchmarks.Benchmarks.Unit.KeyOrderedDispatchBenchmarks.DispatchLifetime(Pattern: Distinct, BatchSize: 1)" --job "OutlierMode=DontRemove, Affinity=00000000000000000100, IterationCount=15, IterationTime=1s, WarmupCount=30" --benchmarkId 2 in C:\git\Dekaf-worktrees\pr-3117-batch-cap-docs\tools\Dekaf.Benchmarks\bin\Release\net10.0\Dekaf.Benchmarks-Job-XZUHJM-1\bin\Release\net10.0
// BeforeAnythingElse

// Benchmark Process Environment Information:
// BenchmarkDotNet v0.15.8
// Runtime=.NET 10.0.11 (10.0.11, 10.0.1126.37416), X64 RyuJIT x86-64-v3
// GC=Concurrent Workstation
// HardwareIntrinsics=AVX2+BMI1+BMI2+F16C+FMA+LZCNT+MOVBE,AVX,SSE3+SSSE3+SSE4.1+SSE4.2+POPCNT,X86Base+SSE+SSE2,AES+PCLMUL,AvxVnni,SERIALIZE VectorSize=256
// Job: Job-TEHENC(OutlierMode=DontRemove, Affinity=100, IterationCount=15, IterationTime=1s, WarmupCount=30)

OverheadJitting  1: 1 op, 146300.00 ns, 146.3000 us/op
WorkloadJitting  1: 1 op, 41088000.00 ns, 41.0880 ms/op

OverheadJitting  2: 16 op, 246500.00 ns, 15.4063 us/op
WorkloadJitting  2: 16 op, 607315800.00 ns, 37.9572 ms/op

WorkloadPilot    1: 16 op, 545154400.00 ns, 34.0722 ms/op
WorkloadPilot    2: 32 op, 1090050200.00 ns, 34.0641 ms/op

OverheadWarmup   1: 32 op, 500.00 ns, 15.6250 ns/op
OverheadWarmup   2: 32 op, 400.00 ns, 12.5000 ns/op
OverheadWarmup   3: 32 op, 300.00 ns, 9.3750 ns/op
OverheadWarmup   4: 32 op, 300.00 ns, 9.3750 ns/op
OverheadWarmup   5: 32 op, 400.00 ns, 12.5000 ns/op
OverheadWarmup   6: 32 op, 200.00 ns, 6.2500 ns/op
OverheadWarmup   7: 32 op, 200.00 ns, 6.2500 ns/op

OverheadActual   1: 32 op, 400.00 ns, 12.5000 ns/op
OverheadActual   2: 32 op, 300.00 ns, 9.3750 ns/op
OverheadActual   3: 32 op, 300.00 ns, 9.3750 ns/op
OverheadActual   4: 32 op, 300.00 ns, 9.3750 ns/op
OverheadActual   5: 32 op, 300.00 ns, 9.3750 ns/op
OverheadActual   6: 32 op, 300.00 ns, 9.3750 ns/op
OverheadActual   7: 32 op, 200.00 ns, 6.2500 ns/op
OverheadActual   8: 32 op, 300.00 ns, 9.3750 ns/op
OverheadActual   9: 32 op, 300.00 ns, 9.3750 ns/op
OverheadActual  10: 32 op, 200.00 ns, 6.2500 ns/op
OverheadActual  11: 32 op, 200.00 ns, 6.2500 ns/op
OverheadActual  12: 32 op, 300.00 ns, 9.3750 ns/op
OverheadActual  13: 32 op, 300.00 ns, 9.3750 ns/op
OverheadActual  14: 32 op, 300.00 ns, 9.3750 ns/op
OverheadActual  15: 32 op, 300.00 ns, 9.3750 ns/op
OverheadActual  16: 32 op, 300.00 ns, 9.3750 ns/op
OverheadActual  17: 32 op, 300.00 ns, 9.3750 ns/op
OverheadActual  18: 32 op, 200.00 ns, 6.2500 ns/op
OverheadActual  19: 32 op, 300.00 ns, 9.3750 ns/op
OverheadActual  20: 32 op, 300.00 ns, 9.3750 ns/op

WorkloadWarmup   1: 32 op, 1083959300.00 ns, 33.8737 ms/op
WorkloadWarmup   2: 32 op, 1086892600.00 ns, 33.9654 ms/op
WorkloadWarmup   3: 32 op, 1089730800.00 ns, 34.0541 ms/op
WorkloadWarmup   4: 32 op, 1094367900.00 ns, 34.1990 ms/op
WorkloadWarmup   5: 32 op, 1079191100.00 ns, 33.7247 ms/op
WorkloadWarmup   6: 32 op, 1097955700.00 ns, 34.3111 ms/op
WorkloadWarmup   7: 32 op, 1053508500.00 ns, 32.9221 ms/op
WorkloadWarmup   8: 32 op, 1042668300.00 ns, 32.5834 ms/op
WorkloadWarmup   9: 32 op, 1064503100.00 ns, 33.2657 ms/op
WorkloadWarmup  10: 32 op, 1062824500.00 ns, 33.2133 ms/op
WorkloadWarmup  11: 32 op, 1052472100.00 ns, 32.8898 ms/op
WorkloadWarmup  12: 32 op, 1062255600.00 ns, 33.1955 ms/op
WorkloadWarmup  13: 32 op, 1056491700.00 ns, 33.0154 ms/op
WorkloadWarmup  14: 32 op, 1106449600.00 ns, 34.5766 ms/op
WorkloadWarmup  15: 32 op, 1104703000.00 ns, 34.5220 ms/op
WorkloadWarmup  16: 32 op, 1053812500.00 ns, 32.9316 ms/op
WorkloadWarmup  17: 32 op, 1055921200.00 ns, 32.9975 ms/op
WorkloadWarmup  18: 32 op, 1051271000.00 ns, 32.8522 ms/op
WorkloadWarmup  19: 32 op, 1080252100.00 ns, 33.7579 ms/op
WorkloadWarmup  20: 32 op, 1052484300.00 ns, 32.8901 ms/op
WorkloadWarmup  21: 32 op, 1056525900.00 ns, 33.0164 ms/op
WorkloadWarmup  22: 32 op, 1091997200.00 ns, 34.1249 ms/op
WorkloadWarmup  23: 32 op, 1106434000.00 ns, 34.5761 ms/op
WorkloadWarmup  24: 32 op, 1133290600.00 ns, 35.4153 ms/op
WorkloadWarmup  25: 32 op, 1111345100.00 ns, 34.7295 ms/op
WorkloadWarmup  26: 32 op, 1098155900.00 ns, 34.3174 ms/op
WorkloadWarmup  27: 32 op, 1085015000.00 ns, 33.9067 ms/op
WorkloadWarmup  28: 32 op, 1060169000.00 ns, 33.1303 ms/op
WorkloadWarmup  29: 32 op, 1065948500.00 ns, 33.3109 ms/op
WorkloadWarmup  30: 32 op, 1041323700.00 ns, 32.5414 ms/op

// BeforeActualRun
WorkloadActual   1: 32 op, 1044562400.00 ns, 32.6426 ms/op
WorkloadActual   2: 32 op, 1046682200.00 ns, 32.7088 ms/op
WorkloadActual   3: 32 op, 1092557300.00 ns, 34.1424 ms/op
WorkloadActual   4: 32 op, 1092903200.00 ns, 34.1532 ms/op
WorkloadActual   5: 32 op, 1057685900.00 ns, 33.0527 ms/op
WorkloadActual   6: 32 op, 1053373800.00 ns, 32.9179 ms/op
WorkloadActual   7: 32 op, 1050841700.00 ns, 32.8388 ms/op
WorkloadActual   8: 32 op, 1049261400.00 ns, 32.7894 ms/op
WorkloadActual   9: 32 op, 1047595400.00 ns, 32.7374 ms/op
WorkloadActual  10: 32 op, 1061446900.00 ns, 33.1702 ms/op
WorkloadActual  11: 32 op, 1080952700.00 ns, 33.7798 ms/op
WorkloadActual  12: 32 op, 1100995900.00 ns, 34.4061 ms/op
WorkloadActual  13: 32 op, 1093059400.00 ns, 34.1581 ms/op
WorkloadActual  14: 32 op, 1058949400.00 ns, 33.0922 ms/op
WorkloadActual  15: 32 op, 1058584200.00 ns, 33.0808 ms/op

// AfterActualRun
WorkloadResult   1: 32 op, 1044562100.00 ns, 32.6426 ms/op
WorkloadResult   2: 32 op, 1046681900.00 ns, 32.7088 ms/op
WorkloadResult   3: 32 op, 1092557000.00 ns, 34.1424 ms/op
WorkloadResult   4: 32 op, 1092902900.00 ns, 34.1532 ms/op
WorkloadResult   5: 32 op, 1057685600.00 ns, 33.0527 ms/op
WorkloadResult   6: 32 op, 1053373500.00 ns, 32.9179 ms/op
WorkloadResult   7: 32 op, 1050841400.00 ns, 32.8388 ms/op
WorkloadResult   8: 32 op, 1049261100.00 ns, 32.7894 ms/op
WorkloadResult   9: 32 op, 1047595100.00 ns, 32.7373 ms/op
WorkloadResult  10: 32 op, 1061446600.00 ns, 33.1702 ms/op
WorkloadResult  11: 32 op, 1080952400.00 ns, 33.7798 ms/op
WorkloadResult  12: 32 op, 1100995600.00 ns, 34.4061 ms/op
WorkloadResult  13: 32 op, 1093059100.00 ns, 34.1581 ms/op
WorkloadResult  14: 32 op, 1058949100.00 ns, 33.0922 ms/op
WorkloadResult  15: 32 op, 1058583900.00 ns, 33.0807 ms/op
// GC:  0 0 0 1496176 32
// Threading:  0 0 32

STEADY_ALLOCATION pattern=Distinct batchSize=1 records=261888 bytes=0
// AfterAll
// Benchmark Process 47924 has exited with code 0.

Mean = 33.311 ms, StdErr = 0.162 ms (0.49%), N = 15, StdDev = 0.628 ms
Min = 32.643 ms, Q1 = 32.814 ms, Median = 33.081 ms, Q3 = 33.961 ms, Max = 34.406 ms
IQR = 1.147 ms, LowerFence = 31.094 ms, UpperFence = 35.682 ms
ConfidenceInterval = [32.641 ms; 33.982 ms] (CI 99.9%), Margin = 0.671 ms (2.01% of Mean)
Skewness = 0.58, Kurtosis = 1.54, MValue = 2

// ** Remained 3 (50.0%) benchmark(s) to run. Estimated finish 2026-09-07 23:26 (0h 2m from now) **
Setup power plan (GUID: 8c5e7fda-e8bf-4a96-9a85-a6e23a8c635c FriendlyName: High performance)
// **************************
// Benchmark: KeyOrderedDispatchBenchmarks.DispatchLifetime: Job-XZUHJM(OutlierMode=DontRemove, Affinity=00000000000000000100, IterationCount=15, IterationTime=1s, WarmupCount=30) [Pattern=Distinct, BatchSize=16]
// *** Execute ***
// Launch: 1 / 1
// Execute: dotnet Dekaf.Benchmarks-Job-XZUHJM-1.dll --anonymousPipes 2964 2980 --benchmarkName "Dekaf.Benchmarks.Benchmarks.Unit.KeyOrderedDispatchBenchmarks.DispatchLifetime(Pattern: Distinct, BatchSize: 16)" --job "OutlierMode=DontRemove, Affinity=00000000000000000100, IterationCount=15, IterationTime=1s, WarmupCount=30" --benchmarkId 3 in C:\git\Dekaf-worktrees\pr-3117-batch-cap-docs\tools\Dekaf.Benchmarks\bin\Release\net10.0\Dekaf.Benchmarks-Job-XZUHJM-1\bin\Release\net10.0
// BeforeAnythingElse

// Benchmark Process Environment Information:
// BenchmarkDotNet v0.15.8
// Runtime=.NET 10.0.11 (10.0.11, 10.0.1126.37416), X64 RyuJIT x86-64-v3
// GC=Concurrent Workstation
// HardwareIntrinsics=AVX2+BMI1+BMI2+F16C+FMA+LZCNT+MOVBE,AVX,SSE3+SSSE3+SSE4.1+SSE4.2+POPCNT,X86Base+SSE+SSE2,AES+PCLMUL,AvxVnni,SERIALIZE VectorSize=256
// Job: Job-TEHENC(OutlierMode=DontRemove, Affinity=100, IterationCount=15, IterationTime=1s, WarmupCount=30)

OverheadJitting  1: 1 op, 137700.00 ns, 137.7000 us/op
WorkloadJitting  1: 1 op, 35773700.00 ns, 35.7737 ms/op

OverheadJitting  2: 16 op, 274800.00 ns, 17.1750 us/op
WorkloadJitting  2: 16 op, 524884300.00 ns, 32.8053 ms/op

WorkloadPilot    1: 16 op, 533455700.00 ns, 33.3410 ms/op
WorkloadPilot    2: 32 op, 1068297500.00 ns, 33.3843 ms/op

OverheadWarmup   1: 32 op, 500.00 ns, 15.6250 ns/op
OverheadWarmup   2: 32 op, 400.00 ns, 12.5000 ns/op
OverheadWarmup   3: 32 op, 200.00 ns, 6.2500 ns/op
OverheadWarmup   4: 32 op, 300.00 ns, 9.3750 ns/op
OverheadWarmup   5: 32 op, 300.00 ns, 9.3750 ns/op
OverheadWarmup   6: 32 op, 300.00 ns, 9.3750 ns/op
OverheadWarmup   7: 32 op, 200.00 ns, 6.2500 ns/op

OverheadActual   1: 32 op, 400.00 ns, 12.5000 ns/op
OverheadActual   2: 32 op, 300.00 ns, 9.3750 ns/op
OverheadActual   3: 32 op, 300.00 ns, 9.3750 ns/op
OverheadActual   4: 32 op, 200.00 ns, 6.2500 ns/op
OverheadActual   5: 32 op, 300.00 ns, 9.3750 ns/op
OverheadActual   6: 32 op, 300.00 ns, 9.3750 ns/op
OverheadActual   7: 32 op, 200.00 ns, 6.2500 ns/op
OverheadActual   8: 32 op, 200.00 ns, 6.2500 ns/op
OverheadActual   9: 32 op, 300.00 ns, 9.3750 ns/op
OverheadActual  10: 32 op, 400.00 ns, 12.5000 ns/op
OverheadActual  11: 32 op, 300.00 ns, 9.3750 ns/op
OverheadActual  12: 32 op, 200.00 ns, 6.2500 ns/op
OverheadActual  13: 32 op, 200.00 ns, 6.2500 ns/op
OverheadActual  14: 32 op, 300.00 ns, 9.3750 ns/op
OverheadActual  15: 32 op, 300.00 ns, 9.3750 ns/op
OverheadActual  16: 32 op, 300.00 ns, 9.3750 ns/op
OverheadActual  17: 32 op, 300.00 ns, 9.3750 ns/op
OverheadActual  18: 32 op, 200.00 ns, 6.2500 ns/op
OverheadActual  19: 32 op, 300.00 ns, 9.3750 ns/op
OverheadActual  20: 32 op, 300.00 ns, 9.3750 ns/op

WorkloadWarmup   1: 32 op, 1061195900.00 ns, 33.1624 ms/op
WorkloadWarmup   2: 32 op, 1075558300.00 ns, 33.6112 ms/op
