FFFFFFFF........
======================================================================
FAIL: test_acceptance_rejects_each_corrupted_emitted_statistic (test_pool_evidence_replay.PoolEvidenceReplayTests.test_acceptance_rejects_each_corrupted_emitted_statistic) (corrupt='standard-error')
----------------------------------------------------------------------
Traceback (most recent call last):
  File "C:\git\Dekaf-worktrees\pr-3142-improve\.github\scripts\test_pool_evidence_replay.py", line 206, in test_acceptance_rejects_each_corrupted_emitted_statistic
    self.assertNotEqual(result.returncode, 0, result.stdout)
    ~~~~~~~~~~~~~~~~~~~^^^^^^^^^^^^^^^^^^^^^^^^^^^^^^^^^^^^^
AssertionError: 0 == 0 : {
  "verdict": "INCONCLUSIVE",
  "reason": "JIT activity persists across workload boundaries without method attribution; actual per-message latency, loaded CPU/completed throughput and sustained stability are missing.",
  "manifest": {
    "diagnostic": true
  },
  "verifiedHostFiles": 6,
  "verifiedLoadedBindings": 9,
  "phases": {
    "A1": {
      "meanNs": 1000000,
      "standardErrorNs": 0,
      "ciLowerNs": 1000000,
      "ciUpperNs": 1000000,
      "iterationMaximumNs": 1000000,
      "samples": 25,
      "bytesPerOperation": 0,
      "setupWarmSeconds": 20.0,
      "setupWarmOperations": 1000,
      "bdnWarmSeconds": 30.0,
      "bdnWarmOperations": 30000,
      "actualSeconds": 25.0,
      "actualOperations": 25000,
      "boundaryJitMethods": 0.0,
      "interiorBoundaryJitMethods": 0,
      "boundaryCpuMs": 0.0,
      "boundaryGc0": 0.0,
      "boundaryGc1": 0.0,
      "boundaryGc2": 0.0,
      "maximumThreads": 0,
      "maximumPendingWork": 0,
      "heapFirst": 10,
      "heapLast": 10,
      "rssFirst": 10,
      "rssLast": 10
    },
    "B": {
      "meanNs": 1000000,
      "standardErrorNs": 1,
      "ciLowerNs": 1000000,
      "ciUpperNs": 1000000,
      "iterationMaximumNs": 1000000,
      "samples": 25,
      "bytesPerOperation": 0,
      "setupWarmSeconds": 20.0,
      "setupWarmOperations": 1000,
      "bdnWarmSeconds": 30.0,
      "bdnWarmOperations": 30000,
      "actualSeconds": 25.0,
      "actualOperations": 25000,
      "boundaryJitMethods": 0.0,
      "interiorBoundaryJitMethods": 0,
      "boundaryCpuMs": 0.0,
      "boundaryGc0": 0.0,
      "boundaryGc1": 0.0,
      "boundaryGc2": 0.0,
      "maximumThreads": 0,
      "maximumPendingWork": 0,
      "heapFirst": 10,
      "heapLast": 10,
      "rssFirst": 10,
      "rssLast": 10
    },
    "A2": {
      "meanNs": 1000000,
      "standardErrorNs": 0,
      "ciLowerNs": 1000000,
      "ciUpperNs": 1000000,
      "iterationMaximumNs": 1000000,
      "samples": 25,
      "bytesPerOperation": 0,
      "setupWarmSeconds": 20.0,
      "setupWarmOperations": 1000,
      "bdnWarmSeconds": 30.0,
      "bdnWarmOperations": 30000,
      "actualSeconds": 25.0,
      "actualOperations": 25000,
      "boundaryJitMethods": 0.0,
      "interiorBoundaryJitMethods": 0,
      "boundaryCpuMs": 0.0,
      "boundaryGc0": 0.0,
      "boundaryGc1": 0.0,
      "boundaryGc2": 0.0,
      "maximumThreads": 0,
      "maximumPendingWork": 0,
      "heapFirst": 10,
      "heapLast": 10,
      "rssFirst": 10,
      "rssLast": 10
    }
  },
  "comparisons": {
    "candidateVsA1Percent": 0.0,
    "candidateVsA2Percent": 0.0,
    "controlDriftPercent": 0.0
  }
}


======================================================================
FAIL: test_acceptance_rejects_each_corrupted_emitted_statistic (test_pool_evidence_replay.PoolEvidenceReplayTests.test_acceptance_rejects_each_corrupted_emitted_statistic) (corrupt='maximum')
----------------------------------------------------------------------
Traceback (most recent call last):
  File "C:\git\Dekaf-worktrees\pr-3142-improve\.github\scripts\test_pool_evidence_replay.py", line 206, in test_acceptance_rejects_each_corrupted_emitted_statistic
    self.assertNotEqual(result.returncode, 0, result.stdout)
    ~~~~~~~~~~~~~~~~~~~^^^^^^^^^^^^^^^^^^^^^^^^^^^^^^^^^^^^^
AssertionError: 0 == 0 : {
  "verdict": "INCONCLUSIVE",
  "reason": "JIT activity persists across workload boundaries without method attribution; actual per-message latency, loaded CPU/completed throughput and sustained stability are missing.",
  "manifest": {
    "diagnostic": true
  },
  "verifiedHostFiles": 6,
  "verifiedLoadedBindings": 9,
  "phases": {
    "A1": {
      "meanNs": 1000000,
      "standardErrorNs": 0,
      "ciLowerNs": 1000000,
      "ciUpperNs": 1000000,
      "iterationMaximumNs": 1000000,
      "samples": 25,
      "bytesPerOperation": 0,
      "setupWarmSeconds": 20.0,
      "setupWarmOperations": 1000,
      "bdnWarmSeconds": 30.0,
      "bdnWarmOperations": 30000,
      "actualSeconds": 25.0,
      "actualOperations": 25000,
      "boundaryJitMethods": 0.0,
      "interiorBoundaryJitMethods": 0,
      "boundaryCpuMs": 0.0,
      "boundaryGc0": 0.0,
      "boundaryGc1": 0.0,
      "boundaryGc2": 0.0,
      "maximumThreads": 0,
      "maximumPendingWork": 0,
      "heapFirst": 10,
      "heapLast": 10,
      "rssFirst": 10,
      "rssLast": 10
    },
    "B": {
      "meanNs": 1000000,
      "standardErrorNs": 0,
      "ciLowerNs": 1000000,
      "ciUpperNs": 1000000,
      "iterationMaximumNs": 1000001,
      "samples": 25,
      "bytesPerOperation": 0,
      "setupWarmSeconds": 20.0,
      "setupWarmOperations": 1000,
      "bdnWarmSeconds": 30.0,
      "bdnWarmOperations": 30000,
      "actualSeconds": 25.0,
      "actualOperations": 25000,
      "boundaryJitMethods": 0.0,
      "interiorBoundaryJitMethods": 0,
      "boundaryCpuMs": 0.0,
      "boundaryGc0": 0.0,
      "boundaryGc1": 0.0,
      "boundaryGc2": 0.0,
      "maximumThreads": 0,
      "maximumPendingWork": 0,
      "heapFirst": 10,
      "heapLast": 10,
      "rssFirst": 10,
      "rssLast": 10
    },
    "A2": {
      "meanNs": 1000000,
      "standardErrorNs": 0,
      "ciLowerNs": 1000000,
      "ciUpperNs": 1000000,
      "iterationMaximumNs": 1000000,
      "samples": 25,
      "bytesPerOperation": 0,
      "setupWarmSeconds": 20.0,
      "setupWarmOperations": 1000,
      "bdnWarmSeconds": 30.0,
      "bdnWarmOperations": 30000,
      "actualSeconds": 25.0,
      "actualOperations": 25000,
      "boundaryJitMethods": 0.0,
      "interiorBoundaryJitMethods": 0,
      "boundaryCpuMs": 0.0,
      "boundaryGc0": 0.0,
      "boundaryGc1": 0.0,
      "boundaryGc2": 0.0,
      "maximumThreads": 0,
      "maximumPendingWork": 0,
      "heapFirst": 10,
      "heapLast": 10,
      "rssFirst": 10,
      "rssLast": 10
    }
  },
  "comparisons": {
    "candidateVsA1Percent": 0.0,
    "candidateVsA2Percent": 0.0,
    "controlDriftPercent": 0.0
  }
}


======================================================================
FAIL: test_acceptance_rejects_each_corrupted_emitted_statistic (test_pool_evidence_replay.PoolEvidenceReplayTests.test_acceptance_rejects_each_corrupted_emitted_statistic) (corrupt='lower')
----------------------------------------------------------------------
Traceback (most recent call last):
  File "C:\git\Dekaf-worktrees\pr-3142-improve\.github\scripts\test_pool_evidence_replay.py", line 206, in test_acceptance_rejects_each_corrupted_emitted_statistic
    self.assertNotEqual(result.returncode, 0, result.stdout)
    ~~~~~~~~~~~~~~~~~~~^^^^^^^^^^^^^^^^^^^^^^^^^^^^^^^^^^^^^
AssertionError: 0 == 0 : {
  "verdict": "INCONCLUSIVE",
  "reason": "JIT activity persists across workload boundaries without method attribution; actual per-message latency, loaded CPU/completed throughput and sustained stability are missing.",
  "manifest": {
    "diagnostic": true
  },
  "verifiedHostFiles": 6,
  "verifiedLoadedBindings": 9,
  "phases": {
    "A1": {
      "meanNs": 1000000,
      "standardErrorNs": 0,
      "ciLowerNs": 1000000,
      "ciUpperNs": 1000000,
      "iterationMaximumNs": 1000000,
      "samples": 25,
      "bytesPerOperation": 0,
      "setupWarmSeconds": 20.0,
      "setupWarmOperations": 1000,
      "bdnWarmSeconds": 30.0,
      "bdnWarmOperations": 30000,
      "actualSeconds": 25.0,
      "actualOperations": 25000,
      "boundaryJitMethods": 0.0,
      "interiorBoundaryJitMethods": 0,
      "boundaryCpuMs": 0.0,
      "boundaryGc0": 0.0,
      "boundaryGc1": 0.0,
      "boundaryGc2": 0.0,
      "maximumThreads": 0,
      "maximumPendingWork": 0,
      "heapFirst": 10,
      "heapLast": 10,
      "rssFirst": 10,
      "rssLast": 10
    },
    "B": {
      "meanNs": 1000000,
      "standardErrorNs": 0,
      "ciLowerNs": 999999,
      "ciUpperNs": 1000000,
      "iterationMaximumNs": 1000000,
      "samples": 25,
      "bytesPerOperation": 0,
      "setupWarmSeconds": 20.0,
      "setupWarmOperations": 1000,
      "bdnWarmSeconds": 30.0,
      "bdnWarmOperations": 30000,
      "actualSeconds": 25.0,
      "actualOperations": 25000,
      "boundaryJitMethods": 0.0,
      "interiorBoundaryJitMethods": 0,
      "boundaryCpuMs": 0.0,
      "boundaryGc0": 0.0,
      "boundaryGc1": 0.0,
      "boundaryGc2": 0.0,
      "maximumThreads": 0,
      "maximumPendingWork": 0,
      "heapFirst": 10,
      "heapLast": 10,
      "rssFirst": 10,
      "rssLast": 10
    },
    "A2": {
      "meanNs": 1000000,
      "standardErrorNs": 0,
      "ciLowerNs": 1000000,
      "ciUpperNs": 1000000,
      "iterationMaximumNs": 1000000,
      "samples": 25,
      "bytesPerOperation": 0,
      "setupWarmSeconds": 20.0,
      "setupWarmOperations": 1000,
      "bdnWarmSeconds": 30.0,
      "bdnWarmOperations": 30000,
      "actualSeconds": 25.0,
      "actualOperations": 25000,
      "boundaryJitMethods": 0.0,
      "interiorBoundaryJitMethods": 0,
      "boundaryCpuMs": 0.0,
      "boundaryGc0": 0.0,
      "boundaryGc1": 0.0,
      "boundaryGc2": 0.0,
      "maximumThreads": 0,
      "maximumPendingWork": 0,
      "heapFirst": 10,
      "heapLast": 10,
      "rssFirst": 10,
      "rssLast": 10
    }
  },
  "comparisons": {
    "candidateVsA1Percent": 0.0,
    "candidateVsA2Percent": 0.0,
    "controlDriftPercent": 0.0
  }
}


======================================================================
FAIL: test_acceptance_rejects_each_corrupted_emitted_statistic (test_pool_evidence_replay.PoolEvidenceReplayTests.test_acceptance_rejects_each_corrupted_emitted_statistic) (corrupt='upper')
----------------------------------------------------------------------
Traceback (most recent call last):
  File "C:\git\Dekaf-worktrees\pr-3142-improve\.github\scripts\test_pool_evidence_replay.py", line 206, in test_acceptance_rejects_each_corrupted_emitted_statistic
    self.assertNotEqual(result.returncode, 0, result.stdout)
    ~~~~~~~~~~~~~~~~~~~^^^^^^^^^^^^^^^^^^^^^^^^^^^^^^^^^^^^^
AssertionError: 0 == 0 : {
  "verdict": "INCONCLUSIVE",
  "reason": "JIT activity persists across workload boundaries without method attribution; actual per-message latency, loaded CPU/completed throughput and sustained stability are missing.",
  "manifest": {
    "diagnostic": true
  },
  "verifiedHostFiles": 6,
  "verifiedLoadedBindings": 9,
  "phases": {
    "A1": {
      "meanNs": 1000000,
      "standardErrorNs": 0,
      "ciLowerNs": 1000000,
      "ciUpperNs": 1000000,
      "iterationMaximumNs": 1000000,
      "samples": 25,
      "bytesPerOperation": 0,
      "setupWarmSeconds": 20.0,
      "setupWarmOperations": 1000,
      "bdnWarmSeconds": 30.0,
      "bdnWarmOperations": 30000,
      "actualSeconds": 25.0,
      "actualOperations": 25000,
      "boundaryJitMethods": 0.0,
      "interiorBoundaryJitMethods": 0,
      "boundaryCpuMs": 0.0,
      "boundaryGc0": 0.0,
      "boundaryGc1": 0.0,
      "boundaryGc2": 0.0,
      "maximumThreads": 0,
      "maximumPendingWork": 0,
      "heapFirst": 10,
      "heapLast": 10,
      "rssFirst": 10,
      "rssLast": 10
    },
    "B": {
      "meanNs": 1000000,
      "standardErrorNs": 0,
      "ciLowerNs": 1000000,
      "ciUpperNs": 1000001,
      "iterationMaximumNs": 1000000,
      "samples": 25,
      "bytesPerOperation": 0,
      "setupWarmSeconds": 20.0,
      "setupWarmOperations": 1000,
      "bdnWarmSeconds": 30.0,
      "bdnWarmOperations": 30000,
      "actualSeconds": 25.0,
      "actualOperations": 25000,
      "boundaryJitMethods": 0.0,
      "interiorBoundaryJitMethods": 0,
      "boundaryCpuMs": 0.0,
      "boundaryGc0": 0.0,
      "boundaryGc1": 0.0,
      "boundaryGc2": 0.0,
      "maximumThreads": 0,
      "maximumPendingWork": 0,
      "heapFirst": 10,
      "heapLast": 10,
      "rssFirst": 10,
      "rssLast": 10
    },
    "A2": {
      "meanNs": 1000000,
      "standardErrorNs": 0,
      "ciLowerNs": 1000000,
      "ciUpperNs": 1000000,
      "iterationMaximumNs": 1000000,
      "samples": 25,
      "bytesPerOperation": 0,
      "setupWarmSeconds": 20.0,
      "setupWarmOperations": 1000,
      "bdnWarmSeconds": 30.0,
      "bdnWarmOperations": 30000,
      "actualSeconds": 25.0,
      "actualOperations": 25000,
      "boundaryJitMethods": 0.0,
      "interiorBoundaryJitMethods": 0,
      "boundaryCpuMs": 0.0,
      "boundaryGc0": 0.0,
      "boundaryGc1": 0.0,
      "boundaryGc2": 0.0,
      "maximumThreads": 0,
      "maximumPendingWork": 0,
      "heapFirst": 10,
      "heapLast": 10,
      "rssFirst": 10,
      "rssLast": 10
    }
  },
  "comparisons": {
    "candidateVsA1Percent": 0.0,
    "candidateVsA2Percent": 0.0,
    "controlDriftPercent": 0.0
  }
}


======================================================================
FAIL: test_acceptance_rejects_each_corrupted_emitted_statistic (test_pool_evidence_replay.PoolEvidenceReplayTests.test_acceptance_rejects_each_corrupted_emitted_statistic) (corrupt='margin')
----------------------------------------------------------------------
Traceback (most recent call last):
  File "C:\git\Dekaf-worktrees\pr-3142-improve\.github\scripts\test_pool_evidence_replay.py", line 206, in test_acceptance_rejects_each_corrupted_emitted_statistic
    self.assertNotEqual(result.returncode, 0, result.stdout)
    ~~~~~~~~~~~~~~~~~~~^^^^^^^^^^^^^^^^^^^^^^^^^^^^^^^^^^^^^
AssertionError: 0 == 0 : {
  "verdict": "INCONCLUSIVE",
  "reason": "JIT activity persists across workload boundaries without method attribution; actual per-message latency, loaded CPU/completed throughput and sustained stability are missing.",
  "manifest": {
    "diagnostic": true
  },
  "verifiedHostFiles": 6,
  "verifiedLoadedBindings": 9,
  "phases": {
    "A1": {
      "meanNs": 1000000,
      "standardErrorNs": 0,
      "ciLowerNs": 1000000,
      "ciUpperNs": 1000000,
      "iterationMaximumNs": 1000000,
      "samples": 25,
      "bytesPerOperation": 0,
      "setupWarmSeconds": 20.0,
      "setupWarmOperations": 1000,
      "bdnWarmSeconds": 30.0,
      "bdnWarmOperations": 30000,
      "actualSeconds": 25.0,
      "actualOperations": 25000,
      "boundaryJitMethods": 0.0,
      "interiorBoundaryJitMethods": 0,
      "boundaryCpuMs": 0.0,
      "boundaryGc0": 0.0,
      "boundaryGc1": 0.0,
      "boundaryGc2": 0.0,
      "maximumThreads": 0,
      "maximumPendingWork": 0,
      "heapFirst": 10,
      "heapLast": 10,
      "rssFirst": 10,
      "rssLast": 10
    },
    "B": {
      "meanNs": 1000000,
      "standardErrorNs": 0,
      "ciLowerNs": 1000000,
      "ciUpperNs": 1000000,
      "iterationMaximumNs": 1000000,
      "samples": 25,
      "bytesPerOperation": 0,
      "setupWarmSeconds": 20.0,
      "setupWarmOperations": 1000,
      "bdnWarmSeconds": 30.0,
      "bdnWarmOperations": 30000,
      "actualSeconds": 25.0,
      "actualOperations": 25000,
      "boundaryJitMethods": 0.0,
      "interiorBoundaryJitMethods": 0,
      "boundaryCpuMs": 0.0,
      "boundaryGc0": 0.0,
      "boundaryGc1": 0.0,
      "boundaryGc2": 0.0,
      "maximumThreads": 0,
      "maximumPendingWork": 0,
      "heapFirst": 10,
      "heapLast": 10,
      "rssFirst": 10,
      "rssLast": 10
    },
    "A2": {
      "meanNs": 1000000,
      "standardErrorNs": 0,
      "ciLowerNs": 1000000,
      "ciUpperNs": 1000000,
      "iterationMaximumNs": 1000000,
      "samples": 25,
      "bytesPerOperation": 0,
      "setupWarmSeconds": 20.0,
      "setupWarmOperations": 1000,
      "bdnWarmSeconds": 30.0,
      "bdnWarmOperations": 30000,
      "actualSeconds": 25.0,
      "actualOperations": 25000,
      "boundaryJitMethods": 0.0,
      "interiorBoundaryJitMethods": 0,
      "boundaryCpuMs": 0.0,
      "boundaryGc0": 0.0,
      "boundaryGc1": 0.0,
      "boundaryGc2": 0.0,
      "maximumThreads": 0,
      "maximumPendingWork": 0,
      "heapFirst": 10,
      "heapLast": 10,
      "rssFirst": 10,
      "rssLast": 10
    }
  },
  "comparisons": {
    "candidateVsA1Percent": 0.0,
    "candidateVsA2Percent": 0.0,
    "controlDriftPercent": 0.0
  }
}


======================================================================
FAIL: test_acceptance_rejects_each_corrupted_emitted_statistic (test_pool_evidence_replay.PoolEvidenceReplayTests.test_acceptance_rejects_each_corrupted_emitted_statistic) (corrupt='level')
----------------------------------------------------------------------
Traceback (most recent call last):
  File "C:\git\Dekaf-worktrees\pr-3142-improve\.github\scripts\test_pool_evidence_replay.py", line 206, in test_acceptance_rejects_each_corrupted_emitted_statistic
    self.assertNotEqual(result.returncode, 0, result.stdout)
    ~~~~~~~~~~~~~~~~~~~^^^^^^^^^^^^^^^^^^^^^^^^^^^^^^^^^^^^^
AssertionError: 0 == 0 : {
  "verdict": "INCONCLUSIVE",
  "reason": "JIT activity persists across workload boundaries without method attribution; actual per-message latency, loaded CPU/completed throughput and sustained stability are missing.",
  "manifest": {
    "diagnostic": true
  },
  "verifiedHostFiles": 6,
  "verifiedLoadedBindings": 9,
  "phases": {
    "A1": {
      "meanNs": 1000000,
      "standardErrorNs": 0,
      "ciLowerNs": 1000000,
      "ciUpperNs": 1000000,
      "iterationMaximumNs": 1000000,
      "samples": 25,
      "bytesPerOperation": 0,
      "setupWarmSeconds": 20.0,
      "setupWarmOperations": 1000,
      "bdnWarmSeconds": 30.0,
      "bdnWarmOperations": 30000,
      "actualSeconds": 25.0,
      "actualOperations": 25000,
      "boundaryJitMethods": 0.0,
      "interiorBoundaryJitMethods": 0,
      "boundaryCpuMs": 0.0,
      "boundaryGc0": 0.0,
      "boundaryGc1": 0.0,
      "boundaryGc2": 0.0,
      "maximumThreads": 0,
      "maximumPendingWork": 0,
      "heapFirst": 10,
      "heapLast": 10,
      "rssFirst": 10,
      "rssLast": 10
    },
    "B": {
      "meanNs": 1000000,
      "standardErrorNs": 0,
      "ciLowerNs": 1000000,
      "ciUpperNs": 1000000,
      "iterationMaximumNs": 1000000,
      "samples": 25,
      "bytesPerOperation": 0,
      "setupWarmSeconds": 20.0,
      "setupWarmOperations": 1000,
      "bdnWarmSeconds": 30.0,
      "bdnWarmOperations": 30000,
      "actualSeconds": 25.0,
      "actualOperations": 25000,
      "boundaryJitMethods": 0.0,
      "interiorBoundaryJitMethods": 0,
      "boundaryCpuMs": 0.0,
      "boundaryGc0": 0.0,
      "boundaryGc1": 0.0,
      "boundaryGc2": 0.0,
      "maximumThreads": 0,
      "maximumPendingWork": 0,
      "heapFirst": 10,
      "heapLast": 10,
      "rssFirst": 10,
      "rssLast": 10
    },
    "A2": {
      "meanNs": 1000000,
      "standardErrorNs": 0,
      "ciLowerNs": 1000000,
      "ciUpperNs": 1000000,
      "iterationMaximumNs": 1000000,
      "samples": 25,
      "bytesPerOperation": 0,
      "setupWarmSeconds": 20.0,
      "setupWarmOperations": 1000,
      "bdnWarmSeconds": 30.0,
      "bdnWarmOperations": 30000,
      "actualSeconds": 25.0,
      "actualOperations": 25000,
      "boundaryJitMethods": 0.0,
      "interiorBoundaryJitMethods": 0,
      "boundaryCpuMs": 0.0,
      "boundaryGc0": 0.0,
      "boundaryGc1": 0.0,
      "boundaryGc2": 0.0,
      "maximumThreads": 0,
      "maximumPendingWork": 0,
      "heapFirst": 10,
      "heapLast": 10,
      "rssFirst": 10,
      "rssLast": 10
    }
  },
  "comparisons": {
    "candidateVsA1Percent": 0.0,
    "candidateVsA2Percent": 0.0,
    "controlDriftPercent": 0.0
  }
}


======================================================================
FAIL: test_acceptance_rejects_each_corrupted_emitted_statistic (test_pool_evidence_replay.PoolEvidenceReplayTests.test_acceptance_rejects_each_corrupted_emitted_statistic) (corrupt='interval-error')
----------------------------------------------------------------------
Traceback (most recent call last):
  File "C:\git\Dekaf-worktrees\pr-3142-improve\.github\scripts\test_pool_evidence_replay.py", line 206, in test_acceptance_rejects_each_corrupted_emitted_statistic
    self.assertNotEqual(result.returncode, 0, result.stdout)
    ~~~~~~~~~~~~~~~~~~~^^^^^^^^^^^^^^^^^^^^^^^^^^^^^^^^^^^^^
AssertionError: 0 == 0 : {
  "verdict": "INCONCLUSIVE",
  "reason": "JIT activity persists across workload boundaries without method attribution; actual per-message latency, loaded CPU/completed throughput and sustained stability are missing.",
  "manifest": {
    "diagnostic": true
  },
  "verifiedHostFiles": 6,
  "verifiedLoadedBindings": 9,
  "phases": {
    "A1": {
      "meanNs": 1000000,
      "standardErrorNs": 0,
      "ciLowerNs": 1000000,
      "ciUpperNs": 1000000,
      "iterationMaximumNs": 1000000,
      "samples": 25,
      "bytesPerOperation": 0,
      "setupWarmSeconds": 20.0,
      "setupWarmOperations": 1000,
      "bdnWarmSeconds": 30.0,
      "bdnWarmOperations": 30000,
      "actualSeconds": 25.0,
      "actualOperations": 25000,
      "boundaryJitMethods": 0.0,
      "interiorBoundaryJitMethods": 0,
      "boundaryCpuMs": 0.0,
      "boundaryGc0": 0.0,
      "boundaryGc1": 0.0,
      "boundaryGc2": 0.0,
      "maximumThreads": 0,
      "maximumPendingWork": 0,
      "heapFirst": 10,
      "heapLast": 10,
      "rssFirst": 10,
      "rssLast": 10
    },
    "B": {
      "meanNs": 1000000,
      "standardErrorNs": 0,
      "ciLowerNs": 1000000,
      "ciUpperNs": 1000000,
      "iterationMaximumNs": 1000000,
      "samples": 25,
      "bytesPerOperation": 0,
      "setupWarmSeconds": 20.0,
      "setupWarmOperations": 1000,
      "bdnWarmSeconds": 30.0,
      "bdnWarmOperations": 30000,
      "actualSeconds": 25.0,
      "actualOperations": 25000,
      "boundaryJitMethods": 0.0,
      "interiorBoundaryJitMethods": 0,
      "boundaryCpuMs": 0.0,
      "boundaryGc0": 0.0,
      "boundaryGc1": 0.0,
      "boundaryGc2": 0.0,
      "maximumThreads": 0,
      "maximumPendingWork": 0,
      "heapFirst": 10,
      "heapLast": 10,
      "rssFirst": 10,
      "rssLast": 10
    },
    "A2": {
      "meanNs": 1000000,
      "standardErrorNs": 0,
      "ciLowerNs": 1000000,
      "ciUpperNs": 1000000,
      "iterationMaximumNs": 1000000,
      "samples": 25,
      "bytesPerOperation": 0,
      "setupWarmSeconds": 20.0,
      "setupWarmOperations": 1000,
      "bdnWarmSeconds": 30.0,
      "bdnWarmOperations": 30000,
      "actualSeconds": 25.0,
      "actualOperations": 25000,
      "boundaryJitMethods": 0.0,
      "interiorBoundaryJitMethods": 0,
      "boundaryCpuMs": 0.0,
      "boundaryGc0": 0.0,
      "boundaryGc1": 0.0,
      "boundaryGc2": 0.0,
      "maximumThreads": 0,
      "maximumPendingWork": 0,
      "heapFirst": 10,
      "heapLast": 10,
      "rssFirst": 10,
      "rssLast": 10
    }
  },
  "comparisons": {
    "candidateVsA1Percent": 0.0,
    "candidateVsA2Percent": 0.0,
    "controlDriftPercent": 0.0
  }
}


======================================================================
FAIL: test_acceptance_rejects_each_corrupted_emitted_statistic (test_pool_evidence_replay.PoolEvidenceReplayTests.test_acceptance_rejects_each_corrupted_emitted_statistic) (corrupt='nonfinite')
----------------------------------------------------------------------
Traceback (most recent call last):
  File "C:\git\Dekaf-worktrees\pr-3142-improve\.github\scripts\test_pool_evidence_replay.py", line 206, in test_acceptance_rejects_each_corrupted_emitted_statistic
    self.assertNotEqual(result.returncode, 0, result.stdout)
    ~~~~~~~~~~~~~~~~~~~^^^^^^^^^^^^^^^^^^^^^^^^^^^^^^^^^^^^^
AssertionError: 0 == 0 : {
  "verdict": "INCONCLUSIVE",
  "reason": "JIT activity persists across workload boundaries without method attribution; actual per-message latency, loaded CPU/completed throughput and sustained stability are missing.",
  "manifest": {
    "diagnostic": true
  },
  "verifiedHostFiles": 6,
  "verifiedLoadedBindings": 9,
  "phases": {
    "A1": {
      "meanNs": 1000000,
      "standardErrorNs": 0,
      "ciLowerNs": 1000000,
      "ciUpperNs": 1000000,
      "iterationMaximumNs": 1000000,
      "samples": 25,
      "bytesPerOperation": 0,
      "setupWarmSeconds": 20.0,
      "setupWarmOperations": 1000,
      "bdnWarmSeconds": 30.0,
      "bdnWarmOperations": 30000,
      "actualSeconds": 25.0,
      "actualOperations": 25000,
      "boundaryJitMethods": 0.0,
      "interiorBoundaryJitMethods": 0,
      "boundaryCpuMs": 0.0,
      "boundaryGc0": 0.0,
      "boundaryGc1": 0.0,
      "boundaryGc2": 0.0,
      "maximumThreads": 0,
      "maximumPendingWork": 0,
      "heapFirst": 10,
      "heapLast": 10,
      "rssFirst": 10,
      "rssLast": 10
    },
    "B": {
      "meanNs": 1000000,
      "standardErrorNs": 0,
      "ciLowerNs": 1000000,
      "ciUpperNs": 1000000,
      "iterationMaximumNs": NaN,
      "samples": 25,
      "bytesPerOperation": 0,
      "setupWarmSeconds": 20.0,
      "setupWarmOperations": 1000,
      "bdnWarmSeconds": 30.0,
      "bdnWarmOperations": 30000,
      "actualSeconds": 25.0,
      "actualOperations": 25000,
      "boundaryJitMethods": 0.0,
      "interiorBoundaryJitMethods": 0,
      "boundaryCpuMs": 0.0,
      "boundaryGc0": 0.0,
      "boundaryGc1": 0.0,
      "boundaryGc2": 0.0,
      "maximumThreads": 0,
      "maximumPendingWork": 0,
      "heapFirst": 10,
      "heapLast": 10,
      "rssFirst": 10,
      "rssLast": 10
    },
    "A2": {
      "meanNs": 1000000,
      "standardErrorNs": 0,
      "ciLowerNs": 1000000,
      "ciUpperNs": 1000000,
      "iterationMaximumNs": 1000000,
      "samples": 25,
      "bytesPerOperation": 0,
      "setupWarmSeconds": 20.0,
      "setupWarmOperations": 1000,
      "bdnWarmSeconds": 30.0,
      "bdnWarmOperations": 30000,
      "actualSeconds": 25.0,
      "actualOperations": 25000,
      "boundaryJitMethods": 0.0,
      "interiorBoundaryJitMethods": 0,
      "boundaryCpuMs": 0.0,
      "boundaryGc0": 0.0,
      "boundaryGc1": 0.0,
      "boundaryGc2": 0.0,
      "maximumThreads": 0,
      "maximumPendingWork": 0,
      "heapFirst": 10,
      "heapLast": 10,
      "rssFirst": 10,
      "rssLast": 10
    }
  },
  "comparisons": {
    "candidateVsA1Percent": 0.0,
    "candidateVsA2Percent": 0.0,
    "controlDriftPercent": 0.0
  }
}


----------------------------------------------------------------------
Ran 9 tests in 5.963s

FAILED (failures=8)
