{
  "verdict": "INCONCLUSIVE",
  "reason": "JIT activity persists across workload boundaries without method attribution; actual per-message latency, loaded CPU/completed throughput and sustained stability are missing.",
  "manifest": {
    "A": "9eec358dad2a081dedbbfc75f02aee743e6bdad9",
    "B": "4479317a650ea51a2a2ecdc0ccf5a7de8fb51c7d",
    "harness": "b26ffdc9070cc68ceaca07bf4193f334df6b2744",
    "mainAtRun": "9eec358dad2a081dedbbfc75f02aee743e6bdad9\trefs/heads/main",
    "imageVersion": "20260831.293.1",
    "imageOS": "ubuntu24",
    "runnerName": "GitHub Actions 1000435504",
    "settings": {
      "DOTNET_TieredCompilation": "1",
      "DOTNET_TieredPGO": "1",
      "DOTNET_ReadyToRun": "1"
    }
  },
  "verifiedHostFiles": 80,
  "verifiedLoadedBindings": 9,
  "phases": {
    "A1": {
      "meanNs": 48.854648830008024,
      "standardErrorNs": 0.03618849379394574,
      "ciLowerNs": 48.719108495361,
      "ciUpperNs": 48.99018916465505,
      "iterationMaximumNs": 49.578234333639635,
      "samples": 25,
      "bytesPerOperation": 0,
      "setupWarmSeconds": 20.000365,
      "setupWarmOperations": 147100336,
      "bdnWarmSeconds": 29.741161664,
      "bdnWarmOperations": 577727040,
      "actualSeconds": 24.710805524,
      "actualOperations": 481439200,
      "boundaryJitMethods": 57.0,
      "interiorBoundaryJitMethods": 36,
      "boundaryCpuMs": 24804.877,
      "boundaryGc0": 100.0,
      "boundaryGc1": 100.0,
      "boundaryGc2": 100.0,
      "maximumThreads": 0,
      "maximumPendingWork": 0,
      "heapFirst": 422760,
      "heapLast": 427496,
      "rssFirst": 85835776,
      "rssLast": 87920640
    },
    "B": {
      "meanNs": 44.213576685688764,
      "standardErrorNs": 0.021619955046148574,
      "ciLowerNs": 44.1326013359355,
      "ciUpperNs": 44.29455203544203,
      "iterationMaximumNs": 44.51336219130079,
      "samples": 25,
      "bytesPerOperation": 0,
      "setupWarmSeconds": 20.000006,
      "setupWarmOperations": 153269023,
      "bdnWarmSeconds": 29.781642126,
      "bdnWarmOperations": 634209600,
      "actualSeconds": 24.670232812,
      "actualOperations": 528508000,
      "boundaryJitMethods": 47.0,
      "interiorBoundaryJitMethods": 36,
      "boundaryCpuMs": 24752.005999999994,
      "boundaryGc0": 100.0,
      "boundaryGc1": 100.0,
      "boundaryGc2": 100.0,
      "maximumThreads": 0,
      "maximumPendingWork": 0,
      "heapFirst": 423456,
      "heapLast": 428888,
      "rssFirst": 86577152,
      "rssLast": 85811200
    },
    "A2": {
      "meanNs": 48.732144762284406,
      "standardErrorNs": 0.01428440575773173,
      "ciLowerNs": 48.67864396869899,
      "ciUpperNs": 48.78564555586982,
      "iterationMaximumNs": 48.9160073449262,
      "samples": 25,
      "bytesPerOperation": 0,
      "setupWarmSeconds": 20.000004,
      "setupWarmOperations": 147459578,
      "bdnWarmSeconds": 29.829653369,
      "bdnWarmOperations": 580384320,
      "actualSeconds": 24.75192735,
      "actualOperations": 483653600,
      "boundaryJitMethods": 43.0,
      "interiorBoundaryJitMethods": 34,
      "boundaryCpuMs": 24833.920000000006,
      "boundaryGc0": 100.0,
      "boundaryGc1": 100.0,
      "boundaryGc2": 100.0,
      "maximumThreads": 0,
      "maximumPendingWork": 0,
      "heapFirst": 423656,
      "heapLast": 429344,
      "rssFirst": 85700608,
      "rssLast": 87769088
    }
  },
  "comparisons": {
    "candidateVsA1Percent": -9.499755408063793,
    "candidateVsA2Percent": -9.272253660570929,
    "controlDriftPercent": -0.2507521201306262
  }
}
