// Validating benchmarks:
// ***** BenchmarkRunner: Start   *****
// ***** Found 4 benchmark(s) in total *****
// ***** Building 1 exe(s) in Parallel: Start   *****
// ***** Done, took 00:00:00 (0.05 sec)   *****
// Found 4 benchmarks:
//   PartitionedLifetimeBenchmarks.ProcessLifetime: DryB(OutlierMode=DontRemove, Toolchain=InProcessEmitToolchain, IterationCount=1, LaunchCount=1, RunStrategy=ColdStart, UnrollFactor=1, WarmupCount=1) [Mode=KeyRecordsDistinct]
//   PartitionedLifetimeBenchmarks.ProcessLifetime: DryB(OutlierMode=DontRemove, Toolchain=InProcessEmitToolchain, IterationCount=1, LaunchCount=1, RunStrategy=ColdStart, UnrollFactor=1, WarmupCount=1) [Mode=KeyBatchesDistinct]
//   PartitionedLifetimeBenchmarks.ProcessLifetime: DryB(OutlierMode=DontRemove, Toolchain=InProcessEmitToolchain, IterationCount=1, LaunchCount=1, RunStrategy=ColdStart, UnrollFactor=1, WarmupCount=1) [Mode=KeyRecordsPaired]
//   PartitionedLifetimeBenchmarks.ProcessLifetime: DryB(OutlierMode=DontRemove, Toolchain=InProcessEmitToolchain, IterationCount=1, LaunchCount=1, RunStrategy=ColdStart, UnrollFactor=1, WarmupCount=1) [Mode=KeyBatchesPaired]

// **************************
// Benchmark: PartitionedLifetimeBenchmarks.ProcessLifetime: DryB(OutlierMode=DontRemove, Toolchain=InProcessEmitToolchain, IterationCount=1, LaunchCount=1, RunStrategy=ColdStart, UnrollFactor=1, WarmupCount=1) [Mode=KeyRecordsDistinct]
// *** Execute ***
// Launch: 1 / 1
// ! Failed to set up priority High for process System.Diagnostics.Process (dotnet). Make sure you have the right permissions. Message: Permission denied

// Benchmark Process Environment Information:
// BenchmarkDotNet v0.15.8
// Runtime=.NET 10.0.11 (10.0.11, 10.0.1126.37416), X64 RyuJIT x86-64-v4
// GC=Concurrent Workstation
// HardwareIntrinsics=AVX10v1,AVX512 BF16+FP16,AVX512 BITALG+VBMI2+VNNI+VPOPCNTDQ,AVX512 IFMA+VBMI,AVX512 F+BW+CD+DQ+VL,AVX2+BMI1+BMI2+F16C+FMA+LZCNT+MOVBE,AVX,SSE3+SSSE3+SSE4.1+SSE4.2+POPCNT,X86Base+SSE+SSE2,AES+PCLMUL,AvxVnni,SERIALIZE VectorSize=256
// Job: Job-XVLBGX(OutlierMode=DontRemove, Toolchain=InProcessEmitToolchain, IterationCount=1, LaunchCount=1, RunStrategy=ColdStart, UnrollFactor=1, WarmupCount=1)

WorkloadActual   1: 262144 op, 57286647.00 ns, 218.5312 ns/op

WorkloadResult   1: 262144 op, 57286647.00 ns, 218.5312 ns/op
// GC:  0 0 0 46920 262144
// Threading:  0 0 262144


Mean = 218.531 ns, StdErr = 0.000 ns (0.00%), N = 1, StdDev = 0.000 ns
Min = 218.531 ns, Q1 = 218.531 ns, Median = 218.531 ns, Q3 = 218.531 ns, Max = 218.531 ns
IQR = 0.000 ns, LowerFence = 218.531 ns, UpperFence = 218.531 ns
ConfidenceInterval = [NaN ns; NaN ns] (CI 99.9%), Margin = NaN ns (NaN% of Mean)
Skewness = NaN, Kurtosis = NaN, MValue = 2

// ** Remained 3 (75.0 %) benchmark(s) to run. Estimated finish 2026-09-07 17:03 (0h 0m from now) **
// **************************
// Benchmark: PartitionedLifetimeBenchmarks.ProcessLifetime: DryB(OutlierMode=DontRemove, Toolchain=InProcessEmitToolchain, IterationCount=1, LaunchCount=1, RunStrategy=ColdStart, UnrollFactor=1, WarmupCount=1) [Mode=KeyBatchesDistinct]
// *** Execute ***
// Launch: 1 / 1
// ! Failed to set up priority High for process System.Diagnostics.Process (dotnet). Make sure you have the right permissions. Message: Permission denied

// Benchmark Process Environment Information:
// BenchmarkDotNet v0.15.8
// Runtime=.NET 10.0.11 (10.0.11, 10.0.1126.37416), X64 RyuJIT x86-64-v4
// GC=Concurrent Workstation
// HardwareIntrinsics=AVX10v1,AVX512 BF16+FP16,AVX512 BITALG+VBMI2+VNNI+VPOPCNTDQ,AVX512 IFMA+VBMI,AVX512 F+BW+CD+DQ+VL,AVX2+BMI1+BMI2+F16C+FMA+LZCNT+MOVBE,AVX,SSE3+SSSE3+SSE4.1+SSE4.2+POPCNT,X86Base+SSE+SSE2,AES+PCLMUL,AvxVnni,SERIALIZE VectorSize=256
// Job: Job-XVLBGX(OutlierMode=DontRemove, Toolchain=InProcessEmitToolchain, IterationCount=1, LaunchCount=1, RunStrategy=ColdStart, UnrollFactor=1, WarmupCount=1)

WorkloadActual   1: 262144 op, 55505652.00 ns, 211.7373 ns/op

WorkloadResult   1: 262144 op, 55505652.00 ns, 211.7373 ns/op
// GC:  0 0 0 48296 262144
// Threading:  0 0 262144


Mean = 211.737 ns, StdErr = 0.000 ns (0.00%), N = 1, StdDev = 0.000 ns
Min = 211.737 ns, Q1 = 211.737 ns, Median = 211.737 ns, Q3 = 211.737 ns, Max = 211.737 ns
IQR = 0.000 ns, LowerFence = 211.737 ns, UpperFence = 211.737 ns
ConfidenceInterval = [NaN ns; NaN ns] (CI 99.9%), Margin = NaN ns (NaN% of Mean)
Skewness = NaN, Kurtosis = NaN, MValue = 2

// ** Remained 2 (50.0 %) benchmark(s) to run. Estimated finish 2026-09-07 17:03 (0h 0m from now) **
// **************************
// Benchmark: PartitionedLifetimeBenchmarks.ProcessLifetime: DryB(OutlierMode=DontRemove, Toolchain=InProcessEmitToolchain, IterationCount=1, LaunchCount=1, RunStrategy=ColdStart, UnrollFactor=1, WarmupCount=1) [Mode=KeyRecordsPaired]
// *** Execute ***
// Launch: 1 / 1
// ! Failed to set up priority High for process System.Diagnostics.Process (dotnet). Make sure you have the right permissions. Message: Permission denied

// Benchmark Process Environment Information:
// BenchmarkDotNet v0.15.8
// Runtime=.NET 10.0.11 (10.0.11, 10.0.1126.37416), X64 RyuJIT x86-64-v4
// GC=Concurrent Workstation
// HardwareIntrinsics=AVX10v1,AVX512 BF16+FP16,AVX512 BITALG+VBMI2+VNNI+VPOPCNTDQ,AVX512 IFMA+VBMI,AVX512 F+BW+CD+DQ+VL,AVX2+BMI1+BMI2+F16C+FMA+LZCNT+MOVBE,AVX,SSE3+SSSE3+SSE4.1+SSE4.2+POPCNT,X86Base+SSE+SSE2,AES+PCLMUL,AvxVnni,SERIALIZE VectorSize=256
// Job: Job-XVLBGX(OutlierMode=DontRemove, Toolchain=InProcessEmitToolchain, IterationCount=1, LaunchCount=1, RunStrategy=ColdStart, UnrollFactor=1, WarmupCount=1)

WorkloadActual   1: 262144 op, 59157006.00 ns, 225.6661 ns/op

WorkloadResult   1: 262144 op, 59157006.00 ns, 225.6661 ns/op
// GC:  0 0 0 47288 262144
// Threading:  0 0 262144


Mean = 225.666 ns, StdErr = 0.000 ns (0.00%), N = 1, StdDev = 0.000 ns
Min = 225.666 ns, Q1 = 225.666 ns, Median = 225.666 ns, Q3 = 225.666 ns, Max = 225.666 ns
IQR = 0.000 ns, LowerFence = 225.666 ns, UpperFence = 225.666 ns
ConfidenceInterval = [NaN ns; NaN ns] (CI 99.9%), Margin = NaN ns (NaN% of Mean)
Skewness = NaN, Kurtosis = NaN, MValue = 2

// ** Remained 1 (25.0 %) benchmark(s) to run. Estimated finish 2026-09-07 17:03 (0h 0m from now) **
// **************************
// Benchmark: PartitionedLifetimeBenchmarks.ProcessLifetime: DryB(OutlierMode=DontRemove, Toolchain=InProcessEmitToolchain, IterationCount=1, LaunchCount=1, RunStrategy=ColdStart, UnrollFactor=1, WarmupCount=1) [Mode=KeyBatchesPaired]
// *** Execute ***
// Launch: 1 / 1
// ! Failed to set up priority High for process System.Diagnostics.Process (dotnet). Make sure you have the right permissions. Message: Permission denied

// Benchmark Process Environment Information:
// BenchmarkDotNet v0.15.8
// Runtime=.NET 10.0.11 (10.0.11, 10.0.1126.37416), X64 RyuJIT x86-64-v4
// GC=Concurrent Workstation
// HardwareIntrinsics=AVX10v1,AVX512 BF16+FP16,AVX512 BITALG+VBMI2+VNNI+VPOPCNTDQ,AVX512 IFMA+VBMI,AVX512 F+BW+CD+DQ+VL,AVX2+BMI1+BMI2+F16C+FMA+LZCNT+MOVBE,AVX,SSE3+SSSE3+SSE4.1+SSE4.2+POPCNT,X86Base+SSE+SSE2,AES+PCLMUL,AvxVnni,SERIALIZE VectorSize=256
// Job: Job-XVLBGX(OutlierMode=DontRemove, Toolchain=InProcessEmitToolchain, IterationCount=1, LaunchCount=1, RunStrategy=ColdStart, UnrollFactor=1, WarmupCount=1)

WorkloadActual   1: 262144 op, 58085266.00 ns, 221.5777 ns/op

WorkloadResult   1: 262144 op, 58085266.00 ns, 221.5777 ns/op
// GC:  0 0 0 50040 262144
// Threading:  0 0 262144


Mean = 221.578 ns, StdErr = 0.000 ns (0.00%), N = 1, StdDev = 0.000 ns
Min = 221.578 ns, Q1 = 221.578 ns, Median = 221.578 ns, Q3 = 221.578 ns, Max = 221.578 ns
IQR = 0.000 ns, LowerFence = 221.578 ns, UpperFence = 221.578 ns
ConfidenceInterval = [NaN ns; NaN ns] (CI 99.9%), Margin = NaN ns (NaN% of Mean)
Skewness = NaN, Kurtosis = NaN, MValue = 2

// ** Remained 0 (0.0 %) benchmark(s) to run. Estimated finish 2026-09-07 17:03 (0h 0m from now) **
// ***** BenchmarkRunner: Finish  *****

// * Export *
  home/runner/work/Dekaf/Dekaf/aba-results/dry-B/results/Dekaf.Benchmarks.PartitionedLifetimeBenchmarks-report.csv
  home/runner/work/Dekaf/Dekaf/aba-results/dry-B/results/Dekaf.Benchmarks.PartitionedLifetimeBenchmarks-report-github.md
  home/runner/work/Dekaf/Dekaf/aba-results/dry-B/results/Dekaf.Benchmarks.PartitionedLifetimeBenchmarks-report.html
  home/runner/work/Dekaf/Dekaf/aba-results/dry-B/results/Dekaf.Benchmarks.PartitionedLifetimeBenchmarks-report-full.json

// * Detailed results *
PartitionedLifetimeBenchmarks.ProcessLifetime: DryB(OutlierMode=DontRemove, Toolchain=InProcessEmitToolchain, IterationCount=1, LaunchCount=1, RunStrategy=ColdStart, UnrollFactor=1, WarmupCount=1) [Mode=KeyRecordsDistinct]
Runtime = ; GC = 
Mean = 218.531 ns, StdErr = 0.000 ns (0.00%), N = 1, StdDev = 0.000 ns
Min = 218.531 ns, Q1 = 218.531 ns, Median = 218.531 ns, Q3 = 218.531 ns, Max = 218.531 ns
IQR = 0.000 ns, LowerFence = 218.531 ns, UpperFence = 218.531 ns
ConfidenceInterval = [NaN ns; NaN ns] (CI 99.9%), Margin = NaN ns (NaN% of Mean)
Skewness = NaN, Kurtosis = NaN, MValue = 2
-------------------- Histogram --------------------
[218.031 ns ; 219.031 ns) | @
---------------------------------------------------

PartitionedLifetimeBenchmarks.ProcessLifetime: DryB(OutlierMode=DontRemove, Toolchain=InProcessEmitToolchain, IterationCount=1, LaunchCount=1, RunStrategy=ColdStart, UnrollFactor=1, WarmupCount=1) [Mode=KeyBatchesDistinct]
Runtime = ; GC = 
Mean = 211.737 ns, StdErr = 0.000 ns (0.00%), N = 1, StdDev = 0.000 ns
Min = 211.737 ns, Q1 = 211.737 ns, Median = 211.737 ns, Q3 = 211.737 ns, Max = 211.737 ns
IQR = 0.000 ns, LowerFence = 211.737 ns, UpperFence = 211.737 ns
ConfidenceInterval = [NaN ns; NaN ns] (CI 99.9%), Margin = NaN ns (NaN% of Mean)
Skewness = NaN, Kurtosis = NaN, MValue = 2
-------------------- Histogram --------------------
[211.237 ns ; 212.237 ns) | @
---------------------------------------------------

PartitionedLifetimeBenchmarks.ProcessLifetime: DryB(OutlierMode=DontRemove, Toolchain=InProcessEmitToolchain, IterationCount=1, LaunchCount=1, RunStrategy=ColdStart, UnrollFactor=1, WarmupCount=1) [Mode=KeyRecordsPaired]
Runtime = ; GC = 
Mean = 225.666 ns, StdErr = 0.000 ns (0.00%), N = 1, StdDev = 0.000 ns
Min = 225.666 ns, Q1 = 225.666 ns, Median = 225.666 ns, Q3 = 225.666 ns, Max = 225.666 ns
IQR = 0.000 ns, LowerFence = 225.666 ns, UpperFence = 225.666 ns
ConfidenceInterval = [NaN ns; NaN ns] (CI 99.9%), Margin = NaN ns (NaN% of Mean)
Skewness = NaN, Kurtosis = NaN, MValue = 2
-------------------- Histogram --------------------
[225.166 ns ; 226.166 ns) | @
---------------------------------------------------

PartitionedLifetimeBenchmarks.ProcessLifetime: DryB(OutlierMode=DontRemove, Toolchain=InProcessEmitToolchain, IterationCount=1, LaunchCount=1, RunStrategy=ColdStart, UnrollFactor=1, WarmupCount=1) [Mode=KeyBatchesPaired]
Runtime = ; GC = 
Mean = 221.578 ns, StdErr = 0.000 ns (0.00%), N = 1, StdDev = 0.000 ns
Min = 221.578 ns, Q1 = 221.578 ns, Median = 221.578 ns, Q3 = 221.578 ns, Max = 221.578 ns
IQR = 0.000 ns, LowerFence = 221.578 ns, UpperFence = 221.578 ns
ConfidenceInterval = [NaN ns; NaN ns] (CI 99.9%), Margin = NaN ns (NaN% of Mean)
Skewness = NaN, Kurtosis = NaN, MValue = 2
-------------------- Histogram --------------------
[221.078 ns ; 222.078 ns) | @
---------------------------------------------------

// * Summary *

BenchmarkDotNet v0.15.8, Linux Ubuntu 24.04.4 LTS (Noble Numbat)
Intel Xeon 6973P-C 2.60GHz, 1 CPU, 4 logical and 2 physical cores
.NET SDK 10.0.400
  [Host] : .NET 10.0.11 (10.0.11, 10.0.1126.37416), X64 RyuJIT x86-64-v4

Job=DryB  OutlierMode=DontRemove  Toolchain=InProcessEmitToolchain  
IterationCount=1  LaunchCount=1  RunStrategy=ColdStart  
UnrollFactor=1  WarmupCount=1  

| Method          | Mode               | Mean     | Error | Allocated |
|---------------- |------------------- |---------:|------:|----------:|
| ProcessLifetime | KeyRecordsDistinct | 218.5 ns |    NA |         - |
| ProcessLifetime | KeyBatchesDistinct | 211.7 ns |    NA |         - |
| ProcessLifetime | KeyRecordsPaired   | 225.7 ns |    NA |         - |
| ProcessLifetime | KeyBatchesPaired   | 221.6 ns |    NA |         - |

// * Warnings *
MinIterationTime
  PartitionedLifetimeBenchmarks.ProcessLifetime: DryB -> The minimum observed iteration time is 57.287ms which is very small. It's recommended to increase it to at least 100ms using more operations.
  PartitionedLifetimeBenchmarks.ProcessLifetime: DryB -> The minimum observed iteration time is 55.506ms which is very small. It's recommended to increase it to at least 100ms using more operations.
  PartitionedLifetimeBenchmarks.ProcessLifetime: DryB -> The minimum observed iteration time is 59.157ms which is very small. It's recommended to increase it to at least 100ms using more operations.
  PartitionedLifetimeBenchmarks.ProcessLifetime: DryB -> The minimum observed iteration time is 58.085ms which is very small. It's recommended to increase it to at least 100ms using more operations.

// * Legends *
  Mode      : Value of the 'Mode' parameter
  Mean      : Arithmetic mean of all measurements
  Error     : Half of 99.9% confidence interval
  Allocated : Allocated memory per single operation (managed only, inclusive, 1KB = 1024B)
  1 ns      : 1 Nanosecond (0.000000001 sec)

// * Diagnostic Output - MemoryDiagnoser *


// ***** BenchmarkRunner: End *****
Run time: 00:00:00 (0.87 sec), executed benchmarks: 4

Global total time: 00:00:01 (1.17 sec), executed benchmarks: 4
// * Artifacts cleanup *
Artifacts cleanup is finished
