// Validating benchmarks:
// ***** BenchmarkRunner: Start   *****
// ***** Found 7 benchmark(s) in total *****
// ***** Building 1 exe(s) in Parallel: Start   *****
// ***** Done, took 00:00:00 (0.07 sec)   *****
// Found 4 benchmarks:
//   BatchBoundBench.ConstructPollBatch: DryB(OutlierMode=DontRemove, Toolchain=InProcessEmitToolchain, IterationCount=1, LaunchCount=1, RunStrategy=ColdStart, UnrollFactor=1, WarmupCount=1) [Batches=1]
//   BatchBoundBench.ParseFetch: DryB(OutlierMode=DontRemove, Toolchain=InProcessEmitToolchain, IterationCount=1, LaunchCount=1, RunStrategy=ColdStart, UnrollFactor=1, WarmupCount=1) [Batches=1]
//   BatchBoundBench.ConstructPollBatch: DryB(OutlierMode=DontRemove, Toolchain=InProcessEmitToolchain, IterationCount=1, LaunchCount=1, RunStrategy=ColdStart, UnrollFactor=1, WarmupCount=1) [Batches=128]
//   BatchBoundBench.ParseFetch: DryB(OutlierMode=DontRemove, Toolchain=InProcessEmitToolchain, IterationCount=1, LaunchCount=1, RunStrategy=ColdStart, UnrollFactor=1, WarmupCount=1) [Batches=128]

// **************************
// Benchmark: BatchBoundBench.ConstructPollBatch: DryB(OutlierMode=DontRemove, Toolchain=InProcessEmitToolchain, IterationCount=1, LaunchCount=1, RunStrategy=ColdStart, UnrollFactor=1, WarmupCount=1) [Batches=1]
// *** Execute ***
// Launch: 1 / 1
// ! Failed to set up priority High for process System.Diagnostics.Process (dotnet). Make sure you have the right permissions. Message: Permission denied

// Benchmark Process Environment Information:
// BenchmarkDotNet v0.15.8
// Runtime=.NET 10.0.11 (10.0.11, 10.0.1126.37416), X64 RyuJIT x86-64-v3
// GC=Concurrent Workstation
// HardwareIntrinsics=AVX2+BMI1+BMI2+F16C+FMA+LZCNT+MOVBE,AVX,SSE3+SSSE3+SSE4.1+SSE4.2+POPCNT,X86Base+SSE+SSE2,AES+PCLMUL VectorSize=256
// Job: Job-XVLBGX(OutlierMode=DontRemove, Toolchain=InProcessEmitToolchain, IterationCount=1, LaunchCount=1, RunStrategy=ColdStart, UnrollFactor=1, WarmupCount=1)

WorkloadActual   1: 1 op, 229910.00 ns, 229.9100 us/op

WorkloadResult   1: 1 op, 229910.00 ns, 229.9100 us/op
// GC:  0 0 0 128 1
// Threading:  0 0 1


Mean = 229.910 μs, StdErr = 0.000 μs (0.00%), N = 1, StdDev = 0.000 μs
Min = 229.910 μs, Q1 = 229.910 μs, Median = 229.910 μs, Q3 = 229.910 μs, Max = 229.910 μs
IQR = 0.000 μs, LowerFence = 229.910 μs, UpperFence = 229.910 μs
ConfidenceInterval = [NaN μs; NaN μs] (CI 99.9%), Margin = NaN μs (NaN% of Mean)
Skewness = NaN, Kurtosis = NaN, MValue = 2

// ** Remained 6 (85.7 %) benchmark(s) to run. Estimated finish 2026-09-07 17:03 (0h 0m from now) **
// **************************
// Benchmark: BatchBoundBench.ParseFetch: DryB(OutlierMode=DontRemove, Toolchain=InProcessEmitToolchain, IterationCount=1, LaunchCount=1, RunStrategy=ColdStart, UnrollFactor=1, WarmupCount=1) [Batches=1]
// *** Execute ***
// Launch: 1 / 1
// ! Failed to set up priority High for process System.Diagnostics.Process (dotnet). Make sure you have the right permissions. Message: Permission denied

// Benchmark Process Environment Information:
// BenchmarkDotNet v0.15.8
// Runtime=.NET 10.0.11 (10.0.11, 10.0.1126.37416), X64 RyuJIT x86-64-v3
// GC=Concurrent Workstation
// HardwareIntrinsics=AVX2+BMI1+BMI2+F16C+FMA+LZCNT+MOVBE,AVX,SSE3+SSSE3+SSE4.1+SSE4.2+POPCNT,X86Base+SSE+SSE2,AES+PCLMUL VectorSize=256
// Job: Job-XVLBGX(OutlierMode=DontRemove, Toolchain=InProcessEmitToolchain, IterationCount=1, LaunchCount=1, RunStrategy=ColdStart, UnrollFactor=1, WarmupCount=1)

WorkloadActual   1: 1 op, 185303.00 ns, 185.3030 us/op

WorkloadResult   1: 1 op, 185303.00 ns, 185.3030 us/op
// GC:  0 0 0 0 1
// Threading:  0 0 1


Mean = 185.303 μs, StdErr = 0.000 μs (0.00%), N = 1, StdDev = 0.000 μs
Min = 185.303 μs, Q1 = 185.303 μs, Median = 185.303 μs, Q3 = 185.303 μs, Max = 185.303 μs
IQR = 0.000 μs, LowerFence = 185.303 μs, UpperFence = 185.303 μs
ConfidenceInterval = [NaN μs; NaN μs] (CI 99.9%), Margin = NaN μs (NaN% of Mean)
Skewness = NaN, Kurtosis = NaN, MValue = 2

// ** Remained 5 (71.4 %) benchmark(s) to run. Estimated finish 2026-09-07 17:03 (0h 0m from now) **
// **************************
// Benchmark: BatchBoundBench.ConstructPollBatch: DryB(OutlierMode=DontRemove, Toolchain=InProcessEmitToolchain, IterationCount=1, LaunchCount=1, RunStrategy=ColdStart, UnrollFactor=1, WarmupCount=1) [Batches=128]
// *** Execute ***
// Launch: 1 / 1
// ! Failed to set up priority High for process System.Diagnostics.Process (dotnet). Make sure you have the right permissions. Message: Permission denied

// Benchmark Process Environment Information:
// BenchmarkDotNet v0.15.8
// Runtime=.NET 10.0.11 (10.0.11, 10.0.1126.37416), X64 RyuJIT x86-64-v3
// GC=Concurrent Workstation
// HardwareIntrinsics=AVX2+BMI1+BMI2+F16C+FMA+LZCNT+MOVBE,AVX,SSE3+SSSE3+SSE4.1+SSE4.2+POPCNT,X86Base+SSE+SSE2,AES+PCLMUL VectorSize=256
// Job: Job-XVLBGX(OutlierMode=DontRemove, Toolchain=InProcessEmitToolchain, IterationCount=1, LaunchCount=1, RunStrategy=ColdStart, UnrollFactor=1, WarmupCount=1)

WorkloadActual   1: 1 op, 206825.00 ns, 206.8250 us/op

WorkloadResult   1: 1 op, 206825.00 ns, 206.8250 us/op
// GC:  0 0 0 128 1
// Threading:  0 0 1


Mean = 206.825 μs, StdErr = 0.000 μs (0.00%), N = 1, StdDev = 0.000 μs
Min = 206.825 μs, Q1 = 206.825 μs, Median = 206.825 μs, Q3 = 206.825 μs, Max = 206.825 μs
IQR = 0.000 μs, LowerFence = 206.825 μs, UpperFence = 206.825 μs
ConfidenceInterval = [NaN μs; NaN μs] (CI 99.9%), Margin = NaN μs (NaN% of Mean)
Skewness = NaN, Kurtosis = NaN, MValue = 2

// ** Remained 4 (57.1 %) benchmark(s) to run. Estimated finish 2026-09-07 17:03 (0h 0m from now) **
// **************************
// Benchmark: BatchBoundBench.ParseFetch: DryB(OutlierMode=DontRemove, Toolchain=InProcessEmitToolchain, IterationCount=1, LaunchCount=1, RunStrategy=ColdStart, UnrollFactor=1, WarmupCount=1) [Batches=128]
// *** Execute ***
// Launch: 1 / 1
// ! Failed to set up priority High for process System.Diagnostics.Process (dotnet). Make sure you have the right permissions. Message: Permission denied

// Benchmark Process Environment Information:
// BenchmarkDotNet v0.15.8
// Runtime=.NET 10.0.11 (10.0.11, 10.0.1126.37416), X64 RyuJIT x86-64-v3
// GC=Concurrent Workstation
// HardwareIntrinsics=AVX2+BMI1+BMI2+F16C+FMA+LZCNT+MOVBE,AVX,SSE3+SSSE3+SSE4.1+SSE4.2+POPCNT,X86Base+SSE+SSE2,AES+PCLMUL VectorSize=256
// Job: Job-XVLBGX(OutlierMode=DontRemove, Toolchain=InProcessEmitToolchain, IterationCount=1, LaunchCount=1, RunStrategy=ColdStart, UnrollFactor=1, WarmupCount=1)

WorkloadActual   1: 1 op, 191173.00 ns, 191.1730 us/op

WorkloadResult   1: 1 op, 191173.00 ns, 191.1730 us/op
// GC:  0 0 0 0 1
// Threading:  0 0 1


Mean = 191.173 μs, StdErr = 0.000 μs (0.00%), N = 1, StdDev = 0.000 μs
Min = 191.173 μs, Q1 = 191.173 μs, Median = 191.173 μs, Q3 = 191.173 μs, Max = 191.173 μs
IQR = 0.000 μs, LowerFence = 191.173 μs, UpperFence = 191.173 μs
ConfidenceInterval = [NaN μs; NaN μs] (CI 99.9%), Margin = NaN μs (NaN% of Mean)
Skewness = NaN, Kurtosis = NaN, MValue = 2

// ** Remained 3 (42.9 %) benchmark(s) to run. Estimated finish 2026-09-07 17:03 (0h 0m from now) **
// ***** BenchmarkRunner: Finish  *****

// * Export *
  home/runner/work/Dekaf/Dekaf/aba-results/dry-B/results/BatchBoundBench-report.csv
  home/runner/work/Dekaf/Dekaf/aba-results/dry-B/results/BatchBoundBench-report-github.md
  home/runner/work/Dekaf/Dekaf/aba-results/dry-B/results/BatchBoundBench-report.html
  home/runner/work/Dekaf/Dekaf/aba-results/dry-B/results/BatchBoundBench-report-full.json

// * Detailed results *
BatchBoundBench.ConstructPollBatch: DryB(OutlierMode=DontRemove, Toolchain=InProcessEmitToolchain, IterationCount=1, LaunchCount=1, RunStrategy=ColdStart, UnrollFactor=1, WarmupCount=1) [Batches=1]
Runtime = ; GC = 
Mean = 229.910 μs, StdErr = 0.000 μs (0.00%), N = 1, StdDev = 0.000 μs
Min = 229.910 μs, Q1 = 229.910 μs, Median = 229.910 μs, Q3 = 229.910 μs, Max = 229.910 μs
IQR = 0.000 μs, LowerFence = 229.910 μs, UpperFence = 229.910 μs
ConfidenceInterval = [NaN μs; NaN μs] (CI 99.9%), Margin = NaN μs (NaN% of Mean)
Skewness = NaN, Kurtosis = NaN, MValue = 2
-------------------- Histogram --------------------
[229.910 μs ; 229.911 μs) | @
---------------------------------------------------

BatchBoundBench.ParseFetch: DryB(OutlierMode=DontRemove, Toolchain=InProcessEmitToolchain, IterationCount=1, LaunchCount=1, RunStrategy=ColdStart, UnrollFactor=1, WarmupCount=1) [Batches=1]
Runtime = ; GC = 
Mean = 185.303 μs, StdErr = 0.000 μs (0.00%), N = 1, StdDev = 0.000 μs
Min = 185.303 μs, Q1 = 185.303 μs, Median = 185.303 μs, Q3 = 185.303 μs, Max = 185.303 μs
IQR = 0.000 μs, LowerFence = 185.303 μs, UpperFence = 185.303 μs
ConfidenceInterval = [NaN μs; NaN μs] (CI 99.9%), Margin = NaN μs (NaN% of Mean)
Skewness = NaN, Kurtosis = NaN, MValue = 2
-------------------- Histogram --------------------
[185.303 μs ; 185.304 μs) | @
---------------------------------------------------

BatchBoundBench.ConstructPollBatch: DryB(OutlierMode=DontRemove, Toolchain=InProcessEmitToolchain, IterationCount=1, LaunchCount=1, RunStrategy=ColdStart, UnrollFactor=1, WarmupCount=1) [Batches=128]
Runtime = ; GC = 
Mean = 206.825 μs, StdErr = 0.000 μs (0.00%), N = 1, StdDev = 0.000 μs
Min = 206.825 μs, Q1 = 206.825 μs, Median = 206.825 μs, Q3 = 206.825 μs, Max = 206.825 μs
IQR = 0.000 μs, LowerFence = 206.825 μs, UpperFence = 206.825 μs
ConfidenceInterval = [NaN μs; NaN μs] (CI 99.9%), Margin = NaN μs (NaN% of Mean)
Skewness = NaN, Kurtosis = NaN, MValue = 2
-------------------- Histogram --------------------
[206.825 μs ; 206.826 μs) | @
---------------------------------------------------

BatchBoundBench.ParseFetch: DryB(OutlierMode=DontRemove, Toolchain=InProcessEmitToolchain, IterationCount=1, LaunchCount=1, RunStrategy=ColdStart, UnrollFactor=1, WarmupCount=1) [Batches=128]
Runtime = ; GC = 
Mean = 191.173 μs, StdErr = 0.000 μs (0.00%), N = 1, StdDev = 0.000 μs
Min = 191.173 μs, Q1 = 191.173 μs, Median = 191.173 μs, Q3 = 191.173 μs, Max = 191.173 μs
IQR = 0.000 μs, LowerFence = 191.173 μs, UpperFence = 191.173 μs
ConfidenceInterval = [NaN μs; NaN μs] (CI 99.9%), Margin = NaN μs (NaN% of Mean)
Skewness = NaN, Kurtosis = NaN, MValue = 2
-------------------- Histogram --------------------
[191.173 μs ; 191.173 μs) | @
---------------------------------------------------

// * Summary *

BenchmarkDotNet v0.15.8, Linux Ubuntu 24.04.4 LTS (Noble Numbat)
AMD EPYC 9V74 2.60GHz, 1 CPU, 4 logical and 2 physical cores
.NET SDK 10.0.400
  [Host] : .NET 10.0.11 (10.0.11, 10.0.1126.37416), X64 RyuJIT x86-64-v3

Job=DryB  OutlierMode=DontRemove  Toolchain=InProcessEmitToolchain  
IterationCount=1  LaunchCount=1  RunStrategy=ColdStart  
UnrollFactor=1  WarmupCount=1  

| Method             | Batches | Mean     | Error | Allocated |
|------------------- |-------- |---------:|------:|----------:|
| ConstructPollBatch | 1       | 229.9 μs |    NA |     128 B |
| ParseFetch         | 1       | 185.3 μs |    NA |         - |
| ConstructPollBatch | 128     | 206.8 μs |    NA |     128 B |
| ParseFetch         | 128     | 191.2 μs |    NA |         - |

// * Warnings *
MinIterationTime
  BatchBoundBench.ConstructPollBatch: DryB -> The minimum observed iteration time is 229.91μs which is very small. It's recommended to increase it to at least 100ms using more operations.
  BatchBoundBench.ParseFetch: DryB         -> The minimum observed iteration time is 185.303μs which is very small. It's recommended to increase it to at least 100ms using more operations.
  BatchBoundBench.ConstructPollBatch: DryB -> The minimum observed iteration time is 206.825μs which is very small. It's recommended to increase it to at least 100ms using more operations.
  BatchBoundBench.ParseFetch: DryB         -> The minimum observed iteration time is 191.173μs which is very small. It's recommended to increase it to at least 100ms using more operations.

// * Legends *
  Batches   : Value of the 'Batches' parameter
  Mean      : Arithmetic mean of all measurements
  Error     : Half of 99.9% confidence interval
  Allocated : Allocated memory per single operation (managed only, inclusive, 1KB = 1024B)
  1 μs      : 1 Microsecond (0.000001 sec)

// * Diagnostic Output - MemoryDiagnoser *


// ***** BenchmarkRunner: End *****
Run time: 00:00:00 (0.23 sec), executed benchmarks: 4

// Found 3 benchmarks:
//   BatchReadBench.Typed: DryB(OutlierMode=DontRemove, Toolchain=InProcessEmitToolchain, IterationCount=1, LaunchCount=1, RunStrategy=ColdStart, UnrollFactor=1, WarmupCount=1)
//   BatchReadBench.TypedEpoch: DryB(OutlierMode=DontRemove, Toolchain=InProcessEmitToolchain, IterationCount=1, LaunchCount=1, RunStrategy=ColdStart, UnrollFactor=1, WarmupCount=1)
//   BatchReadBench.RawControl: DryB(OutlierMode=DontRemove, Toolchain=InProcessEmitToolchain, IterationCount=1, LaunchCount=1, RunStrategy=ColdStart, UnrollFactor=1, WarmupCount=1)

// **************************
// Benchmark: BatchReadBench.Typed: DryB(OutlierMode=DontRemove, Toolchain=InProcessEmitToolchain, IterationCount=1, LaunchCount=1, RunStrategy=ColdStart, UnrollFactor=1, WarmupCount=1)
// *** Execute ***
// Launch: 1 / 1
// ! Failed to set up priority High for process System.Diagnostics.Process (dotnet). Make sure you have the right permissions. Message: Permission denied

// Benchmark Process Environment Information:
// BenchmarkDotNet v0.15.8
// Runtime=.NET 10.0.11 (10.0.11, 10.0.1126.37416), X64 RyuJIT x86-64-v3
// GC=Concurrent Workstation
// HardwareIntrinsics=AVX2+BMI1+BMI2+F16C+FMA+LZCNT+MOVBE,AVX,SSE3+SSSE3+SSE4.1+SSE4.2+POPCNT,X86Base+SSE+SSE2,AES+PCLMUL VectorSize=256
// Job: Job-XVLBGX(OutlierMode=DontRemove, Toolchain=InProcessEmitToolchain, IterationCount=1, LaunchCount=1, RunStrategy=ColdStart, UnrollFactor=1, WarmupCount=1)

WorkloadActual   1: 1 op, 283608.00 ns, 283.6080 us/op

WorkloadResult   1: 1 op, 283608.00 ns, 283.6080 us/op
// GC:  0 0 0 128 1
// Threading:  0 0 1


Mean = 283.608 μs, StdErr = 0.000 μs (0.00%), N = 1, StdDev = 0.000 μs
Min = 283.608 μs, Q1 = 283.608 μs, Median = 283.608 μs, Q3 = 283.608 μs, Max = 283.608 μs
IQR = 0.000 μs, LowerFence = 283.608 μs, UpperFence = 283.608 μs
ConfidenceInterval = [NaN μs; NaN μs] (CI 99.9%), Margin = NaN μs (NaN% of Mean)
Skewness = NaN, Kurtosis = NaN, MValue = 2

// ** Remained 2 (28.6 %) benchmark(s) to run. Estimated finish 2026-09-07 17:03 (0h 0m from now) **
// **************************
// Benchmark: BatchReadBench.TypedEpoch: DryB(OutlierMode=DontRemove, Toolchain=InProcessEmitToolchain, IterationCount=1, LaunchCount=1, RunStrategy=ColdStart, UnrollFactor=1, WarmupCount=1)
// *** Execute ***
// Launch: 1 / 1
// ! Failed to set up priority High for process System.Diagnostics.Process (dotnet). Make sure you have the right permissions. Message: Permission denied

// Benchmark Process Environment Information:
// BenchmarkDotNet v0.15.8
// Runtime=.NET 10.0.11 (10.0.11, 10.0.1126.37416), X64 RyuJIT x86-64-v3
// GC=Concurrent Workstation
// HardwareIntrinsics=AVX2+BMI1+BMI2+F16C+FMA+LZCNT+MOVBE,AVX,SSE3+SSSE3+SSE4.1+SSE4.2+POPCNT,X86Base+SSE+SSE2,AES+PCLMUL VectorSize=256
// Job: Job-XVLBGX(OutlierMode=DontRemove, Toolchain=InProcessEmitToolchain, IterationCount=1, LaunchCount=1, RunStrategy=ColdStart, UnrollFactor=1, WarmupCount=1)

WorkloadActual   1: 1 op, 279252.00 ns, 279.2520 us/op

WorkloadResult   1: 1 op, 279252.00 ns, 279.2520 us/op
// GC:  0 0 0 128 1
// Threading:  0 0 1


Mean = 279.252 μs, StdErr = 0.000 μs (0.00%), N = 1, StdDev = 0.000 μs
Min = 279.252 μs, Q1 = 279.252 μs, Median = 279.252 μs, Q3 = 279.252 μs, Max = 279.252 μs
IQR = 0.000 μs, LowerFence = 279.252 μs, UpperFence = 279.252 μs
ConfidenceInterval = [NaN μs; NaN μs] (CI 99.9%), Margin = NaN μs (NaN% of Mean)
Skewness = NaN, Kurtosis = NaN, MValue = 2

// ** Remained 1 (14.3 %) benchmark(s) to run. Estimated finish 2026-09-07 17:03 (0h 0m from now) **
// **************************
// Benchmark: BatchReadBench.RawControl: DryB(OutlierMode=DontRemove, Toolchain=InProcessEmitToolchain, IterationCount=1, LaunchCount=1, RunStrategy=ColdStart, UnrollFactor=1, WarmupCount=1)
// *** Execute ***
// Launch: 1 / 1
// ! Failed to set up priority High for process System.Diagnostics.Process (dotnet). Make sure you have the right permissions. Message: Permission denied

// Benchmark Process Environment Information:
// BenchmarkDotNet v0.15.8
// Runtime=.NET 10.0.11 (10.0.11, 10.0.1126.37416), X64 RyuJIT x86-64-v3
// GC=Concurrent Workstation
// HardwareIntrinsics=AVX2+BMI1+BMI2+F16C+FMA+LZCNT+MOVBE,AVX,SSE3+SSSE3+SSE4.1+SSE4.2+POPCNT,X86Base+SSE+SSE2,AES+PCLMUL VectorSize=256
// Job: Job-XVLBGX(OutlierMode=DontRemove, Toolchain=InProcessEmitToolchain, IterationCount=1, LaunchCount=1, RunStrategy=ColdStart, UnrollFactor=1, WarmupCount=1)

WorkloadActual   1: 1 op, 232823.00 ns, 232.8230 us/op

WorkloadResult   1: 1 op, 232823.00 ns, 232.8230 us/op
// GC:  0 0 0 72 1
// Threading:  0 0 1


Mean = 232.823 μs, StdErr = 0.000 μs (0.00%), N = 1, StdDev = 0.000 μs
Min = 232.823 μs, Q1 = 232.823 μs, Median = 232.823 μs, Q3 = 232.823 μs, Max = 232.823 μs
IQR = 0.000 μs, LowerFence = 232.823 μs, UpperFence = 232.823 μs
ConfidenceInterval = [NaN μs; NaN μs] (CI 99.9%), Margin = NaN μs (NaN% of Mean)
Skewness = NaN, Kurtosis = NaN, MValue = 2

// ** Remained 0 (0.0 %) benchmark(s) to run. Estimated finish 2026-09-07 17:03 (0h 0m from now) **
// ***** BenchmarkRunner: Finish  *****

// * Export *
  home/runner/work/Dekaf/Dekaf/aba-results/dry-B/results/BatchReadBench-report.csv
  home/runner/work/Dekaf/Dekaf/aba-results/dry-B/results/BatchReadBench-report-github.md
  home/runner/work/Dekaf/Dekaf/aba-results/dry-B/results/BatchReadBench-report.html
  home/runner/work/Dekaf/Dekaf/aba-results/dry-B/results/BatchReadBench-report-full.json

// * Detailed results *
BatchReadBench.Typed: DryB(OutlierMode=DontRemove, Toolchain=InProcessEmitToolchain, IterationCount=1, LaunchCount=1, RunStrategy=ColdStart, UnrollFactor=1, WarmupCount=1)
Runtime = ; GC = 
Mean = 283.608 μs, StdErr = 0.000 μs (0.00%), N = 1, StdDev = 0.000 μs
Min = 283.608 μs, Q1 = 283.608 μs, Median = 283.608 μs, Q3 = 283.608 μs, Max = 283.608 μs
IQR = 0.000 μs, LowerFence = 283.608 μs, UpperFence = 283.608 μs
ConfidenceInterval = [NaN μs; NaN μs] (CI 99.9%), Margin = NaN μs (NaN% of Mean)
Skewness = NaN, Kurtosis = NaN, MValue = 2
-------------------- Histogram --------------------
[283.608 μs ; 283.608 μs) | @
---------------------------------------------------

BatchReadBench.TypedEpoch: DryB(OutlierMode=DontRemove, Toolchain=InProcessEmitToolchain, IterationCount=1, LaunchCount=1, RunStrategy=ColdStart, UnrollFactor=1, WarmupCount=1)
Runtime = ; GC = 
Mean = 279.252 μs, StdErr = 0.000 μs (0.00%), N = 1, StdDev = 0.000 μs
Min = 279.252 μs, Q1 = 279.252 μs, Median = 279.252 μs, Q3 = 279.252 μs, Max = 279.252 μs
IQR = 0.000 μs, LowerFence = 279.252 μs, UpperFence = 279.252 μs
ConfidenceInterval = [NaN μs; NaN μs] (CI 99.9%), Margin = NaN μs (NaN% of Mean)
Skewness = NaN, Kurtosis = NaN, MValue = 2
-------------------- Histogram --------------------
[279.252 μs ; 279.252 μs) | @
---------------------------------------------------

BatchReadBench.RawControl: DryB(OutlierMode=DontRemove, Toolchain=InProcessEmitToolchain, IterationCount=1, LaunchCount=1, RunStrategy=ColdStart, UnrollFactor=1, WarmupCount=1)
Runtime = ; GC = 
Mean = 232.823 μs, StdErr = 0.000 μs (0.00%), N = 1, StdDev = 0.000 μs
Min = 232.823 μs, Q1 = 232.823 μs, Median = 232.823 μs, Q3 = 232.823 μs, Max = 232.823 μs
IQR = 0.000 μs, LowerFence = 232.823 μs, UpperFence = 232.823 μs
ConfidenceInterval = [NaN μs; NaN μs] (CI 99.9%), Margin = NaN μs (NaN% of Mean)
Skewness = NaN, Kurtosis = NaN, MValue = 2
-------------------- Histogram --------------------
[232.822 μs ; 232.823 μs) | @
---------------------------------------------------

// * Summary *

BenchmarkDotNet v0.15.8, Linux Ubuntu 24.04.4 LTS (Noble Numbat)
AMD EPYC 9V74 2.60GHz, 1 CPU, 4 logical and 2 physical cores
.NET SDK 10.0.400
  [Host] : .NET 10.0.11 (10.0.11, 10.0.1126.37416), X64 RyuJIT x86-64-v3

Job=DryB  OutlierMode=DontRemove  Toolchain=InProcessEmitToolchain  
IterationCount=1  LaunchCount=1  RunStrategy=ColdStart  
UnrollFactor=1  WarmupCount=1  

| Method     | Mean     | Error | Allocated |
|----------- |---------:|------:|----------:|
| Typed      | 283.6 μs |    NA |     128 B |
| TypedEpoch | 279.3 μs |    NA |     128 B |
| RawControl | 232.8 μs |    NA |      72 B |

// * Warnings *
MinIterationTime
  BatchReadBench.Typed: DryB      -> The minimum observed iteration time is 283.608μs which is very small. It's recommended to increase it to at least 100ms using more operations.
  BatchReadBench.TypedEpoch: DryB -> The minimum observed iteration time is 279.252μs which is very small. It's recommended to increase it to at least 100ms using more operations.
  BatchReadBench.RawControl: DryB -> The minimum observed iteration time is 232.823μs which is very small. It's recommended to increase it to at least 100ms using more operations.

// * Legends *
  Mean      : Arithmetic mean of all measurements
  Error     : Half of 99.9% confidence interval
  Allocated : Allocated memory per single operation (managed only, inclusive, 1KB = 1024B)
  1 μs      : 1 Microsecond (0.000001 sec)

// * Diagnostic Output - MemoryDiagnoser *


// ***** BenchmarkRunner: End *****
Run time: 00:00:00 (0.04 sec), executed benchmarks: 3

Global total time: 00:00:00 (0.74 sec), executed benchmarks: 7
// * Artifacts cleanup *
Artifacts cleanup is finished
