// Validating benchmarks:
// ***** BenchmarkRunner: Start   *****
// ***** Found 1 benchmark(s) in total *****
// ***** Building 1 exe(s) in Parallel: Start   *****
// ***** Done, took 00:00:00 (0.05 sec)   *****
// Found 1 benchmarks:
//   PendingBench.Workload: Job-OOLEIO(OutlierMode=DontRemove, Affinity=00000000000000000100, Toolchain=InProcessEmitToolchain, IterationCount=15, IterationTime=250ms, WarmupCount=8) [Enabled=False]

Setup power plan (GUID: 8c5e7fda-e8bf-4a96-9a85-a6e23a8c635c FriendlyName: High performance)
// **************************
// Benchmark: PendingBench.Workload: Job-OOLEIO(OutlierMode=DontRemove, Affinity=00000000000000000100, Toolchain=InProcessEmitToolchain, IterationCount=15, IterationTime=250ms, WarmupCount=8) [Enabled=False]
// *** Execute ***
// Launch: 1 / 1

// Benchmark Process Environment Information:
// BenchmarkDotNet v0.15.8
// Runtime=.NET 10.0.11 (10.0.11, 10.0.1126.37416), X64 RyuJIT x86-64-v3
// GC=Concurrent Workstation
// HardwareIntrinsics=AVX2+BMI1+BMI2+F16C+FMA+LZCNT+MOVBE,AVX,SSE3+SSSE3+SSE4.1+SSE4.2+POPCNT,X86Base+SSE+SSE2,AES+PCLMUL,AvxVnni,SERIALIZE VectorSize=256
// Job: Job-OOLEIO(OutlierMode=DontRemove, Affinity=00000000000000000100, Toolchain=InProcessEmitToolchain, IterationCount=15, IterationTime=250ms, WarmupCount=8)

WARM seconds=1.000 cycles=2078380 jit=1225 threads=18 cpuMs=1375.000 gc0=2 gc1=2 gc2=2 heap=580120 rss=58109952
WARM seconds=2.000 cycles=4231328 jit=1227 threads=18 cpuMs=2343.750 gc0=2 gc1=2 gc2=2 heap=580120 rss=57839616
WARM seconds=3.000 cycles=6398510 jit=1227 threads=18 cpuMs=3343.750 gc0=2 gc1=2 gc2=2 heap=588344 rss=57774080
WARM seconds=4.000 cycles=8584533 jit=1227 threads=18 cpuMs=4343.750 gc0=2 gc1=2 gc2=2 heap=588344 rss=57774080
WARM seconds=5.000 cycles=10772870 jit=1227 threads=18 cpuMs=5343.750 gc0=2 gc1=2 gc2=2 heap=596568 rss=57839616
WARM seconds=6.000 cycles=12824570 jit=1227 threads=18 cpuMs=6328.125 gc0=2 gc1=2 gc2=2 heap=596568 rss=57839616
WARM seconds=7.000 cycles=14967201 jit=1227 threads=18 cpuMs=7312.500 gc0=2 gc1=2 gc2=2 heap=604792 rss=57839616
WARM seconds=8.000 cycles=17163845 jit=1227 threads=18 cpuMs=8296.875 gc0=2 gc1=2 gc2=2 heap=613016 rss=57839616
WARM seconds=9.000 cycles=19318402 jit=1227 threads=18 cpuMs=9296.875 gc0=2 gc1=2 gc2=2 heap=613016 rss=57839616
WARM seconds=10.000 cycles=21493631 jit=1227 threads=18 cpuMs=10281.250 gc0=2 gc1=2 gc2=2 heap=621240 rss=57839616
WARM seconds=11.000 cycles=23675296 jit=1227 threads=18 cpuMs=11265.625 gc0=2 gc1=2 gc2=2 heap=621240 rss=57839616
WARM seconds=12.000 cycles=25862425 jit=1227 threads=18 cpuMs=12265.625 gc0=2 gc1=2 gc2=2 heap=629464 rss=57839616
WARM seconds=13.000 cycles=28024343 jit=1227 threads=18 cpuMs=13218.750 gc0=2 gc1=2 gc2=2 heap=629464 rss=57839616
WARM seconds=14.000 cycles=30199426 jit=1227 threads=18 cpuMs=14218.750 gc0=2 gc1=2 gc2=2 heap=637688 rss=57839616
WARM seconds=15.000 cycles=32360330 jit=1227 threads=18 cpuMs=15218.750 gc0=2 gc1=2 gc2=2 heap=637688 rss=57839616
WARM seconds=16.000 cycles=34468930 jit=1227 threads=18 cpuMs=16187.500 gc0=2 gc1=2 gc2=2 heap=645912 rss=57839616
WARM seconds=17.000 cycles=36542536 jit=1227 threads=18 cpuMs=17156.250 gc0=2 gc1=2 gc2=2 heap=654136 rss=57839616
WARM seconds=18.000 cycles=38659110 jit=1227 threads=18 cpuMs=18156.250 gc0=2 gc1=2 gc2=2 heap=654136 rss=57839616
WARM seconds=19.000 cycles=40784568 jit=1227 threads=18 cpuMs=19109.375 gc0=2 gc1=2 gc2=2 heap=662360 rss=57843712
WARM seconds=20.000 cycles=42928404 jit=1227 threads=18 cpuMs=20093.750 gc0=2 gc1=2 gc2=2 heap=662360 rss=57843712
WARM completed seconds=20.011 cycles=42928404 deleted=21464202000 acknowledged=0
RAW cycles=1000 bytes=0
OverheadJitting  1: 1 op, 143300.00 ns, 143.3000 us/op
WorkloadJitting  1: 1 op, 969600.00 ns, 969.6000 us/op

OverheadJitting  2: 16 op, 148900.00 ns, 9.3063 us/op
WorkloadJitting  2: 16 op, 173800.00 ns, 10.8625 us/op

WorkloadPilot    1: 16 op, 14300.00 ns, 893.7500 ns/op
WorkloadPilot    2: 279728 op, 118309300.00 ns, 422.9441 ns/op
WorkloadPilot    3: 591104 op, 248087800.00 ns, 419.7025 ns/op
WorkloadPilot    4: 595664 op, 248785000.00 ns, 417.6600 ns/op
WorkloadPilot    5: 598576 op, 250150300.00 ns, 417.9090 ns/op
WorkloadPilot    6: 598224 op, 250217800.00 ns, 418.2677 ns/op
WorkloadPilot    7: 597712 op, 249637300.00 ns, 417.6548 ns/op
WorkloadPilot    8: 598592 op, 250195900.00 ns, 417.9740 ns/op

OverheadWarmup   1: 598592 op, 726700.00 ns, 1.2140 ns/op
OverheadWarmup   2: 598592 op, 707700.00 ns, 1.1823 ns/op
OverheadWarmup   3: 598592 op, 702600.00 ns, 1.1738 ns/op
OverheadWarmup   4: 598592 op, 779100.00 ns, 1.3016 ns/op
OverheadWarmup   5: 598592 op, 707200.00 ns, 1.1814 ns/op
OverheadWarmup   6: 598592 op, 702500.00 ns, 1.1736 ns/op
OverheadWarmup   7: 598592 op, 702500.00 ns, 1.1736 ns/op
OverheadWarmup   8: 598592 op, 707400.00 ns, 1.1818 ns/op

OverheadActual   1: 598592 op, 702600.00 ns, 1.1738 ns/op
OverheadActual   2: 598592 op, 814300.00 ns, 1.3604 ns/op
OverheadActual   3: 598592 op, 721200.00 ns, 1.2048 ns/op
OverheadActual   4: 598592 op, 748200.00 ns, 1.2499 ns/op
OverheadActual   5: 598592 op, 702600.00 ns, 1.1738 ns/op
OverheadActual   6: 598592 op, 707000.00 ns, 1.1811 ns/op
OverheadActual   7: 598592 op, 702500.00 ns, 1.1736 ns/op
OverheadActual   8: 598592 op, 702600.00 ns, 1.1738 ns/op
OverheadActual   9: 598592 op, 706700.00 ns, 1.1806 ns/op
OverheadActual  10: 598592 op, 702500.00 ns, 1.1736 ns/op
OverheadActual  11: 598592 op, 743200.00 ns, 1.2416 ns/op
OverheadActual  12: 598592 op, 740700.00 ns, 1.2374 ns/op
OverheadActual  13: 598592 op, 848300.00 ns, 1.4172 ns/op
OverheadActual  14: 598592 op, 702600.00 ns, 1.1738 ns/op
OverheadActual  15: 598592 op, 702500.00 ns, 1.1736 ns/op
OverheadActual  16: 598592 op, 706700.00 ns, 1.1806 ns/op
OverheadActual  17: 598592 op, 709600.00 ns, 1.1854 ns/op
OverheadActual  18: 598592 op, 706800.00 ns, 1.1808 ns/op
OverheadActual  19: 598592 op, 707000.00 ns, 1.1811 ns/op
OverheadActual  20: 598592 op, 702500.00 ns, 1.1736 ns/op

WorkloadWarmup   1: 598592 op, 251143500.00 ns, 419.5571 ns/op
WorkloadWarmup   2: 598592 op, 250018700.00 ns, 417.6780 ns/op
WorkloadWarmup   3: 598592 op, 249917900.00 ns, 417.5096 ns/op
WorkloadWarmup   4: 598592 op, 250534600.00 ns, 418.5398 ns/op
WorkloadWarmup   5: 598592 op, 254317100.00 ns, 424.8588 ns/op
WorkloadWarmup   6: 598592 op, 256998900.00 ns, 429.3390 ns/op
WorkloadWarmup   7: 598592 op, 254811900.00 ns, 425.6854 ns/op
WorkloadWarmup   8: 598592 op, 261031000.00 ns, 436.0750 ns/op

WorkloadActual   1: 598592 op, 259636000.00 ns, 433.7445 ns/op
WorkloadActual   2: 598592 op, 256476300.00 ns, 428.4660 ns/op
WorkloadActual   3: 598592 op, 261048600.00 ns, 436.1044 ns/op
WorkloadActual   4: 598592 op, 267203100.00 ns, 446.3860 ns/op
WorkloadActual   5: 598592 op, 262358000.00 ns, 438.2919 ns/op
WorkloadActual   6: 598592 op, 250742200.00 ns, 418.8867 ns/op
WorkloadActual   7: 598592 op, 259681800.00 ns, 433.8210 ns/op
WorkloadActual   8: 598592 op, 262115900.00 ns, 437.8874 ns/op
WorkloadActual   9: 598592 op, 257063900.00 ns, 429.4476 ns/op
WorkloadActual  10: 598592 op, 249749000.00 ns, 417.2274 ns/op
WorkloadActual  11: 598592 op, 251825700.00 ns, 420.6967 ns/op
WorkloadActual  12: 598592 op, 246252500.00 ns, 411.3862 ns/op
WorkloadActual  13: 598592 op, 244054600.00 ns, 407.7144 ns/op
WorkloadActual  14: 598592 op, 248696500.00 ns, 415.4691 ns/op
WorkloadActual  15: 598592 op, 244897700.00 ns, 409.1229 ns/op

WorkloadResult   1: 598592 op, 258929250.00 ns, 432.5638 ns/op
WorkloadResult   2: 598592 op, 255769550.00 ns, 427.2853 ns/op
WorkloadResult   3: 598592 op, 260341850.00 ns, 434.9237 ns/op
WorkloadResult   4: 598592 op, 266496350.00 ns, 445.2053 ns/op
WorkloadResult   5: 598592 op, 261651250.00 ns, 437.1112 ns/op
WorkloadResult   6: 598592 op, 250035450.00 ns, 417.7060 ns/op
WorkloadResult   7: 598592 op, 258975050.00 ns, 432.6403 ns/op
WorkloadResult   8: 598592 op, 261409150.00 ns, 436.7067 ns/op
WorkloadResult   9: 598592 op, 256357150.00 ns, 428.2669 ns/op
WorkloadResult  10: 598592 op, 249042250.00 ns, 416.0467 ns/op
WorkloadResult  11: 598592 op, 251118950.00 ns, 419.5160 ns/op
WorkloadResult  12: 598592 op, 245545750.00 ns, 410.2055 ns/op
WorkloadResult  13: 598592 op, 243347850.00 ns, 406.5337 ns/op
WorkloadResult  14: 598592 op, 247989750.00 ns, 414.2884 ns/op
WorkloadResult  15: 598592 op, 244190950.00 ns, 407.9422 ns/op
// GC:  0 0 0 1296 598592
// Threading:  0 0 598592


Mean = 424.463 ns, StdErr = 3.122 ns (0.74%), N = 15, StdDev = 12.091 ns
Min = 406.534 ns, Q1 = 415.168 ns, Median = 427.285 ns, Q3 = 433.782 ns, Max = 445.205 ns
IQR = 18.614 ns, LowerFence = 387.246 ns, UpperFence = 461.704 ns
ConfidenceInterval = [411.537 ns; 437.389 ns] (CI 99.9%), Margin = 12.926 ns (3.05% of Mean)
Skewness = -0.01, Kurtosis = 1.53, MValue = 2

// ** Remained 0 (0.0%) benchmark(s) to run. Estimated finish 2026-09-07 22:43 (0h 0m from now) **
Successfully reverted power plan (GUID: 8c5e7fda-e8bf-4a96-9a85-a6e23a8c635c FriendlyName: High performance)
// ***** BenchmarkRunner: Finish  *****

// * Export *
  C:/git/Dekaf-worktrees/pr-3085-disabled-metrics/.artifacts/metrics-review/results/A1-pending-off\results\PendingBench-report.csv
  C:/git/Dekaf-worktrees/pr-3085-disabled-metrics/.artifacts/metrics-review/results/A1-pending-off\results\PendingBench-report-github.md
  C:/git/Dekaf-worktrees/pr-3085-disabled-metrics/.artifacts/metrics-review/results/A1-pending-off\results\PendingBench-report.html

// * Detailed results *
PendingBench.Workload: Job-OOLEIO(OutlierMode=DontRemove, Affinity=00000000000000000100, Toolchain=InProcessEmitToolchain, IterationCount=15, IterationTime=250ms, WarmupCount=8) [Enabled=False]
Runtime = ; GC = 
Mean = 424.463 ns, StdErr = 3.122 ns (0.74%), N = 15, StdDev = 12.091 ns
Min = 406.534 ns, Q1 = 415.168 ns, Median = 427.285 ns, Q3 = 433.782 ns, Max = 445.205 ns
IQR = 18.614 ns, LowerFence = 387.246 ns, UpperFence = 461.704 ns
ConfidenceInterval = [411.537 ns; 437.389 ns] (CI 99.9%), Margin = 12.926 ns (3.05% of Mean)
Skewness = -0.01, Kurtosis = 1.53, MValue = 2
-------------------- Histogram --------------------
[405.685 ns ; 418.555 ns) | @@@@@@
[418.555 ns ; 438.633 ns) | @@@@@@@@
[438.633 ns ; 451.640 ns) | @
---------------------------------------------------

// * Summary *

BenchmarkDotNet v0.15.8, Windows 11 (10.0.26200.9168/25H2/2025Update/HudsonValley2)
12th Gen Intel Core i7-12700K 3.60GHz, 1 CPU, 20 logical and 12 physical cores
.NET SDK 10.0.400
  [Host] : .NET 10.0.11 (10.0.11, 10.0.1126.37416), X64 RyuJIT x86-64-v3

OutlierMode=DontRemove  Affinity=00000000000000000100  Toolchain=InProcessEmitToolchain  
IterationCount=15  IterationTime=250ms  WarmupCount=8  

| Method   | Enabled | Mean     | Error    | StdDev   | Allocated |
|--------- |-------- |---------:|---------:|---------:|----------:|
| Workload | False   | 424.5 ns | 12.93 ns | 12.09 ns |         - |

// * Legends *
  Enabled   : Value of the 'Enabled' parameter
  Mean      : Arithmetic mean of all measurements
  Error     : Half of 99.9% confidence interval
  StdDev    : Standard deviation of all measurements
  Allocated : Allocated memory per single operation (managed only, inclusive, 1KB = 1024B)
  1 ns      : 1 Nanosecond (0.000000001 sec)

// * Diagnostic Output - MemoryDiagnoser *


// ***** BenchmarkRunner: End *****
Run time: 00:00:28 (28.14 sec), executed benchmarks: 1

Global total time: 00:00:28 (28.79 sec), executed benchmarks: 1
// * Artifacts cleanup *
Artifacts cleanup is finished
