// Validating benchmarks:
// ***** BenchmarkRunner: Start   *****
// ***** Found 1 benchmark(s) in total *****
// ***** Building 1 exe(s) in Parallel: Start   *****
// ***** Done, took 00:00:00 (0.06 sec)   *****
// Found 1 benchmarks:
//   DiagnosticBenchmarks.CustomString: Job-WYZZKU(OutlierMode=DontRemove, Affinity=00000000000000000100, Toolchain=InProcessEmitToolchain, InvocationCount=16777216, IterationCount=15, UnrollFactor=1, WarmupCount=10)

Setup power plan (GUID: 8c5e7fda-e8bf-4a96-9a85-a6e23a8c635c FriendlyName: High performance)
// **************************
// Benchmark: DiagnosticBenchmarks.CustomString: Job-WYZZKU(OutlierMode=DontRemove, Affinity=00000000000000000100, Toolchain=InProcessEmitToolchain, InvocationCount=16777216, IterationCount=15, UnrollFactor=1, WarmupCount=10)
// *** Execute ***
// Launch: 1 / 1

// Benchmark Process Environment Information:
// BenchmarkDotNet v0.15.8
// Runtime=.NET 10.0.11 (10.0.11, 10.0.1126.37416), X64 RyuJIT x86-64-v3
// GC=Concurrent Workstation
// HardwareIntrinsics=AVX2+BMI1+BMI2+F16C+FMA+LZCNT+MOVBE,AVX,SSE3+SSSE3+SSE4.1+SSE4.2+POPCNT,X86Base+SSE+SSE2,AES+PCLMUL,AvxVnni,SERIALIZE VectorSize=256
// Job: Job-WYZZKU(OutlierMode=DontRemove, Affinity=00000000000000000100, Toolchain=InProcessEmitToolchain, InvocationCount=16777216, IterationCount=15, UnrollFactor=1, WarmupCount=10)

SIZES string=16 number=8 nullable=12 array=16 raw=24 memory=24 segment=24
WARM seconds=1.000015 operations=14293701 jit=2257 jitMs=277.729600 threads=9 pending=0 cpuMs=1375.000000 gc0=2 gc1=2 gc2=2 heap=446320 rss=59785216
WARM seconds=2.000004 operations=28381243 jit=2259 jitMs=277.896300 threads=9 pending=0 cpuMs=2328.125000 gc0=2 gc1=2 gc2=2 heap=454544 rss=59506688
WARM seconds=3.000003 operations=42166388 jit=2259 jitMs=277.896300 threads=9 pending=0 cpuMs=3328.125000 gc0=2 gc1=2 gc2=2 heap=454544 rss=59424768
WARM seconds=4.000017 operations=56405084 jit=2259 jitMs=277.896300 threads=9 pending=0 cpuMs=4312.500000 gc0=2 gc1=2 gc2=2 heap=462768 rss=59424768
WARM seconds=5.000003 operations=70135024 jit=2259 jitMs=277.896300 threads=9 pending=0 cpuMs=5281.250000 gc0=2 gc1=2 gc2=2 heap=462768 rss=59416576
WARM seconds=6.000003 operations=84145790 jit=2259 jitMs=277.896300 threads=9 pending=0 cpuMs=6265.625000 gc0=2 gc1=2 gc2=2 heap=470992 rss=59416576
WARM seconds=7.000007 operations=95203612 jit=2273 jitMs=279.895200 threads=9 pending=0 cpuMs=7234.375000 gc0=2 gc1=2 gc2=2 heap=470992 rss=59977728
WARM seconds=8.000004 operations=110727436 jit=2291 jitMs=284.035500 threads=9 pending=0 cpuMs=8218.750000 gc0=2 gc1=2 gc2=2 heap=479216 rss=60014592
WARM seconds=9.000004 operations=130346702 jit=2291 jitMs=284.035500 threads=9 pending=0 cpuMs=9218.750000 gc0=2 gc1=2 gc2=2 heap=479216 rss=59969536
WARM seconds=10.000004 operations=150293022 jit=2291 jitMs=284.035500 threads=9 pending=0 cpuMs=10218.750000 gc0=2 gc1=2 gc2=2 heap=487440 rss=59969536
WARM seconds=11.000004 operations=170004678 jit=2302 jitMs=344.717300 threads=9 pending=0 cpuMs=11171.875000 gc0=2 gc1=2 gc2=2 heap=487440 rss=59990016
WARM seconds=12.000007 operations=189771552 jit=2302 jitMs=344.717300 threads=9 pending=0 cpuMs=12156.250000 gc0=2 gc1=2 gc2=2 heap=495664 rss=59990016
WARM seconds=13.000003 operations=209615680 jit=2312 jitMs=346.832800 threads=9 pending=0 cpuMs=13156.250000 gc0=2 gc1=2 gc2=2 heap=495664 rss=60026880
WARM seconds=14.000004 operations=229500785 jit=2314 jitMs=1132.533600 threads=9 pending=0 cpuMs=14140.625000 gc0=2 gc1=2 gc2=2 heap=503888 rss=60133376
WARM seconds=15.000003 operations=249274290 jit=2314 jitMs=1132.533600 threads=9 pending=0 cpuMs=15046.875000 gc0=2 gc1=2 gc2=2 heap=503888 rss=60129280
WARM seconds=16.000027 operations=269263902 jit=2314 jitMs=1132.533600 threads=9 pending=0 cpuMs=16046.875000 gc0=2 gc1=2 gc2=2 heap=512112 rss=60129280
WARM seconds=17.000003 operations=288616117 jit=2314 jitMs=1132.533600 threads=9 pending=0 cpuMs=16968.750000 gc0=2 gc1=2 gc2=2 heap=512112 rss=60129280
WARM seconds=18.000004 operations=308188870 jit=2337 jitMs=1142.232600 threads=9 pending=0 cpuMs=17953.125000 gc0=2 gc1=2 gc2=2 heap=520336 rss=60305408
WARM seconds=19.000004 operations=327915662 jit=2337 jitMs=1142.232600 threads=9 pending=0 cpuMs=18937.500000 gc0=2 gc1=2 gc2=2 heap=528560 rss=60305408
WARM seconds=20.000009 operations=347837000 jit=2340 jitMs=1144.053500 threads=9 pending=0 cpuMs=19921.875000 gc0=2 gc1=2 gc2=2 heap=528560 rss=60325888
RAW operations=1000 bytes=0 sink=0
OverheadJitting  1: 1 op, 172100.00 ns, 172.1000 us/op
WorkloadJitting  1: 1 op, 143700.00 ns, 143.7000 us/op

OverheadWarmup   1: 16777216 op, 22051700.00 ns, 1.3144 ns/op
OverheadWarmup   2: 16777216 op, 21928800.00 ns, 1.3071 ns/op
OverheadWarmup   3: 16777216 op, 21811000.00 ns, 1.3000 ns/op
OverheadWarmup   4: 16777216 op, 21976300.00 ns, 1.3099 ns/op
OverheadWarmup   5: 16777216 op, 21432300.00 ns, 1.2775 ns/op
OverheadWarmup   6: 16777216 op, 21439400.00 ns, 1.2779 ns/op
OverheadWarmup   7: 16777216 op, 20983900.00 ns, 1.2507 ns/op

OverheadActual   1: 16777216 op, 21237800.00 ns, 1.2659 ns/op
OverheadActual   2: 16777216 op, 21601900.00 ns, 1.2876 ns/op
OverheadActual   3: 16777216 op, 22096000.00 ns, 1.3170 ns/op
OverheadActual   4: 16777216 op, 21863600.00 ns, 1.3032 ns/op
OverheadActual   5: 16777216 op, 21736000.00 ns, 1.2956 ns/op
OverheadActual   6: 16777216 op, 21943900.00 ns, 1.3080 ns/op
OverheadActual   7: 16777216 op, 21723700.00 ns, 1.2948 ns/op
OverheadActual   8: 16777216 op, 21856600.00 ns, 1.3028 ns/op
OverheadActual   9: 16777216 op, 21626200.00 ns, 1.2890 ns/op
OverheadActual  10: 16777216 op, 21561800.00 ns, 1.2852 ns/op
OverheadActual  11: 16777216 op, 21248700.00 ns, 1.2665 ns/op
OverheadActual  12: 16777216 op, 21320000.00 ns, 1.2708 ns/op
OverheadActual  13: 16777216 op, 20906400.00 ns, 1.2461 ns/op
OverheadActual  14: 16777216 op, 21416300.00 ns, 1.2765 ns/op
OverheadActual  15: 16777216 op, 21248200.00 ns, 1.2665 ns/op

WorkloadWarmup   1: 16777216 op, 151915300.00 ns, 9.0549 ns/op
WorkloadWarmup   2: 16777216 op, 152310600.00 ns, 9.0784 ns/op
WorkloadWarmup   3: 16777216 op, 149921800.00 ns, 8.9360 ns/op
WorkloadWarmup   4: 16777216 op, 150594500.00 ns, 8.9761 ns/op
WorkloadWarmup   5: 16777216 op, 151383200.00 ns, 9.0231 ns/op
WorkloadWarmup   6: 16777216 op, 151627800.00 ns, 9.0377 ns/op
WorkloadWarmup   7: 16777216 op, 148045200.00 ns, 8.8242 ns/op
WorkloadWarmup   8: 16777216 op, 153916200.00 ns, 9.1741 ns/op
WorkloadWarmup   9: 16777216 op, 167774600.00 ns, 10.0001 ns/op
WorkloadWarmup  10: 16777216 op, 152605000.00 ns, 9.0960 ns/op

WorkloadActual   1: 16777216 op, 149476000.00 ns, 8.9095 ns/op
WorkloadActual   2: 16777216 op, 149352400.00 ns, 8.9021 ns/op
WorkloadActual   3: 16777216 op, 148182700.00 ns, 8.8324 ns/op
WorkloadActual   4: 16777216 op, 150595800.00 ns, 8.9762 ns/op
WorkloadActual   5: 16777216 op, 149259400.00 ns, 8.8966 ns/op
WorkloadActual   6: 16777216 op, 149465200.00 ns, 8.9088 ns/op
WorkloadActual   7: 16777216 op, 150378400.00 ns, 8.9633 ns/op
WorkloadActual   8: 16777216 op, 148916400.00 ns, 8.8761 ns/op
WorkloadActual   9: 16777216 op, 149139100.00 ns, 8.8894 ns/op
WorkloadActual  10: 16777216 op, 149815000.00 ns, 8.9297 ns/op
WorkloadActual  11: 16777216 op, 149104800.00 ns, 8.8873 ns/op
WorkloadActual  12: 16777216 op, 154028200.00 ns, 9.1808 ns/op
WorkloadActual  13: 16777216 op, 151827200.00 ns, 9.0496 ns/op
WorkloadActual  14: 16777216 op, 152915400.00 ns, 9.1145 ns/op
WorkloadActual  15: 16777216 op, 152335500.00 ns, 9.0799 ns/op

WorkloadResult   1: 16777216 op, 127874100.00 ns, 7.6219 ns/op
WorkloadResult   2: 16777216 op, 127750500.00 ns, 7.6145 ns/op
WorkloadResult   3: 16777216 op, 126580800.00 ns, 7.5448 ns/op
WorkloadResult   4: 16777216 op, 128993900.00 ns, 7.6886 ns/op
WorkloadResult   5: 16777216 op, 127657500.00 ns, 7.6090 ns/op
WorkloadResult   6: 16777216 op, 127863300.00 ns, 7.6212 ns/op
WorkloadResult   7: 16777216 op, 128776500.00 ns, 7.6757 ns/op
WorkloadResult   8: 16777216 op, 127314500.00 ns, 7.5885 ns/op
WorkloadResult   9: 16777216 op, 127537200.00 ns, 7.6018 ns/op
WorkloadResult  10: 16777216 op, 128213100.00 ns, 7.6421 ns/op
WorkloadResult  11: 16777216 op, 127502900.00 ns, 7.5998 ns/op
WorkloadResult  12: 16777216 op, 132426300.00 ns, 7.8932 ns/op
WorkloadResult  13: 16777216 op, 130225300.00 ns, 7.7620 ns/op
WorkloadResult  14: 16777216 op, 131313500.00 ns, 7.8269 ns/op
WorkloadResult  15: 16777216 op, 130733600.00 ns, 7.7923 ns/op
// GC:  0 0 0 2304 16777216
// Threading:  0 0 16777216


Mean = 7.672 ns, StdErr = 0.026 ns (0.34%), N = 15, StdDev = 0.101 ns
Min = 7.545 ns, Q1 = 7.605 ns, Median = 7.622 ns, Q3 = 7.725 ns, Max = 7.893 ns
IQR = 0.120 ns, LowerFence = 7.425 ns, UpperFence = 7.905 ns
ConfidenceInterval = [7.564 ns; 7.780 ns] (CI 99.9%), Margin = 0.108 ns (1.41% of Mean)
Skewness = 0.84, Kurtosis = 2.35, MValue = 2

// ** Remained 0 (0.0%) benchmark(s) to run. Estimated finish 2026-09-08 4:22 (0h 0m from now) **
Successfully reverted power plan (GUID: 8c5e7fda-e8bf-4a96-9a85-a6e23a8c635c FriendlyName: High performance)
// ***** BenchmarkRunner: Finish  *****

// * Export *
  .artifacts\deserialized-null\runtime-flag\measure\A1\CustomString\results\Dekaf.Benchmarks.Diagnostics.DiagnosticBenchmarks-report.csv
  .artifacts\deserialized-null\runtime-flag\measure\A1\CustomString\results\Dekaf.Benchmarks.Diagnostics.DiagnosticBenchmarks-report-github.md
  .artifacts\deserialized-null\runtime-flag\measure\A1\CustomString\results\Dekaf.Benchmarks.Diagnostics.DiagnosticBenchmarks-report.html
  .artifacts\deserialized-null\runtime-flag\measure\A1\CustomString\results\Dekaf.Benchmarks.Diagnostics.DiagnosticBenchmarks-report-full.json

// * Detailed results *
DiagnosticBenchmarks.CustomString: Job-WYZZKU(OutlierMode=DontRemove, Affinity=00000000000000000100, Toolchain=InProcessEmitToolchain, InvocationCount=16777216, IterationCount=15, UnrollFactor=1, WarmupCount=10)
Runtime = ; GC = 
Mean = 7.672 ns, StdErr = 0.026 ns (0.34%), N = 15, StdDev = 0.101 ns
Min = 7.545 ns, Q1 = 7.605 ns, Median = 7.622 ns, Q3 = 7.725 ns, Max = 7.893 ns
IQR = 0.120 ns, LowerFence = 7.425 ns, UpperFence = 7.905 ns
ConfidenceInterval = [7.564 ns; 7.780 ns] (CI 99.9%), Margin = 0.108 ns (1.41% of Mean)
Skewness = 0.84, Kurtosis = 2.35, MValue = 2
-------------------- Histogram --------------------
[7.491 ns ; 7.715 ns) | @@@@@@@@@@@
[7.715 ns ; 7.947 ns) | @@@@
---------------------------------------------------

// * Summary *

BenchmarkDotNet v0.15.8, Windows 11 (10.0.26200.9168/25H2/2025Update/HudsonValley2)
12th Gen Intel Core i7-12700K 3.60GHz, 1 CPU, 20 logical and 12 physical cores
.NET SDK 10.0.400
  [Host] : .NET 10.0.11 (10.0.11, 10.0.1126.37416), X64 RyuJIT x86-64-v3

OutlierMode=DontRemove  Affinity=00000000000000000100  Toolchain=InProcessEmitToolchain  
InvocationCount=16777216  IterationCount=15  UnrollFactor=1  
WarmupCount=10  

| Method       | Mean     | Error     | StdDev    | Allocated |
|------------- |---------:|----------:|----------:|----------:|
| CustomString | 7.672 ns | 0.1078 ns | 0.1008 ns |         - |

// * Legends *
  Mean      : Arithmetic mean of all measurements
  Error     : Half of 99.9% confidence interval
  StdDev    : Standard deviation of all measurements
  Allocated : Allocated memory per single operation (managed only, inclusive, 1KB = 1024B)
  1 ns      : 1 Nanosecond (0.000000001 sec)

// * Diagnostic Output - MemoryDiagnoser *


// ***** BenchmarkRunner: End *****
Run time: 00:00:25 (25.09 sec), executed benchmarks: 1

Global total time: 00:00:25 (25.62 sec), executed benchmarks: 1
// * Artifacts cleanup *
Artifacts cleanup is finished
