// Validating benchmarks:
// ***** BenchmarkRunner: Start   *****
// ***** Found 1 benchmark(s) in total *****
// ***** Building 1 exe(s) in Parallel: Start   *****
// ***** Done, took 00:00:00 (0.02 sec)   *****
// Found 1 benchmarks:
//   DiagnosticBenchmarks.ReadOnlyMemory: Job-WYZZKU(OutlierMode=DontRemove, Affinity=00000000000000000100, Toolchain=InProcessEmitToolchain, InvocationCount=16777216, IterationCount=15, UnrollFactor=1, WarmupCount=10)

Setup power plan (GUID: 8c5e7fda-e8bf-4a96-9a85-a6e23a8c635c FriendlyName: High performance)
// **************************
// Benchmark: DiagnosticBenchmarks.ReadOnlyMemory: Job-WYZZKU(OutlierMode=DontRemove, Affinity=00000000000000000100, Toolchain=InProcessEmitToolchain, InvocationCount=16777216, IterationCount=15, UnrollFactor=1, WarmupCount=10)
// *** Execute ***
// Launch: 1 / 1

// Benchmark Process Environment Information:
// BenchmarkDotNet v0.15.8
// Runtime=.NET 10.0.11 (10.0.11, 10.0.1126.37416), X64 RyuJIT x86-64-v3
// GC=Concurrent Workstation
// HardwareIntrinsics=AVX2+BMI1+BMI2+F16C+FMA+LZCNT+MOVBE,AVX,SSE3+SSSE3+SSE4.1+SSE4.2+POPCNT,X86Base+SSE+SSE2,AES+PCLMUL,AvxVnni,SERIALIZE VectorSize=256
// Job: Job-WYZZKU(OutlierMode=DontRemove, Affinity=00000000000000000100, Toolchain=InProcessEmitToolchain, InvocationCount=16777216, IterationCount=15, UnrollFactor=1, WarmupCount=10)

SIZES string=16 number=8 nullable=12 array=16 raw=24 memory=24 segment=24
WARM seconds=1.000014 operations=20328560 jit=2263 jitMs=162.739500 threads=10 pending=0 cpuMs=1265.625000 gc0=2 gc1=2 gc2=2 heap=472896 rss=60313600
WARM seconds=2.000006 operations=40566639 jit=2265 jitMs=162.919400 threads=10 pending=0 cpuMs=2250.000000 gc0=2 gc1=2 gc2=2 heap=481120 rss=59969536
WARM seconds=3.000012 operations=60788970 jit=2265 jitMs=162.919400 threads=10 pending=0 cpuMs=3250.000000 gc0=2 gc1=2 gc2=2 heap=481120 rss=60481536
WARM seconds=4.000004 operations=80793590 jit=2265 jitMs=162.919400 threads=10 pending=0 cpuMs=4234.375000 gc0=2 gc1=2 gc2=2 heap=489344 rss=60502016
WARM seconds=5.000007 operations=100862124 jit=2265 jitMs=162.919400 threads=10 pending=0 cpuMs=5187.500000 gc0=2 gc1=2 gc2=2 heap=489344 rss=60506112
WARM seconds=6.000006 operations=117748449 jit=2279 jitMs=165.751700 threads=10 pending=0 cpuMs=6156.250000 gc0=2 gc1=2 gc2=2 heap=497568 rss=60567552
WARM seconds=7.000005 operations=134433512 jit=2279 jitMs=165.751700 threads=10 pending=0 cpuMs=7156.250000 gc0=2 gc1=2 gc2=2 heap=497568 rss=60559360
WARM seconds=8.000006 operations=152449969 jit=2293 jitMs=168.156400 threads=10 pending=0 cpuMs=8125.000000 gc0=2 gc1=2 gc2=2 heap=505792 rss=60567552
WARM seconds=9.000004 operations=172725543 jit=2299 jitMs=170.143300 threads=10 pending=0 cpuMs=9125.000000 gc0=2 gc1=2 gc2=2 heap=505792 rss=60641280
WARM seconds=10.000004 operations=193015355 jit=2299 jitMs=170.143300 threads=10 pending=0 cpuMs=10109.375000 gc0=2 gc1=2 gc2=2 heap=514016 rss=60628992
WARM seconds=11.000008 operations=213558763 jit=2301 jitMs=171.123700 threads=10 pending=0 cpuMs=11093.750000 gc0=2 gc1=2 gc2=2 heap=514016 rss=60633088
WARM seconds=12.000005 operations=233947848 jit=2301 jitMs=171.123700 threads=10 pending=0 cpuMs=12093.750000 gc0=2 gc1=2 gc2=2 heap=522240 rss=60633088
WARM seconds=13.000005 operations=254336908 jit=2301 jitMs=171.123700 threads=10 pending=0 cpuMs=13093.750000 gc0=2 gc1=2 gc2=2 heap=530464 rss=60698624
WARM seconds=14.000005 operations=274682549 jit=2301 jitMs=171.123700 threads=10 pending=0 cpuMs=14093.750000 gc0=2 gc1=2 gc2=2 heap=530464 rss=60698624
WARM seconds=15.000004 operations=294849795 jit=2326 jitMs=182.007400 threads=10 pending=0 cpuMs=15093.750000 gc0=2 gc1=2 gc2=2 heap=538688 rss=60882944
WARM seconds=16.000005 operations=314876755 jit=2326 jitMs=182.007400 threads=10 pending=0 cpuMs=16093.750000 gc0=2 gc1=2 gc2=2 heap=538688 rss=60882944
WARM seconds=17.000004 operations=335119652 jit=2326 jitMs=182.007400 threads=10 pending=0 cpuMs=17078.125000 gc0=2 gc1=2 gc2=2 heap=546912 rss=60887040
WARM seconds=18.000005 operations=355295267 jit=2326 jitMs=182.007400 threads=10 pending=0 cpuMs=18078.125000 gc0=2 gc1=2 gc2=2 heap=546912 rss=60891136
WARM seconds=19.000005 operations=375321482 jit=2326 jitMs=182.007400 threads=10 pending=0 cpuMs=19078.125000 gc0=2 gc1=2 gc2=2 heap=555136 rss=60891136
WARM seconds=20.000005 operations=395373946 jit=2336 jitMs=185.806900 threads=10 pending=0 cpuMs=20062.500000 gc0=2 gc1=2 gc2=2 heap=555136 rss=60948480
RAW operations=1000 bytes=0 sink=0
OverheadJitting  1: 1 op, 159200.00 ns, 159.2000 us/op
WorkloadJitting  1: 1 op, 143100.00 ns, 143.1000 us/op

OverheadWarmup   1: 16777216 op, 21685900.00 ns, 1.2926 ns/op
OverheadWarmup   2: 16777216 op, 21141200.00 ns, 1.2601 ns/op
OverheadWarmup   3: 16777216 op, 21494900.00 ns, 1.2812 ns/op
OverheadWarmup   4: 16777216 op, 21352900.00 ns, 1.2727 ns/op
OverheadWarmup   5: 16777216 op, 21344100.00 ns, 1.2722 ns/op
OverheadWarmup   6: 16777216 op, 21217700.00 ns, 1.2647 ns/op
OverheadWarmup   7: 16777216 op, 21260700.00 ns, 1.2672 ns/op
OverheadWarmup   8: 16777216 op, 21217500.00 ns, 1.2647 ns/op

OverheadActual   1: 16777216 op, 21397500.00 ns, 1.2754 ns/op
OverheadActual   2: 16777216 op, 21355400.00 ns, 1.2729 ns/op
OverheadActual   3: 16777216 op, 21441200.00 ns, 1.2780 ns/op
OverheadActual   4: 16777216 op, 21276300.00 ns, 1.2682 ns/op
OverheadActual   5: 16777216 op, 21341000.00 ns, 1.2720 ns/op
OverheadActual   6: 16777216 op, 21303900.00 ns, 1.2698 ns/op
OverheadActual   7: 16777216 op, 21108700.00 ns, 1.2582 ns/op
OverheadActual   8: 16777216 op, 21629100.00 ns, 1.2892 ns/op
OverheadActual   9: 16777216 op, 21375900.00 ns, 1.2741 ns/op
OverheadActual  10: 16777216 op, 21528400.00 ns, 1.2832 ns/op
OverheadActual  11: 16777216 op, 21057600.00 ns, 1.2551 ns/op
OverheadActual  12: 16777216 op, 21439800.00 ns, 1.2779 ns/op
OverheadActual  13: 16777216 op, 21095000.00 ns, 1.2574 ns/op
OverheadActual  14: 16777216 op, 21362900.00 ns, 1.2733 ns/op
OverheadActual  15: 16777216 op, 21233300.00 ns, 1.2656 ns/op

WorkloadWarmup   1: 16777216 op, 1251039500.00 ns, 74.5678 ns/op
WorkloadWarmup   2: 16777216 op, 1252816800.00 ns, 74.6737 ns/op
WorkloadWarmup   3: 16777216 op, 1195565100.00 ns, 71.2612 ns/op
WorkloadWarmup   4: 16777216 op, 1165528800.00 ns, 69.4709 ns/op
WorkloadWarmup   5: 16777216 op, 1388532400.00 ns, 82.7630 ns/op
WorkloadWarmup   6: 16777216 op, 1518969200.00 ns, 90.5376 ns/op
WorkloadWarmup   7: 16777216 op, 1372073200.00 ns, 81.7819 ns/op
WorkloadWarmup   8: 16777216 op, 1356920500.00 ns, 80.8788 ns/op
WorkloadWarmup   9: 16777216 op, 1373512000.00 ns, 81.8677 ns/op
WorkloadWarmup  10: 16777216 op, 1356128400.00 ns, 80.8316 ns/op

WorkloadActual   1: 16777216 op, 1367204500.00 ns, 81.4917 ns/op
WorkloadActual   2: 16777216 op, 1376892100.00 ns, 82.0692 ns/op
WorkloadActual   3: 16777216 op, 756517500.00 ns, 45.0920 ns/op
WorkloadActual   4: 16777216 op, 78560700.00 ns, 4.6826 ns/op
WorkloadActual   5: 16777216 op, 78451500.00 ns, 4.6761 ns/op
WorkloadActual   6: 16777216 op, 78279700.00 ns, 4.6658 ns/op
WorkloadActual   7: 16777216 op, 78655500.00 ns, 4.6882 ns/op
WorkloadActual   8: 16777216 op, 78878600.00 ns, 4.7015 ns/op
WorkloadActual   9: 16777216 op, 80921500.00 ns, 4.8233 ns/op
WorkloadActual  10: 16777216 op, 79280900.00 ns, 4.7255 ns/op
WorkloadActual  11: 16777216 op, 79642000.00 ns, 4.7470 ns/op
WorkloadActual  12: 16777216 op, 80254500.00 ns, 4.7835 ns/op
WorkloadActual  13: 16777216 op, 79786500.00 ns, 4.7556 ns/op
WorkloadActual  14: 16777216 op, 79151700.00 ns, 4.7178 ns/op
WorkloadActual  15: 16777216 op, 79030000.00 ns, 4.7106 ns/op

WorkloadResult   1: 16777216 op, 1345849100.00 ns, 80.2189 ns/op
WorkloadResult   2: 16777216 op, 1355536700.00 ns, 80.7963 ns/op
WorkloadResult   3: 16777216 op, 735162100.00 ns, 43.8191 ns/op
WorkloadResult   4: 16777216 op, 57205300.00 ns, 3.4097 ns/op
WorkloadResult   5: 16777216 op, 57096100.00 ns, 3.4032 ns/op
WorkloadResult   6: 16777216 op, 56924300.00 ns, 3.3930 ns/op
WorkloadResult   7: 16777216 op, 57300100.00 ns, 3.4154 ns/op
WorkloadResult   8: 16777216 op, 57523200.00 ns, 3.4286 ns/op
WorkloadResult   9: 16777216 op, 59566100.00 ns, 3.5504 ns/op
WorkloadResult  10: 16777216 op, 57925500.00 ns, 3.4526 ns/op
WorkloadResult  11: 16777216 op, 58286600.00 ns, 3.4742 ns/op
WorkloadResult  12: 16777216 op, 58899100.00 ns, 3.5107 ns/op
WorkloadResult  13: 16777216 op, 58431100.00 ns, 3.4828 ns/op
WorkloadResult  14: 16777216 op, 57796300.00 ns, 3.4449 ns/op
WorkloadResult  15: 16777216 op, 57674600.00 ns, 3.4377 ns/op
// GC:  0 0 0 2304 16777216
// Threading:  0 0 16777216


Mean = 16.416 ns, StdErr = 7.232 ns (44.06%), N = 15, StdDev = 28.010 ns
Min = 3.393 ns, Q1 = 3.422 ns, Median = 3.453 ns, Q3 = 3.531 ns, Max = 80.796 ns
IQR = 0.109 ns, LowerFence = 3.259 ns, UpperFence = 3.693 ns
ConfidenceInterval = [-13.529 ns; 46.360 ns] (CI 99.9%), Margin = 29.944 ns (182.41% of Mean)
Skewness = 1.58, Kurtosis = 3.75, MValue = 2

// ** Remained 0 (0.0%) benchmark(s) to run. Estimated finish 2026-09-08 4:24 (0h 0m from now) **
Successfully reverted power plan (GUID: 8c5e7fda-e8bf-4a96-9a85-a6e23a8c635c FriendlyName: High performance)
// ***** BenchmarkRunner: Finish  *****

// * Export *
  .artifacts\deserialized-null\runtime-flag\measure\B\ReadOnlyMemory\results\Dekaf.Benchmarks.Diagnostics.DiagnosticBenchmarks-report.csv
  .artifacts\deserialized-null\runtime-flag\measure\B\ReadOnlyMemory\results\Dekaf.Benchmarks.Diagnostics.DiagnosticBenchmarks-report-github.md
  .artifacts\deserialized-null\runtime-flag\measure\B\ReadOnlyMemory\results\Dekaf.Benchmarks.Diagnostics.DiagnosticBenchmarks-report.html
  .artifacts\deserialized-null\runtime-flag\measure\B\ReadOnlyMemory\results\Dekaf.Benchmarks.Diagnostics.DiagnosticBenchmarks-report-full.json

// * Detailed results *
DiagnosticBenchmarks.ReadOnlyMemory: Job-WYZZKU(OutlierMode=DontRemove, Affinity=00000000000000000100, Toolchain=InProcessEmitToolchain, InvocationCount=16777216, IterationCount=15, UnrollFactor=1, WarmupCount=10)
Runtime = ; GC = 
Mean = 16.416 ns, StdErr = 7.232 ns (44.06%), N = 15, StdDev = 28.010 ns
Min = 3.393 ns, Q1 = 3.422 ns, Median = 3.453 ns, Q3 = 3.531 ns, Max = 80.796 ns
IQR = 0.109 ns, LowerFence = 3.259 ns, UpperFence = 3.693 ns
ConfidenceInterval = [-13.529 ns; 46.360 ns] (CI 99.9%), Margin = 29.944 ns (182.41% of Mean)
Skewness = 1.58, Kurtosis = 3.75, MValue = 2
-------------------- Histogram --------------------
[ 3.393 ns ; 18.378 ns) | @@@@@@@@@@@@
[18.378 ns ; 28.912 ns) | 
[28.912 ns ; 65.601 ns) | @
[65.601 ns ; 95.703 ns) | @@
---------------------------------------------------

// * Summary *

BenchmarkDotNet v0.15.8, Windows 11 (10.0.26200.9168/25H2/2025Update/HudsonValley2)
12th Gen Intel Core i7-12700K 3.60GHz, 1 CPU, 20 logical and 12 physical cores
.NET SDK 10.0.400
  [Host] : .NET 10.0.11 (10.0.11, 10.0.1126.37416), X64 RyuJIT x86-64-v3

OutlierMode=DontRemove  Affinity=00000000000000000100  Toolchain=InProcessEmitToolchain  
InvocationCount=16777216  IterationCount=15  UnrollFactor=1  
WarmupCount=10  

| Method         | Mean     | Error    | StdDev   | Median   | Allocated |
|--------------- |---------:|---------:|---------:|---------:|----------:|
| ReadOnlyMemory | 16.42 ns | 29.94 ns | 28.01 ns | 3.453 ns |         - |

// * Warnings *
MinIterationTime
  DiagnosticBenchmarks.ReadOnlyMemory: OutlierMode=DontRemove, Affinity=00000000000000000100, Toolchain=InProcessEmitToolchain, InvocationCount=16777216, IterationCount=15, UnrollFactor=1, WarmupCount=10 -> The minimum observed iteration time is 78.28ms which is very small. It's recommended to increase it to at least 100ms using more operations.

// * Hints *
Outliers
  DiagnosticBenchmarks.ReadOnlyMemory: OutlierMode=DontRemove, Affinity=00000000000000000100, Toolchain=InProcessEmitToolchain, InvocationCount=16777216, IterationCount=15, UnrollFactor=1, WarmupCount=10 -> 3 outliers were detected (45.09 ns..82.07 ns)

// * Legends *
  Mean      : Arithmetic mean of all measurements
  Error     : Half of 99.9% confidence interval
  StdDev    : Standard deviation of all measurements
  Median    : Value separating the higher half of all measurements (50th percentile)
  Allocated : Allocated memory per single operation (managed only, inclusive, 1KB = 1024B)
  1 ns      : 1 Nanosecond (0.000000001 sec)

// * Diagnostic Output - MemoryDiagnoser *


// ***** BenchmarkRunner: End *****
Run time: 00:00:38 (38.85 sec), executed benchmarks: 1

Global total time: 00:00:39 (39.35 sec), executed benchmarks: 1
// * Artifacts cleanup *
Artifacts cleanup is finished
