// Validating benchmarks:
// ***** BenchmarkRunner: Start   *****
// ***** Found 1 benchmark(s) in total *****
// ***** Building 1 exe(s) in Parallel: Start   *****
// ***** Done, took 00:00:00 (0.02 sec)   *****
// Found 1 benchmarks:
//   DiagnosticBenchmarks.String: Job-WYZZKU(OutlierMode=DontRemove, Affinity=00000000000000000100, Toolchain=InProcessEmitToolchain, InvocationCount=16777216, IterationCount=15, UnrollFactor=1, WarmupCount=10)

Setup power plan (GUID: 8c5e7fda-e8bf-4a96-9a85-a6e23a8c635c FriendlyName: High performance)
// **************************
// Benchmark: DiagnosticBenchmarks.String: Job-WYZZKU(OutlierMode=DontRemove, Affinity=00000000000000000100, Toolchain=InProcessEmitToolchain, InvocationCount=16777216, IterationCount=15, UnrollFactor=1, WarmupCount=10)
// *** Execute ***
// Launch: 1 / 1

// Benchmark Process Environment Information:
// BenchmarkDotNet v0.15.8
// Runtime=.NET 10.0.11 (10.0.11, 10.0.1126.37416), X64 RyuJIT x86-64-v3
// GC=Concurrent Workstation
// HardwareIntrinsics=AVX2+BMI1+BMI2+F16C+FMA+LZCNT+MOVBE,AVX,SSE3+SSSE3+SSE4.1+SSE4.2+POPCNT,X86Base+SSE+SSE2,AES+PCLMUL,AvxVnni,SERIALIZE VectorSize=256
// Job: Job-WYZZKU(OutlierMode=DontRemove, Affinity=00000000000000000100, Toolchain=InProcessEmitToolchain, InvocationCount=16777216, IterationCount=15, UnrollFactor=1, WarmupCount=10)

SIZES string=16 number=8 nullable=12 array=16 raw=24 memory=24 segment=24
WARM seconds=1.000010 operations=19193455 jit=2253 jitMs=161.932200 threads=10 pending=0 cpuMs=1281.250000 gc0=2 gc1=2 gc2=2 heap=447432 rss=60051456
WARM seconds=2.000003 operations=38301054 jit=2255 jitMs=162.064600 threads=10 pending=0 cpuMs=2281.250000 gc0=2 gc1=2 gc2=2 heap=455656 rss=59719680
WARM seconds=3.000006 operations=57452513 jit=2255 jitMs=162.064600 threads=10 pending=0 cpuMs=3265.625000 gc0=2 gc1=2 gc2=2 heap=455656 rss=60284928
WARM seconds=4.000004 operations=76632229 jit=2255 jitMs=162.064600 threads=10 pending=0 cpuMs=4265.625000 gc0=2 gc1=2 gc2=2 heap=463880 rss=60289024
WARM seconds=5.000005 operations=95771872 jit=2255 jitMs=162.064600 threads=10 pending=0 cpuMs=5265.625000 gc0=2 gc1=2 gc2=2 heap=463880 rss=60174336
WARM seconds=6.000004 operations=114385384 jit=2255 jitMs=162.064600 threads=10 pending=0 cpuMs=6250.000000 gc0=2 gc1=2 gc2=2 heap=472104 rss=60190720
WARM seconds=7.000004 operations=133149082 jit=2255 jitMs=162.064600 threads=10 pending=0 cpuMs=7250.000000 gc0=2 gc1=2 gc2=2 heap=472104 rss=60190720
WARM seconds=8.000015 operations=151683022 jit=2271 jitMs=165.850600 threads=10 pending=0 cpuMs=8234.375000 gc0=2 gc1=2 gc2=2 heap=480328 rss=60301312
WARM seconds=9.000004 operations=167409248 jit=2271 jitMs=165.850600 threads=10 pending=0 cpuMs=9218.750000 gc0=2 gc1=2 gc2=2 heap=480328 rss=60280832
WARM seconds=10.000004 operations=183121124 jit=2271 jitMs=165.850600 threads=10 pending=0 cpuMs=10171.875000 gc0=2 gc1=2 gc2=2 heap=488552 rss=60280832
WARM seconds=11.000004 operations=201419217 jit=2292 jitMs=170.778300 threads=10 pending=0 cpuMs=11156.250000 gc0=2 gc1=2 gc2=2 heap=488552 rss=60424192
WARM seconds=12.000004 operations=220743535 jit=2292 jitMs=170.778300 threads=10 pending=0 cpuMs=12156.250000 gc0=2 gc1=2 gc2=2 heap=496776 rss=60420096
WARM seconds=13.000004 operations=240030008 jit=2292 jitMs=170.778300 threads=10 pending=0 cpuMs=13156.250000 gc0=2 gc1=2 gc2=2 heap=496776 rss=60424192
WARM seconds=14.000004 operations=259141348 jit=2313 jitMs=179.887600 threads=10 pending=0 cpuMs=14156.250000 gc0=2 gc1=2 gc2=2 heap=505000 rss=60645376
WARM seconds=15.000004 operations=278467624 jit=2313 jitMs=179.887600 threads=10 pending=0 cpuMs=15156.250000 gc0=2 gc1=2 gc2=2 heap=513224 rss=60645376
WARM seconds=16.000006 operations=296957532 jit=2313 jitMs=179.887600 threads=10 pending=0 cpuMs=16140.625000 gc0=2 gc1=2 gc2=2 heap=513224 rss=60665856
WARM seconds=17.000005 operations=315776827 jit=2317 jitMs=182.145500 threads=10 pending=0 cpuMs=17078.125000 gc0=2 gc1=2 gc2=2 heap=521448 rss=60686336
WARM seconds=18.000004 operations=334975629 jit=2317 jitMs=182.145500 threads=10 pending=0 cpuMs=18031.250000 gc0=2 gc1=2 gc2=2 heap=521448 rss=60686336
WARM seconds=19.000004 operations=354221366 jit=2317 jitMs=182.145500 threads=10 pending=0 cpuMs=19031.250000 gc0=2 gc1=2 gc2=2 heap=529672 rss=60686336
RAW operations=1000 bytes=0 sink=0
OverheadJitting  1: 1 op, 196100.00 ns, 196.1000 us/op
WorkloadJitting  1: 1 op, 159200.00 ns, 159.2000 us/op

OverheadWarmup   1: 16777216 op, 21853900.00 ns, 1.3026 ns/op
OverheadWarmup   2: 16777216 op, 21958800.00 ns, 1.3088 ns/op
OverheadWarmup   3: 16777216 op, 21880400.00 ns, 1.3042 ns/op
OverheadWarmup   4: 16777216 op, 21763800.00 ns, 1.2972 ns/op
OverheadWarmup   5: 16777216 op, 21833100.00 ns, 1.3014 ns/op
OverheadWarmup   6: 16777216 op, 21511200.00 ns, 1.2822 ns/op

OverheadActual   1: 16777216 op, 21769500.00 ns, 1.2976 ns/op
OverheadActual   2: 16777216 op, 21684900.00 ns, 1.2925 ns/op
OverheadActual   3: 16777216 op, 21993200.00 ns, 1.3109 ns/op
OverheadActual   4: 16777216 op, 21783100.00 ns, 1.2984 ns/op
OverheadActual   5: 16777216 op, 21909400.00 ns, 1.3059 ns/op
OverheadActual   6: 16777216 op, 21800600.00 ns, 1.2994 ns/op
OverheadActual   7: 16777216 op, 21995900.00 ns, 1.3111 ns/op
OverheadActual   8: 16777216 op, 21621000.00 ns, 1.2887 ns/op
OverheadActual   9: 16777216 op, 22117100.00 ns, 1.3183 ns/op
OverheadActual  10: 16777216 op, 21577900.00 ns, 1.2861 ns/op
OverheadActual  11: 16777216 op, 22048300.00 ns, 1.3142 ns/op
OverheadActual  12: 16777216 op, 21708500.00 ns, 1.2939 ns/op
OverheadActual  13: 16777216 op, 21859700.00 ns, 1.3029 ns/op
OverheadActual  14: 16777216 op, 21546600.00 ns, 1.2843 ns/op
OverheadActual  15: 16777216 op, 21854300.00 ns, 1.3026 ns/op

WorkloadWarmup   1: 16777216 op, 740531900.00 ns, 44.1391 ns/op
WorkloadWarmup   2: 16777216 op, 741218200.00 ns, 44.1800 ns/op
WorkloadWarmup   3: 16777216 op, 740621500.00 ns, 44.1445 ns/op
WorkloadWarmup   4: 16777216 op, 739488600.00 ns, 44.0770 ns/op
WorkloadWarmup   5: 16777216 op, 739312400.00 ns, 44.0665 ns/op
WorkloadWarmup   6: 16777216 op, 739611400.00 ns, 44.0843 ns/op
WorkloadWarmup   7: 16777216 op, 939273900.00 ns, 55.9851 ns/op
WorkloadWarmup   8: 16777216 op, 1391864300.00 ns, 82.9616 ns/op
WorkloadWarmup   9: 16777216 op, 1345058600.00 ns, 80.1717 ns/op
WorkloadWarmup  10: 16777216 op, 1215582400.00 ns, 72.4544 ns/op

WorkloadActual   1: 16777216 op, 1214418400.00 ns, 72.3850 ns/op
WorkloadActual   2: 16777216 op, 1215244500.00 ns, 72.4342 ns/op
WorkloadActual   3: 16777216 op, 897981500.00 ns, 53.5239 ns/op
WorkloadActual   4: 16777216 op, 147044700.00 ns, 8.7645 ns/op
WorkloadActual   5: 16777216 op, 147697000.00 ns, 8.8034 ns/op
WorkloadActual   6: 16777216 op, 146834600.00 ns, 8.7520 ns/op
WorkloadActual   7: 16777216 op, 147577600.00 ns, 8.7963 ns/op
WorkloadActual   8: 16777216 op, 147471300.00 ns, 8.7900 ns/op
WorkloadActual   9: 16777216 op, 147573100.00 ns, 8.7960 ns/op
WorkloadActual  10: 16777216 op, 147068900.00 ns, 8.7660 ns/op
WorkloadActual  11: 16777216 op, 147323000.00 ns, 8.7811 ns/op
WorkloadActual  12: 16777216 op, 148708900.00 ns, 8.8637 ns/op
WorkloadActual  13: 16777216 op, 148090200.00 ns, 8.8269 ns/op
WorkloadActual  14: 16777216 op, 147908100.00 ns, 8.8160 ns/op
WorkloadActual  15: 16777216 op, 148008800.00 ns, 8.8220 ns/op

WorkloadResult   1: 16777216 op, 1192617800.00 ns, 71.0856 ns/op
WorkloadResult   2: 16777216 op, 1193443900.00 ns, 71.1348 ns/op
WorkloadResult   3: 16777216 op, 876180900.00 ns, 52.2245 ns/op
WorkloadResult   4: 16777216 op, 125244100.00 ns, 7.4651 ns/op
WorkloadResult   5: 16777216 op, 125896400.00 ns, 7.5040 ns/op
WorkloadResult   6: 16777216 op, 125034000.00 ns, 7.4526 ns/op
WorkloadResult   7: 16777216 op, 125777000.00 ns, 7.4969 ns/op
WorkloadResult   8: 16777216 op, 125670700.00 ns, 7.4906 ns/op
WorkloadResult   9: 16777216 op, 125772500.00 ns, 7.4966 ns/op
WorkloadResult  10: 16777216 op, 125268300.00 ns, 7.4666 ns/op
WorkloadResult  11: 16777216 op, 125522400.00 ns, 7.4817 ns/op
WorkloadResult  12: 16777216 op, 126908300.00 ns, 7.5643 ns/op
WorkloadResult  13: 16777216 op, 126289600.00 ns, 7.5274 ns/op
WorkloadResult  14: 16777216 op, 126107500.00 ns, 7.5166 ns/op
WorkloadResult  15: 16777216 op, 126208200.00 ns, 7.5226 ns/op
// GC:  0 0 0 2304 16777216
// Threading:  0 0 16777216


Mean = 18.962 ns, StdErr = 6.219 ns (32.80%), N = 15, StdDev = 24.086 ns
Min = 7.453 ns, Q1 = 7.486 ns, Median = 7.504 ns, Q3 = 7.546 ns, Max = 71.135 ns
IQR = 0.060 ns, LowerFence = 7.397 ns, UpperFence = 7.636 ns
ConfidenceInterval = [-6.788 ns; 44.712 ns] (CI 99.9%), Margin = 25.750 ns (135.80% of Mean)
Skewness = 1.44, Kurtosis = 3.21, MValue = 2

// ** Remained 0 (0.0%) benchmark(s) to run. Estimated finish 2026-09-08 4:31 (0h 0m from now) **
Successfully reverted power plan (GUID: 8c5e7fda-e8bf-4a96-9a85-a6e23a8c635c FriendlyName: High performance)
// ***** BenchmarkRunner: Finish  *****

// * Export *
  .artifacts\deserialized-null\runtime-flag\measure\A2\String\results\Dekaf.Benchmarks.Diagnostics.DiagnosticBenchmarks-report.csv
  .artifacts\deserialized-null\runtime-flag\measure\A2\String\results\Dekaf.Benchmarks.Diagnostics.DiagnosticBenchmarks-report-github.md
  .artifacts\deserialized-null\runtime-flag\measure\A2\String\results\Dekaf.Benchmarks.Diagnostics.DiagnosticBenchmarks-report.html
  .artifacts\deserialized-null\runtime-flag\measure\A2\String\results\Dekaf.Benchmarks.Diagnostics.DiagnosticBenchmarks-report-full.json

// * Detailed results *
DiagnosticBenchmarks.String: Job-WYZZKU(OutlierMode=DontRemove, Affinity=00000000000000000100, Toolchain=InProcessEmitToolchain, InvocationCount=16777216, IterationCount=15, UnrollFactor=1, WarmupCount=10)
Runtime = ; GC = 
Mean = 18.962 ns, StdErr = 6.219 ns (32.80%), N = 15, StdDev = 24.086 ns
Min = 7.453 ns, Q1 = 7.486 ns, Median = 7.504 ns, Q3 = 7.546 ns, Max = 71.135 ns
IQR = 0.060 ns, LowerFence = 7.397 ns, UpperFence = 7.636 ns
ConfidenceInterval = [-6.788 ns; 44.712 ns] (CI 99.9%), Margin = 25.750 ns (135.80% of Mean)
Skewness = 1.44, Kurtosis = 3.21, MValue = 2
-------------------- Histogram --------------------
[ 7.453 ns ; 20.327 ns) | @@@@@@@@@@@@
[20.327 ns ; 48.861 ns) | 
[48.861 ns ; 74.498 ns) | @@@
---------------------------------------------------

// * Summary *

BenchmarkDotNet v0.15.8, Windows 11 (10.0.26200.9168/25H2/2025Update/HudsonValley2)
12th Gen Intel Core i7-12700K 3.60GHz, 1 CPU, 20 logical and 12 physical cores
.NET SDK 10.0.400
  [Host] : .NET 10.0.11 (10.0.11, 10.0.1126.37416), X64 RyuJIT x86-64-v3

OutlierMode=DontRemove  Affinity=00000000000000000100  Toolchain=InProcessEmitToolchain  
InvocationCount=16777216  IterationCount=15  UnrollFactor=1  
WarmupCount=10  

| Method | Mean     | Error    | StdDev   | Median   | Allocated |
|------- |---------:|---------:|---------:|---------:|----------:|
| String | 18.96 ns | 25.75 ns | 24.09 ns | 7.504 ns |         - |

// * Hints *
Outliers
  DiagnosticBenchmarks.String: OutlierMode=DontRemove, Affinity=00000000000000000100, Toolchain=InProcessEmitToolchain, InvocationCount=16777216, IterationCount=15, UnrollFactor=1, WarmupCount=10 -> 3 outliers were detected (53.52 ns..72.43 ns)

// * Legends *
  Mean      : Arithmetic mean of all measurements
  Error     : Half of 99.9% confidence interval
  StdDev    : Standard deviation of all measurements
  Median    : Value separating the higher half of all measurements (50th percentile)
  Allocated : Allocated memory per single operation (managed only, inclusive, 1KB = 1024B)
  1 ns      : 1 Nanosecond (0.000000001 sec)

// * Diagnostic Output - MemoryDiagnoser *


// ***** BenchmarkRunner: End *****
Run time: 00:00:35 (35.66 sec), executed benchmarks: 1

Global total time: 00:00:36 (36.36 sec), executed benchmarks: 1
// * Artifacts cleanup *
Artifacts cleanup is finished
