// Validating benchmarks:
// ***** BenchmarkRunner: Start   *****
// ***** Found 1 benchmark(s) in total *****
// ***** Building 1 exe(s) in Parallel: Start   *****
// ***** Done, took 00:00:00 (0.02 sec)   *****
// Found 1 benchmarks:
//   DiagnosticBenchmarks.ByteArray: Job-WYZZKU(OutlierMode=DontRemove, Affinity=00000000000000000100, Toolchain=InProcessEmitToolchain, InvocationCount=16777216, IterationCount=15, UnrollFactor=1, WarmupCount=10)

Setup power plan (GUID: 8c5e7fda-e8bf-4a96-9a85-a6e23a8c635c FriendlyName: High performance)
// **************************
// Benchmark: DiagnosticBenchmarks.ByteArray: Job-WYZZKU(OutlierMode=DontRemove, Affinity=00000000000000000100, Toolchain=InProcessEmitToolchain, InvocationCount=16777216, IterationCount=15, UnrollFactor=1, WarmupCount=10)
// *** Execute ***
// Launch: 1 / 1

// Benchmark Process Environment Information:
// BenchmarkDotNet v0.15.8
// Runtime=.NET 10.0.11 (10.0.11, 10.0.1126.37416), X64 RyuJIT x86-64-v3
// GC=Concurrent Workstation
// HardwareIntrinsics=AVX2+BMI1+BMI2+F16C+FMA+LZCNT+MOVBE,AVX,SSE3+SSSE3+SSE4.1+SSE4.2+POPCNT,X86Base+SSE+SSE2,AES+PCLMUL,AvxVnni,SERIALIZE VectorSize=256
// Job: Job-WYZZKU(OutlierMode=DontRemove, Affinity=00000000000000000100, Toolchain=InProcessEmitToolchain, InvocationCount=16777216, IterationCount=15, UnrollFactor=1, WarmupCount=10)

OverheadJitting  1: 1 op, 176900.00 ns, 176.9000 us/op
WorkloadJitting  1: 1 op, 155200.00 ns, 155.2000 us/op

OverheadWarmup   1: 16777216 op, 21857300.00 ns, 1.3028 ns/op
OverheadWarmup   2: 16777216 op, 22189500.00 ns, 1.3226 ns/op
OverheadWarmup   3: 16777216 op, 21816800.00 ns, 1.3004 ns/op
OverheadWarmup   4: 16777216 op, 22201100.00 ns, 1.3233 ns/op
OverheadWarmup   5: 16777216 op, 21942700.00 ns, 1.3079 ns/op

OverheadActual   1: 16777216 op, 22176200.00 ns, 1.3218 ns/op
OverheadActual   2: 16777216 op, 21680600.00 ns, 1.2923 ns/op
OverheadActual   3: 16777216 op, 21329200.00 ns, 1.2713 ns/op
OverheadActual   4: 16777216 op, 21519700.00 ns, 1.2827 ns/op
OverheadActual   5: 16777216 op, 21766500.00 ns, 1.2974 ns/op
OverheadActual   6: 16777216 op, 21793000.00 ns, 1.2990 ns/op
OverheadActual   7: 16777216 op, 22124500.00 ns, 1.3187 ns/op
OverheadActual   8: 16777216 op, 21733300.00 ns, 1.2954 ns/op
OverheadActual   9: 16777216 op, 22074700.00 ns, 1.3158 ns/op
OverheadActual  10: 16777216 op, 21473800.00 ns, 1.2799 ns/op
OverheadActual  11: 16777216 op, 21426600.00 ns, 1.2771 ns/op
OverheadActual  12: 16777216 op, 22055500.00 ns, 1.3146 ns/op
OverheadActual  13: 16777216 op, 22064600.00 ns, 1.3152 ns/op
OverheadActual  14: 16777216 op, 21800600.00 ns, 1.2994 ns/op
OverheadActual  15: 16777216 op, 21918400.00 ns, 1.3064 ns/op

WorkloadWarmup   1: 16777216 op, 1081598300.00 ns, 64.4683 ns/op
WorkloadWarmup   2: 16777216 op, 1058472200.00 ns, 63.0899 ns/op
WorkloadWarmup   3: 16777216 op, 1022385200.00 ns, 60.9389 ns/op
WorkloadWarmup   4: 16777216 op, 888313200.00 ns, 52.9476 ns/op
WorkloadWarmup   5: 16777216 op, 885349400.00 ns, 52.7709 ns/op
WorkloadWarmup   6: 16777216 op, 902320000.00 ns, 53.7825 ns/op
WorkloadWarmup   7: 16777216 op, 921108300.00 ns, 54.9023 ns/op
WorkloadWarmup   8: 16777216 op, 1026113500.00 ns, 61.1611 ns/op
WorkloadWarmup   9: 16777216 op, 1122644500.00 ns, 66.9148 ns/op
WorkloadWarmup  10: 16777216 op, 1057128800.00 ns, 63.0098 ns/op

WorkloadActual   1: 16777216 op, 1033086800.00 ns, 61.5768 ns/op
WorkloadActual   2: 16777216 op, 1035934500.00 ns, 61.7465 ns/op
WorkloadActual   3: 16777216 op, 1037676000.00 ns, 61.8503 ns/op
WorkloadActual   4: 16777216 op, 1022274100.00 ns, 60.9323 ns/op
WorkloadActual   5: 16777216 op, 1023279300.00 ns, 60.9922 ns/op
WorkloadActual   6: 16777216 op, 1040882800.00 ns, 62.0414 ns/op
WorkloadActual   7: 16777216 op, 1028116300.00 ns, 61.2805 ns/op
WorkloadActual   8: 16777216 op, 1026184900.00 ns, 61.1654 ns/op
WorkloadActual   9: 16777216 op, 1028257500.00 ns, 61.2889 ns/op
WorkloadActual  10: 16777216 op, 1023846600.00 ns, 61.0260 ns/op
WorkloadActual  11: 16777216 op, 1028285400.00 ns, 61.2906 ns/op
WorkloadActual  12: 16777216 op, 1024665800.00 ns, 61.0748 ns/op
WorkloadActual  13: 16777216 op, 1028750000.00 ns, 61.3183 ns/op
WorkloadActual  14: 16777216 op, 1037222900.00 ns, 61.8233 ns/op
WorkloadActual  15: 16777216 op, 1030986500.00 ns, 61.4516 ns/op

WorkloadResult   1: 16777216 op, 1011293800.00 ns, 60.2778 ns/op
WorkloadResult   2: 16777216 op, 1014141500.00 ns, 60.4475 ns/op
WorkloadResult   3: 16777216 op, 1015883000.00 ns, 60.5513 ns/op
WorkloadResult   4: 16777216 op, 1000481100.00 ns, 59.6333 ns/op
WorkloadResult   5: 16777216 op, 1001486300.00 ns, 59.6932 ns/op
WorkloadResult   6: 16777216 op, 1019089800.00 ns, 60.7425 ns/op
WorkloadResult   7: 16777216 op, 1006323300.00 ns, 59.9815 ns/op
WorkloadResult   8: 16777216 op, 1004391900.00 ns, 59.8664 ns/op
WorkloadResult   9: 16777216 op, 1006464500.00 ns, 59.9900 ns/op
WorkloadResult  10: 16777216 op, 1002053600.00 ns, 59.7270 ns/op
WorkloadResult  11: 16777216 op, 1006492400.00 ns, 59.9916 ns/op
WorkloadResult  12: 16777216 op, 1002872800.00 ns, 59.7759 ns/op
WorkloadResult  13: 16777216 op, 1006957000.00 ns, 60.0193 ns/op
WorkloadResult  14: 16777216 op, 1015429900.00 ns, 60.5243 ns/op
WorkloadResult  15: 16777216 op, 1009193500.00 ns, 60.1526 ns/op
// GC:  0 0 0 2304 16777216
// Threading:  0 0 16777216


Mean = 60.092 ns, StdErr = 0.089 ns (0.15%), N = 15, StdDev = 0.346 ns
Min = 59.633 ns, Q1 = 59.821 ns, Median = 59.992 ns, Q3 = 60.363 ns, Max = 60.742 ns
IQR = 0.542 ns, LowerFence = 59.009 ns, UpperFence = 61.175 ns
ConfidenceInterval = [59.722 ns; 60.462 ns] (CI 99.9%), Margin = 0.370 ns (0.62% of Mean)
Skewness = 0.4, Kurtosis = 1.75, MValue = 2

// ** Remained 0 (0.0%) benchmark(s) to run. Estimated finish 2026-09-08 4:10 (0h 0m from now) **
Successfully reverted power plan (GUID: 8c5e7fda-e8bf-4a96-9a85-a6e23a8c635c FriendlyName: High performance)
// ***** BenchmarkRunner: Finish  *****

// * Export *
  .artifacts\deserialized-null\measure\A1\ByteArray\results\Dekaf.Benchmarks.Diagnostics.DiagnosticBenchmarks-report.csv
  .artifacts\deserialized-null\measure\A1\ByteArray\results\Dekaf.Benchmarks.Diagnostics.DiagnosticBenchmarks-report-github.md
  .artifacts\deserialized-null\measure\A1\ByteArray\results\Dekaf.Benchmarks.Diagnostics.DiagnosticBenchmarks-report.html
  .artifacts\deserialized-null\measure\A1\ByteArray\results\Dekaf.Benchmarks.Diagnostics.DiagnosticBenchmarks-report-full.json

// * Detailed results *
DiagnosticBenchmarks.ByteArray: Job-WYZZKU(OutlierMode=DontRemove, Affinity=00000000000000000100, Toolchain=InProcessEmitToolchain, InvocationCount=16777216, IterationCount=15, UnrollFactor=1, WarmupCount=10)
Runtime = ; GC = 
Mean = 60.092 ns, StdErr = 0.089 ns (0.15%), N = 15, StdDev = 0.346 ns
Min = 59.633 ns, Q1 = 59.821 ns, Median = 59.992 ns, Q3 = 60.363 ns, Max = 60.742 ns
IQR = 0.542 ns, LowerFence = 59.009 ns, UpperFence = 61.175 ns
ConfidenceInterval = [59.722 ns; 60.462 ns] (CI 99.9%), Margin = 0.370 ns (0.62% of Mean)
Skewness = 0.4, Kurtosis = 1.75, MValue = 2
-------------------- Histogram --------------------
[59.449 ns ; 60.927 ns) | @@@@@@@@@@@@@@@
---------------------------------------------------

// * Summary *

BenchmarkDotNet v0.15.8, Windows 11 (10.0.26200.9168/25H2/2025Update/HudsonValley2)
12th Gen Intel Core i7-12700K 3.60GHz, 1 CPU, 20 logical and 12 physical cores
.NET SDK 10.0.400
  [Host] : .NET 10.0.11 (10.0.11, 10.0.1126.37416), X64 RyuJIT x86-64-v3

OutlierMode=DontRemove  Affinity=00000000000000000100  Toolchain=InProcessEmitToolchain  
InvocationCount=16777216  IterationCount=15  UnrollFactor=1  
WarmupCount=10  

| Method    | Mean     | Error    | StdDev   | Allocated |
|---------- |---------:|---------:|---------:|----------:|
| ByteArray | 60.09 ns | 0.370 ns | 0.346 ns |         - |

// * Legends *
  Mean      : Arithmetic mean of all measurements
  Error     : Half of 99.9% confidence interval
  StdDev    : Standard deviation of all measurements
  Allocated : Allocated memory per single operation (managed only, inclusive, 1KB = 1024B)
  1 ns      : 1 Nanosecond (0.000000001 sec)

// * Diagnostic Output - MemoryDiagnoser *


// ***** BenchmarkRunner: End *****
Run time: 00:00:47 (47.48 sec), executed benchmarks: 1

Global total time: 00:00:48 (48.03 sec), executed benchmarks: 1
// * Artifacts cleanup *
Artifacts cleanup is finished
