// Validating benchmarks:
// ***** BenchmarkRunner: Start   *****
// ***** Found 10 benchmark(s) in total *****
// ***** Building 1 exe(s) in Parallel: Start   *****
// ***** Done, took 00:00:00 (0.08 sec)   *****
// Found 4 benchmarks:
//   ActualPublisherBenchmarks.RelayBatch: DryA(OutlierMode=DontRemove, Toolchain=InProcessEmitToolchain, IterationCount=1, LaunchCount=1, RunStrategy=ColdStart, UnrollFactor=1, WarmupCount=1) [Enabled=False]
//   ActualPublisherBenchmarks.PublisherControl: DryA(OutlierMode=DontRemove, Toolchain=InProcessEmitToolchain, IterationCount=1, LaunchCount=1, RunStrategy=ColdStart, UnrollFactor=1, WarmupCount=1) [Enabled=False]
//   ActualPublisherBenchmarks.RelayBatch: DryA(OutlierMode=DontRemove, Toolchain=InProcessEmitToolchain, IterationCount=1, LaunchCount=1, RunStrategy=ColdStart, UnrollFactor=1, WarmupCount=1) [Enabled=True]
//   ActualPublisherBenchmarks.PublisherControl: DryA(OutlierMode=DontRemove, Toolchain=InProcessEmitToolchain, IterationCount=1, LaunchCount=1, RunStrategy=ColdStart, UnrollFactor=1, WarmupCount=1) [Enabled=True]

// **************************
// Benchmark: ActualPublisherBenchmarks.RelayBatch: DryA(OutlierMode=DontRemove, Toolchain=InProcessEmitToolchain, IterationCount=1, LaunchCount=1, RunStrategy=ColdStart, UnrollFactor=1, WarmupCount=1) [Enabled=False]
// *** Execute ***
// Launch: 1 / 1
// ! Failed to set up priority High for process System.Diagnostics.Process (dotnet). Make sure you have the right permissions. Message: Permission denied

// Benchmark Process Environment Information:
// BenchmarkDotNet v0.15.8
// Runtime=.NET 10.0.11 (10.0.11, 10.0.1126.37416), X64 RyuJIT x86-64-v4
// GC=Concurrent Workstation
// HardwareIntrinsics=AVX10v1,AVX512 BF16+FP16,AVX512 BITALG+VBMI2+VNNI+VPOPCNTDQ,AVX512 IFMA+VBMI,AVX512 F+BW+CD+DQ+VL,AVX2+BMI1+BMI2+F16C+FMA+LZCNT+MOVBE,AVX,SSE3+SSSE3+SSE4.1+SSE4.2+POPCNT,X86Base+SSE+SSE2,AES+PCLMUL,AvxVnni,SERIALIZE VectorSize=256
// Job: Job-XVLBGX(OutlierMode=DontRemove, Toolchain=InProcessEmitToolchain, IterationCount=1, LaunchCount=1, RunStrategy=ColdStart, UnrollFactor=1, WarmupCount=1)

WorkloadActual   1: 1 op, 21173522.00 ns, 21.1735 ms/op

WorkloadResult   1: 1 op, 21173522.00 ns, 21.1735 ms/op
// GC:  0 0 0 368168 1
// Threading:  0 0 1


Mean = 21.174 ms, StdErr = 0.000 ms (0.00%), N = 1, StdDev = 0.000 ms
Min = 21.174 ms, Q1 = 21.174 ms, Median = 21.174 ms, Q3 = 21.174 ms, Max = 21.174 ms
IQR = 0.000 ms, LowerFence = 21.174 ms, UpperFence = 21.174 ms
ConfidenceInterval = [NaN ms; NaN ms] (CI 99.9%), Margin = NaN ms (NaN% of Mean)
Skewness = NaN, Kurtosis = NaN, MValue = 2

// ** Remained 9 (90.0 %) benchmark(s) to run. Estimated finish 2026-09-07 17:03 (0h 0m from now) **
// **************************
// Benchmark: ActualPublisherBenchmarks.PublisherControl: DryA(OutlierMode=DontRemove, Toolchain=InProcessEmitToolchain, IterationCount=1, LaunchCount=1, RunStrategy=ColdStart, UnrollFactor=1, WarmupCount=1) [Enabled=False]
// *** Execute ***
// Launch: 1 / 1
// ! Failed to set up priority High for process System.Diagnostics.Process (dotnet). Make sure you have the right permissions. Message: Permission denied

// Benchmark Process Environment Information:
// BenchmarkDotNet v0.15.8
// Runtime=.NET 10.0.11 (10.0.11, 10.0.1126.37416), X64 RyuJIT x86-64-v4
// GC=Concurrent Workstation
// HardwareIntrinsics=AVX10v1,AVX512 BF16+FP16,AVX512 BITALG+VBMI2+VNNI+VPOPCNTDQ,AVX512 IFMA+VBMI,AVX512 F+BW+CD+DQ+VL,AVX2+BMI1+BMI2+F16C+FMA+LZCNT+MOVBE,AVX,SSE3+SSSE3+SSE4.1+SSE4.2+POPCNT,X86Base+SSE+SSE2,AES+PCLMUL,AvxVnni,SERIALIZE VectorSize=256
// Job: Job-XVLBGX(OutlierMode=DontRemove, Toolchain=InProcessEmitToolchain, IterationCount=1, LaunchCount=1, RunStrategy=ColdStart, UnrollFactor=1, WarmupCount=1)

WorkloadActual   1: 1 op, 988662.00 ns, 988.6620 us/op

WorkloadResult   1: 1 op, 988662.00 ns, 988.6620 us/op
// GC:  0 0 0 368024 1
// Threading:  0 0 1


Mean = 988.662 us, StdErr = 0.000 us (0.00%), N = 1, StdDev = 0.000 us
Min = 988.662 us, Q1 = 988.662 us, Median = 988.662 us, Q3 = 988.662 us, Max = 988.662 us
IQR = 0.000 us, LowerFence = 988.662 us, UpperFence = 988.662 us
ConfidenceInterval = [NaN us; NaN us] (CI 99.9%), Margin = NaN us (NaN% of Mean)
Skewness = NaN, Kurtosis = NaN, MValue = 2

// ** Remained 8 (80.0 %) benchmark(s) to run. Estimated finish 2026-09-07 17:03 (0h 0m from now) **
// **************************
// Benchmark: ActualPublisherBenchmarks.RelayBatch: DryA(OutlierMode=DontRemove, Toolchain=InProcessEmitToolchain, IterationCount=1, LaunchCount=1, RunStrategy=ColdStart, UnrollFactor=1, WarmupCount=1) [Enabled=True]
// *** Execute ***
// Launch: 1 / 1
// ! Failed to set up priority High for process System.Diagnostics.Process (dotnet). Make sure you have the right permissions. Message: Permission denied

// Benchmark Process Environment Information:
// BenchmarkDotNet v0.15.8
// Runtime=.NET 10.0.11 (10.0.11, 10.0.1126.37416), X64 RyuJIT x86-64-v4
// GC=Concurrent Workstation
// HardwareIntrinsics=AVX10v1,AVX512 BF16+FP16,AVX512 BITALG+VBMI2+VNNI+VPOPCNTDQ,AVX512 IFMA+VBMI,AVX512 F+BW+CD+DQ+VL,AVX2+BMI1+BMI2+F16C+FMA+LZCNT+MOVBE,AVX,SSE3+SSSE3+SSE4.1+SSE4.2+POPCNT,X86Base+SSE+SSE2,AES+PCLMUL,AvxVnni,SERIALIZE VectorSize=256
// Job: Job-XVLBGX(OutlierMode=DontRemove, Toolchain=InProcessEmitToolchain, IterationCount=1, LaunchCount=1, RunStrategy=ColdStart, UnrollFactor=1, WarmupCount=1)

WorkloadActual   1: 1 op, 366113.00 ns, 366.1130 us/op

WorkloadResult   1: 1 op, 366113.00 ns, 366.1130 us/op
// GC:  0 0 0 368168 1
// Threading:  0 0 1


Mean = 366.113 us, StdErr = 0.000 us (0.00%), N = 1, StdDev = 0.000 us
Min = 366.113 us, Q1 = 366.113 us, Median = 366.113 us, Q3 = 366.113 us, Max = 366.113 us
IQR = 0.000 us, LowerFence = 366.113 us, UpperFence = 366.113 us
ConfidenceInterval = [NaN us; NaN us] (CI 99.9%), Margin = NaN us (NaN% of Mean)
Skewness = NaN, Kurtosis = NaN, MValue = 2

// ** Remained 7 (70.0 %) benchmark(s) to run. Estimated finish 2026-09-07 17:03 (0h 0m from now) **
// **************************
// Benchmark: ActualPublisherBenchmarks.PublisherControl: DryA(OutlierMode=DontRemove, Toolchain=InProcessEmitToolchain, IterationCount=1, LaunchCount=1, RunStrategy=ColdStart, UnrollFactor=1, WarmupCount=1) [Enabled=True]
// *** Execute ***
// Launch: 1 / 1
// ! Failed to set up priority High for process System.Diagnostics.Process (dotnet). Make sure you have the right permissions. Message: Permission denied

// Benchmark Process Environment Information:
// BenchmarkDotNet v0.15.8
// Runtime=.NET 10.0.11 (10.0.11, 10.0.1126.37416), X64 RyuJIT x86-64-v4
// GC=Concurrent Workstation
// HardwareIntrinsics=AVX10v1,AVX512 BF16+FP16,AVX512 BITALG+VBMI2+VNNI+VPOPCNTDQ,AVX512 IFMA+VBMI,AVX512 F+BW+CD+DQ+VL,AVX2+BMI1+BMI2+F16C+FMA+LZCNT+MOVBE,AVX,SSE3+SSSE3+SSE4.1+SSE4.2+POPCNT,X86Base+SSE+SSE2,AES+PCLMUL,AvxVnni,SERIALIZE VectorSize=256
// Job: Job-XVLBGX(OutlierMode=DontRemove, Toolchain=InProcessEmitToolchain, IterationCount=1, LaunchCount=1, RunStrategy=ColdStart, UnrollFactor=1, WarmupCount=1)

WorkloadActual   1: 1 op, 698702.00 ns, 698.7020 us/op

WorkloadResult   1: 1 op, 698702.00 ns, 698.7020 us/op
// GC:  0 0 0 368024 1
// Threading:  0 0 1


Mean = 698.702 us, StdErr = 0.000 us (0.00%), N = 1, StdDev = 0.000 us
Min = 698.702 us, Q1 = 698.702 us, Median = 698.702 us, Q3 = 698.702 us, Max = 698.702 us
IQR = 0.000 us, LowerFence = 698.702 us, UpperFence = 698.702 us
ConfidenceInterval = [NaN us; NaN us] (CI 99.9%), Margin = NaN us (NaN% of Mean)
Skewness = NaN, Kurtosis = NaN, MValue = 2

// ** Remained 6 (60.0 %) benchmark(s) to run. Estimated finish 2026-09-07 17:03 (0h 0m from now) **
// ***** BenchmarkRunner: Finish  *****

// * Export *
  home/runner/work/Dekaf/Dekaf/aba-results/dry-A/results/ActualPublisherBenchmarks-report.csv
  home/runner/work/Dekaf/Dekaf/aba-results/dry-A/results/ActualPublisherBenchmarks-report-github.md
  home/runner/work/Dekaf/Dekaf/aba-results/dry-A/results/ActualPublisherBenchmarks-report.html
  home/runner/work/Dekaf/Dekaf/aba-results/dry-A/results/ActualPublisherBenchmarks-report-full.json

// * Detailed results *
ActualPublisherBenchmarks.RelayBatch: DryA(OutlierMode=DontRemove, Toolchain=InProcessEmitToolchain, IterationCount=1, LaunchCount=1, RunStrategy=ColdStart, UnrollFactor=1, WarmupCount=1) [Enabled=False]
Runtime = ; GC = 
Mean = 21.174 ms, StdErr = 0.000 ms (0.00%), N = 1, StdDev = 0.000 ms
Min = 21.174 ms, Q1 = 21.174 ms, Median = 21.174 ms, Q3 = 21.174 ms, Max = 21.174 ms
IQR = 0.000 ms, LowerFence = 21.174 ms, UpperFence = 21.174 ms
ConfidenceInterval = [NaN ms; NaN ms] (CI 99.9%), Margin = NaN ms (NaN% of Mean)
Skewness = NaN, Kurtosis = NaN, MValue = 2
-------------------- Histogram --------------------
[21.174 ms ; 21.174 ms) | @
---------------------------------------------------

ActualPublisherBenchmarks.PublisherControl: DryA(OutlierMode=DontRemove, Toolchain=InProcessEmitToolchain, IterationCount=1, LaunchCount=1, RunStrategy=ColdStart, UnrollFactor=1, WarmupCount=1) [Enabled=False]
Runtime = ; GC = 
Mean = 988.662 us, StdErr = 0.000 us (0.00%), N = 1, StdDev = 0.000 us
Min = 988.662 us, Q1 = 988.662 us, Median = 988.662 us, Q3 = 988.662 us, Max = 988.662 us
IQR = 0.000 us, LowerFence = 988.662 us, UpperFence = 988.662 us
ConfidenceInterval = [NaN us; NaN us] (CI 99.9%), Margin = NaN us (NaN% of Mean)
Skewness = NaN, Kurtosis = NaN, MValue = 2
-------------------- Histogram --------------------
[988.662 us ; 988.663 us) | @
---------------------------------------------------

ActualPublisherBenchmarks.RelayBatch: DryA(OutlierMode=DontRemove, Toolchain=InProcessEmitToolchain, IterationCount=1, LaunchCount=1, RunStrategy=ColdStart, UnrollFactor=1, WarmupCount=1) [Enabled=True]
Runtime = ; GC = 
Mean = 366.113 us, StdErr = 0.000 us (0.00%), N = 1, StdDev = 0.000 us
Min = 366.113 us, Q1 = 366.113 us, Median = 366.113 us, Q3 = 366.113 us, Max = 366.113 us
IQR = 0.000 us, LowerFence = 366.113 us, UpperFence = 366.113 us
ConfidenceInterval = [NaN us; NaN us] (CI 99.9%), Margin = NaN us (NaN% of Mean)
Skewness = NaN, Kurtosis = NaN, MValue = 2
-------------------- Histogram --------------------
[366.113 us ; 366.113 us) | @
---------------------------------------------------

ActualPublisherBenchmarks.PublisherControl: DryA(OutlierMode=DontRemove, Toolchain=InProcessEmitToolchain, IterationCount=1, LaunchCount=1, RunStrategy=ColdStart, UnrollFactor=1, WarmupCount=1) [Enabled=True]
Runtime = ; GC = 
Mean = 698.702 us, StdErr = 0.000 us (0.00%), N = 1, StdDev = 0.000 us
Min = 698.702 us, Q1 = 698.702 us, Median = 698.702 us, Q3 = 698.702 us, Max = 698.702 us
IQR = 0.000 us, LowerFence = 698.702 us, UpperFence = 698.702 us
ConfidenceInterval = [NaN us; NaN us] (CI 99.9%), Margin = NaN us (NaN% of Mean)
Skewness = NaN, Kurtosis = NaN, MValue = 2
-------------------- Histogram --------------------
[698.702 us ; 698.702 us) | @
---------------------------------------------------

// * Summary *

BenchmarkDotNet v0.15.8, Linux Ubuntu 24.04.4 LTS (Noble Numbat)
Intel Xeon 6973P-C 2.60GHz, 1 CPU, 4 logical and 2 physical cores
.NET SDK 10.0.400
  [Host] : .NET 10.0.11 (10.0.11, 10.0.1126.37416), X64 RyuJIT x86-64-v4

Job=DryA  OutlierMode=DontRemove  Toolchain=InProcessEmitToolchain  
IterationCount=1  LaunchCount=1  RunStrategy=ColdStart  
UnrollFactor=1  WarmupCount=1  

| Method           | Enabled | Mean        | Error | Median      | Max         | Allocated |
|----------------- |-------- |------------:|------:|------------:|------------:|----------:|
| RelayBatch       | False   | 21,173.5 us |    NA | 21,173.5 us | 21,173.5 us | 359.54 KB |
| PublisherControl | False   |    988.7 us |    NA |    988.7 us |    988.7 us |  359.4 KB |
| RelayBatch       | True    |    366.1 us |    NA |    366.1 us |    366.1 us | 359.54 KB |
| PublisherControl | True    |    698.7 us |    NA |    698.7 us |    698.7 us |  359.4 KB |

// * Warnings *
MinIterationTime
  ActualPublisherBenchmarks.RelayBatch: DryA       -> The minimum observed iteration time is 21.174ms which is very small. It's recommended to increase it to at least 100ms using more operations.
  ActualPublisherBenchmarks.PublisherControl: DryA -> The minimum observed iteration time is 988.662us which is very small. It's recommended to increase it to at least 100ms using more operations.
  ActualPublisherBenchmarks.RelayBatch: DryA       -> The minimum observed iteration time is 366.113us which is very small. It's recommended to increase it to at least 100ms using more operations.
  ActualPublisherBenchmarks.PublisherControl: DryA -> The minimum observed iteration time is 698.702us which is very small. It's recommended to increase it to at least 100ms using more operations.

// * Legends *
  Enabled   : Value of the 'Enabled' parameter
  Mean      : Arithmetic mean of all measurements
  Error     : Half of 99.9% confidence interval
  Median    : Value separating the higher half of all measurements (50th percentile)
  Max       : Maximum
  Allocated : Allocated memory per single operation (managed only, inclusive, 1KB = 1024B)
  1 us      : 1 Microsecond (0.000001 sec)

// * Diagnostic Output - MemoryDiagnoser *


// ***** BenchmarkRunner: End *****
Run time: 00:00:00 (0.19 sec), executed benchmarks: 4

// Found 6 benchmarks:
//   RelayMetricsBenchmarks.SynchronousBatch: DryA(OutlierMode=DontRemove, Toolchain=InProcessEmitToolchain, IterationCount=1, LaunchCount=1, RunStrategy=ColdStart, UnrollFactor=1, WarmupCount=1) [Enabled=False]
//   RelayMetricsBenchmarks.PendingBatch: DryA(OutlierMode=DontRemove, Toolchain=InProcessEmitToolchain, IterationCount=1, LaunchCount=1, RunStrategy=ColdStart, UnrollFactor=1, WarmupCount=1) [Enabled=False]
//   RelayMetricsBenchmarks.PublisherControl: DryA(OutlierMode=DontRemove, Toolchain=InProcessEmitToolchain, IterationCount=1, LaunchCount=1, RunStrategy=ColdStart, UnrollFactor=1, WarmupCount=1) [Enabled=False]
//   RelayMetricsBenchmarks.SynchronousBatch: DryA(OutlierMode=DontRemove, Toolchain=InProcessEmitToolchain, IterationCount=1, LaunchCount=1, RunStrategy=ColdStart, UnrollFactor=1, WarmupCount=1) [Enabled=True]
//   RelayMetricsBenchmarks.PendingBatch: DryA(OutlierMode=DontRemove, Toolchain=InProcessEmitToolchain, IterationCount=1, LaunchCount=1, RunStrategy=ColdStart, UnrollFactor=1, WarmupCount=1) [Enabled=True]
//   RelayMetricsBenchmarks.PublisherControl: DryA(OutlierMode=DontRemove, Toolchain=InProcessEmitToolchain, IterationCount=1, LaunchCount=1, RunStrategy=ColdStart, UnrollFactor=1, WarmupCount=1) [Enabled=True]

// **************************
// Benchmark: RelayMetricsBenchmarks.SynchronousBatch: DryA(OutlierMode=DontRemove, Toolchain=InProcessEmitToolchain, IterationCount=1, LaunchCount=1, RunStrategy=ColdStart, UnrollFactor=1, WarmupCount=1) [Enabled=False]
// *** Execute ***
// Launch: 1 / 1
// ! Failed to set up priority High for process System.Diagnostics.Process (dotnet). Make sure you have the right permissions. Message: Permission denied

// Benchmark Process Environment Information:
// BenchmarkDotNet v0.15.8
// Runtime=.NET 10.0.11 (10.0.11, 10.0.1126.37416), X64 RyuJIT x86-64-v4
// GC=Concurrent Workstation
// HardwareIntrinsics=AVX10v1,AVX512 BF16+FP16,AVX512 BITALG+VBMI2+VNNI+VPOPCNTDQ,AVX512 IFMA+VBMI,AVX512 F+BW+CD+DQ+VL,AVX2+BMI1+BMI2+F16C+FMA+LZCNT+MOVBE,AVX,SSE3+SSSE3+SSE4.1+SSE4.2+POPCNT,X86Base+SSE+SSE2,AES+PCLMUL,AvxVnni,SERIALIZE VectorSize=256
// Job: Job-XVLBGX(OutlierMode=DontRemove, Toolchain=InProcessEmitToolchain, IterationCount=1, LaunchCount=1, RunStrategy=ColdStart, UnrollFactor=1, WarmupCount=1)

WorkloadActual   1: 1 op, 434465.00 ns, 434.4650 us/op

WorkloadResult   1: 1 op, 434465.00 ns, 434.4650 us/op
// GC:  0 0 0 144 1
// Threading:  0 0 1


Mean = 434.465 us, StdErr = 0.000 us (0.00%), N = 1, StdDev = 0.000 us
Min = 434.465 us, Q1 = 434.465 us, Median = 434.465 us, Q3 = 434.465 us, Max = 434.465 us
IQR = 0.000 us, LowerFence = 434.465 us, UpperFence = 434.465 us
ConfidenceInterval = [NaN us; NaN us] (CI 99.9%), Margin = NaN us (NaN% of Mean)
Skewness = NaN, Kurtosis = NaN, MValue = 2

// ** Remained 5 (50.0 %) benchmark(s) to run. Estimated finish 2026-09-07 17:03 (0h 0m from now) **
// **************************
// Benchmark: RelayMetricsBenchmarks.PendingBatch: DryA(OutlierMode=DontRemove, Toolchain=InProcessEmitToolchain, IterationCount=1, LaunchCount=1, RunStrategy=ColdStart, UnrollFactor=1, WarmupCount=1) [Enabled=False]
// *** Execute ***
// Launch: 1 / 1
// ! Failed to set up priority High for process System.Diagnostics.Process (dotnet). Make sure you have the right permissions. Message: Permission denied

// Benchmark Process Environment Information:
// BenchmarkDotNet v0.15.8
// Runtime=.NET 10.0.11 (10.0.11, 10.0.1126.37416), X64 RyuJIT x86-64-v4
// GC=Concurrent Workstation
// HardwareIntrinsics=AVX10v1,AVX512 BF16+FP16,AVX512 BITALG+VBMI2+VNNI+VPOPCNTDQ,AVX512 IFMA+VBMI,AVX512 F+BW+CD+DQ+VL,AVX2+BMI1+BMI2+F16C+FMA+LZCNT+MOVBE,AVX,SSE3+SSSE3+SSE4.1+SSE4.2+POPCNT,X86Base+SSE+SSE2,AES+PCLMUL,AvxVnni,SERIALIZE VectorSize=256
// Job: Job-XVLBGX(OutlierMode=DontRemove, Toolchain=InProcessEmitToolchain, IterationCount=1, LaunchCount=1, RunStrategy=ColdStart, UnrollFactor=1, WarmupCount=1)

WorkloadActual   1: 1 op, 6408357.00 ns, 6.4084 ms/op

WorkloadResult   1: 1 op, 6408357.00 ns, 6.4084 ms/op
// GC:  0 0 0 480 1
// Threading:  0 0 1


Mean = 6.408 ms, StdErr = 0.000 ms (0.00%), N = 1, StdDev = 0.000 ms
Min = 6.408 ms, Q1 = 6.408 ms, Median = 6.408 ms, Q3 = 6.408 ms, Max = 6.408 ms
IQR = 0.000 ms, LowerFence = 6.408 ms, UpperFence = 6.408 ms
ConfidenceInterval = [NaN ms; NaN ms] (CI 99.9%), Margin = NaN ms (NaN% of Mean)
Skewness = NaN, Kurtosis = NaN, MValue = 2

// ** Remained 4 (40.0 %) benchmark(s) to run. Estimated finish 2026-09-07 17:03 (0h 0m from now) **
// **************************
// Benchmark: RelayMetricsBenchmarks.PublisherControl: DryA(OutlierMode=DontRemove, Toolchain=InProcessEmitToolchain, IterationCount=1, LaunchCount=1, RunStrategy=ColdStart, UnrollFactor=1, WarmupCount=1) [Enabled=False]
// *** Execute ***
// Launch: 1 / 1
// ! Failed to set up priority High for process System.Diagnostics.Process (dotnet). Make sure you have the right permissions. Message: Permission denied

// Benchmark Process Environment Information:
// BenchmarkDotNet v0.15.8
// Runtime=.NET 10.0.11 (10.0.11, 10.0.1126.37416), X64 RyuJIT x86-64-v4
// GC=Concurrent Workstation
// HardwareIntrinsics=AVX10v1,AVX512 BF16+FP16,AVX512 BITALG+VBMI2+VNNI+VPOPCNTDQ,AVX512 IFMA+VBMI,AVX512 F+BW+CD+DQ+VL,AVX2+BMI1+BMI2+F16C+FMA+LZCNT+MOVBE,AVX,SSE3+SSSE3+SSE4.1+SSE4.2+POPCNT,X86Base+SSE+SSE2,AES+PCLMUL,AvxVnni,SERIALIZE VectorSize=256
// Job: Job-XVLBGX(OutlierMode=DontRemove, Toolchain=InProcessEmitToolchain, IterationCount=1, LaunchCount=1, RunStrategy=ColdStart, UnrollFactor=1, WarmupCount=1)

WorkloadActual   1: 1 op, 828441.00 ns, 828.4410 us/op

WorkloadResult   1: 1 op, 828441.00 ns, 828.4410 us/op
// GC:  0 0 0 0 1
// Threading:  0 0 1


Mean = 828.441 us, StdErr = 0.000 us (0.00%), N = 1, StdDev = 0.000 us
Min = 828.441 us, Q1 = 828.441 us, Median = 828.441 us, Q3 = 828.441 us, Max = 828.441 us
IQR = 0.000 us, LowerFence = 828.441 us, UpperFence = 828.441 us
ConfidenceInterval = [NaN us; NaN us] (CI 99.9%), Margin = NaN us (NaN% of Mean)
Skewness = NaN, Kurtosis = NaN, MValue = 2

// ** Remained 3 (30.0 %) benchmark(s) to run. Estimated finish 2026-09-07 17:03 (0h 0m from now) **
// **************************
// Benchmark: RelayMetricsBenchmarks.SynchronousBatch: DryA(OutlierMode=DontRemove, Toolchain=InProcessEmitToolchain, IterationCount=1, LaunchCount=1, RunStrategy=ColdStart, UnrollFactor=1, WarmupCount=1) [Enabled=True]
// *** Execute ***
// Launch: 1 / 1
// ! Failed to set up priority High for process System.Diagnostics.Process (dotnet). Make sure you have the right permissions. Message: Permission denied

// Benchmark Process Environment Information:
// BenchmarkDotNet v0.15.8
// Runtime=.NET 10.0.11 (10.0.11, 10.0.1126.37416), X64 RyuJIT x86-64-v4
// GC=Concurrent Workstation
// HardwareIntrinsics=AVX10v1,AVX512 BF16+FP16,AVX512 BITALG+VBMI2+VNNI+VPOPCNTDQ,AVX512 IFMA+VBMI,AVX512 F+BW+CD+DQ+VL,AVX2+BMI1+BMI2+F16C+FMA+LZCNT+MOVBE,AVX,SSE3+SSSE3+SSE4.1+SSE4.2+POPCNT,X86Base+SSE+SSE2,AES+PCLMUL,AvxVnni,SERIALIZE VectorSize=256
// Job: Job-XVLBGX(OutlierMode=DontRemove, Toolchain=InProcessEmitToolchain, IterationCount=1, LaunchCount=1, RunStrategy=ColdStart, UnrollFactor=1, WarmupCount=1)

WorkloadActual   1: 1 op, 275666.00 ns, 275.6660 us/op

WorkloadResult   1: 1 op, 275666.00 ns, 275.6660 us/op
// GC:  0 0 0 144 1
// Threading:  0 0 1


Mean = 275.666 us, StdErr = 0.000 us (0.00%), N = 1, StdDev = 0.000 us
Min = 275.666 us, Q1 = 275.666 us, Median = 275.666 us, Q3 = 275.666 us, Max = 275.666 us
IQR = 0.000 us, LowerFence = 275.666 us, UpperFence = 275.666 us
ConfidenceInterval = [NaN us; NaN us] (CI 99.9%), Margin = NaN us (NaN% of Mean)
Skewness = NaN, Kurtosis = NaN, MValue = 2

// ** Remained 2 (20.0 %) benchmark(s) to run. Estimated finish 2026-09-07 17:03 (0h 0m from now) **
// **************************
// Benchmark: RelayMetricsBenchmarks.PendingBatch: DryA(OutlierMode=DontRemove, Toolchain=InProcessEmitToolchain, IterationCount=1, LaunchCount=1, RunStrategy=ColdStart, UnrollFactor=1, WarmupCount=1) [Enabled=True]
// *** Execute ***
// Launch: 1 / 1
// ! Failed to set up priority High for process System.Diagnostics.Process (dotnet). Make sure you have the right permissions. Message: Permission denied

// Benchmark Process Environment Information:
// BenchmarkDotNet v0.15.8
// Runtime=.NET 10.0.11 (10.0.11, 10.0.1126.37416), X64 RyuJIT x86-64-v4
// GC=Concurrent Workstation
// HardwareIntrinsics=AVX10v1,AVX512 BF16+FP16,AVX512 BITALG+VBMI2+VNNI+VPOPCNTDQ,AVX512 IFMA+VBMI,AVX512 F+BW+CD+DQ+VL,AVX2+BMI1+BMI2+F16C+FMA+LZCNT+MOVBE,AVX,SSE3+SSSE3+SSE4.1+SSE4.2+POPCNT,X86Base+SSE+SSE2,AES+PCLMUL,AvxVnni,SERIALIZE VectorSize=256
// Job: Job-XVLBGX(OutlierMode=DontRemove, Toolchain=InProcessEmitToolchain, IterationCount=1, LaunchCount=1, RunStrategy=ColdStart, UnrollFactor=1, WarmupCount=1)

WorkloadActual   1: 1 op, 241818.00 ns, 241.8180 us/op

WorkloadResult   1: 1 op, 241818.00 ns, 241.8180 us/op
// GC:  0 0 0 480 1
// Threading:  0 0 1


Mean = 241.818 us, StdErr = 0.000 us (0.00%), N = 1, StdDev = 0.000 us
Min = 241.818 us, Q1 = 241.818 us, Median = 241.818 us, Q3 = 241.818 us, Max = 241.818 us
IQR = 0.000 us, LowerFence = 241.818 us, UpperFence = 241.818 us
ConfidenceInterval = [NaN us; NaN us] (CI 99.9%), Margin = NaN us (NaN% of Mean)
Skewness = NaN, Kurtosis = NaN, MValue = 2

// ** Remained 1 (10.0 %) benchmark(s) to run. Estimated finish 2026-09-07 17:03 (0h 0m from now) **
// **************************
// Benchmark: RelayMetricsBenchmarks.PublisherControl: DryA(OutlierMode=DontRemove, Toolchain=InProcessEmitToolchain, IterationCount=1, LaunchCount=1, RunStrategy=ColdStart, UnrollFactor=1, WarmupCount=1) [Enabled=True]
// *** Execute ***
// Launch: 1 / 1
// ! Failed to set up priority High for process System.Diagnostics.Process (dotnet). Make sure you have the right permissions. Message: Permission denied

// Benchmark Process Environment Information:
// BenchmarkDotNet v0.15.8
// Runtime=.NET 10.0.11 (10.0.11, 10.0.1126.37416), X64 RyuJIT x86-64-v4
// GC=Concurrent Workstation
// HardwareIntrinsics=AVX10v1,AVX512 BF16+FP16,AVX512 BITALG+VBMI2+VNNI+VPOPCNTDQ,AVX512 IFMA+VBMI,AVX512 F+BW+CD+DQ+VL,AVX2+BMI1+BMI2+F16C+FMA+LZCNT+MOVBE,AVX,SSE3+SSSE3+SSE4.1+SSE4.2+POPCNT,X86Base+SSE+SSE2,AES+PCLMUL,AvxVnni,SERIALIZE VectorSize=256
// Job: Job-XVLBGX(OutlierMode=DontRemove, Toolchain=InProcessEmitToolchain, IterationCount=1, LaunchCount=1, RunStrategy=ColdStart, UnrollFactor=1, WarmupCount=1)

WorkloadActual   1: 1 op, 652331.00 ns, 652.3310 us/op

WorkloadResult   1: 1 op, 652331.00 ns, 652.3310 us/op
// GC:  0 0 0 0 1
// Threading:  0 0 1


Mean = 652.331 us, StdErr = 0.000 us (0.00%), N = 1, StdDev = 0.000 us
Min = 652.331 us, Q1 = 652.331 us, Median = 652.331 us, Q3 = 652.331 us, Max = 652.331 us
IQR = 0.000 us, LowerFence = 652.331 us, UpperFence = 652.331 us
ConfidenceInterval = [NaN us; NaN us] (CI 99.9%), Margin = NaN us (NaN% of Mean)
Skewness = NaN, Kurtosis = NaN, MValue = 2

// ** Remained 0 (0.0 %) benchmark(s) to run. Estimated finish 2026-09-07 17:03 (0h 0m from now) **
// ***** BenchmarkRunner: Finish  *****

// * Export *
  home/runner/work/Dekaf/Dekaf/aba-results/dry-A/results/RelayMetricsBenchmarks-report.csv
  home/runner/work/Dekaf/Dekaf/aba-results/dry-A/results/RelayMetricsBenchmarks-report-github.md
  home/runner/work/Dekaf/Dekaf/aba-results/dry-A/results/RelayMetricsBenchmarks-report.html
  home/runner/work/Dekaf/Dekaf/aba-results/dry-A/results/RelayMetricsBenchmarks-report-full.json

// * Detailed results *
RelayMetricsBenchmarks.SynchronousBatch: DryA(OutlierMode=DontRemove, Toolchain=InProcessEmitToolchain, IterationCount=1, LaunchCount=1, RunStrategy=ColdStart, UnrollFactor=1, WarmupCount=1) [Enabled=False]
Runtime = ; GC = 
Mean = 434.465 us, StdErr = 0.000 us (0.00%), N = 1, StdDev = 0.000 us
Min = 434.465 us, Q1 = 434.465 us, Median = 434.465 us, Q3 = 434.465 us, Max = 434.465 us
IQR = 0.000 us, LowerFence = 434.465 us, UpperFence = 434.465 us
ConfidenceInterval = [NaN us; NaN us] (CI 99.9%), Margin = NaN us (NaN% of Mean)
Skewness = NaN, Kurtosis = NaN, MValue = 2
-------------------- Histogram --------------------
[434.464 us ; 434.466 us) | @
---------------------------------------------------

RelayMetricsBenchmarks.PendingBatch: DryA(OutlierMode=DontRemove, Toolchain=InProcessEmitToolchain, IterationCount=1, LaunchCount=1, RunStrategy=ColdStart, UnrollFactor=1, WarmupCount=1) [Enabled=False]
Runtime = ; GC = 
Mean = 6.408 ms, StdErr = 0.000 ms (0.00%), N = 1, StdDev = 0.000 ms
Min = 6.408 ms, Q1 = 6.408 ms, Median = 6.408 ms, Q3 = 6.408 ms, Max = 6.408 ms
IQR = 0.000 ms, LowerFence = 6.408 ms, UpperFence = 6.408 ms
ConfidenceInterval = [NaN ms; NaN ms] (CI 99.9%), Margin = NaN ms (NaN% of Mean)
Skewness = NaN, Kurtosis = NaN, MValue = 2
-------------------- Histogram --------------------
[6.408 ms ; 6.408 ms) | @
---------------------------------------------------

RelayMetricsBenchmarks.PublisherControl: DryA(OutlierMode=DontRemove, Toolchain=InProcessEmitToolchain, IterationCount=1, LaunchCount=1, RunStrategy=ColdStart, UnrollFactor=1, WarmupCount=1) [Enabled=False]
Runtime = ; GC = 
Mean = 828.441 us, StdErr = 0.000 us (0.00%), N = 1, StdDev = 0.000 us
Min = 828.441 us, Q1 = 828.441 us, Median = 828.441 us, Q3 = 828.441 us, Max = 828.441 us
IQR = 0.000 us, LowerFence = 828.441 us, UpperFence = 828.441 us
ConfidenceInterval = [NaN us; NaN us] (CI 99.9%), Margin = NaN us (NaN% of Mean)
Skewness = NaN, Kurtosis = NaN, MValue = 2
-------------------- Histogram --------------------
[828.441 us ; 828.442 us) | @
---------------------------------------------------

RelayMetricsBenchmarks.SynchronousBatch: DryA(OutlierMode=DontRemove, Toolchain=InProcessEmitToolchain, IterationCount=1, LaunchCount=1, RunStrategy=ColdStart, UnrollFactor=1, WarmupCount=1) [Enabled=True]
Runtime = ; GC = 
Mean = 275.666 us, StdErr = 0.000 us (0.00%), N = 1, StdDev = 0.000 us
Min = 275.666 us, Q1 = 275.666 us, Median = 275.666 us, Q3 = 275.666 us, Max = 275.666 us
IQR = 0.000 us, LowerFence = 275.666 us, UpperFence = 275.666 us
ConfidenceInterval = [NaN us; NaN us] (CI 99.9%), Margin = NaN us (NaN% of Mean)
Skewness = NaN, Kurtosis = NaN, MValue = 2
-------------------- Histogram --------------------
[275.666 us ; 275.666 us) | @
---------------------------------------------------

RelayMetricsBenchmarks.PendingBatch: DryA(OutlierMode=DontRemove, Toolchain=InProcessEmitToolchain, IterationCount=1, LaunchCount=1, RunStrategy=ColdStart, UnrollFactor=1, WarmupCount=1) [Enabled=True]
Runtime = ; GC = 
Mean = 241.818 us, StdErr = 0.000 us (0.00%), N = 1, StdDev = 0.000 us
Min = 241.818 us, Q1 = 241.818 us, Median = 241.818 us, Q3 = 241.818 us, Max = 241.818 us
IQR = 0.000 us, LowerFence = 241.818 us, UpperFence = 241.818 us
ConfidenceInterval = [NaN us; NaN us] (CI 99.9%), Margin = NaN us (NaN% of Mean)
Skewness = NaN, Kurtosis = NaN, MValue = 2
-------------------- Histogram --------------------
[241.817 us ; 241.819 us) | @
---------------------------------------------------

RelayMetricsBenchmarks.PublisherControl: DryA(OutlierMode=DontRemove, Toolchain=InProcessEmitToolchain, IterationCount=1, LaunchCount=1, RunStrategy=ColdStart, UnrollFactor=1, WarmupCount=1) [Enabled=True]
Runtime = ; GC = 
Mean = 652.331 us, StdErr = 0.000 us (0.00%), N = 1, StdDev = 0.000 us
Min = 652.331 us, Q1 = 652.331 us, Median = 652.331 us, Q3 = 652.331 us, Max = 652.331 us
IQR = 0.000 us, LowerFence = 652.331 us, UpperFence = 652.331 us
ConfidenceInterval = [NaN us; NaN us] (CI 99.9%), Margin = NaN us (NaN% of Mean)
Skewness = NaN, Kurtosis = NaN, MValue = 2
-------------------- Histogram --------------------
[652.331 us ; 652.332 us) | @
---------------------------------------------------

// * Summary *

BenchmarkDotNet v0.15.8, Linux Ubuntu 24.04.4 LTS (Noble Numbat)
Intel Xeon 6973P-C 2.60GHz, 1 CPU, 4 logical and 2 physical cores
.NET SDK 10.0.400
  [Host] : .NET 10.0.11 (10.0.11, 10.0.1126.37416), X64 RyuJIT x86-64-v4

Job=DryA  OutlierMode=DontRemove  Toolchain=InProcessEmitToolchain  
IterationCount=1  LaunchCount=1  RunStrategy=ColdStart  
UnrollFactor=1  WarmupCount=1  

| Method           | Enabled | Mean       | Error | Median     | Max        | Allocated |
|----------------- |-------- |-----------:|------:|-----------:|-----------:|----------:|
| SynchronousBatch | False   |   434.5 us |    NA |   434.5 us |   434.5 us |     144 B |
| PendingBatch     | False   | 6,408.4 us |    NA | 6,408.4 us | 6,408.4 us |     480 B |
| PublisherControl | False   |   828.4 us |    NA |   828.4 us |   828.4 us |         - |
| SynchronousBatch | True    |   275.7 us |    NA |   275.7 us |   275.7 us |     144 B |
| PendingBatch     | True    |   241.8 us |    NA |   241.8 us |   241.8 us |     480 B |
| PublisherControl | True    |   652.3 us |    NA |   652.3 us |   652.3 us |         - |

// * Warnings *
MinIterationTime
  RelayMetricsBenchmarks.SynchronousBatch: DryA -> The minimum observed iteration time is 434.465us which is very small. It's recommended to increase it to at least 100ms using more operations.
  RelayMetricsBenchmarks.PendingBatch: DryA     -> The minimum observed iteration time is 6.408ms which is very small. It's recommended to increase it to at least 100ms using more operations.
  RelayMetricsBenchmarks.PublisherControl: DryA -> The minimum observed iteration time is 828.441us which is very small. It's recommended to increase it to at least 100ms using more operations.
  RelayMetricsBenchmarks.SynchronousBatch: DryA -> The minimum observed iteration time is 275.666us which is very small. It's recommended to increase it to at least 100ms using more operations.
  RelayMetricsBenchmarks.PendingBatch: DryA     -> The minimum observed iteration time is 241.818us which is very small. It's recommended to increase it to at least 100ms using more operations.
  RelayMetricsBenchmarks.PublisherControl: DryA -> The minimum observed iteration time is 652.331us which is very small. It's recommended to increase it to at least 100ms using more operations.

// * Legends *
  Enabled   : Value of the 'Enabled' parameter
  Mean      : Arithmetic mean of all measurements
  Error     : Half of 99.9% confidence interval
  Median    : Value separating the higher half of all measurements (50th percentile)
  Max       : Maximum
  Allocated : Allocated memory per single operation (managed only, inclusive, 1KB = 1024B)
  1 us      : 1 Microsecond (0.000001 sec)

// * Diagnostic Output - MemoryDiagnoser *


// ***** BenchmarkRunner: End *****
Run time: 00:00:00 (0.05 sec), executed benchmarks: 6

Global total time: 00:00:00 (0.62 sec), executed benchmarks: 10
// * Artifacts cleanup *
Artifacts cleanup is finished
