// Validating benchmarks:
// ***** BenchmarkRunner: Start   *****
// ***** Found 1 benchmark(s) in total *****
// ***** Building 1 exe(s) in Parallel: Start   *****
// ***** Done, took 00:00:00 (0.05 sec)   *****
// Found 1 benchmarks:
//   PausedFetchWakeBench.ResumePausedFetch: Job-LEIWEW(OutlierMode=DontRemove, Toolchain=InProcessEmitToolchain, IterationCount=10, IterationTime=200ms, WarmupCount=3)

Setup power plan (GUID: 8c5e7fda-e8bf-4a96-9a85-a6e23a8c635c FriendlyName: High performance)
// **************************
// Benchmark: PausedFetchWakeBench.ResumePausedFetch: Job-LEIWEW(OutlierMode=DontRemove, Toolchain=InProcessEmitToolchain, IterationCount=10, IterationTime=200ms, WarmupCount=3)
// *** Execute ***
// Launch: 1 / 1

// Benchmark Process Environment Information:
// BenchmarkDotNet v0.15.8
// Runtime=.NET 10.0.12 (10.0.12, 10.0.1226.42308), X64 RyuJIT x86-64-v3
// GC=Concurrent Workstation
// HardwareIntrinsics=AVX2+BMI1+BMI2+F16C+FMA+LZCNT+MOVBE,AVX,SSE3+SSSE3+SSE4.1+SSE4.2+POPCNT,X86Base+SSE+SSE2,AES+PCLMUL,AvxVnni,SERIALIZE VectorSize=256
// Job: Job-LEIWEW(OutlierMode=DontRemove, Toolchain=InProcessEmitToolchain, IterationCount=10, IterationTime=200ms, WarmupCount=3)

WORKLOAD_WARMUP seconds=20.000006 completed=25032215
OverheadJitting  1: 1 op, 125300.00 ns, 125.3000 us/op
WorkloadJitting  1: 1 op, 872000.00 ns, 872.0000 us/op

OverheadJitting  2: 16 op, 149000.00 ns, 9.3125 us/op
WorkloadJitting  2: 16 op, 686200.00 ns, 42.8875 us/op

WorkloadPilot    1: 16 op, 50300.00 ns, 3.1438 us/op
WorkloadPilot    2: 63632 op, 63543900.00 ns, 998.6155 ns/op
WorkloadPilot    3: 200288 op, 200959800.00 ns, 1.0034 us/op
WorkloadPilot    4: 199344 op, 192367500.00 ns, 965.0027 ns/op
WorkloadPilot    5: 207264 op, 203260500.00 ns, 980.6841 ns/op
WorkloadPilot    6: 203952 op, 191786400.00 ns, 940.3507 ns/op
WorkloadPilot    7: 212688 op, 214865400.00 ns, 1.0102 us/op

OverheadWarmup   1: 212688 op, 250900.00 ns, 1.1797 ns/op
OverheadWarmup   2: 212688 op, 249900.00 ns, 1.1750 ns/op
OverheadWarmup   3: 212688 op, 251500.00 ns, 1.1825 ns/op
OverheadWarmup   4: 212688 op, 249900.00 ns, 1.1750 ns/op
OverheadWarmup   5: 212688 op, 249800.00 ns, 1.1745 ns/op
OverheadWarmup   6: 212688 op, 255100.00 ns, 1.1994 ns/op
OverheadWarmup   7: 212688 op, 255100.00 ns, 1.1994 ns/op

OverheadActual   1: 212688 op, 255100.00 ns, 1.1994 ns/op
OverheadActual   2: 212688 op, 255000.00 ns, 1.1989 ns/op
OverheadActual   3: 212688 op, 249900.00 ns, 1.1750 ns/op
OverheadActual   4: 212688 op, 249800.00 ns, 1.1745 ns/op
OverheadActual   5: 212688 op, 249800.00 ns, 1.1745 ns/op
OverheadActual   6: 212688 op, 249900.00 ns, 1.1750 ns/op
OverheadActual   7: 212688 op, 249900.00 ns, 1.1750 ns/op
OverheadActual   8: 212688 op, 249800.00 ns, 1.1745 ns/op
OverheadActual   9: 212688 op, 249900.00 ns, 1.1750 ns/op
OverheadActual  10: 212688 op, 249800.00 ns, 1.1745 ns/op
OverheadActual  11: 212688 op, 249900.00 ns, 1.1750 ns/op
OverheadActual  12: 212688 op, 249800.00 ns, 1.1745 ns/op
OverheadActual  13: 212688 op, 255200.00 ns, 1.1999 ns/op
OverheadActual  14: 212688 op, 255100.00 ns, 1.1994 ns/op
OverheadActual  15: 212688 op, 255100.00 ns, 1.1994 ns/op

WorkloadWarmup   1: 212688 op, 216437900.00 ns, 1.0176 us/op
WorkloadWarmup   2: 212688 op, 214705100.00 ns, 1.0095 us/op
WorkloadWarmup   3: 212688 op, 205066600.00 ns, 964.1663 ns/op

WorkloadActual   1: 212688 op, 207847700.00 ns, 977.2423 ns/op
WorkloadActual   2: 212688 op, 208632500.00 ns, 980.9322 ns/op
WorkloadActual   3: 212688 op, 208654000.00 ns, 981.0333 ns/op
WorkloadActual   4: 212688 op, 203596400.00 ns, 957.2538 ns/op
WorkloadActual   5: 212688 op, 206621900.00 ns, 971.4789 ns/op
WorkloadActual   6: 212688 op, 214056900.00 ns, 1.0064 us/op
WorkloadActual   7: 212688 op, 221165500.00 ns, 1.0399 us/op
WorkloadActual   8: 212688 op, 211100300.00 ns, 992.5351 ns/op
WorkloadActual   9: 212688 op, 206809800.00 ns, 972.3623 ns/op
WorkloadActual  10: 212688 op, 213292900.00 ns, 1.0028 us/op

WorkloadResult   1: 212688 op, 207597800.00 ns, 976.0673 ns/op
WorkloadResult   2: 212688 op, 208382600.00 ns, 979.7572 ns/op
WorkloadResult   3: 212688 op, 208404100.00 ns, 979.8583 ns/op
WorkloadResult   4: 212688 op, 203346500.00 ns, 956.0789 ns/op
WorkloadResult   5: 212688 op, 206372000.00 ns, 970.3039 ns/op
WorkloadResult   6: 212688 op, 213807000.00 ns, 1.0053 us/op
WorkloadResult   7: 212688 op, 220915600.00 ns, 1.0387 us/op
WorkloadResult   8: 212688 op, 210850400.00 ns, 991.3601 ns/op
WorkloadResult   9: 212688 op, 206559900.00 ns, 971.1874 ns/op
WorkloadResult  10: 212688 op, 213043000.00 ns, 1.0017 us/op
// GC:  11 0 0 151424416 212688
// Threading:  215565 0 212688


Mean = 987.023 ns, StdErr = 7.414 ns (0.75%), N = 10, StdDev = 23.444 ns
Min = 956.079 ns, Q1 = 972.407 ns, Median = 979.808 ns, Q3 = 999.092 ns, Max = 1,038.684 ns
IQR = 26.685 ns, LowerFence = 932.381 ns, UpperFence = 1,039.119 ns
ConfidenceInterval = [951.578 ns; 1,022.467 ns] (CI 99.9%), Margin = 35.445 ns (3.59% of Mean)
Skewness = 0.83, Kurtosis = 2.77, MValue = 2

// ** Remained 0 (0.0%) benchmark(s) to run. Estimated finish 2026-09-09 10:03 (0h 0m from now) **
Successfully reverted power plan (GUID: 8c5e7fda-e8bf-4a96-9a85-a6e23a8c635c FriendlyName: High performance)
// ***** BenchmarkRunner: Finish  *****

// * Export *
  results\results\PausedFetchWakeBench-report.csv
  results\results\PausedFetchWakeBench-report-github.md
  results\results\PausedFetchWakeBench-report.html
  results\results\PausedFetchWakeBench-report-full.json

// * Detailed results *
PausedFetchWakeBench.ResumePausedFetch: Job-LEIWEW(OutlierMode=DontRemove, Toolchain=InProcessEmitToolchain, IterationCount=10, IterationTime=200ms, WarmupCount=3)
Runtime = ; GC = 
Mean = 987.023 ns, StdErr = 7.414 ns (0.75%), N = 10, StdDev = 23.444 ns
Min = 956.079 ns, Q1 = 972.407 ns, Median = 979.808 ns, Q3 = 999.092 ns, Max = 1,038.684 ns
IQR = 26.685 ns, LowerFence = 932.381 ns, UpperFence = 1,039.119 ns
ConfidenceInterval = [951.578 ns; 1,022.467 ns] (CI 99.9%), Margin = 35.445 ns (3.59% of Mean)
Skewness = 0.83, Kurtosis = 2.77, MValue = 2
-------------------- Histogram --------------------
[  941.796 ns ;   966.549 ns) | @
[  966.549 ns ;   995.115 ns) | @@@@@@
[  995.115 ns ; 1,024.401 ns) | @@
[1,024.401 ns ; 1,052.966 ns) | @
---------------------------------------------------

// * Summary *

BenchmarkDotNet v0.15.8, Windows 11 (10.0.26200.9168/25H2/2025Update/HudsonValley2)
12th Gen Intel Core i7-12700K 3.60GHz, 1 CPU, 20 logical and 12 physical cores
.NET SDK 10.0.401
  [Host] : .NET 10.0.12 (10.0.12, 10.0.1226.42308), X64 RyuJIT x86-64-v3

OutlierMode=DontRemove  Toolchain=InProcessEmitToolchain  IterationCount=10  
IterationTime=200ms  WarmupCount=3  

| Method            | Mean     | Error    | StdDev   | Gen0   | Allocated |
|------------------ |---------:|---------:|---------:|-------:|----------:|
| ResumePausedFetch | 987.0 ns | 35.44 ns | 23.44 ns | 0.0517 |     712 B |

// * Legends *
  Mean      : Arithmetic mean of all measurements
  Error     : Half of 99.9% confidence interval
  StdDev    : Standard deviation of all measurements
  Gen0      : GC Generation 0 collects per 1000 operations
  Allocated : Allocated memory per single operation (managed only, inclusive, 1KB = 1024B)
  1 ns      : 1 Nanosecond (0.000000001 sec)

// * Diagnostic Output - MemoryDiagnoser *


// ***** BenchmarkRunner: End *****
Run time: 00:00:24 (24.54 sec), executed benchmarks: 1

Global total time: 00:00:25 (25.12 sec), executed benchmarks: 1
// * Artifacts cleanup *
Artifacts cleanup is finished
