// Validating benchmarks:
// ***** BenchmarkRunner: Start   *****
// ***** Found 1 benchmark(s) in total *****
// ***** Building 1 exe(s) in Parallel: Start   *****
// ***** Done, took 00:00:00 (0.02 sec)   *****
// Found 1 benchmarks:
//   DiagnosticBenchmarks.ReadOnlyMemory: Job-WYZZKU(OutlierMode=DontRemove, Affinity=00000000000000000100, Toolchain=InProcessEmitToolchain, InvocationCount=16777216, IterationCount=15, UnrollFactor=1, WarmupCount=10)

Setup power plan (GUID: 8c5e7fda-e8bf-4a96-9a85-a6e23a8c635c FriendlyName: High performance)
// **************************
// Benchmark: DiagnosticBenchmarks.ReadOnlyMemory: Job-WYZZKU(OutlierMode=DontRemove, Affinity=00000000000000000100, Toolchain=InProcessEmitToolchain, InvocationCount=16777216, IterationCount=15, UnrollFactor=1, WarmupCount=10)
// *** Execute ***
// Launch: 1 / 1

// Benchmark Process Environment Information:
// BenchmarkDotNet v0.15.8
// Runtime=.NET 10.0.11 (10.0.11, 10.0.1126.37416), X64 RyuJIT x86-64-v3
// GC=Concurrent Workstation
// HardwareIntrinsics=AVX2+BMI1+BMI2+F16C+FMA+LZCNT+MOVBE,AVX,SSE3+SSSE3+SSE4.1+SSE4.2+POPCNT,X86Base+SSE+SSE2,AES+PCLMUL,AvxVnni,SERIALIZE VectorSize=256
// Job: Job-WYZZKU(OutlierMode=DontRemove, Affinity=00000000000000000100, Toolchain=InProcessEmitToolchain, InvocationCount=16777216, IterationCount=15, UnrollFactor=1, WarmupCount=10)

SIZES string=16 number=8 nullable=12 array=16 raw=24 memory=24 segment=24
WARM seconds=1.000013 operations=20474680 jit=2257 jitMs=163.614700 threads=11 pending=0 cpuMs=1218.750000 gc0=2 gc1=2 gc2=2 heap=473008 rss=60940288
WARM seconds=2.000004 operations=40594878 jit=2259 jitMs=163.781300 threads=11 pending=0 cpuMs=2187.500000 gc0=2 gc1=2 gc2=2 heap=481232 rss=60649472
WARM seconds=3.000004 operations=61225319 jit=2259 jitMs=163.781300 threads=11 pending=0 cpuMs=3187.500000 gc0=2 gc1=2 gc2=2 heap=481232 rss=60637184
WARM seconds=4.000004 operations=81271009 jit=2259 jitMs=163.781300 threads=11 pending=0 cpuMs=4156.250000 gc0=2 gc1=2 gc2=2 heap=489456 rss=60637184
WARM seconds=5.000004 operations=85710677 jit=2259 jitMs=163.781300 threads=11 pending=0 cpuMs=5140.625000 gc0=2 gc1=2 gc2=2 heap=489456 rss=60637184
WARM seconds=6.000004 operations=106201973 jit=2259 jitMs=163.781300 threads=11 pending=0 cpuMs=6125.000000 gc0=2 gc1=2 gc2=2 heap=497680 rss=60633088
WARM seconds=7.000009 operations=110669801 jit=2259 jitMs=163.781300 threads=11 pending=0 cpuMs=7093.750000 gc0=2 gc1=2 gc2=2 heap=497680 rss=61128704
WARM seconds=8.000004 operations=130815049 jit=2259 jitMs=163.781300 threads=11 pending=0 cpuMs=8093.750000 gc0=2 gc1=2 gc2=2 heap=505904 rss=61149184
WARM seconds=9.000005 operations=150850958 jit=2259 jitMs=163.781300 threads=11 pending=0 cpuMs=9046.875000 gc0=2 gc1=2 gc2=2 heap=505904 rss=61046784
WARM seconds=10.000004 operations=170369214 jit=2259 jitMs=163.781300 threads=11 pending=0 cpuMs=10015.625000 gc0=2 gc1=2 gc2=2 heap=514128 rss=61063168
WARM seconds=11.000004 operations=182010167 jit=2273 jitMs=166.301300 threads=11 pending=0 cpuMs=11015.625000 gc0=2 gc1=2 gc2=2 heap=514128 rss=61231104
WARM seconds=12.000005 operations=198988681 jit=2273 jitMs=166.301300 threads=11 pending=0 cpuMs=12000.000000 gc0=2 gc1=2 gc2=2 heap=522352 rss=61210624
WARM seconds=13.000004 operations=216245925 jit=2273 jitMs=166.301300 threads=11 pending=0 cpuMs=13000.000000 gc0=2 gc1=2 gc2=2 heap=530576 rss=61267968
WARM seconds=14.000004 operations=233498893 jit=2273 jitMs=166.301300 threads=11 pending=0 cpuMs=13984.375000 gc0=2 gc1=2 gc2=2 heap=530576 rss=61267968
WARM seconds=15.000004 operations=250843194 jit=2273 jitMs=166.301300 threads=11 pending=0 cpuMs=14968.750000 gc0=2 gc1=2 gc2=2 heap=538800 rss=61267968
WARM seconds=16.000005 operations=270353543 jit=2295 jitMs=2601.305400 threads=11 pending=0 cpuMs=15968.750000 gc0=2 gc1=2 gc2=2 heap=538800 rss=61353984
WARM seconds=17.000005 operations=290785195 jit=2295 jitMs=2601.305400 threads=11 pending=0 cpuMs=16953.125000 gc0=2 gc1=2 gc2=2 heap=547024 rss=61345792
WARM seconds=18.000005 operations=311426137 jit=2300 jitMs=2603.151800 threads=11 pending=0 cpuMs=17921.875000 gc0=2 gc1=2 gc2=2 heap=547024 rss=61399040
WARM seconds=19.000007 operations=331826702 jit=2300 jitMs=2603.151800 threads=11 pending=0 cpuMs=18890.625000 gc0=2 gc1=2 gc2=2 heap=555248 rss=61399040
RAW operations=1000 bytes=0 sink=371401366
OverheadJitting  1: 1 op, 160900.00 ns, 160.9000 us/op
WorkloadJitting  1: 1 op, 139700.00 ns, 139.7000 us/op

OverheadWarmup   1: 16777216 op, 21433500.00 ns, 1.2775 ns/op
OverheadWarmup   2: 16777216 op, 21305200.00 ns, 1.2699 ns/op
OverheadWarmup   3: 16777216 op, 21162700.00 ns, 1.2614 ns/op
OverheadWarmup   4: 16777216 op, 20771200.00 ns, 1.2381 ns/op
OverheadWarmup   5: 16777216 op, 21116100.00 ns, 1.2586 ns/op
OverheadWarmup   6: 16777216 op, 21203200.00 ns, 1.2638 ns/op
OverheadWarmup   7: 16777216 op, 21585800.00 ns, 1.2866 ns/op
OverheadWarmup   8: 16777216 op, 21270100.00 ns, 1.2678 ns/op
OverheadWarmup   9: 16777216 op, 21487100.00 ns, 1.2807 ns/op
OverheadWarmup  10: 16777216 op, 21227600.00 ns, 1.2653 ns/op

OverheadActual   1: 16777216 op, 21753900.00 ns, 1.2966 ns/op
OverheadActual   2: 16777216 op, 21178400.00 ns, 1.2623 ns/op
OverheadActual   3: 16777216 op, 21351300.00 ns, 1.2726 ns/op
OverheadActual   4: 16777216 op, 21205000.00 ns, 1.2639 ns/op
OverheadActual   5: 16777216 op, 21402600.00 ns, 1.2757 ns/op
OverheadActual   6: 16777216 op, 21438500.00 ns, 1.2778 ns/op
OverheadActual   7: 16777216 op, 21236900.00 ns, 1.2658 ns/op
OverheadActual   8: 16777216 op, 21595100.00 ns, 1.2872 ns/op
OverheadActual   9: 16777216 op, 21224300.00 ns, 1.2651 ns/op
OverheadActual  10: 16777216 op, 21383000.00 ns, 1.2745 ns/op
OverheadActual  11: 16777216 op, 21152800.00 ns, 1.2608 ns/op
OverheadActual  12: 16777216 op, 21434700.00 ns, 1.2776 ns/op
OverheadActual  13: 16777216 op, 21305100.00 ns, 1.2699 ns/op
OverheadActual  14: 16777216 op, 21433800.00 ns, 1.2776 ns/op
OverheadActual  15: 16777216 op, 21108000.00 ns, 1.2581 ns/op

WorkloadWarmup   1: 16777216 op, 1212070200.00 ns, 72.2450 ns/op
WorkloadWarmup   2: 16777216 op, 1208461100.00 ns, 72.0299 ns/op
WorkloadWarmup   3: 16777216 op, 1209291400.00 ns, 72.0794 ns/op
WorkloadWarmup   4: 16777216 op, 1173462100.00 ns, 69.9438 ns/op
WorkloadWarmup   5: 16777216 op, 1124660800.00 ns, 67.0350 ns/op
WorkloadWarmup   6: 16777216 op, 1124652700.00 ns, 67.0345 ns/op
WorkloadWarmup   7: 16777216 op, 1115284300.00 ns, 66.4761 ns/op
WorkloadWarmup   8: 16777216 op, 1139246300.00 ns, 67.9044 ns/op
WorkloadWarmup   9: 16777216 op, 1123749500.00 ns, 66.9807 ns/op
WorkloadWarmup  10: 16777216 op, 1132865600.00 ns, 67.5241 ns/op

WorkloadActual   1: 16777216 op, 1128804700.00 ns, 67.2820 ns/op
WorkloadActual   2: 16777216 op, 1122069900.00 ns, 66.8806 ns/op
WorkloadActual   3: 16777216 op, 1118452300.00 ns, 66.6650 ns/op
WorkloadActual   4: 16777216 op, 1111931000.00 ns, 66.2763 ns/op
WorkloadActual   5: 16777216 op, 1132593700.00 ns, 67.5078 ns/op
WorkloadActual   6: 16777216 op, 1165871900.00 ns, 69.4914 ns/op
WorkloadActual   7: 16777216 op, 1181561300.00 ns, 70.4265 ns/op
WorkloadActual   8: 16777216 op, 1377105200.00 ns, 82.0819 ns/op
WorkloadActual   9: 16777216 op, 1476262700.00 ns, 87.9921 ns/op
WorkloadActual  10: 16777216 op, 1345619900.00 ns, 80.2052 ns/op
WorkloadActual  11: 16777216 op, 1344655800.00 ns, 80.1477 ns/op
WorkloadActual  12: 16777216 op, 1348053500.00 ns, 80.3503 ns/op
WorkloadActual  13: 16777216 op, 1362075100.00 ns, 81.1860 ns/op
WorkloadActual  14: 16777216 op, 1434643100.00 ns, 85.5114 ns/op
WorkloadActual  15: 16777216 op, 1345157300.00 ns, 80.1776 ns/op

WorkloadResult   1: 16777216 op, 1107453400.00 ns, 66.0094 ns/op
WorkloadResult   2: 16777216 op, 1100718600.00 ns, 65.6079 ns/op
WorkloadResult   3: 16777216 op, 1097101000.00 ns, 65.3923 ns/op
WorkloadResult   4: 16777216 op, 1090579700.00 ns, 65.0036 ns/op
WorkloadResult   5: 16777216 op, 1111242400.00 ns, 66.2352 ns/op
WorkloadResult   6: 16777216 op, 1144520600.00 ns, 68.2187 ns/op
WorkloadResult   7: 16777216 op, 1160210000.00 ns, 69.1539 ns/op
WorkloadResult   8: 16777216 op, 1355753900.00 ns, 80.8092 ns/op
WorkloadResult   9: 16777216 op, 1454911400.00 ns, 86.7195 ns/op
WorkloadResult  10: 16777216 op, 1324268600.00 ns, 78.9326 ns/op
WorkloadResult  11: 16777216 op, 1323304500.00 ns, 78.8751 ns/op
WorkloadResult  12: 16777216 op, 1326702200.00 ns, 79.0776 ns/op
WorkloadResult  13: 16777216 op, 1340723800.00 ns, 79.9134 ns/op
WorkloadResult  14: 16777216 op, 1413291800.00 ns, 84.2388 ns/op
WorkloadResult  15: 16777216 op, 1323806000.00 ns, 78.9050 ns/op
// GC:  0 0 0 2304 16777216
// Threading:  0 0 16777216


Mean = 74.206 ns, StdErr = 2.014 ns (2.71%), N = 15, StdDev = 7.800 ns
Min = 65.004 ns, Q1 = 66.122 ns, Median = 78.875 ns, Q3 = 79.495 ns, Max = 86.719 ns
IQR = 13.373 ns, LowerFence = 46.062 ns, UpperFence = 99.555 ns
ConfidenceInterval = [65.867 ns; 82.545 ns] (CI 99.9%), Margin = 8.339 ns (11.24% of Mean)
Skewness = 0.05, Kurtosis = 1.24, MValue = 3.75

// ** Remained 0 (0.0%) benchmark(s) to run. Estimated finish 2026-09-08 4:18 (0h 0m from now) **
Successfully reverted power plan (GUID: 8c5e7fda-e8bf-4a96-9a85-a6e23a8c635c FriendlyName: High performance)
// ***** BenchmarkRunner: Finish  *****

// * Export *
  .artifacts\deserialized-null\runtime-flag\measure\A1\ReadOnlyMemory\results\Dekaf.Benchmarks.Diagnostics.DiagnosticBenchmarks-report.csv
  .artifacts\deserialized-null\runtime-flag\measure\A1\ReadOnlyMemory\results\Dekaf.Benchmarks.Diagnostics.DiagnosticBenchmarks-report-github.md
  .artifacts\deserialized-null\runtime-flag\measure\A1\ReadOnlyMemory\results\Dekaf.Benchmarks.Diagnostics.DiagnosticBenchmarks-report.html
  .artifacts\deserialized-null\runtime-flag\measure\A1\ReadOnlyMemory\results\Dekaf.Benchmarks.Diagnostics.DiagnosticBenchmarks-report-full.json

// * Detailed results *
DiagnosticBenchmarks.ReadOnlyMemory: Job-WYZZKU(OutlierMode=DontRemove, Affinity=00000000000000000100, Toolchain=InProcessEmitToolchain, InvocationCount=16777216, IterationCount=15, UnrollFactor=1, WarmupCount=10)
Runtime = ; GC = 
Mean = 74.206 ns, StdErr = 2.014 ns (2.71%), N = 15, StdDev = 7.800 ns
Min = 65.004 ns, Q1 = 66.122 ns, Median = 78.875 ns, Q3 = 79.495 ns, Max = 86.719 ns
IQR = 13.373 ns, LowerFence = 46.062 ns, UpperFence = 99.555 ns
ConfidenceInterval = [65.867 ns; 82.545 ns] (CI 99.9%), Margin = 8.339 ns (11.24% of Mean)
Skewness = 0.05, Kurtosis = 1.24, MValue = 3.75
-------------------- Histogram --------------------
[62.928 ns ; 71.230 ns) | @@@@@@@
[71.230 ns ; 78.646 ns) | 
[78.646 ns ; 86.948 ns) | @@@@@@@@
---------------------------------------------------

// * Summary *

BenchmarkDotNet v0.15.8, Windows 11 (10.0.26200.9168/25H2/2025Update/HudsonValley2)
12th Gen Intel Core i7-12700K 3.60GHz, 1 CPU, 20 logical and 12 physical cores
.NET SDK 10.0.400
  [Host] : .NET 10.0.11 (10.0.11, 10.0.1126.37416), X64 RyuJIT x86-64-v3

OutlierMode=DontRemove  Affinity=00000000000000000100  Toolchain=InProcessEmitToolchain  
InvocationCount=16777216  IterationCount=15  UnrollFactor=1  
WarmupCount=10  

| Method         | Mean     | Error    | StdDev   | Allocated |
|--------------- |---------:|---------:|---------:|----------:|
| ReadOnlyMemory | 74.21 ns | 8.339 ns | 7.800 ns |         - |

// * Warnings *
MultimodalDistribution
  DiagnosticBenchmarks.ReadOnlyMemory: OutlierMode=DontRemove, Affinity=00000000000000000100, Toolchain=InProcessEmitToolchain, InvocationCount=16777216, IterationCount=15, UnrollFactor=1, WarmupCount=10 -> It seems that the distribution is bimodal (mValue = 3.75)

// * Legends *
  Mean      : Arithmetic mean of all measurements
  Error     : Half of 99.9% confidence interval
  StdDev    : Standard deviation of all measurements
  Allocated : Allocated memory per single operation (managed only, inclusive, 1KB = 1024B)
  1 ns      : 1 Nanosecond (0.000000001 sec)

// * Diagnostic Output - MemoryDiagnoser *


// ***** BenchmarkRunner: End *****
Run time: 00:00:53 (53.02 sec), executed benchmarks: 1

Global total time: 00:00:53 (53.6 sec), executed benchmarks: 1
// * Artifacts cleanup *
Artifacts cleanup is finished
