// Validating benchmarks:
// ***** BenchmarkRunner: Start   *****
// ***** Found 1 benchmark(s) in total *****
// ***** Building 1 exe(s) in Parallel: Start   *****
// ***** Done, took 00:00:00 (0.02 sec)   *****
// Found 1 benchmarks:
//   DiagnosticBenchmarks.String: Job-WYZZKU(OutlierMode=DontRemove, Affinity=00000000000000000100, Toolchain=InProcessEmitToolchain, InvocationCount=16777216, IterationCount=15, UnrollFactor=1, WarmupCount=10)

Setup power plan (GUID: 8c5e7fda-e8bf-4a96-9a85-a6e23a8c635c FriendlyName: High performance)
// **************************
// Benchmark: DiagnosticBenchmarks.String: Job-WYZZKU(OutlierMode=DontRemove, Affinity=00000000000000000100, Toolchain=InProcessEmitToolchain, InvocationCount=16777216, IterationCount=15, UnrollFactor=1, WarmupCount=10)
// *** Execute ***
// Launch: 1 / 1

// Benchmark Process Environment Information:
// BenchmarkDotNet v0.15.8
// Runtime=.NET 10.0.11 (10.0.11, 10.0.1126.37416), X64 RyuJIT x86-64-v3
// GC=Concurrent Workstation
// HardwareIntrinsics=AVX2+BMI1+BMI2+F16C+FMA+LZCNT+MOVBE,AVX,SSE3+SSSE3+SSE4.1+SSE4.2+POPCNT,X86Base+SSE+SSE2,AES+PCLMUL,AvxVnni,SERIALIZE VectorSize=256
// Job: Job-WYZZKU(OutlierMode=DontRemove, Affinity=00000000000000000100, Toolchain=InProcessEmitToolchain, InvocationCount=16777216, IterationCount=15, UnrollFactor=1, WarmupCount=10)

SIZES string=16 number=8 nullable=12 array=16 raw=24 memory=24 segment=24
WARM seconds=1.000014 operations=19402374 jit=2253 jitMs=163.754700 threads=8 pending=0 cpuMs=1218.750000 gc0=2 gc1=2 gc2=2 heap=469928 rss=59817984
WARM seconds=2.000003 operations=39327378 jit=2255 jitMs=163.928100 threads=8 pending=0 cpuMs=2218.750000 gc0=2 gc1=2 gc2=2 heap=478152 rss=59543552
WARM seconds=3.000003 operations=59308403 jit=2255 jitMs=163.928100 threads=8 pending=0 cpuMs=3203.125000 gc0=2 gc1=2 gc2=2 heap=478152 rss=59531264
WARM seconds=4.000002 operations=78561404 jit=2255 jitMs=163.928100 threads=8 pending=0 cpuMs=4156.250000 gc0=2 gc1=2 gc2=2 heap=486376 rss=59531264
WARM seconds=5.000009 operations=98273115 jit=2255 jitMs=163.928100 threads=8 pending=0 cpuMs=5156.250000 gc0=2 gc1=2 gc2=2 heap=486376 rss=60022784
WARM seconds=6.000004 operations=117700348 jit=2255 jitMs=163.928100 threads=8 pending=0 cpuMs=6156.250000 gc0=2 gc1=2 gc2=2 heap=494600 rss=60047360
WARM seconds=7.000004 operations=135608121 jit=2269 jitMs=166.569800 threads=8 pending=0 cpuMs=7125.000000 gc0=2 gc1=2 gc2=2 heap=494600 rss=60084224
WARM seconds=8.000004 operations=151602240 jit=2269 jitMs=166.569800 threads=8 pending=0 cpuMs=8109.375000 gc0=2 gc1=2 gc2=2 heap=502824 rss=60076032
WARM seconds=9.000003 operations=167753965 jit=2269 jitMs=166.569800 threads=8 pending=0 cpuMs=9093.750000 gc0=2 gc1=2 gc2=2 heap=502824 rss=60076032
WARM seconds=10.000004 operations=187208773 jit=2285 jitMs=169.717100 threads=8 pending=0 cpuMs=10078.125000 gc0=2 gc1=2 gc2=2 heap=511048 rss=60096512
WARM seconds=11.000004 operations=206591833 jit=2285 jitMs=169.717100 threads=8 pending=0 cpuMs=11078.125000 gc0=2 gc1=2 gc2=2 heap=511048 rss=60047360
WARM seconds=12.000004 operations=225978271 jit=2285 jitMs=169.717100 threads=8 pending=0 cpuMs=12078.125000 gc0=2 gc1=2 gc2=2 heap=519272 rss=60059648
WARM seconds=13.000005 operations=245329389 jit=2292 jitMs=172.302000 threads=8 pending=0 cpuMs=13015.625000 gc0=2 gc1=2 gc2=2 heap=519272 rss=60129280
WARM seconds=14.000004 operations=264638528 jit=2292 jitMs=172.302000 threads=8 pending=0 cpuMs=13984.375000 gc0=2 gc1=2 gc2=2 heap=527496 rss=60207104
WARM seconds=15.000004 operations=284072643 jit=2292 jitMs=172.302000 threads=8 pending=0 cpuMs=14968.750000 gc0=2 gc1=2 gc2=2 heap=527496 rss=60203008
WARM seconds=16.000003 operations=304154543 jit=2293 jitMs=172.603100 threads=8 pending=0 cpuMs=15968.750000 gc0=2 gc1=2 gc2=2 heap=535720 rss=60207104
WARM seconds=17.000003 operations=324302819 jit=2299 jitMs=1900.535200 threads=8 pending=0 cpuMs=16953.125000 gc0=2 gc1=2 gc2=2 heap=535720 rss=60276736
WARM seconds=18.000003 operations=344430031 jit=2299 jitMs=1900.535200 threads=8 pending=0 cpuMs=17953.125000 gc0=2 gc1=2 gc2=2 heap=543944 rss=60276736
WARM seconds=19.000004 operations=364628770 jit=2299 jitMs=1900.535200 threads=8 pending=0 cpuMs=18953.125000 gc0=2 gc1=2 gc2=2 heap=543944 rss=60276736
WARM seconds=20.000003 operations=384757101 jit=2300 jitMs=4307.245700 threads=8 pending=0 cpuMs=19953.125000 gc0=2 gc1=2 gc2=2 heap=552168 rss=60276736
RAW operations=1000 bytes=0 sink=-1990100571
OverheadJitting  1: 1 op, 275500.00 ns, 275.5000 us/op
WorkloadJitting  1: 1 op, 135400.00 ns, 135.4000 us/op

OverheadWarmup   1: 16777216 op, 21380300.00 ns, 1.2744 ns/op
OverheadWarmup   2: 16777216 op, 21053700.00 ns, 1.2549 ns/op
OverheadWarmup   3: 16777216 op, 21039400.00 ns, 1.2540 ns/op
OverheadWarmup   4: 16777216 op, 21375500.00 ns, 1.2741 ns/op
OverheadWarmup   5: 16777216 op, 21125600.00 ns, 1.2592 ns/op
OverheadWarmup   6: 16777216 op, 20897900.00 ns, 1.2456 ns/op
OverheadWarmup   7: 16777216 op, 20744500.00 ns, 1.2365 ns/op
OverheadWarmup   8: 16777216 op, 21077700.00 ns, 1.2563 ns/op
OverheadWarmup   9: 16777216 op, 21489400.00 ns, 1.2809 ns/op
OverheadWarmup  10: 16777216 op, 21142800.00 ns, 1.2602 ns/op

OverheadActual   1: 16777216 op, 21158300.00 ns, 1.2611 ns/op
OverheadActual   2: 16777216 op, 20707900.00 ns, 1.2343 ns/op
OverheadActual   3: 16777216 op, 21188400.00 ns, 1.2629 ns/op
OverheadActual   4: 16777216 op, 20722100.00 ns, 1.2351 ns/op
OverheadActual   5: 16777216 op, 21337600.00 ns, 1.2718 ns/op
OverheadActual   6: 16777216 op, 21115600.00 ns, 1.2586 ns/op
OverheadActual   7: 16777216 op, 21078300.00 ns, 1.2564 ns/op
OverheadActual   8: 16777216 op, 20696300.00 ns, 1.2336 ns/op
OverheadActual   9: 16777216 op, 21288100.00 ns, 1.2689 ns/op
OverheadActual  10: 16777216 op, 20778800.00 ns, 1.2385 ns/op
OverheadActual  11: 16777216 op, 21815500.00 ns, 1.3003 ns/op
OverheadActual  12: 16777216 op, 21765500.00 ns, 1.2973 ns/op
OverheadActual  13: 16777216 op, 22028400.00 ns, 1.3130 ns/op
OverheadActual  14: 16777216 op, 21577400.00 ns, 1.2861 ns/op
OverheadActual  15: 16777216 op, 22395900.00 ns, 1.3349 ns/op

WorkloadWarmup   1: 16777216 op, 730916300.00 ns, 43.5660 ns/op
WorkloadWarmup   2: 16777216 op, 729395500.00 ns, 43.4754 ns/op
WorkloadWarmup   3: 16777216 op, 793345400.00 ns, 47.2871 ns/op
WorkloadWarmup   4: 16777216 op, 739936400.00 ns, 44.1036 ns/op
WorkloadWarmup   5: 16777216 op, 733339500.00 ns, 43.7104 ns/op
WorkloadWarmup   6: 16777216 op, 715743200.00 ns, 42.6616 ns/op
WorkloadWarmup   7: 16777216 op, 706361200.00 ns, 42.1024 ns/op
WorkloadWarmup   8: 16777216 op, 714993100.00 ns, 42.6169 ns/op
WorkloadWarmup   9: 16777216 op, 722378700.00 ns, 43.0571 ns/op
WorkloadWarmup  10: 16777216 op, 733555500.00 ns, 43.7233 ns/op

WorkloadActual   1: 16777216 op, 728832900.00 ns, 43.4418 ns/op
WorkloadActual   2: 16777216 op, 803880700.00 ns, 47.9150 ns/op
WorkloadActual   3: 16777216 op, 796046000.00 ns, 47.4480 ns/op
WorkloadActual   4: 16777216 op, 750064000.00 ns, 44.7073 ns/op
WorkloadActual   5: 16777216 op, 725081600.00 ns, 43.2182 ns/op
WorkloadActual   6: 16777216 op, 767572500.00 ns, 45.7509 ns/op
WorkloadActual   7: 16777216 op, 633740800.00 ns, 37.7739 ns/op
WorkloadActual   8: 16777216 op, 620258600.00 ns, 36.9703 ns/op
WorkloadActual   9: 16777216 op, 618839600.00 ns, 36.8857 ns/op
WorkloadActual  10: 16777216 op, 612741400.00 ns, 36.5222 ns/op
WorkloadActual  11: 16777216 op, 894191000.00 ns, 53.2979 ns/op
WorkloadActual  12: 16777216 op, 1489671300.00 ns, 88.7913 ns/op
WorkloadActual  13: 16777216 op, 1497155000.00 ns, 89.2374 ns/op
WorkloadActual  14: 16777216 op, 1319912300.00 ns, 78.6729 ns/op
WorkloadActual  15: 16777216 op, 1444689800.00 ns, 86.1102 ns/op

WorkloadResult   1: 16777216 op, 707644500.00 ns, 42.1789 ns/op
WorkloadResult   2: 16777216 op, 782692300.00 ns, 46.6521 ns/op
WorkloadResult   3: 16777216 op, 774857600.00 ns, 46.1851 ns/op
WorkloadResult   4: 16777216 op, 728875600.00 ns, 43.4444 ns/op
WorkloadResult   5: 16777216 op, 703893200.00 ns, 41.9553 ns/op
WorkloadResult   6: 16777216 op, 746384100.00 ns, 44.4880 ns/op
WorkloadResult   7: 16777216 op, 612552400.00 ns, 36.5110 ns/op
WorkloadResult   8: 16777216 op, 599070200.00 ns, 35.7074 ns/op
WorkloadResult   9: 16777216 op, 597651200.00 ns, 35.6228 ns/op
WorkloadResult  10: 16777216 op, 591553000.00 ns, 35.2593 ns/op
WorkloadResult  11: 16777216 op, 873002600.00 ns, 52.0350 ns/op
WorkloadResult  12: 16777216 op, 1468482900.00 ns, 87.5284 ns/op
WorkloadResult  13: 16777216 op, 1475966600.00 ns, 87.9745 ns/op
WorkloadResult  14: 16777216 op, 1298723900.00 ns, 77.4100 ns/op
WorkloadResult  15: 16777216 op, 1423501400.00 ns, 84.8473 ns/op
// GC:  0 0 0 2304 16777216
// Threading:  0 0 16777216


Mean = 53.187 ns, StdErr = 5.211 ns (9.80%), N = 15, StdDev = 20.183 ns
Min = 35.259 ns, Q1 = 39.233 ns, Median = 44.488 ns, Q3 = 64.722 ns, Max = 87.974 ns
IQR = 25.489 ns, LowerFence = 0.999 ns, UpperFence = 102.957 ns
ConfidenceInterval = [31.609 ns; 74.764 ns] (CI 99.9%), Margin = 21.577 ns (40.57% of Mean)
Skewness = 0.83, Kurtosis = 1.86, MValue = 2.73

// ** Remained 0 (0.0%) benchmark(s) to run. Estimated finish 2026-09-08 4:20 (0h 0m from now) **
Successfully reverted power plan (GUID: 8c5e7fda-e8bf-4a96-9a85-a6e23a8c635c FriendlyName: High performance)
// ***** BenchmarkRunner: Finish  *****

// * Export *
  .artifacts\deserialized-null\runtime-flag\measure\A1\String\results\Dekaf.Benchmarks.Diagnostics.DiagnosticBenchmarks-report.csv
  .artifacts\deserialized-null\runtime-flag\measure\A1\String\results\Dekaf.Benchmarks.Diagnostics.DiagnosticBenchmarks-report-github.md
  .artifacts\deserialized-null\runtime-flag\measure\A1\String\results\Dekaf.Benchmarks.Diagnostics.DiagnosticBenchmarks-report.html
  .artifacts\deserialized-null\runtime-flag\measure\A1\String\results\Dekaf.Benchmarks.Diagnostics.DiagnosticBenchmarks-report-full.json

// * Detailed results *
DiagnosticBenchmarks.String: Job-WYZZKU(OutlierMode=DontRemove, Affinity=00000000000000000100, Toolchain=InProcessEmitToolchain, InvocationCount=16777216, IterationCount=15, UnrollFactor=1, WarmupCount=10)
Runtime = ; GC = 
Mean = 53.187 ns, StdErr = 5.211 ns (9.80%), N = 15, StdDev = 20.183 ns
Min = 35.259 ns, Q1 = 39.233 ns, Median = 44.488 ns, Q3 = 64.722 ns, Max = 87.974 ns
IQR = 25.489 ns, LowerFence = 0.999 ns, UpperFence = 102.957 ns
ConfidenceInterval = [31.609 ns; 74.764 ns] (CI 99.9%), Margin = 21.577 ns (40.57% of Mean)
Skewness = 0.83, Kurtosis = 1.86, MValue = 2.73
-------------------- Histogram --------------------
[32.906 ns ; 54.389 ns) | @@@@@@@@@@@
[54.389 ns ; 71.951 ns) | 
[71.951 ns ; 93.434 ns) | @@@@
---------------------------------------------------

// * Summary *

BenchmarkDotNet v0.15.8, Windows 11 (10.0.26200.9168/25H2/2025Update/HudsonValley2)
12th Gen Intel Core i7-12700K 3.60GHz, 1 CPU, 20 logical and 12 physical cores
.NET SDK 10.0.400
  [Host] : .NET 10.0.11 (10.0.11, 10.0.1126.37416), X64 RyuJIT x86-64-v3

OutlierMode=DontRemove  Affinity=00000000000000000100  Toolchain=InProcessEmitToolchain  
InvocationCount=16777216  IterationCount=15  UnrollFactor=1  
WarmupCount=10  

| Method | Mean     | Error    | StdDev   | Allocated |
|------- |---------:|---------:|---------:|----------:|
| String | 53.19 ns | 21.58 ns | 20.18 ns |         - |

// * Legends *
  Mean      : Arithmetic mean of all measurements
  Error     : Half of 99.9% confidence interval
  StdDev    : Standard deviation of all measurements
  Allocated : Allocated memory per single operation (managed only, inclusive, 1KB = 1024B)
  1 ns      : 1 Nanosecond (0.000000001 sec)

// * Diagnostic Output - MemoryDiagnoser *


// ***** BenchmarkRunner: End *****
Run time: 00:00:43 (43.42 sec), executed benchmarks: 1

Global total time: 00:00:45 (45.03 sec), executed benchmarks: 1
// * Artifacts cleanup *
Artifacts cleanup is finished
