// Validating benchmarks:
// ***** BenchmarkRunner: Start   *****
// ***** Found 5 benchmark(s) in total *****
// ***** Building 1 exe(s) in Parallel: Start   *****
// ***** Done, took 00:00:00 (0.06 sec)   *****
// Found 2 benchmarks:
//   ActualPublisherBenchmarks.RelayBatch: Job-DGWMHF(Affinity=00000000000000000100, Toolchain=InProcessEmitToolchain, IterationCount=15, IterationTime=250ms, WarmupCount=5) [Enabled=False]
//   ActualPublisherBenchmarks.PublisherControl: Job-DGWMHF(Affinity=00000000000000000100, Toolchain=InProcessEmitToolchain, IterationCount=15, IterationTime=250ms, WarmupCount=5) [Enabled=False]

Setup power plan (GUID: 8c5e7fda-e8bf-4a96-9a85-a6e23a8c635c FriendlyName: High performance)
// **************************
// Benchmark: ActualPublisherBenchmarks.RelayBatch: Job-DGWMHF(Affinity=00000000000000000100, Toolchain=InProcessEmitToolchain, IterationCount=15, IterationTime=250ms, WarmupCount=5) [Enabled=False]
// *** Execute ***
// Launch: 1 / 1

// Benchmark Process Environment Information:
// BenchmarkDotNet v0.15.8
// Runtime=.NET 10.0.11 (10.0.11, 10.0.1126.37416), X64 RyuJIT x86-64-v3
// GC=Concurrent Workstation
// HardwareIntrinsics=AVX2+BMI1+BMI2+F16C+FMA+LZCNT+MOVBE,AVX,SSE3+SSSE3+SSE4.1+SSE4.2+POPCNT,X86Base+SSE+SSE2,AES+PCLMUL,AvxVnni,SERIALIZE VectorSize=256
// Job: Job-DGWMHF(Affinity=00000000000000000100, Toolchain=InProcessEmitToolchain, IterationCount=15, IterationTime=250ms, WarmupCount=5)

OverheadJitting  1: 1 op, 122900.00 ns, 122.9000 us/op
WorkloadJitting  1: 1 op, 20188600.00 ns, 20.1886 ms/op

WorkloadPilot    1: 4 op, 514000.00 ns, 128.5000 us/op
WorkloadPilot    2: 1946 op, 90488400.00 ns, 46.4997 us/op
WorkloadPilot    3: 5376 op, 242283500.00 ns, 45.0676 us/op
WorkloadPilot    4: 5547 op, 245488700.00 ns, 44.2561 us/op
WorkloadPilot    5: 5649 op, 242616400.00 ns, 42.9486 us/op
WorkloadPilot    6: 5821 op, 269564700.00 ns, 46.3090 us/op
WorkloadPilot    7: 5399 op, 238469900.00 ns, 44.1693 us/op
WorkloadPilot    8: 5660 op, 257657700.00 ns, 45.5226 us/op
WorkloadPilot    9: 5492 op, 238759400.00 ns, 43.4740 us/op
WorkloadPilot   10: 5751 op, 249719500.00 ns, 43.4219 us/op
WorkloadPilot   11: 5757 op, 248717600.00 ns, 43.2026 us/op
WorkloadPilot   12: 5787 op, 253877700.00 ns, 43.8703 us/op

WorkloadWarmup   1: 5787 op, 249698800.00 ns, 43.1482 us/op
WorkloadWarmup   2: 5787 op, 263031400.00 ns, 45.4521 us/op
WorkloadWarmup   3: 5787 op, 266738900.00 ns, 46.0928 us/op
WorkloadWarmup   4: 5787 op, 257969800.00 ns, 44.5775 us/op
WorkloadWarmup   5: 5787 op, 257130200.00 ns, 44.4324 us/op

WorkloadActual   1: 5787 op, 251384900.00 ns, 43.4396 us/op
WorkloadActual   2: 5787 op, 254920100.00 ns, 44.0505 us/op
WorkloadActual   3: 5787 op, 271848900.00 ns, 46.9758 us/op
WorkloadActual   4: 5787 op, 311268600.00 ns, 53.7876 us/op
WorkloadActual   5: 5787 op, 273369300.00 ns, 47.2385 us/op
WorkloadActual   6: 5787 op, 263035300.00 ns, 45.4528 us/op
WorkloadActual   7: 5787 op, 259664300.00 ns, 44.8703 us/op
WorkloadActual   8: 5787 op, 261303800.00 ns, 45.1536 us/op
WorkloadActual   9: 5787 op, 256731800.00 ns, 44.3635 us/op
WorkloadActual  10: 5787 op, 265300900.00 ns, 45.8443 us/op
WorkloadActual  11: 5787 op, 256576000.00 ns, 44.3366 us/op
WorkloadActual  12: 5787 op, 267281300.00 ns, 46.1865 us/op
WorkloadActual  13: 5787 op, 279137300.00 ns, 48.2352 us/op
WorkloadActual  14: 5787 op, 295317600.00 ns, 51.0312 us/op
WorkloadActual  15: 5787 op, 261967800.00 ns, 45.2683 us/op

WorkloadResult   1: 5787 op, 251384900.00 ns, 43.4396 us/op
WorkloadResult   2: 5787 op, 254920100.00 ns, 44.0505 us/op
WorkloadResult   3: 5787 op, 271848900.00 ns, 46.9758 us/op
WorkloadResult   4: 5787 op, 273369300.00 ns, 47.2385 us/op
WorkloadResult   5: 5787 op, 263035300.00 ns, 45.4528 us/op
WorkloadResult   6: 5787 op, 259664300.00 ns, 44.8703 us/op
WorkloadResult   7: 5787 op, 261303800.00 ns, 45.1536 us/op
WorkloadResult   8: 5787 op, 256731800.00 ns, 44.3635 us/op
WorkloadResult   9: 5787 op, 265300900.00 ns, 45.8443 us/op
WorkloadResult  10: 5787 op, 256576000.00 ns, 44.3366 us/op
WorkloadResult  11: 5787 op, 267281300.00 ns, 46.1865 us/op
WorkloadResult  12: 5787 op, 279137300.00 ns, 48.2352 us/op
WorkloadResult  13: 5787 op, 261967800.00 ns, 45.2683 us/op
// GC:  163 28 0 2130591192 5787
// Threading:  0 0 5787


Mean = 45.494 us, StdErr = 0.383 us (0.84%), N = 13, StdDev = 1.379 us
Min = 43.440 us, Q1 = 44.364 us, Median = 45.268 us, Q3 = 46.187 us, Max = 48.235 us
IQR = 1.823 us, LowerFence = 41.629 us, UpperFence = 48.921 us
ConfidenceInterval = [43.842 us; 47.145 us] (CI 99.9%), Margin = 1.652 us (3.63% of Mean)
Skewness = 0.43, Kurtosis = 2.05, MValue = 2

// ** Remained 4 (80.0%) benchmark(s) to run. Estimated finish 2026-09-07 15:42 (0h 0m from now) **
Setup power plan (GUID: 8c5e7fda-e8bf-4a96-9a85-a6e23a8c635c FriendlyName: High performance)
// **************************
// Benchmark: ActualPublisherBenchmarks.PublisherControl: Job-DGWMHF(Affinity=00000000000000000100, Toolchain=InProcessEmitToolchain, IterationCount=15, IterationTime=250ms, WarmupCount=5) [Enabled=False]
// *** Execute ***
// Launch: 1 / 1

// Benchmark Process Environment Information:
// BenchmarkDotNet v0.15.8
// Runtime=.NET 10.0.11 (10.0.11, 10.0.1126.37416), X64 RyuJIT x86-64-v3
// GC=Concurrent Workstation
// HardwareIntrinsics=AVX2+BMI1+BMI2+F16C+FMA+LZCNT+MOVBE,AVX,SSE3+SSSE3+SSE4.1+SSE4.2+POPCNT,X86Base+SSE+SSE2,AES+PCLMUL,AvxVnni,SERIALIZE VectorSize=256
// Job: Job-DGWMHF(Affinity=00000000000000000100, Toolchain=InProcessEmitToolchain, IterationCount=15, IterationTime=250ms, WarmupCount=5)

OverheadJitting  1: 1 op, 186900.00 ns, 186.9000 us/op
WorkloadJitting  1: 1 op, 881400.00 ns, 881.4000 us/op

OverheadJitting  2: 16 op, 184900.00 ns, 11.5563 us/op
WorkloadJitting  2: 16 op, 1379100.00 ns, 86.1938 us/op

WorkloadPilot    1: 16 op, 770200.00 ns, 48.1375 us/op
WorkloadPilot    2: 5200 op, 291031700.00 ns, 55.9676 us/op
WorkloadPilot    3: 4480 op, 228534500.00 ns, 51.0122 us/op
WorkloadPilot    4: 4912 op, 266638500.00 ns, 54.2831 us/op
WorkloadPilot    5: 4608 op, 241590200.00 ns, 52.4284 us/op
WorkloadPilot    6: 4768 op, 239714700.00 ns, 50.2757 us/op
WorkloadPilot    7: 4976 op, 222924100.00 ns, 44.7999 us/op
WorkloadPilot    8: 5584 op, 237925400.00 ns, 42.6084 us/op
WorkloadPilot    9: 5872 op, 256680100.00 ns, 43.7126 us/op

OverheadWarmup   1: 5872 op, 8700.00 ns, 1.4816 ns/op
OverheadWarmup   2: 5872 op, 7300.00 ns, 1.2432 ns/op
OverheadWarmup   3: 5872 op, 7200.00 ns, 1.2262 ns/op
OverheadWarmup   4: 5872 op, 7300.00 ns, 1.2432 ns/op
OverheadWarmup   5: 5872 op, 7300.00 ns, 1.2432 ns/op
OverheadWarmup   6: 5872 op, 7200.00 ns, 1.2262 ns/op
OverheadWarmup   7: 5872 op, 7200.00 ns, 1.2262 ns/op

OverheadActual   1: 5872 op, 7300.00 ns, 1.2432 ns/op
OverheadActual   2: 5872 op, 7300.00 ns, 1.2432 ns/op
OverheadActual   3: 5872 op, 7300.00 ns, 1.2432 ns/op
OverheadActual   4: 5872 op, 7300.00 ns, 1.2432 ns/op
OverheadActual   5: 5872 op, 7300.00 ns, 1.2432 ns/op
OverheadActual   6: 5872 op, 7200.00 ns, 1.2262 ns/op
OverheadActual   7: 5872 op, 7200.00 ns, 1.2262 ns/op
OverheadActual   8: 5872 op, 7300.00 ns, 1.2432 ns/op
OverheadActual   9: 5872 op, 7000.00 ns, 1.1921 ns/op
OverheadActual  10: 5872 op, 7400.00 ns, 1.2602 ns/op
OverheadActual  11: 5872 op, 7000.00 ns, 1.1921 ns/op
OverheadActual  12: 5872 op, 7300.00 ns, 1.2432 ns/op
OverheadActual  13: 5872 op, 7300.00 ns, 1.2432 ns/op
OverheadActual  14: 5872 op, 7300.00 ns, 1.2432 ns/op
OverheadActual  15: 5872 op, 7400.00 ns, 1.2602 ns/op

WorkloadWarmup   1: 5872 op, 269163100.00 ns, 45.8384 us/op
WorkloadWarmup   2: 5872 op, 264837300.00 ns, 45.1017 us/op
WorkloadWarmup   3: 5872 op, 270616300.00 ns, 46.0859 us/op
WorkloadWarmup   4: 5872 op, 251000500.00 ns, 42.7453 us/op
WorkloadWarmup   5: 5872 op, 248121900.00 ns, 42.2551 us/op

WorkloadActual   1: 5872 op, 239917700.00 ns, 40.8579 us/op
WorkloadActual   2: 5872 op, 262058700.00 ns, 44.6285 us/op
WorkloadActual   3: 5872 op, 256146400.00 ns, 43.6217 us/op
WorkloadActual   4: 5872 op, 257909500.00 ns, 43.9219 us/op
WorkloadActual   5: 5872 op, 253374900.00 ns, 43.1497 us/op
WorkloadActual   6: 5872 op, 262586200.00 ns, 44.7184 us/op
WorkloadActual   7: 5872 op, 267025900.00 ns, 45.4744 us/op
WorkloadActual   8: 5872 op, 253718200.00 ns, 43.2081 us/op
WorkloadActual   9: 5872 op, 252770800.00 ns, 43.0468 us/op
WorkloadActual  10: 5872 op, 252167400.00 ns, 42.9440 us/op
WorkloadActual  11: 5872 op, 259873100.00 ns, 44.2563 us/op
WorkloadActual  12: 5872 op, 255362000.00 ns, 43.4881 us/op
WorkloadActual  13: 5872 op, 291036200.00 ns, 49.5634 us/op
WorkloadActual  14: 5872 op, 254938500.00 ns, 43.4160 us/op
WorkloadActual  15: 5872 op, 260647200.00 ns, 44.3881 us/op

WorkloadResult   1: 5872 op, 239910400.00 ns, 40.8567 us/op
WorkloadResult   2: 5872 op, 262051400.00 ns, 44.6273 us/op
WorkloadResult   3: 5872 op, 256139100.00 ns, 43.6204 us/op
WorkloadResult   4: 5872 op, 257902200.00 ns, 43.9207 us/op
WorkloadResult   5: 5872 op, 253367600.00 ns, 43.1484 us/op
WorkloadResult   6: 5872 op, 262578900.00 ns, 44.7171 us/op
WorkloadResult   7: 5872 op, 267018600.00 ns, 45.4732 us/op
WorkloadResult   8: 5872 op, 253710900.00 ns, 43.2069 us/op
WorkloadResult   9: 5872 op, 252763500.00 ns, 43.0456 us/op
WorkloadResult  10: 5872 op, 252160100.00 ns, 42.9428 us/op
WorkloadResult  11: 5872 op, 259865800.00 ns, 44.2551 us/op
WorkloadResult  12: 5872 op, 255354700.00 ns, 43.4868 us/op
WorkloadResult  13: 5872 op, 254931200.00 ns, 43.4147 us/op
WorkloadResult  14: 5872 op, 260639900.00 ns, 44.3869 us/op
// GC:  165 29 0 2161040576 5872
// Threading:  0 0 5872


Mean = 43.650 us, StdErr = 0.293 us (0.67%), N = 14, StdDev = 1.095 us
Min = 40.857 us, Q1 = 43.163 us, Median = 43.554 us, Q3 = 44.354 us, Max = 45.473 us
IQR = 1.191 us, LowerFence = 41.377 us, UpperFence = 46.140 us
ConfidenceInterval = [42.414 us; 44.886 us] (CI 99.9%), Margin = 1.236 us (2.83% of Mean)
Skewness = -0.75, Kurtosis = 3.72, MValue = 2

// ** Remained 3 (60.0%) benchmark(s) to run. Estimated finish 2026-09-07 15:42 (0h 0m from now) **
Successfully reverted power plan (GUID: 8c5e7fda-e8bf-4a96-9a85-a6e23a8c635c FriendlyName: High performance)
// ***** BenchmarkRunner: Finish  *****

// * Export *
  A-baseline\results\ActualPublisherBenchmarks-report.csv
  A-baseline\results\ActualPublisherBenchmarks-report-github.md
  A-baseline\results\ActualPublisherBenchmarks-report.html
  A-baseline\results\ActualPublisherBenchmarks-report-full.json

// * Detailed results *
ActualPublisherBenchmarks.RelayBatch: Job-DGWMHF(Affinity=00000000000000000100, Toolchain=InProcessEmitToolchain, IterationCount=15, IterationTime=250ms, WarmupCount=5) [Enabled=False]
Runtime = ; GC = 
Mean = 45.494 us, StdErr = 0.383 us (0.84%), N = 13, StdDev = 1.379 us
Min = 43.440 us, Q1 = 44.364 us, Median = 45.268 us, Q3 = 46.187 us, Max = 48.235 us
IQR = 1.823 us, LowerFence = 41.629 us, UpperFence = 48.921 us
ConfidenceInterval = [43.842 us; 47.145 us] (CI 99.9%), Margin = 1.652 us (3.63% of Mean)
Skewness = 0.43, Kurtosis = 2.05, MValue = 2
-------------------- Histogram --------------------
[42.670 us ; 43.982 us) | @
[43.982 us ; 45.522 us) | @@@@@@@
[45.522 us ; 47.311 us) | @@@@
[47.311 us ; 49.005 us) | @
---------------------------------------------------

ActualPublisherBenchmarks.PublisherControl: Job-DGWMHF(Affinity=00000000000000000100, Toolchain=InProcessEmitToolchain, IterationCount=15, IterationTime=250ms, WarmupCount=5) [Enabled=False]
Runtime = ; GC = 
Mean = 43.650 us, StdErr = 0.293 us (0.67%), N = 14, StdDev = 1.095 us
Min = 40.857 us, Q1 = 43.163 us, Median = 43.554 us, Q3 = 44.354 us, Max = 45.473 us
IQR = 1.191 us, LowerFence = 41.377 us, UpperFence = 46.140 us
ConfidenceInterval = [42.414 us; 44.886 us] (CI 99.9%), Margin = 1.236 us (2.83% of Mean)
Skewness = -0.75, Kurtosis = 3.72, MValue = 2
-------------------- Histogram --------------------
[40.260 us ; 41.453 us) | @
[41.453 us ; 42.835 us) | 
[42.835 us ; 44.028 us) | @@@@@@@@
[44.028 us ; 45.083 us) | @@@@
[45.083 us ; 46.070 us) | @
---------------------------------------------------

// * Summary *

BenchmarkDotNet v0.15.8, Windows 11 (10.0.26200.9168/25H2/2025Update/HudsonValley2)
12th Gen Intel Core i7-12700K 3.60GHz, 1 CPU, 20 logical and 12 physical cores
.NET SDK 10.0.400
  [Host] : .NET 10.0.11 (10.0.11, 10.0.1126.37416), X64 RyuJIT x86-64-v3

Affinity=00000000000000000100  Toolchain=InProcessEmitToolchain  IterationCount=15  
IterationTime=250ms  WarmupCount=5  

| Method           | Enabled | Mean     | Error    | StdDev   | Median   | Max      | Gen0    | Gen1   | Allocated |
|----------------- |-------- |---------:|---------:|---------:|---------:|---------:|--------:|-------:|----------:|
| RelayBatch       | False   | 45.49 us | 1.652 us | 1.379 us | 45.27 us | 48.24 us | 28.1666 | 4.8384 | 359.54 KB |
| PublisherControl | False   | 43.65 us | 1.236 us | 1.095 us | 43.55 us | 45.47 us | 28.0995 | 4.9387 |  359.4 KB |

// * Hints *
Outliers
  ActualPublisherBenchmarks.RelayBatch: Affinity=00000000000000000100, Toolchain=InProcessEmitToolchain, IterationCount=15, IterationTime=250ms, WarmupCount=5       -> 2 outliers were removed (51.03 us, 53.79 us)
  ActualPublisherBenchmarks.PublisherControl: Affinity=00000000000000000100, Toolchain=InProcessEmitToolchain, IterationCount=15, IterationTime=250ms, WarmupCount=5 -> 1 outlier  was  removed, 2 outliers were detected (40.86 us, 49.56 us)

// * Legends *
  Enabled   : Value of the 'Enabled' parameter
  Mean      : Arithmetic mean of all measurements
  Error     : Half of 99.9% confidence interval
  StdDev    : Standard deviation of all measurements
  Median    : Value separating the higher half of all measurements (50th percentile)
  Max       : Maximum
  Gen0      : GC Generation 0 collects per 1000 operations
  Gen1      : GC Generation 1 collects per 1000 operations
  Allocated : Allocated memory per single operation (managed only, inclusive, 1KB = 1024B)
  1 us      : 1 Microsecond (0.000001 sec)

// * Diagnostic Output - MemoryDiagnoser *


// ***** BenchmarkRunner: End *****
Run time: 00:00:16 (16.14 sec), executed benchmarks: 2

// Found 3 benchmarks:
//   RelayMetricsBenchmarks.SynchronousBatch: Job-DGWMHF(Affinity=00000000000000000100, Toolchain=InProcessEmitToolchain, IterationCount=15, IterationTime=250ms, WarmupCount=5) [Enabled=False]
//   RelayMetricsBenchmarks.PendingBatch: Job-DGWMHF(Affinity=00000000000000000100, Toolchain=InProcessEmitToolchain, IterationCount=15, IterationTime=250ms, WarmupCount=5) [Enabled=False]
//   RelayMetricsBenchmarks.PublisherControl: Job-DGWMHF(Affinity=00000000000000000100, Toolchain=InProcessEmitToolchain, IterationCount=15, IterationTime=250ms, WarmupCount=5) [Enabled=False]

Setup power plan (GUID: 8c5e7fda-e8bf-4a96-9a85-a6e23a8c635c FriendlyName: High performance)
// **************************
// Benchmark: RelayMetricsBenchmarks.SynchronousBatch: Job-DGWMHF(Affinity=00000000000000000100, Toolchain=InProcessEmitToolchain, IterationCount=15, IterationTime=250ms, WarmupCount=5) [Enabled=False]
// *** Execute ***
// Launch: 1 / 1

// Benchmark Process Environment Information:
// BenchmarkDotNet v0.15.8
// Runtime=.NET 10.0.11 (10.0.11, 10.0.1126.37416), X64 RyuJIT x86-64-v3
// GC=Concurrent Workstation
// HardwareIntrinsics=AVX2+BMI1+BMI2+F16C+FMA+LZCNT+MOVBE,AVX,SSE3+SSSE3+SSE4.1+SSE4.2+POPCNT,X86Base+SSE+SSE2,AES+PCLMUL,AvxVnni,SERIALIZE VectorSize=256
// Job: Job-DGWMHF(Affinity=00000000000000000100, Toolchain=InProcessEmitToolchain, IterationCount=15, IterationTime=250ms, WarmupCount=5)

OverheadJitting  1: 1 op, 141200.00 ns, 141.2000 us/op
WorkloadJitting  1: 1 op, 420300.00 ns, 420.3000 us/op

OverheadJitting  2: 16 op, 204300.00 ns, 12.7688 us/op
WorkloadJitting  2: 16 op, 216800.00 ns, 13.5500 us/op

WorkloadPilot    1: 16 op, 8700.00 ns, 543.7500 ns/op
WorkloadPilot    2: 459776 op, 120609800.00 ns, 262.3230 ns/op
WorkloadPilot    3: 953024 op, 245133000.00 ns, 257.2160 ns/op
WorkloadPilot    4: 971952 op, 251240300.00 ns, 258.4904 ns/op
WorkloadPilot    5: 967168 op, 252646400.00 ns, 261.2229 ns/op
WorkloadPilot    6: 957040 op, 244780100.00 ns, 255.7679 ns/op
WorkloadPilot    7: 977456 op, 244905900.00 ns, 250.5544 ns/op
WorkloadPilot    8: 997792 op, 250299700.00 ns, 250.8536 ns/op

OverheadWarmup   1: 997792 op, 1185700.00 ns, 1.1883 ns/op
OverheadWarmup   2: 997792 op, 1189200.00 ns, 1.1918 ns/op
OverheadWarmup   3: 997792 op, 1303300.00 ns, 1.3062 ns/op
OverheadWarmup   4: 997792 op, 1209300.00 ns, 1.2120 ns/op
OverheadWarmup   5: 997792 op, 1183700.00 ns, 1.1863 ns/op
OverheadWarmup   6: 997792 op, 1183500.00 ns, 1.1861 ns/op
OverheadWarmup   7: 997792 op, 1301000.00 ns, 1.3039 ns/op
OverheadWarmup   8: 997792 op, 1188600.00 ns, 1.1912 ns/op

OverheadActual   1: 997792 op, 1272800.00 ns, 1.2756 ns/op
OverheadActual   2: 997792 op, 1188600.00 ns, 1.1912 ns/op
OverheadActual   3: 997792 op, 1188400.00 ns, 1.1910 ns/op
OverheadActual   4: 997792 op, 1323900.00 ns, 1.3268 ns/op
OverheadActual   5: 997792 op, 1207900.00 ns, 1.2106 ns/op
OverheadActual   6: 997792 op, 1198700.00 ns, 1.2014 ns/op
OverheadActual   7: 997792 op, 1317300.00 ns, 1.3202 ns/op
OverheadActual   8: 997792 op, 1260300.00 ns, 1.2631 ns/op
OverheadActual   9: 997792 op, 1212900.00 ns, 1.2156 ns/op
OverheadActual  10: 997792 op, 1213700.00 ns, 1.2164 ns/op
OverheadActual  11: 997792 op, 1208300.00 ns, 1.2110 ns/op
OverheadActual  12: 997792 op, 1212800.00 ns, 1.2155 ns/op
OverheadActual  13: 997792 op, 1213200.00 ns, 1.2159 ns/op
OverheadActual  14: 997792 op, 1208400.00 ns, 1.2111 ns/op
OverheadActual  15: 997792 op, 1220000.00 ns, 1.2227 ns/op

WorkloadWarmup   1: 997792 op, 257408600.00 ns, 257.9782 ns/op
WorkloadWarmup   2: 997792 op, 252577900.00 ns, 253.1368 ns/op
WorkloadWarmup   3: 997792 op, 252888900.00 ns, 253.4485 ns/op
WorkloadWarmup   4: 997792 op, 254536600.00 ns, 255.0999 ns/op
WorkloadWarmup   5: 997792 op, 262757000.00 ns, 263.3385 ns/op

WorkloadActual   1: 997792 op, 253546800.00 ns, 254.1079 ns/op
WorkloadActual   2: 997792 op, 251625700.00 ns, 252.1825 ns/op
WorkloadActual   3: 997792 op, 251058100.00 ns, 251.6137 ns/op
WorkloadActual   4: 997792 op, 250489600.00 ns, 251.0439 ns/op
WorkloadActual   5: 997792 op, 251993000.00 ns, 252.5506 ns/op
WorkloadActual   6: 997792 op, 255729700.00 ns, 256.2956 ns/op
WorkloadActual   7: 997792 op, 249983500.00 ns, 250.5367 ns/op
WorkloadActual   8: 997792 op, 251101100.00 ns, 251.6568 ns/op
WorkloadActual   9: 997792 op, 250656100.00 ns, 251.2108 ns/op
WorkloadActual  10: 997792 op, 252204400.00 ns, 252.7625 ns/op
WorkloadActual  11: 997792 op, 250831400.00 ns, 251.3865 ns/op
WorkloadActual  12: 997792 op, 250444900.00 ns, 250.9991 ns/op
WorkloadActual  13: 997792 op, 249686700.00 ns, 250.2392 ns/op
WorkloadActual  14: 997792 op, 250950900.00 ns, 251.5062 ns/op
WorkloadActual  15: 997792 op, 251335600.00 ns, 251.8918 ns/op

WorkloadResult   1: 997792 op, 252333900.00 ns, 252.8923 ns/op
WorkloadResult   2: 997792 op, 250412800.00 ns, 250.9669 ns/op
WorkloadResult   3: 997792 op, 249845200.00 ns, 250.3981 ns/op
WorkloadResult   4: 997792 op, 249276700.00 ns, 249.8283 ns/op
WorkloadResult   5: 997792 op, 250780100.00 ns, 251.3350 ns/op
WorkloadResult   6: 997792 op, 248770600.00 ns, 249.3211 ns/op
WorkloadResult   7: 997792 op, 249888200.00 ns, 250.4412 ns/op
WorkloadResult   8: 997792 op, 249443200.00 ns, 249.9952 ns/op
WorkloadResult   9: 997792 op, 250991500.00 ns, 251.5469 ns/op
WorkloadResult  10: 997792 op, 249618500.00 ns, 250.1709 ns/op
WorkloadResult  11: 997792 op, 249232000.00 ns, 249.7835 ns/op
WorkloadResult  12: 997792 op, 248473800.00 ns, 249.0236 ns/op
WorkloadResult  13: 997792 op, 249738000.00 ns, 250.2906 ns/op
WorkloadResult  14: 997792 op, 250122700.00 ns, 250.6762 ns/op
// GC:  10 0 0 143687040 997792
// Threading:  0 0 997792


Mean = 250.476 ns, StdErr = 0.264 ns (0.11%), N = 14, StdDev = 0.989 ns
Min = 249.024 ns, Q1 = 249.870 ns, Median = 250.344 ns, Q3 = 250.894 ns, Max = 252.892 ns
IQR = 1.024 ns, LowerFence = 248.334 ns, UpperFence = 252.431 ns
ConfidenceInterval = [249.361 ns; 251.592 ns] (CI 99.9%), Margin = 1.116 ns (0.45% of Mean)
Skewness = 0.79, Kurtosis = 3.19, MValue = 2

// ** Remained 2 (40.0%) benchmark(s) to run. Estimated finish 2026-09-07 15:42 (0h 0m from now) **
Setup power plan (GUID: 8c5e7fda-e8bf-4a96-9a85-a6e23a8c635c FriendlyName: High performance)
// **************************
// Benchmark: RelayMetricsBenchmarks.PendingBatch: Job-DGWMHF(Affinity=00000000000000000100, Toolchain=InProcessEmitToolchain, IterationCount=15, IterationTime=250ms, WarmupCount=5) [Enabled=False]
// *** Execute ***
// Launch: 1 / 1

// Benchmark Process Environment Information:
// BenchmarkDotNet v0.15.8
// Runtime=.NET 10.0.11 (10.0.11, 10.0.1126.37416), X64 RyuJIT x86-64-v3
// GC=Concurrent Workstation
// HardwareIntrinsics=AVX2+BMI1+BMI2+F16C+FMA+LZCNT+MOVBE,AVX,SSE3+SSSE3+SSE4.1+SSE4.2+POPCNT,X86Base+SSE+SSE2,AES+PCLMUL,AvxVnni,SERIALIZE VectorSize=256
// Job: Job-DGWMHF(Affinity=00000000000000000100, Toolchain=InProcessEmitToolchain, IterationCount=15, IterationTime=250ms, WarmupCount=5)

OverheadJitting  1: 1 op, 151700.00 ns, 151.7000 us/op
WorkloadJitting  1: 1 op, 6123800.00 ns, 6.1238 ms/op

OverheadJitting  2: 16 op, 204200.00 ns, 12.7625 us/op
WorkloadJitting  2: 16 op, 301800.00 ns, 18.8625 us/op

WorkloadPilot    1: 16 op, 20300.00 ns, 1.2688 us/op
WorkloadPilot    2: 197056 op, 99330500.00 ns, 504.0724 ns/op
WorkloadPilot    3: 495968 op, 246037400.00 ns, 496.0752 ns/op
WorkloadPilot    4: 503968 op, 247162100.00 ns, 490.4321 ns/op
WorkloadPilot    5: 509760 op, 247510400.00 ns, 485.5430 ns/op
WorkloadPilot    6: 514896 op, 251807900.00 ns, 489.0461 ns/op
WorkloadPilot    7: 511200 op, 259630900.00 ns, 507.8852 ns/op
WorkloadPilot    8: 492240 op, 243794700.00 ns, 495.2761 ns/op
WorkloadPilot    9: 504784 op, 243756600.00 ns, 482.8929 ns/op
WorkloadPilot   10: 517728 op, 251951800.00 ns, 486.6490 ns/op

OverheadWarmup   1: 517728 op, 616700.00 ns, 1.1912 ns/op
OverheadWarmup   2: 517728 op, 614300.00 ns, 1.1865 ns/op
OverheadWarmup   3: 517728 op, 682800.00 ns, 1.3188 ns/op
OverheadWarmup   4: 517728 op, 769400.00 ns, 1.4861 ns/op
OverheadWarmup   5: 517728 op, 614400.00 ns, 1.1867 ns/op
OverheadWarmup   6: 517728 op, 614300.00 ns, 1.1865 ns/op
OverheadWarmup   7: 517728 op, 614300.00 ns, 1.1865 ns/op
OverheadWarmup   8: 517728 op, 614300.00 ns, 1.1865 ns/op

OverheadActual   1: 517728 op, 614400.00 ns, 1.1867 ns/op
OverheadActual   2: 517728 op, 614300.00 ns, 1.1865 ns/op
OverheadActual   3: 517728 op, 619300.00 ns, 1.1962 ns/op
OverheadActual   4: 517728 op, 694100.00 ns, 1.3407 ns/op
OverheadActual   5: 517728 op, 614300.00 ns, 1.1865 ns/op
OverheadActual   6: 517728 op, 618800.00 ns, 1.1952 ns/op
OverheadActual   7: 517728 op, 618600.00 ns, 1.1948 ns/op
OverheadActual   8: 517728 op, 614300.00 ns, 1.1865 ns/op
OverheadActual   9: 517728 op, 614400.00 ns, 1.1867 ns/op
OverheadActual  10: 517728 op, 690300.00 ns, 1.3333 ns/op
OverheadActual  11: 517728 op, 614300.00 ns, 1.1865 ns/op
OverheadActual  12: 517728 op, 640100.00 ns, 1.2364 ns/op
OverheadActual  13: 517728 op, 614300.00 ns, 1.1865 ns/op
OverheadActual  14: 517728 op, 718400.00 ns, 1.3876 ns/op
OverheadActual  15: 517728 op, 614400.00 ns, 1.1867 ns/op

WorkloadWarmup   1: 517728 op, 255400200.00 ns, 493.3096 ns/op
WorkloadWarmup   2: 517728 op, 254361500.00 ns, 491.3033 ns/op
WorkloadWarmup   3: 517728 op, 252586900.00 ns, 487.8757 ns/op
WorkloadWarmup   4: 517728 op, 250703200.00 ns, 484.2373 ns/op
WorkloadWarmup   5: 517728 op, 258646000.00 ns, 499.5789 ns/op

WorkloadActual   1: 517728 op, 259157200.00 ns, 500.5663 ns/op
WorkloadActual   2: 517728 op, 260811800.00 ns, 503.7622 ns/op
WorkloadActual   3: 517728 op, 251366100.00 ns, 485.5177 ns/op
WorkloadActual   4: 517728 op, 254456500.00 ns, 491.4868 ns/op
WorkloadActual   5: 517728 op, 254117700.00 ns, 490.8324 ns/op
WorkloadActual   6: 517728 op, 253475700.00 ns, 489.5924 ns/op
WorkloadActual   7: 517728 op, 252721600.00 ns, 488.1359 ns/op
WorkloadActual   8: 517728 op, 262873200.00 ns, 507.7438 ns/op
WorkloadActual   9: 517728 op, 262738500.00 ns, 507.4837 ns/op
WorkloadActual  10: 517728 op, 260750500.00 ns, 503.6438 ns/op
WorkloadActual  11: 517728 op, 251554700.00 ns, 485.8820 ns/op
WorkloadActual  12: 517728 op, 255277800.00 ns, 493.0732 ns/op
WorkloadActual  13: 517728 op, 252395300.00 ns, 487.5056 ns/op
WorkloadActual  14: 517728 op, 253871900.00 ns, 490.3577 ns/op
WorkloadActual  15: 517728 op, 254602200.00 ns, 491.7683 ns/op

WorkloadResult   1: 517728 op, 258542800.00 ns, 499.3796 ns/op
WorkloadResult   2: 517728 op, 260197400.00 ns, 502.5755 ns/op
WorkloadResult   3: 517728 op, 250751700.00 ns, 484.3310 ns/op
WorkloadResult   4: 517728 op, 253842100.00 ns, 490.3001 ns/op
WorkloadResult   5: 517728 op, 253503300.00 ns, 489.6457 ns/op
WorkloadResult   6: 517728 op, 252861300.00 ns, 488.4057 ns/op
WorkloadResult   7: 517728 op, 252107200.00 ns, 486.9491 ns/op
WorkloadResult   8: 517728 op, 262258800.00 ns, 506.5571 ns/op
WorkloadResult   9: 517728 op, 262124100.00 ns, 506.2969 ns/op
WorkloadResult  10: 517728 op, 260136100.00 ns, 502.4571 ns/op
WorkloadResult  11: 517728 op, 250940300.00 ns, 484.6952 ns/op
WorkloadResult  12: 517728 op, 254663400.00 ns, 491.8865 ns/op
WorkloadResult  13: 517728 op, 251780900.00 ns, 486.3189 ns/op
WorkloadResult  14: 517728 op, 253257500.00 ns, 489.1710 ns/op
WorkloadResult  15: 517728 op, 253987800.00 ns, 490.5815 ns/op
// GC:  19 0 0 248514432 517728
// Threading:  0 0 517728


Mean = 493.303 ns, StdErr = 2.033 ns (0.41%), N = 15, StdDev = 7.873 ns
Min = 484.331 ns, Q1 = 487.677 ns, Median = 490.300 ns, Q3 = 500.918 ns, Max = 506.557 ns
IQR = 13.241 ns, LowerFence = 467.816 ns, UpperFence = 520.780 ns
ConfidenceInterval = [484.886 ns; 501.720 ns] (CI 99.9%), Margin = 8.417 ns (1.71% of Mean)
Skewness = 0.56, Kurtosis = 1.6, MValue = 2

// ** Remained 1 (20.0%) benchmark(s) to run. Estimated finish 2026-09-07 15:42 (0h 0m from now) **
Setup power plan (GUID: 8c5e7fda-e8bf-4a96-9a85-a6e23a8c635c FriendlyName: High performance)
// **************************
// Benchmark: RelayMetricsBenchmarks.PublisherControl: Job-DGWMHF(Affinity=00000000000000000100, Toolchain=InProcessEmitToolchain, IterationCount=15, IterationTime=250ms, WarmupCount=5) [Enabled=False]
// *** Execute ***
// Launch: 1 / 1

// Benchmark Process Environment Information:
// BenchmarkDotNet v0.15.8
// Runtime=.NET 10.0.11 (10.0.11, 10.0.1126.37416), X64 RyuJIT x86-64-v3
// GC=Concurrent Workstation
// HardwareIntrinsics=AVX2+BMI1+BMI2+F16C+FMA+LZCNT+MOVBE,AVX,SSE3+SSSE3+SSE4.1+SSE4.2+POPCNT,X86Base+SSE+SSE2,AES+PCLMUL,AvxVnni,SERIALIZE VectorSize=256
// Job: Job-DGWMHF(Affinity=00000000000000000100, Toolchain=InProcessEmitToolchain, IterationCount=15, IterationTime=250ms, WarmupCount=5)

OverheadJitting  1: 1 op, 251100.00 ns, 251.1000 us/op
WorkloadJitting  1: 1 op, 895000.00 ns, 895.0000 us/op

OverheadJitting  2: 16 op, 225700.00 ns, 14.1063 us/op
WorkloadJitting  2: 16 op, 239600.00 ns, 14.9750 us/op

WorkloadPilot    1: 16 op, 1200.00 ns, 75.0000 ns/op
WorkloadPilot    2: 3333344 op, 27050900.00 ns, 8.1152 ns/op
WorkloadPilot    3: 30806224 op, 249593500.00 ns, 8.1020 ns/op
WorkloadPilot    4: 30856400 op, 246419900.00 ns, 7.9860 ns/op
WorkloadPilot    5: 31304704 op, 249011500.00 ns, 7.9544 ns/op
WorkloadPilot    6: 31428976 op, 250049900.00 ns, 7.9560 ns/op
WorkloadPilot    7: 31422704 op, 249339800.00 ns, 7.9350 ns/op
WorkloadPilot    8: 31505920 op, 253429300.00 ns, 8.0439 ns/op
WorkloadPilot    9: 31079600 op, 246586200.00 ns, 7.9340 ns/op
WorkloadPilot   10: 31509888 op, 253748300.00 ns, 8.0530 ns/op

OverheadWarmup   1: 31509888 op, 38632500.00 ns, 1.2260 ns/op
OverheadWarmup   2: 31509888 op, 38583800.00 ns, 1.2245 ns/op
OverheadWarmup   3: 31509888 op, 39217900.00 ns, 1.2446 ns/op
OverheadWarmup   4: 31509888 op, 38945900.00 ns, 1.2360 ns/op
OverheadWarmup   5: 31509888 op, 38564500.00 ns, 1.2239 ns/op
OverheadWarmup   6: 31509888 op, 38455200.00 ns, 1.2204 ns/op
OverheadWarmup   7: 31509888 op, 38626100.00 ns, 1.2258 ns/op
OverheadWarmup   8: 31509888 op, 38242400.00 ns, 1.2137 ns/op

OverheadActual   1: 31509888 op, 38465200.00 ns, 1.2207 ns/op
OverheadActual   2: 31509888 op, 38035100.00 ns, 1.2071 ns/op
OverheadActual   3: 31509888 op, 38936400.00 ns, 1.2357 ns/op
OverheadActual   4: 31509888 op, 38977500.00 ns, 1.2370 ns/op
OverheadActual   5: 31509888 op, 38087300.00 ns, 1.2087 ns/op
OverheadActual   6: 31509888 op, 38080900.00 ns, 1.2085 ns/op
OverheadActual   7: 31509888 op, 38210700.00 ns, 1.2127 ns/op
OverheadActual   8: 31509888 op, 38447400.00 ns, 1.2202 ns/op
OverheadActual   9: 31509888 op, 39164400.00 ns, 1.2429 ns/op
OverheadActual  10: 31509888 op, 38464600.00 ns, 1.2207 ns/op
OverheadActual  11: 31509888 op, 38136000.00 ns, 1.2103 ns/op
OverheadActual  12: 31509888 op, 38232300.00 ns, 1.2133 ns/op
OverheadActual  13: 31509888 op, 38487100.00 ns, 1.2214 ns/op
OverheadActual  14: 31509888 op, 38424000.00 ns, 1.2194 ns/op
OverheadActual  15: 31509888 op, 38476500.00 ns, 1.2211 ns/op

WorkloadWarmup   1: 31509888 op, 251933200.00 ns, 7.9954 ns/op
WorkloadWarmup   2: 31509888 op, 251540900.00 ns, 7.9829 ns/op
WorkloadWarmup   3: 31509888 op, 261318700.00 ns, 8.2932 ns/op
WorkloadWarmup   4: 31509888 op, 252123600.00 ns, 8.0014 ns/op
WorkloadWarmup   5: 31509888 op, 250150200.00 ns, 7.9388 ns/op

WorkloadActual   1: 31509888 op, 250032800.00 ns, 7.9351 ns/op
WorkloadActual   2: 31509888 op, 251702300.00 ns, 7.9880 ns/op
WorkloadActual   3: 31509888 op, 251692500.00 ns, 7.9877 ns/op
WorkloadActual   4: 31509888 op, 250940200.00 ns, 7.9639 ns/op
WorkloadActual   5: 31509888 op, 252313600.00 ns, 8.0074 ns/op
WorkloadActual   6: 31509888 op, 256158300.00 ns, 8.1295 ns/op
WorkloadActual   7: 31509888 op, 255128200.00 ns, 8.0968 ns/op
WorkloadActual   8: 31509888 op, 255596000.00 ns, 8.1116 ns/op
WorkloadActual   9: 31509888 op, 253046200.00 ns, 8.0307 ns/op
WorkloadActual  10: 31509888 op, 250835700.00 ns, 7.9605 ns/op
WorkloadActual  11: 31509888 op, 251815100.00 ns, 7.9916 ns/op
WorkloadActual  12: 31509888 op, 251178900.00 ns, 7.9714 ns/op
WorkloadActual  13: 31509888 op, 250393000.00 ns, 7.9465 ns/op
WorkloadActual  14: 31509888 op, 257044900.00 ns, 8.1576 ns/op
WorkloadActual  15: 31509888 op, 257327800.00 ns, 8.1666 ns/op

WorkloadResult   1: 31509888 op, 211585400.00 ns, 6.7149 ns/op
WorkloadResult   2: 31509888 op, 213254900.00 ns, 6.7679 ns/op
WorkloadResult   3: 31509888 op, 213245100.00 ns, 6.7676 ns/op
WorkloadResult   4: 31509888 op, 212492800.00 ns, 6.7437 ns/op
WorkloadResult   5: 31509888 op, 213866200.00 ns, 6.7873 ns/op
WorkloadResult   6: 31509888 op, 217710900.00 ns, 6.9093 ns/op
WorkloadResult   7: 31509888 op, 216680800.00 ns, 6.8766 ns/op
WorkloadResult   8: 31509888 op, 217148600.00 ns, 6.8914 ns/op
WorkloadResult   9: 31509888 op, 214598800.00 ns, 6.8105 ns/op
WorkloadResult  10: 31509888 op, 212388300.00 ns, 6.7404 ns/op
WorkloadResult  11: 31509888 op, 213367700.00 ns, 6.7715 ns/op
WorkloadResult  12: 31509888 op, 212731500.00 ns, 6.7513 ns/op
WorkloadResult  13: 31509888 op, 211945600.00 ns, 6.7263 ns/op
WorkloadResult  14: 31509888 op, 218597500.00 ns, 6.9374 ns/op
WorkloadResult  15: 31509888 op, 218880400.00 ns, 6.9464 ns/op
// GC:  0 0 0 4992 31509888
// Threading:  0 0 31509888


Mean = 6.809 ns, StdErr = 0.021 ns (0.30%), N = 15, StdDev = 0.080 ns
Min = 6.715 ns, Q1 = 6.747 ns, Median = 6.771 ns, Q3 = 6.884 ns, Max = 6.946 ns
IQR = 0.137 ns, LowerFence = 6.543 ns, UpperFence = 7.089 ns
ConfidenceInterval = [6.724 ns; 6.895 ns] (CI 99.9%), Margin = 0.086 ns (1.26% of Mean)
Skewness = 0.52, Kurtosis = 1.57, MValue = 2

// ** Remained 0 (0.0%) benchmark(s) to run. Estimated finish 2026-09-07 15:42 (0h 0m from now) **
Successfully reverted power plan (GUID: 8c5e7fda-e8bf-4a96-9a85-a6e23a8c635c FriendlyName: High performance)
// ***** BenchmarkRunner: Finish  *****

// * Export *
  A-baseline\results\RelayMetricsBenchmarks-report.csv
  A-baseline\results\RelayMetricsBenchmarks-report-github.md
  A-baseline\results\RelayMetricsBenchmarks-report.html
  A-baseline\results\RelayMetricsBenchmarks-report-full.json

// * Detailed results *
RelayMetricsBenchmarks.SynchronousBatch: Job-DGWMHF(Affinity=00000000000000000100, Toolchain=InProcessEmitToolchain, IterationCount=15, IterationTime=250ms, WarmupCount=5) [Enabled=False]
Runtime = ; GC = 
Mean = 250.476 ns, StdErr = 0.264 ns (0.11%), N = 14, StdDev = 0.989 ns
Min = 249.024 ns, Q1 = 249.870 ns, Median = 250.344 ns, Q3 = 250.894 ns, Max = 252.892 ns
IQR = 1.024 ns, LowerFence = 248.334 ns, UpperFence = 252.431 ns
ConfidenceInterval = [249.361 ns; 251.592 ns] (CI 99.9%), Margin = 1.116 ns (0.45% of Mean)
Skewness = 0.79, Kurtosis = 3.19, MValue = 2
-------------------- Histogram --------------------
[248.485 ns ; 253.431 ns) | @@@@@@@@@@@@@@
---------------------------------------------------

RelayMetricsBenchmarks.PendingBatch: Job-DGWMHF(Affinity=00000000000000000100, Toolchain=InProcessEmitToolchain, IterationCount=15, IterationTime=250ms, WarmupCount=5) [Enabled=False]
Runtime = ; GC = 
Mean = 493.303 ns, StdErr = 2.033 ns (0.41%), N = 15, StdDev = 7.873 ns
Min = 484.331 ns, Q1 = 487.677 ns, Median = 490.300 ns, Q3 = 500.918 ns, Max = 506.557 ns
IQR = 13.241 ns, LowerFence = 467.816 ns, UpperFence = 520.780 ns
ConfidenceInterval = [484.886 ns; 501.720 ns] (CI 99.9%), Margin = 8.417 ns (1.71% of Mean)
Skewness = 0.56, Kurtosis = 1.6, MValue = 2
-------------------- Histogram --------------------
[483.228 ns ; 507.998 ns) | @@@@@@@@@@@@@@@
---------------------------------------------------

RelayMetricsBenchmarks.PublisherControl: Job-DGWMHF(Affinity=00000000000000000100, Toolchain=InProcessEmitToolchain, IterationCount=15, IterationTime=250ms, WarmupCount=5) [Enabled=False]
Runtime = ; GC = 
Mean = 6.809 ns, StdErr = 0.021 ns (0.30%), N = 15, StdDev = 0.080 ns
Min = 6.715 ns, Q1 = 6.747 ns, Median = 6.771 ns, Q3 = 6.884 ns, Max = 6.946 ns
IQR = 0.137 ns, LowerFence = 6.543 ns, UpperFence = 7.089 ns
ConfidenceInterval = [6.724 ns; 6.895 ns] (CI 99.9%), Margin = 0.086 ns (1.26% of Mean)
Skewness = 0.52, Kurtosis = 1.57, MValue = 2
-------------------- Histogram --------------------
[6.684 ns ; 6.981 ns) | @@@@@@@@@@@@@@@
---------------------------------------------------

// * Summary *

BenchmarkDotNet v0.15.8, Windows 11 (10.0.26200.9168/25H2/2025Update/HudsonValley2)
12th Gen Intel Core i7-12700K 3.60GHz, 1 CPU, 20 logical and 12 physical cores
.NET SDK 10.0.400
  [Host] : .NET 10.0.11 (10.0.11, 10.0.1126.37416), X64 RyuJIT x86-64-v3

Affinity=00000000000000000100  Toolchain=InProcessEmitToolchain  IterationCount=15  
IterationTime=250ms  WarmupCount=5  

| Method           | Enabled | Mean       | Error     | StdDev    | Median     | Max        | Gen0   | Allocated |
|----------------- |-------- |-----------:|----------:|----------:|-----------:|-----------:|-------:|----------:|
| SynchronousBatch | False   | 250.476 ns | 1.1155 ns | 0.9889 ns | 250.344 ns | 252.892 ns | 0.0100 |     144 B |
| PendingBatch     | False   | 493.303 ns | 8.4169 ns | 7.8732 ns | 490.300 ns | 506.557 ns | 0.0367 |     480 B |
| PublisherControl | False   |   6.809 ns | 0.0858 ns | 0.0802 ns |   6.771 ns |   6.946 ns |      - |         - |

// * Hints *
Outliers
  RelayMetricsBenchmarks.SynchronousBatch: Affinity=00000000000000000100, Toolchain=InProcessEmitToolchain, IterationCount=15, IterationTime=250ms, WarmupCount=5 -> 1 outlier  was  removed (256.30 ns)

// * Legends *
  Enabled   : Value of the 'Enabled' parameter
  Mean      : Arithmetic mean of all measurements
  Error     : Half of 99.9% confidence interval
  StdDev    : Standard deviation of all measurements
  Median    : Value separating the higher half of all measurements (50th percentile)
  Max       : Maximum
  Gen0      : GC Generation 0 collects per 1000 operations
  Allocated : Allocated memory per single operation (managed only, inclusive, 1KB = 1024B)
  1 ns      : 1 Nanosecond (0.000000001 sec)

// * Diagnostic Output - MemoryDiagnoser *


// ***** BenchmarkRunner: End *****
Run time: 00:00:23 (23.33 sec), executed benchmarks: 3

Global total time: 00:00:40 (40.21 sec), executed benchmarks: 5
// * Artifacts cleanup *
Artifacts cleanup is finished
