// Validating benchmarks:
// ***** BenchmarkRunner: Start   *****
// ***** Found 10 benchmark(s) in total *****
// ***** Building 1 exe(s) in Parallel: Start   *****
// ***** Done, took 00:00:00 (0.06 sec)   *****
// Found 4 benchmarks:
//   ActualPublisherBenchmarks.RelayBatch: Dry(Toolchain=InProcessEmitToolchain, IterationCount=1, LaunchCount=1, RunStrategy=ColdStart, UnrollFactor=1, WarmupCount=1) [Enabled=False]
//   ActualPublisherBenchmarks.PublisherControl: Dry(Toolchain=InProcessEmitToolchain, IterationCount=1, LaunchCount=1, RunStrategy=ColdStart, UnrollFactor=1, WarmupCount=1) [Enabled=False]
//   ActualPublisherBenchmarks.RelayBatch: Dry(Toolchain=InProcessEmitToolchain, IterationCount=1, LaunchCount=1, RunStrategy=ColdStart, UnrollFactor=1, WarmupCount=1) [Enabled=True]
//   ActualPublisherBenchmarks.PublisherControl: Dry(Toolchain=InProcessEmitToolchain, IterationCount=1, LaunchCount=1, RunStrategy=ColdStart, UnrollFactor=1, WarmupCount=1) [Enabled=True]

Setup power plan (GUID: 8c5e7fda-e8bf-4a96-9a85-a6e23a8c635c FriendlyName: High performance)
// **************************
// Benchmark: ActualPublisherBenchmarks.RelayBatch: Dry(Toolchain=InProcessEmitToolchain, IterationCount=1, LaunchCount=1, RunStrategy=ColdStart, UnrollFactor=1, WarmupCount=1) [Enabled=False]
// *** Execute ***
// Launch: 1 / 1

// Benchmark Process Environment Information:
// BenchmarkDotNet v0.15.8
// Runtime=.NET 10.0.11 (10.0.11, 10.0.1126.37416), X64 RyuJIT x86-64-v3
// GC=Concurrent Workstation
// HardwareIntrinsics=AVX2+BMI1+BMI2+F16C+FMA+LZCNT+MOVBE,AVX,SSE3+SSSE3+SSE4.1+SSE4.2+POPCNT,X86Base+SSE+SSE2,AES+PCLMUL,AvxVnni,SERIALIZE VectorSize=256
// Job: Job-ZLOTRF(Toolchain=InProcessEmitToolchain, IterationCount=1, LaunchCount=1, RunStrategy=ColdStart, UnrollFactor=1, WarmupCount=1)

WorkloadActual   1: 1 op, 20575700.00 ns, 20.5757 ms/op

WorkloadResult   1: 1 op, 20575700.00 ns, 20.5757 ms/op
// GC:  0 0 0 368168 1
// Threading:  0 0 1


Mean = 20.576 ms, StdErr = 0.000 ms (0.00%), N = 1, StdDev = 0.000 ms
Min = 20.576 ms, Q1 = 20.576 ms, Median = 20.576 ms, Q3 = 20.576 ms, Max = 20.576 ms
IQR = 0.000 ms, LowerFence = 20.576 ms, UpperFence = 20.576 ms
ConfidenceInterval = [NaN ms; NaN ms] (CI 99.9%), Margin = NaN ms (NaN% of Mean)
Skewness = NaN, Kurtosis = NaN, MValue = 2

// ** Remained 9 (90.0%) benchmark(s) to run. Estimated finish 2026-09-07 15:42 (0h 0m from now) **
Setup power plan (GUID: 8c5e7fda-e8bf-4a96-9a85-a6e23a8c635c FriendlyName: High performance)
// **************************
// Benchmark: ActualPublisherBenchmarks.PublisherControl: Dry(Toolchain=InProcessEmitToolchain, IterationCount=1, LaunchCount=1, RunStrategy=ColdStart, UnrollFactor=1, WarmupCount=1) [Enabled=False]
// *** Execute ***
// Launch: 1 / 1

// Benchmark Process Environment Information:
// BenchmarkDotNet v0.15.8
// Runtime=.NET 10.0.11 (10.0.11, 10.0.1126.37416), X64 RyuJIT x86-64-v3
// GC=Concurrent Workstation
// HardwareIntrinsics=AVX2+BMI1+BMI2+F16C+FMA+LZCNT+MOVBE,AVX,SSE3+SSSE3+SSE4.1+SSE4.2+POPCNT,X86Base+SSE+SSE2,AES+PCLMUL,AvxVnni,SERIALIZE VectorSize=256
// Job: Job-ZLOTRF(Toolchain=InProcessEmitToolchain, IterationCount=1, LaunchCount=1, RunStrategy=ColdStart, UnrollFactor=1, WarmupCount=1)

WorkloadActual   1: 1 op, 934200.00 ns, 934.2000 us/op

WorkloadResult   1: 1 op, 934200.00 ns, 934.2000 us/op
// GC:  0 0 0 370712 1
// Threading:  0 0 1


Mean = 934.200 us, StdErr = 0.000 us (0.00%), N = 1, StdDev = 0.000 us
Min = 934.200 us, Q1 = 934.200 us, Median = 934.200 us, Q3 = 934.200 us, Max = 934.200 us
IQR = 0.000 us, LowerFence = 934.200 us, UpperFence = 934.200 us
ConfidenceInterval = [NaN us; NaN us] (CI 99.9%), Margin = NaN us (NaN% of Mean)
Skewness = NaN, Kurtosis = NaN, MValue = 2

// ** Remained 8 (80.0%) benchmark(s) to run. Estimated finish 2026-09-07 15:42 (0h 0m from now) **
Setup power plan (GUID: 8c5e7fda-e8bf-4a96-9a85-a6e23a8c635c FriendlyName: High performance)
// **************************
// Benchmark: ActualPublisherBenchmarks.RelayBatch: Dry(Toolchain=InProcessEmitToolchain, IterationCount=1, LaunchCount=1, RunStrategy=ColdStart, UnrollFactor=1, WarmupCount=1) [Enabled=True]
// *** Execute ***
// Launch: 1 / 1

// Benchmark Process Environment Information:
// BenchmarkDotNet v0.15.8
// Runtime=.NET 10.0.11 (10.0.11, 10.0.1126.37416), X64 RyuJIT x86-64-v3
// GC=Concurrent Workstation
// HardwareIntrinsics=AVX2+BMI1+BMI2+F16C+FMA+LZCNT+MOVBE,AVX,SSE3+SSSE3+SSE4.1+SSE4.2+POPCNT,X86Base+SSE+SSE2,AES+PCLMUL,AvxVnni,SERIALIZE VectorSize=256
// Job: Job-ZLOTRF(Toolchain=InProcessEmitToolchain, IterationCount=1, LaunchCount=1, RunStrategy=ColdStart, UnrollFactor=1, WarmupCount=1)

WorkloadActual   1: 1 op, 3432700.00 ns, 3.4327 ms/op

WorkloadResult   1: 1 op, 3432700.00 ns, 3.4327 ms/op
// GC:  0 0 0 370808 1
// Threading:  0 0 1


Mean = 3.433 ms, StdErr = 0.000 ms (0.00%), N = 1, StdDev = 0.000 ms
Min = 3.433 ms, Q1 = 3.433 ms, Median = 3.433 ms, Q3 = 3.433 ms, Max = 3.433 ms
IQR = 0.000 ms, LowerFence = 3.433 ms, UpperFence = 3.433 ms
ConfidenceInterval = [NaN ms; NaN ms] (CI 99.9%), Margin = NaN ms (NaN% of Mean)
Skewness = NaN, Kurtosis = NaN, MValue = 2

// ** Remained 7 (70.0%) benchmark(s) to run. Estimated finish 2026-09-07 15:42 (0h 0m from now) **
Setup power plan (GUID: 8c5e7fda-e8bf-4a96-9a85-a6e23a8c635c FriendlyName: High performance)
// **************************
// Benchmark: ActualPublisherBenchmarks.PublisherControl: Dry(Toolchain=InProcessEmitToolchain, IterationCount=1, LaunchCount=1, RunStrategy=ColdStart, UnrollFactor=1, WarmupCount=1) [Enabled=True]
// *** Execute ***
// Launch: 1 / 1

// Benchmark Process Environment Information:
// BenchmarkDotNet v0.15.8
// Runtime=.NET 10.0.11 (10.0.11, 10.0.1126.37416), X64 RyuJIT x86-64-v3
// GC=Concurrent Workstation
// HardwareIntrinsics=AVX2+BMI1+BMI2+F16C+FMA+LZCNT+MOVBE,AVX,SSE3+SSSE3+SSE4.1+SSE4.2+POPCNT,X86Base+SSE+SSE2,AES+PCLMUL,AvxVnni,SERIALIZE VectorSize=256
// Job: Job-ZLOTRF(Toolchain=InProcessEmitToolchain, IterationCount=1, LaunchCount=1, RunStrategy=ColdStart, UnrollFactor=1, WarmupCount=1)

WorkloadActual   1: 1 op, 619900.00 ns, 619.9000 us/op

WorkloadResult   1: 1 op, 619900.00 ns, 619.9000 us/op
// GC:  0 0 0 371000 1
// Threading:  0 0 1


Mean = 619.900 us, StdErr = 0.000 us (0.00%), N = 1, StdDev = 0.000 us
Min = 619.900 us, Q1 = 619.900 us, Median = 619.900 us, Q3 = 619.900 us, Max = 619.900 us
IQR = 0.000 us, LowerFence = 619.900 us, UpperFence = 619.900 us
ConfidenceInterval = [NaN us; NaN us] (CI 99.9%), Margin = NaN us (NaN% of Mean)
Skewness = NaN, Kurtosis = NaN, MValue = 2

// ** Remained 6 (60.0%) benchmark(s) to run. Estimated finish 2026-09-07 15:42 (0h 0m from now) **
Successfully reverted power plan (GUID: 8c5e7fda-e8bf-4a96-9a85-a6e23a8c635c FriendlyName: High performance)
// ***** BenchmarkRunner: Finish  *****

// * Export *
  dry-B-published\results\ActualPublisherBenchmarks-report.csv
  dry-B-published\results\ActualPublisherBenchmarks-report-github.md
  dry-B-published\results\ActualPublisherBenchmarks-report.html

// * Detailed results *
ActualPublisherBenchmarks.RelayBatch: Dry(Toolchain=InProcessEmitToolchain, IterationCount=1, LaunchCount=1, RunStrategy=ColdStart, UnrollFactor=1, WarmupCount=1) [Enabled=False]
Runtime = ; GC = 
Mean = 20.576 ms, StdErr = 0.000 ms (0.00%), N = 1, StdDev = 0.000 ms
Min = 20.576 ms, Q1 = 20.576 ms, Median = 20.576 ms, Q3 = 20.576 ms, Max = 20.576 ms
IQR = 0.000 ms, LowerFence = 20.576 ms, UpperFence = 20.576 ms
ConfidenceInterval = [NaN ms; NaN ms] (CI 99.9%), Margin = NaN ms (NaN% of Mean)
Skewness = NaN, Kurtosis = NaN, MValue = 2
-------------------- Histogram --------------------
[20.576 ms ; 20.576 ms) | @
---------------------------------------------------

ActualPublisherBenchmarks.PublisherControl: Dry(Toolchain=InProcessEmitToolchain, IterationCount=1, LaunchCount=1, RunStrategy=ColdStart, UnrollFactor=1, WarmupCount=1) [Enabled=False]
Runtime = ; GC = 
Mean = 934.200 us, StdErr = 0.000 us (0.00%), N = 1, StdDev = 0.000 us
Min = 934.200 us, Q1 = 934.200 us, Median = 934.200 us, Q3 = 934.200 us, Max = 934.200 us
IQR = 0.000 us, LowerFence = 934.200 us, UpperFence = 934.200 us
ConfidenceInterval = [NaN us; NaN us] (CI 99.9%), Margin = NaN us (NaN% of Mean)
Skewness = NaN, Kurtosis = NaN, MValue = 2
-------------------- Histogram --------------------
[934.199 us ; 934.201 us) | @
---------------------------------------------------

ActualPublisherBenchmarks.RelayBatch: Dry(Toolchain=InProcessEmitToolchain, IterationCount=1, LaunchCount=1, RunStrategy=ColdStart, UnrollFactor=1, WarmupCount=1) [Enabled=True]
Runtime = ; GC = 
Mean = 3.433 ms, StdErr = 0.000 ms (0.00%), N = 1, StdDev = 0.000 ms
Min = 3.433 ms, Q1 = 3.433 ms, Median = 3.433 ms, Q3 = 3.433 ms, Max = 3.433 ms
IQR = 0.000 ms, LowerFence = 3.433 ms, UpperFence = 3.433 ms
ConfidenceInterval = [NaN ms; NaN ms] (CI 99.9%), Margin = NaN ms (NaN% of Mean)
Skewness = NaN, Kurtosis = NaN, MValue = 2
-------------------- Histogram --------------------
[3.433 ms ; 3.433 ms) | @
---------------------------------------------------

ActualPublisherBenchmarks.PublisherControl: Dry(Toolchain=InProcessEmitToolchain, IterationCount=1, LaunchCount=1, RunStrategy=ColdStart, UnrollFactor=1, WarmupCount=1) [Enabled=True]
Runtime = ; GC = 
Mean = 619.900 us, StdErr = 0.000 us (0.00%), N = 1, StdDev = 0.000 us
Min = 619.900 us, Q1 = 619.900 us, Median = 619.900 us, Q3 = 619.900 us, Max = 619.900 us
IQR = 0.000 us, LowerFence = 619.900 us, UpperFence = 619.900 us
ConfidenceInterval = [NaN us; NaN us] (CI 99.9%), Margin = NaN us (NaN% of Mean)
Skewness = NaN, Kurtosis = NaN, MValue = 2
-------------------- Histogram --------------------
[619.899 us ; 619.900 us) | @
---------------------------------------------------

// * Summary *

BenchmarkDotNet v0.15.8, Windows 11 (10.0.26200.9168/25H2/2025Update/HudsonValley2)
12th Gen Intel Core i7-12700K 3.60GHz, 1 CPU, 20 logical and 12 physical cores
.NET SDK 10.0.400
  [Host] : .NET 10.0.11 (10.0.11, 10.0.1126.37416), X64 RyuJIT x86-64-v3

Job=Dry  Toolchain=InProcessEmitToolchain  IterationCount=1  
LaunchCount=1  RunStrategy=ColdStart  UnrollFactor=1  
WarmupCount=1  

| Method           | Enabled | Mean        | Error | Median      | Max         | Allocated |
|----------------- |-------- |------------:|------:|------------:|------------:|----------:|
| RelayBatch       | False   | 20,575.7 us |    NA | 20,575.7 us | 20,575.7 us | 359.54 KB |
| PublisherControl | False   |    934.2 us |    NA |    934.2 us |    934.2 us | 362.02 KB |
| RelayBatch       | True    |  3,432.7 us |    NA |  3,432.7 us |  3,432.7 us | 362.12 KB |
| PublisherControl | True    |    619.9 us |    NA |    619.9 us |    619.9 us |  362.3 KB |

// * Warnings *
MinIterationTime
  ActualPublisherBenchmarks.RelayBatch: Dry       -> The minimum observed iteration time is 20.576ms which is very small. It's recommended to increase it to at least 100ms using more operations.
  ActualPublisherBenchmarks.PublisherControl: Dry -> The minimum observed iteration time is 934.2us which is very small. It's recommended to increase it to at least 100ms using more operations.
  ActualPublisherBenchmarks.RelayBatch: Dry       -> The minimum observed iteration time is 3.433ms which is very small. It's recommended to increase it to at least 100ms using more operations.
  ActualPublisherBenchmarks.PublisherControl: Dry -> The minimum observed iteration time is 619.9us which is very small. It's recommended to increase it to at least 100ms using more operations.

// * Legends *
  Enabled   : Value of the 'Enabled' parameter
  Mean      : Arithmetic mean of all measurements
  Error     : Half of 99.9% confidence interval
  Median    : Value separating the higher half of all measurements (50th percentile)
  Max       : Maximum
  Allocated : Allocated memory per single operation (managed only, inclusive, 1KB = 1024B)
  1 us      : 1 Microsecond (0.000001 sec)

// * Diagnostic Output - MemoryDiagnoser *


// ***** BenchmarkRunner: End *****
Run time: 00:00:00 (0.62 sec), executed benchmarks: 4

// Found 6 benchmarks:
//   RelayMetricsBenchmarks.SynchronousBatch: Dry(Toolchain=InProcessEmitToolchain, IterationCount=1, LaunchCount=1, RunStrategy=ColdStart, UnrollFactor=1, WarmupCount=1) [Enabled=False]
//   RelayMetricsBenchmarks.PendingBatch: Dry(Toolchain=InProcessEmitToolchain, IterationCount=1, LaunchCount=1, RunStrategy=ColdStart, UnrollFactor=1, WarmupCount=1) [Enabled=False]
//   RelayMetricsBenchmarks.PublisherControl: Dry(Toolchain=InProcessEmitToolchain, IterationCount=1, LaunchCount=1, RunStrategy=ColdStart, UnrollFactor=1, WarmupCount=1) [Enabled=False]
//   RelayMetricsBenchmarks.SynchronousBatch: Dry(Toolchain=InProcessEmitToolchain, IterationCount=1, LaunchCount=1, RunStrategy=ColdStart, UnrollFactor=1, WarmupCount=1) [Enabled=True]
//   RelayMetricsBenchmarks.PendingBatch: Dry(Toolchain=InProcessEmitToolchain, IterationCount=1, LaunchCount=1, RunStrategy=ColdStart, UnrollFactor=1, WarmupCount=1) [Enabled=True]
//   RelayMetricsBenchmarks.PublisherControl: Dry(Toolchain=InProcessEmitToolchain, IterationCount=1, LaunchCount=1, RunStrategy=ColdStart, UnrollFactor=1, WarmupCount=1) [Enabled=True]

Setup power plan (GUID: 8c5e7fda-e8bf-4a96-9a85-a6e23a8c635c FriendlyName: High performance)
// **************************
// Benchmark: RelayMetricsBenchmarks.SynchronousBatch: Dry(Toolchain=InProcessEmitToolchain, IterationCount=1, LaunchCount=1, RunStrategy=ColdStart, UnrollFactor=1, WarmupCount=1) [Enabled=False]
// *** Execute ***
// Launch: 1 / 1

// Benchmark Process Environment Information:
// BenchmarkDotNet v0.15.8
// Runtime=.NET 10.0.11 (10.0.11, 10.0.1126.37416), X64 RyuJIT x86-64-v3
// GC=Concurrent Workstation
// HardwareIntrinsics=AVX2+BMI1+BMI2+F16C+FMA+LZCNT+MOVBE,AVX,SSE3+SSSE3+SSE4.1+SSE4.2+POPCNT,X86Base+SSE+SSE2,AES+PCLMUL,AvxVnni,SERIALIZE VectorSize=256
// Job: Job-ZLOTRF(Toolchain=InProcessEmitToolchain, IterationCount=1, LaunchCount=1, RunStrategy=ColdStart, UnrollFactor=1, WarmupCount=1)

WorkloadActual   1: 1 op, 359700.00 ns, 359.7000 us/op

WorkloadResult   1: 1 op, 359700.00 ns, 359.7000 us/op
// GC:  0 0 0 3408 1
// Threading:  0 0 1


Mean = 359.700 us, StdErr = 0.000 us (0.00%), N = 1, StdDev = 0.000 us
Min = 359.700 us, Q1 = 359.700 us, Median = 359.700 us, Q3 = 359.700 us, Max = 359.700 us
IQR = 0.000 us, LowerFence = 359.700 us, UpperFence = 359.700 us
ConfidenceInterval = [NaN us; NaN us] (CI 99.9%), Margin = NaN us (NaN% of Mean)
Skewness = NaN, Kurtosis = NaN, MValue = 2

// ** Remained 5 (50.0%) benchmark(s) to run. Estimated finish 2026-09-07 15:42 (0h 0m from now) **
Setup power plan (GUID: 8c5e7fda-e8bf-4a96-9a85-a6e23a8c635c FriendlyName: High performance)
// **************************
// Benchmark: RelayMetricsBenchmarks.PendingBatch: Dry(Toolchain=InProcessEmitToolchain, IterationCount=1, LaunchCount=1, RunStrategy=ColdStart, UnrollFactor=1, WarmupCount=1) [Enabled=False]
// *** Execute ***
// Launch: 1 / 1

// Benchmark Process Environment Information:
// BenchmarkDotNet v0.15.8
// Runtime=.NET 10.0.11 (10.0.11, 10.0.1126.37416), X64 RyuJIT x86-64-v3
// GC=Concurrent Workstation
// HardwareIntrinsics=AVX2+BMI1+BMI2+F16C+FMA+LZCNT+MOVBE,AVX,SSE3+SSSE3+SSE4.1+SSE4.2+POPCNT,X86Base+SSE+SSE2,AES+PCLMUL,AvxVnni,SERIALIZE VectorSize=256
// Job: Job-ZLOTRF(Toolchain=InProcessEmitToolchain, IterationCount=1, LaunchCount=1, RunStrategy=ColdStart, UnrollFactor=1, WarmupCount=1)

WorkloadActual   1: 1 op, 6045700.00 ns, 6.0457 ms/op

WorkloadResult   1: 1 op, 6045700.00 ns, 6.0457 ms/op
// GC:  0 0 0 4512 1
// Threading:  0 0 1


Mean = 6.046 ms, StdErr = 0.000 ms (0.00%), N = 1, StdDev = 0.000 ms
Min = 6.046 ms, Q1 = 6.046 ms, Median = 6.046 ms, Q3 = 6.046 ms, Max = 6.046 ms
IQR = 0.000 ms, LowerFence = 6.046 ms, UpperFence = 6.046 ms
ConfidenceInterval = [NaN ms; NaN ms] (CI 99.9%), Margin = NaN ms (NaN% of Mean)
Skewness = NaN, Kurtosis = NaN, MValue = 2

// ** Remained 4 (40.0%) benchmark(s) to run. Estimated finish 2026-09-07 15:42 (0h 0m from now) **
Setup power plan (GUID: 8c5e7fda-e8bf-4a96-9a85-a6e23a8c635c FriendlyName: High performance)
// **************************
// Benchmark: RelayMetricsBenchmarks.PublisherControl: Dry(Toolchain=InProcessEmitToolchain, IterationCount=1, LaunchCount=1, RunStrategy=ColdStart, UnrollFactor=1, WarmupCount=1) [Enabled=False]
// *** Execute ***
// Launch: 1 / 1

// Benchmark Process Environment Information:
// BenchmarkDotNet v0.15.8
// Runtime=.NET 10.0.11 (10.0.11, 10.0.1126.37416), X64 RyuJIT x86-64-v3
// GC=Concurrent Workstation
// HardwareIntrinsics=AVX2+BMI1+BMI2+F16C+FMA+LZCNT+MOVBE,AVX,SSE3+SSSE3+SSE4.1+SSE4.2+POPCNT,X86Base+SSE+SSE2,AES+PCLMUL,AvxVnni,SERIALIZE VectorSize=256
// Job: Job-ZLOTRF(Toolchain=InProcessEmitToolchain, IterationCount=1, LaunchCount=1, RunStrategy=ColdStart, UnrollFactor=1, WarmupCount=1)

WorkloadActual   1: 1 op, 752400.00 ns, 752.4000 us/op

WorkloadResult   1: 1 op, 752400.00 ns, 752.4000 us/op
// GC:  0 0 0 0 1
// Threading:  0 0 1


Mean = 752.400 us, StdErr = 0.000 us (0.00%), N = 1, StdDev = 0.000 us
Min = 752.400 us, Q1 = 752.400 us, Median = 752.400 us, Q3 = 752.400 us, Max = 752.400 us
IQR = 0.000 us, LowerFence = 752.400 us, UpperFence = 752.400 us
ConfidenceInterval = [NaN us; NaN us] (CI 99.9%), Margin = NaN us (NaN% of Mean)
Skewness = NaN, Kurtosis = NaN, MValue = 2

// ** Remained 3 (30.0%) benchmark(s) to run. Estimated finish 2026-09-07 15:42 (0h 0m from now) **
Setup power plan (GUID: 8c5e7fda-e8bf-4a96-9a85-a6e23a8c635c FriendlyName: High performance)
// **************************
// Benchmark: RelayMetricsBenchmarks.SynchronousBatch: Dry(Toolchain=InProcessEmitToolchain, IterationCount=1, LaunchCount=1, RunStrategy=ColdStart, UnrollFactor=1, WarmupCount=1) [Enabled=True]
// *** Execute ***
// Launch: 1 / 1

// Benchmark Process Environment Information:
// BenchmarkDotNet v0.15.8
// Runtime=.NET 10.0.11 (10.0.11, 10.0.1126.37416), X64 RyuJIT x86-64-v3
// GC=Concurrent Workstation
// HardwareIntrinsics=AVX2+BMI1+BMI2+F16C+FMA+LZCNT+MOVBE,AVX,SSE3+SSSE3+SSE4.1+SSE4.2+POPCNT,X86Base+SSE+SSE2,AES+PCLMUL,AvxVnni,SERIALIZE VectorSize=256
// Job: Job-ZLOTRF(Toolchain=InProcessEmitToolchain, IterationCount=1, LaunchCount=1, RunStrategy=ColdStart, UnrollFactor=1, WarmupCount=1)

WorkloadActual   1: 1 op, 505600.00 ns, 505.6000 us/op

WorkloadResult   1: 1 op, 505600.00 ns, 505.6000 us/op
// GC:  0 0 0 1104 1
// Threading:  0 0 1


Mean = 505.600 us, StdErr = 0.000 us (0.00%), N = 1, StdDev = 0.000 us
Min = 505.600 us, Q1 = 505.600 us, Median = 505.600 us, Q3 = 505.600 us, Max = 505.600 us
IQR = 0.000 us, LowerFence = 505.600 us, UpperFence = 505.600 us
ConfidenceInterval = [NaN us; NaN us] (CI 99.9%), Margin = NaN us (NaN% of Mean)
Skewness = NaN, Kurtosis = NaN, MValue = 2

// ** Remained 2 (20.0%) benchmark(s) to run. Estimated finish 2026-09-07 15:42 (0h 0m from now) **
Setup power plan (GUID: 8c5e7fda-e8bf-4a96-9a85-a6e23a8c635c FriendlyName: High performance)
// **************************
// Benchmark: RelayMetricsBenchmarks.PendingBatch: Dry(Toolchain=InProcessEmitToolchain, IterationCount=1, LaunchCount=1, RunStrategy=ColdStart, UnrollFactor=1, WarmupCount=1) [Enabled=True]
// *** Execute ***
// Launch: 1 / 1

// Benchmark Process Environment Information:
// BenchmarkDotNet v0.15.8
// Runtime=.NET 10.0.11 (10.0.11, 10.0.1126.37416), X64 RyuJIT x86-64-v3
// GC=Concurrent Workstation
// HardwareIntrinsics=AVX2+BMI1+BMI2+F16C+FMA+LZCNT+MOVBE,AVX,SSE3+SSSE3+SSE4.1+SSE4.2+POPCNT,X86Base+SSE+SSE2,AES+PCLMUL,AvxVnni,SERIALIZE VectorSize=256
// Job: Job-ZLOTRF(Toolchain=InProcessEmitToolchain, IterationCount=1, LaunchCount=1, RunStrategy=ColdStart, UnrollFactor=1, WarmupCount=1)

WorkloadActual   1: 1 op, 4432300.00 ns, 4.4323 ms/op

WorkloadResult   1: 1 op, 4432300.00 ns, 4.4323 ms/op
// GC:  0 0 0 5104 1
// Threading:  0 0 1


Mean = 4.432 ms, StdErr = 0.000 ms (0.00%), N = 1, StdDev = 0.000 ms
Min = 4.432 ms, Q1 = 4.432 ms, Median = 4.432 ms, Q3 = 4.432 ms, Max = 4.432 ms
IQR = 0.000 ms, LowerFence = 4.432 ms, UpperFence = 4.432 ms
ConfidenceInterval = [NaN ms; NaN ms] (CI 99.9%), Margin = NaN ms (NaN% of Mean)
Skewness = NaN, Kurtosis = NaN, MValue = 2

// ** Remained 1 (10.0%) benchmark(s) to run. Estimated finish 2026-09-07 15:42 (0h 0m from now) **
Setup power plan (GUID: 8c5e7fda-e8bf-4a96-9a85-a6e23a8c635c FriendlyName: High performance)
// **************************
// Benchmark: RelayMetricsBenchmarks.PublisherControl: Dry(Toolchain=InProcessEmitToolchain, IterationCount=1, LaunchCount=1, RunStrategy=ColdStart, UnrollFactor=1, WarmupCount=1) [Enabled=True]
// *** Execute ***
// Launch: 1 / 1

// Benchmark Process Environment Information:
// BenchmarkDotNet v0.15.8
// Runtime=.NET 10.0.11 (10.0.11, 10.0.1126.37416), X64 RyuJIT x86-64-v3
// GC=Concurrent Workstation
// HardwareIntrinsics=AVX2+BMI1+BMI2+F16C+FMA+LZCNT+MOVBE,AVX,SSE3+SSSE3+SSE4.1+SSE4.2+POPCNT,X86Base+SSE+SSE2,AES+PCLMUL,AvxVnni,SERIALIZE VectorSize=256
// Job: Job-ZLOTRF(Toolchain=InProcessEmitToolchain, IterationCount=1, LaunchCount=1, RunStrategy=ColdStart, UnrollFactor=1, WarmupCount=1)

WorkloadActual   1: 1 op, 569200.00 ns, 569.2000 us/op

WorkloadResult   1: 1 op, 569200.00 ns, 569.2000 us/op
// GC:  0 0 0 0 1
// Threading:  0 0 1


Mean = 569.200 us, StdErr = 0.000 us (0.00%), N = 1, StdDev = 0.000 us
Min = 569.200 us, Q1 = 569.200 us, Median = 569.200 us, Q3 = 569.200 us, Max = 569.200 us
IQR = 0.000 us, LowerFence = 569.200 us, UpperFence = 569.200 us
ConfidenceInterval = [NaN us; NaN us] (CI 99.9%), Margin = NaN us (NaN% of Mean)
Skewness = NaN, Kurtosis = NaN, MValue = 2

// ** Remained 0 (0.0%) benchmark(s) to run. Estimated finish 2026-09-07 15:42 (0h 0m from now) **
Successfully reverted power plan (GUID: 8c5e7fda-e8bf-4a96-9a85-a6e23a8c635c FriendlyName: High performance)
// ***** BenchmarkRunner: Finish  *****

// * Export *
  dry-B-published\results\RelayMetricsBenchmarks-report.csv
  dry-B-published\results\RelayMetricsBenchmarks-report-github.md
  dry-B-published\results\RelayMetricsBenchmarks-report.html

// * Detailed results *
RelayMetricsBenchmarks.SynchronousBatch: Dry(Toolchain=InProcessEmitToolchain, IterationCount=1, LaunchCount=1, RunStrategy=ColdStart, UnrollFactor=1, WarmupCount=1) [Enabled=False]
Runtime = ; GC = 
Mean = 359.700 us, StdErr = 0.000 us (0.00%), N = 1, StdDev = 0.000 us
Min = 359.700 us, Q1 = 359.700 us, Median = 359.700 us, Q3 = 359.700 us, Max = 359.700 us
IQR = 0.000 us, LowerFence = 359.700 us, UpperFence = 359.700 us
ConfidenceInterval = [NaN us; NaN us] (CI 99.9%), Margin = NaN us (NaN% of Mean)
Skewness = NaN, Kurtosis = NaN, MValue = 2
-------------------- Histogram --------------------
[359.700 us ; 359.700 us) | @
---------------------------------------------------

RelayMetricsBenchmarks.PendingBatch: Dry(Toolchain=InProcessEmitToolchain, IterationCount=1, LaunchCount=1, RunStrategy=ColdStart, UnrollFactor=1, WarmupCount=1) [Enabled=False]
Runtime = ; GC = 
Mean = 6.046 ms, StdErr = 0.000 ms (0.00%), N = 1, StdDev = 0.000 ms
Min = 6.046 ms, Q1 = 6.046 ms, Median = 6.046 ms, Q3 = 6.046 ms, Max = 6.046 ms
IQR = 0.000 ms, LowerFence = 6.046 ms, UpperFence = 6.046 ms
ConfidenceInterval = [NaN ms; NaN ms] (CI 99.9%), Margin = NaN ms (NaN% of Mean)
Skewness = NaN, Kurtosis = NaN, MValue = 2
-------------------- Histogram --------------------
[6.046 ms ; 6.046 ms) | @
---------------------------------------------------

RelayMetricsBenchmarks.PublisherControl: Dry(Toolchain=InProcessEmitToolchain, IterationCount=1, LaunchCount=1, RunStrategy=ColdStart, UnrollFactor=1, WarmupCount=1) [Enabled=False]
Runtime = ; GC = 
Mean = 752.400 us, StdErr = 0.000 us (0.00%), N = 1, StdDev = 0.000 us
Min = 752.400 us, Q1 = 752.400 us, Median = 752.400 us, Q3 = 752.400 us, Max = 752.400 us
IQR = 0.000 us, LowerFence = 752.400 us, UpperFence = 752.400 us
ConfidenceInterval = [NaN us; NaN us] (CI 99.9%), Margin = NaN us (NaN% of Mean)
Skewness = NaN, Kurtosis = NaN, MValue = 2
-------------------- Histogram --------------------
[752.399 us ; 752.400 us) | @
---------------------------------------------------

RelayMetricsBenchmarks.SynchronousBatch: Dry(Toolchain=InProcessEmitToolchain, IterationCount=1, LaunchCount=1, RunStrategy=ColdStart, UnrollFactor=1, WarmupCount=1) [Enabled=True]
Runtime = ; GC = 
Mean = 505.600 us, StdErr = 0.000 us (0.00%), N = 1, StdDev = 0.000 us
Min = 505.600 us, Q1 = 505.600 us, Median = 505.600 us, Q3 = 505.600 us, Max = 505.600 us
IQR = 0.000 us, LowerFence = 505.600 us, UpperFence = 505.600 us
ConfidenceInterval = [NaN us; NaN us] (CI 99.9%), Margin = NaN us (NaN% of Mean)
Skewness = NaN, Kurtosis = NaN, MValue = 2
-------------------- Histogram --------------------
[505.600 us ; 505.601 us) | @
---------------------------------------------------

RelayMetricsBenchmarks.PendingBatch: Dry(Toolchain=InProcessEmitToolchain, IterationCount=1, LaunchCount=1, RunStrategy=ColdStart, UnrollFactor=1, WarmupCount=1) [Enabled=True]
Runtime = ; GC = 
Mean = 4.432 ms, StdErr = 0.000 ms (0.00%), N = 1, StdDev = 0.000 ms
Min = 4.432 ms, Q1 = 4.432 ms, Median = 4.432 ms, Q3 = 4.432 ms, Max = 4.432 ms
IQR = 0.000 ms, LowerFence = 4.432 ms, UpperFence = 4.432 ms
ConfidenceInterval = [NaN ms; NaN ms] (CI 99.9%), Margin = NaN ms (NaN% of Mean)
Skewness = NaN, Kurtosis = NaN, MValue = 2
-------------------- Histogram --------------------
[4.432 ms ; 4.432 ms) | @
---------------------------------------------------

RelayMetricsBenchmarks.PublisherControl: Dry(Toolchain=InProcessEmitToolchain, IterationCount=1, LaunchCount=1, RunStrategy=ColdStart, UnrollFactor=1, WarmupCount=1) [Enabled=True]
Runtime = ; GC = 
Mean = 569.200 us, StdErr = 0.000 us (0.00%), N = 1, StdDev = 0.000 us
Min = 569.200 us, Q1 = 569.200 us, Median = 569.200 us, Q3 = 569.200 us, Max = 569.200 us
IQR = 0.000 us, LowerFence = 569.200 us, UpperFence = 569.200 us
ConfidenceInterval = [NaN us; NaN us] (CI 99.9%), Margin = NaN us (NaN% of Mean)
Skewness = NaN, Kurtosis = NaN, MValue = 2
-------------------- Histogram --------------------
[569.199 us ; 569.201 us) | @
---------------------------------------------------

// * Summary *

BenchmarkDotNet v0.15.8, Windows 11 (10.0.26200.9168/25H2/2025Update/HudsonValley2)
12th Gen Intel Core i7-12700K 3.60GHz, 1 CPU, 20 logical and 12 physical cores
.NET SDK 10.0.400
  [Host] : .NET 10.0.11 (10.0.11, 10.0.1126.37416), X64 RyuJIT x86-64-v3

Job=Dry  Toolchain=InProcessEmitToolchain  IterationCount=1  
LaunchCount=1  RunStrategy=ColdStart  UnrollFactor=1  
WarmupCount=1  

| Method           | Enabled | Mean       | Error | Median     | Max        | Allocated |
|----------------- |-------- |-----------:|------:|-----------:|-----------:|----------:|
| SynchronousBatch | False   |   359.7 us |    NA |   359.7 us |   359.7 us |    3408 B |
| PendingBatch     | False   | 6,045.7 us |    NA | 6,045.7 us | 6,045.7 us |    4512 B |
| PublisherControl | False   |   752.4 us |    NA |   752.4 us |   752.4 us |         - |
| SynchronousBatch | True    |   505.6 us |    NA |   505.6 us |   505.6 us |    1104 B |
| PendingBatch     | True    | 4,432.3 us |    NA | 4,432.3 us | 4,432.3 us |    5104 B |
| PublisherControl | True    |   569.2 us |    NA |   569.2 us |   569.2 us |         - |

// * Warnings *
MinIterationTime
  RelayMetricsBenchmarks.SynchronousBatch: Dry -> The minimum observed iteration time is 359.7us which is very small. It's recommended to increase it to at least 100ms using more operations.
  RelayMetricsBenchmarks.PendingBatch: Dry     -> The minimum observed iteration time is 6.046ms which is very small. It's recommended to increase it to at least 100ms using more operations.
  RelayMetricsBenchmarks.PublisherControl: Dry -> The minimum observed iteration time is 752.4us which is very small. It's recommended to increase it to at least 100ms using more operations.
  RelayMetricsBenchmarks.SynchronousBatch: Dry -> The minimum observed iteration time is 505.6us which is very small. It's recommended to increase it to at least 100ms using more operations.
  RelayMetricsBenchmarks.PendingBatch: Dry     -> The minimum observed iteration time is 4.432ms which is very small. It's recommended to increase it to at least 100ms using more operations.
  RelayMetricsBenchmarks.PublisherControl: Dry -> The minimum observed iteration time is 569.2us which is very small. It's recommended to increase it to at least 100ms using more operations.

// * Legends *
  Enabled   : Value of the 'Enabled' parameter
  Mean      : Arithmetic mean of all measurements
  Error     : Half of 99.9% confidence interval
  Median    : Value separating the higher half of all measurements (50th percentile)
  Max       : Maximum
  Allocated : Allocated memory per single operation (managed only, inclusive, 1KB = 1024B)
  1 us      : 1 Microsecond (0.000001 sec)

// * Diagnostic Output - MemoryDiagnoser *


// ***** BenchmarkRunner: End *****
Run time: 00:00:00 (0.67 sec), executed benchmarks: 6

Global total time: 00:00:01 (1.9 sec), executed benchmarks: 10
// * Artifacts cleanup *
Artifacts cleanup is finished
