// Validating benchmarks:
// ***** BenchmarkRunner: Start   *****
// ***** Found 5 benchmark(s) in total *****
// ***** Building 1 exe(s) in Parallel: Start   *****
// ***** Done, took 00:00:00 (0.06 sec)   *****
// Found 2 benchmarks:
//   ActualPublisherBenchmarks.RelayBatch: Dry(Toolchain=InProcessEmitToolchain, IterationCount=1, LaunchCount=1, RunStrategy=ColdStart, UnrollFactor=1, WarmupCount=1) [Enabled=False]
//   ActualPublisherBenchmarks.PublisherControl: Dry(Toolchain=InProcessEmitToolchain, IterationCount=1, LaunchCount=1, RunStrategy=ColdStart, UnrollFactor=1, WarmupCount=1) [Enabled=False]

Setup power plan (GUID: 8c5e7fda-e8bf-4a96-9a85-a6e23a8c635c FriendlyName: High performance)
// **************************
// Benchmark: ActualPublisherBenchmarks.RelayBatch: Dry(Toolchain=InProcessEmitToolchain, IterationCount=1, LaunchCount=1, RunStrategy=ColdStart, UnrollFactor=1, WarmupCount=1) [Enabled=False]
// *** Execute ***
// Launch: 1 / 1

// Benchmark Process Environment Information:
// BenchmarkDotNet v0.15.8
// Runtime=.NET 10.0.11 (10.0.11, 10.0.1126.37416), X64 RyuJIT x86-64-v3
// GC=Concurrent Workstation
// HardwareIntrinsics=AVX2+BMI1+BMI2+F16C+FMA+LZCNT+MOVBE,AVX,SSE3+SSSE3+SSE4.1+SSE4.2+POPCNT,X86Base+SSE+SSE2,AES+PCLMUL,AvxVnni,SERIALIZE VectorSize=256
// Job: Job-ZLOTRF(Toolchain=InProcessEmitToolchain, IterationCount=1, LaunchCount=1, RunStrategy=ColdStart, UnrollFactor=1, WarmupCount=1)

WorkloadActual   1: 1 op, 20300600.00 ns, 20.3006 ms/op

WorkloadResult   1: 1 op, 20300600.00 ns, 20.3006 ms/op
// GC:  0 0 0 368168 1
// Threading:  0 0 1


Mean = 20.301 ms, StdErr = 0.000 ms (0.00%), N = 1, StdDev = 0.000 ms
Min = 20.301 ms, Q1 = 20.301 ms, Median = 20.301 ms, Q3 = 20.301 ms, Max = 20.301 ms
IQR = 0.000 ms, LowerFence = 20.301 ms, UpperFence = 20.301 ms
ConfidenceInterval = [NaN ms; NaN ms] (CI 99.9%), Margin = NaN ms (NaN% of Mean)
Skewness = NaN, Kurtosis = NaN, MValue = 2

// ** Remained 4 (80.0%) benchmark(s) to run. Estimated finish 2026-09-07 15:46 (0h 0m from now) **
Setup power plan (GUID: 8c5e7fda-e8bf-4a96-9a85-a6e23a8c635c FriendlyName: High performance)
// **************************
// Benchmark: ActualPublisherBenchmarks.PublisherControl: Dry(Toolchain=InProcessEmitToolchain, IterationCount=1, LaunchCount=1, RunStrategy=ColdStart, UnrollFactor=1, WarmupCount=1) [Enabled=False]
// *** Execute ***
// Launch: 1 / 1

// Benchmark Process Environment Information:
// BenchmarkDotNet v0.15.8
// Runtime=.NET 10.0.11 (10.0.11, 10.0.1126.37416), X64 RyuJIT x86-64-v3
// GC=Concurrent Workstation
// HardwareIntrinsics=AVX2+BMI1+BMI2+F16C+FMA+LZCNT+MOVBE,AVX,SSE3+SSSE3+SSE4.1+SSE4.2+POPCNT,X86Base+SSE+SSE2,AES+PCLMUL,AvxVnni,SERIALIZE VectorSize=256
// Job: Job-ZLOTRF(Toolchain=InProcessEmitToolchain, IterationCount=1, LaunchCount=1, RunStrategy=ColdStart, UnrollFactor=1, WarmupCount=1)

WorkloadActual   1: 1 op, 885200.00 ns, 885.2000 us/op

WorkloadResult   1: 1 op, 885200.00 ns, 885.2000 us/op
// GC:  0 0 0 370376 1
// Threading:  0 0 1


Mean = 885.200 us, StdErr = 0.000 us (0.00%), N = 1, StdDev = 0.000 us
Min = 885.200 us, Q1 = 885.200 us, Median = 885.200 us, Q3 = 885.200 us, Max = 885.200 us
IQR = 0.000 us, LowerFence = 885.200 us, UpperFence = 885.200 us
ConfidenceInterval = [NaN us; NaN us] (CI 99.9%), Margin = NaN us (NaN% of Mean)
Skewness = NaN, Kurtosis = NaN, MValue = 2

// ** Remained 3 (60.0%) benchmark(s) to run. Estimated finish 2026-09-07 15:46 (0h 0m from now) **
Successfully reverted power plan (GUID: 8c5e7fda-e8bf-4a96-9a85-a6e23a8c635c FriendlyName: High performance)
// ***** BenchmarkRunner: Finish  *****

// * Export *
  dry-E-baseline\results\ActualPublisherBenchmarks-report.csv
  dry-E-baseline\results\ActualPublisherBenchmarks-report-github.md
  dry-E-baseline\results\ActualPublisherBenchmarks-report.html

// * Detailed results *
ActualPublisherBenchmarks.RelayBatch: Dry(Toolchain=InProcessEmitToolchain, IterationCount=1, LaunchCount=1, RunStrategy=ColdStart, UnrollFactor=1, WarmupCount=1) [Enabled=False]
Runtime = ; GC = 
Mean = 20.301 ms, StdErr = 0.000 ms (0.00%), N = 1, StdDev = 0.000 ms
Min = 20.301 ms, Q1 = 20.301 ms, Median = 20.301 ms, Q3 = 20.301 ms, Max = 20.301 ms
IQR = 0.000 ms, LowerFence = 20.301 ms, UpperFence = 20.301 ms
ConfidenceInterval = [NaN ms; NaN ms] (CI 99.9%), Margin = NaN ms (NaN% of Mean)
Skewness = NaN, Kurtosis = NaN, MValue = 2
-------------------- Histogram --------------------
[20.301 ms ; 20.301 ms) | @
---------------------------------------------------

ActualPublisherBenchmarks.PublisherControl: Dry(Toolchain=InProcessEmitToolchain, IterationCount=1, LaunchCount=1, RunStrategy=ColdStart, UnrollFactor=1, WarmupCount=1) [Enabled=False]
Runtime = ; GC = 
Mean = 885.200 us, StdErr = 0.000 us (0.00%), N = 1, StdDev = 0.000 us
Min = 885.200 us, Q1 = 885.200 us, Median = 885.200 us, Q3 = 885.200 us, Max = 885.200 us
IQR = 0.000 us, LowerFence = 885.200 us, UpperFence = 885.200 us
ConfidenceInterval = [NaN us; NaN us] (CI 99.9%), Margin = NaN us (NaN% of Mean)
Skewness = NaN, Kurtosis = NaN, MValue = 2
-------------------- Histogram --------------------
[885.199 us ; 885.201 us) | @
---------------------------------------------------

// * Summary *

BenchmarkDotNet v0.15.8, Windows 11 (10.0.26200.9168/25H2/2025Update/HudsonValley2)
12th Gen Intel Core i7-12700K 3.60GHz, 1 CPU, 20 logical and 12 physical cores
.NET SDK 10.0.400
  [Host] : .NET 10.0.11 (10.0.11, 10.0.1126.37416), X64 RyuJIT x86-64-v3

Job=Dry  Toolchain=InProcessEmitToolchain  IterationCount=1  
LaunchCount=1  RunStrategy=ColdStart  UnrollFactor=1  
WarmupCount=1  

| Method           | Enabled | Mean        | Error | Median      | Max         | Allocated |
|----------------- |-------- |------------:|------:|------------:|------------:|----------:|
| RelayBatch       | False   | 20,300.6 us |    NA | 20,300.6 us | 20,300.6 us | 359.54 KB |
| PublisherControl | False   |    885.2 us |    NA |    885.2 us |    885.2 us |  361.7 KB |

// * Warnings *
MinIterationTime
  ActualPublisherBenchmarks.RelayBatch: Dry       -> The minimum observed iteration time is 20.301ms which is very small. It's recommended to increase it to at least 100ms using more operations.
  ActualPublisherBenchmarks.PublisherControl: Dry -> The minimum observed iteration time is 885.2us which is very small. It's recommended to increase it to at least 100ms using more operations.

// * Legends *
  Enabled   : Value of the 'Enabled' parameter
  Mean      : Arithmetic mean of all measurements
  Error     : Half of 99.9% confidence interval
  Median    : Value separating the higher half of all measurements (50th percentile)
  Max       : Maximum
  Allocated : Allocated memory per single operation (managed only, inclusive, 1KB = 1024B)
  1 us      : 1 Microsecond (0.000001 sec)

// * Diagnostic Output - MemoryDiagnoser *


// ***** BenchmarkRunner: End *****
Run time: 00:00:00 (0.45 sec), executed benchmarks: 2

// Found 3 benchmarks:
//   RelayMetricsBenchmarks.SynchronousBatch: Dry(Toolchain=InProcessEmitToolchain, IterationCount=1, LaunchCount=1, RunStrategy=ColdStart, UnrollFactor=1, WarmupCount=1) [Enabled=False]
//   RelayMetricsBenchmarks.PendingBatch: Dry(Toolchain=InProcessEmitToolchain, IterationCount=1, LaunchCount=1, RunStrategy=ColdStart, UnrollFactor=1, WarmupCount=1) [Enabled=False]
//   RelayMetricsBenchmarks.PublisherControl: Dry(Toolchain=InProcessEmitToolchain, IterationCount=1, LaunchCount=1, RunStrategy=ColdStart, UnrollFactor=1, WarmupCount=1) [Enabled=False]

Setup power plan (GUID: 8c5e7fda-e8bf-4a96-9a85-a6e23a8c635c FriendlyName: High performance)
// **************************
// Benchmark: RelayMetricsBenchmarks.SynchronousBatch: Dry(Toolchain=InProcessEmitToolchain, IterationCount=1, LaunchCount=1, RunStrategy=ColdStart, UnrollFactor=1, WarmupCount=1) [Enabled=False]
// *** Execute ***
// Launch: 1 / 1

// Benchmark Process Environment Information:
// BenchmarkDotNet v0.15.8
// Runtime=.NET 10.0.11 (10.0.11, 10.0.1126.37416), X64 RyuJIT x86-64-v3
// GC=Concurrent Workstation
// HardwareIntrinsics=AVX2+BMI1+BMI2+F16C+FMA+LZCNT+MOVBE,AVX,SSE3+SSSE3+SSE4.1+SSE4.2+POPCNT,X86Base+SSE+SSE2,AES+PCLMUL,AvxVnni,SERIALIZE VectorSize=256
// Job: Job-ZLOTRF(Toolchain=InProcessEmitToolchain, IterationCount=1, LaunchCount=1, RunStrategy=ColdStart, UnrollFactor=1, WarmupCount=1)

WorkloadActual   1: 1 op, 373100.00 ns, 373.1000 us/op

WorkloadResult   1: 1 op, 373100.00 ns, 373.1000 us/op
// GC:  0 0 0 3792 1
// Threading:  0 0 1


Mean = 373.100 us, StdErr = 0.000 us (0.00%), N = 1, StdDev = 0.000 us
Min = 373.100 us, Q1 = 373.100 us, Median = 373.100 us, Q3 = 373.100 us, Max = 373.100 us
IQR = 0.000 us, LowerFence = 373.100 us, UpperFence = 373.100 us
ConfidenceInterval = [NaN us; NaN us] (CI 99.9%), Margin = NaN us (NaN% of Mean)
Skewness = NaN, Kurtosis = NaN, MValue = 2

// ** Remained 2 (40.0%) benchmark(s) to run. Estimated finish 2026-09-07 15:46 (0h 0m from now) **
Setup power plan (GUID: 8c5e7fda-e8bf-4a96-9a85-a6e23a8c635c FriendlyName: High performance)
// **************************
// Benchmark: RelayMetricsBenchmarks.PendingBatch: Dry(Toolchain=InProcessEmitToolchain, IterationCount=1, LaunchCount=1, RunStrategy=ColdStart, UnrollFactor=1, WarmupCount=1) [Enabled=False]
// *** Execute ***
// Launch: 1 / 1

// Benchmark Process Environment Information:
// BenchmarkDotNet v0.15.8
// Runtime=.NET 10.0.11 (10.0.11, 10.0.1126.37416), X64 RyuJIT x86-64-v3
// GC=Concurrent Workstation
// HardwareIntrinsics=AVX2+BMI1+BMI2+F16C+FMA+LZCNT+MOVBE,AVX,SSE3+SSSE3+SSE4.1+SSE4.2+POPCNT,X86Base+SSE+SSE2,AES+PCLMUL,AvxVnni,SERIALIZE VectorSize=256
// Job: Job-ZLOTRF(Toolchain=InProcessEmitToolchain, IterationCount=1, LaunchCount=1, RunStrategy=ColdStart, UnrollFactor=1, WarmupCount=1)

WorkloadActual   1: 1 op, 6097800.00 ns, 6.0978 ms/op

WorkloadResult   1: 1 op, 6097800.00 ns, 6.0978 ms/op
// GC:  0 0 0 4176 1
// Threading:  0 0 1


Mean = 6.098 ms, StdErr = 0.000 ms (0.00%), N = 1, StdDev = 0.000 ms
Min = 6.098 ms, Q1 = 6.098 ms, Median = 6.098 ms, Q3 = 6.098 ms, Max = 6.098 ms
IQR = 0.000 ms, LowerFence = 6.098 ms, UpperFence = 6.098 ms
ConfidenceInterval = [NaN ms; NaN ms] (CI 99.9%), Margin = NaN ms (NaN% of Mean)
Skewness = NaN, Kurtosis = NaN, MValue = 2

// ** Remained 1 (20.0%) benchmark(s) to run. Estimated finish 2026-09-07 15:46 (0h 0m from now) **
Setup power plan (GUID: 8c5e7fda-e8bf-4a96-9a85-a6e23a8c635c FriendlyName: High performance)
// **************************
// Benchmark: RelayMetricsBenchmarks.PublisherControl: Dry(Toolchain=InProcessEmitToolchain, IterationCount=1, LaunchCount=1, RunStrategy=ColdStart, UnrollFactor=1, WarmupCount=1) [Enabled=False]
// *** Execute ***
// Launch: 1 / 1

// Benchmark Process Environment Information:
// BenchmarkDotNet v0.15.8
// Runtime=.NET 10.0.11 (10.0.11, 10.0.1126.37416), X64 RyuJIT x86-64-v3
// GC=Concurrent Workstation
// HardwareIntrinsics=AVX2+BMI1+BMI2+F16C+FMA+LZCNT+MOVBE,AVX,SSE3+SSSE3+SSE4.1+SSE4.2+POPCNT,X86Base+SSE+SSE2,AES+PCLMUL,AvxVnni,SERIALIZE VectorSize=256
// Job: Job-ZLOTRF(Toolchain=InProcessEmitToolchain, IterationCount=1, LaunchCount=1, RunStrategy=ColdStart, UnrollFactor=1, WarmupCount=1)

WorkloadActual   1: 1 op, 747600.00 ns, 747.6000 us/op

WorkloadResult   1: 1 op, 747600.00 ns, 747.6000 us/op
// GC:  0 0 0 0 1
// Threading:  0 0 1


Mean = 747.600 us, StdErr = 0.000 us (0.00%), N = 1, StdDev = 0.000 us
Min = 747.600 us, Q1 = 747.600 us, Median = 747.600 us, Q3 = 747.600 us, Max = 747.600 us
IQR = 0.000 us, LowerFence = 747.600 us, UpperFence = 747.600 us
ConfidenceInterval = [NaN us; NaN us] (CI 99.9%), Margin = NaN us (NaN% of Mean)
Skewness = NaN, Kurtosis = NaN, MValue = 2

// ** Remained 0 (0.0%) benchmark(s) to run. Estimated finish 2026-09-07 15:46 (0h 0m from now) **
Successfully reverted power plan (GUID: 8c5e7fda-e8bf-4a96-9a85-a6e23a8c635c FriendlyName: High performance)
// ***** BenchmarkRunner: Finish  *****

// * Export *
  dry-E-baseline\results\RelayMetricsBenchmarks-report.csv
  dry-E-baseline\results\RelayMetricsBenchmarks-report-github.md
  dry-E-baseline\results\RelayMetricsBenchmarks-report.html

// * Detailed results *
RelayMetricsBenchmarks.SynchronousBatch: Dry(Toolchain=InProcessEmitToolchain, IterationCount=1, LaunchCount=1, RunStrategy=ColdStart, UnrollFactor=1, WarmupCount=1) [Enabled=False]
Runtime = ; GC = 
Mean = 373.100 us, StdErr = 0.000 us (0.00%), N = 1, StdDev = 0.000 us
Min = 373.100 us, Q1 = 373.100 us, Median = 373.100 us, Q3 = 373.100 us, Max = 373.100 us
IQR = 0.000 us, LowerFence = 373.100 us, UpperFence = 373.100 us
ConfidenceInterval = [NaN us; NaN us] (CI 99.9%), Margin = NaN us (NaN% of Mean)
Skewness = NaN, Kurtosis = NaN, MValue = 2
-------------------- Histogram --------------------
[373.099 us ; 373.101 us) | @
---------------------------------------------------

RelayMetricsBenchmarks.PendingBatch: Dry(Toolchain=InProcessEmitToolchain, IterationCount=1, LaunchCount=1, RunStrategy=ColdStart, UnrollFactor=1, WarmupCount=1) [Enabled=False]
Runtime = ; GC = 
Mean = 6.098 ms, StdErr = 0.000 ms (0.00%), N = 1, StdDev = 0.000 ms
Min = 6.098 ms, Q1 = 6.098 ms, Median = 6.098 ms, Q3 = 6.098 ms, Max = 6.098 ms
IQR = 0.000 ms, LowerFence = 6.098 ms, UpperFence = 6.098 ms
ConfidenceInterval = [NaN ms; NaN ms] (CI 99.9%), Margin = NaN ms (NaN% of Mean)
Skewness = NaN, Kurtosis = NaN, MValue = 2
-------------------- Histogram --------------------
[6.098 ms ; 6.098 ms) | @
---------------------------------------------------

RelayMetricsBenchmarks.PublisherControl: Dry(Toolchain=InProcessEmitToolchain, IterationCount=1, LaunchCount=1, RunStrategy=ColdStart, UnrollFactor=1, WarmupCount=1) [Enabled=False]
Runtime = ; GC = 
Mean = 747.600 us, StdErr = 0.000 us (0.00%), N = 1, StdDev = 0.000 us
Min = 747.600 us, Q1 = 747.600 us, Median = 747.600 us, Q3 = 747.600 us, Max = 747.600 us
IQR = 0.000 us, LowerFence = 747.600 us, UpperFence = 747.600 us
ConfidenceInterval = [NaN us; NaN us] (CI 99.9%), Margin = NaN us (NaN% of Mean)
Skewness = NaN, Kurtosis = NaN, MValue = 2
-------------------- Histogram --------------------
[747.600 us ; 747.601 us) | @
---------------------------------------------------

// * Summary *

BenchmarkDotNet v0.15.8, Windows 11 (10.0.26200.9168/25H2/2025Update/HudsonValley2)
12th Gen Intel Core i7-12700K 3.60GHz, 1 CPU, 20 logical and 12 physical cores
.NET SDK 10.0.400
  [Host] : .NET 10.0.11 (10.0.11, 10.0.1126.37416), X64 RyuJIT x86-64-v3

Job=Dry  Toolchain=InProcessEmitToolchain  IterationCount=1  
LaunchCount=1  RunStrategy=ColdStart  UnrollFactor=1  
WarmupCount=1  

| Method           | Enabled | Mean       | Error | Median     | Max        | Allocated |
|----------------- |-------- |-----------:|------:|-----------:|-----------:|----------:|
| SynchronousBatch | False   |   373.1 us |    NA |   373.1 us |   373.1 us |    3792 B |
| PendingBatch     | False   | 6,097.8 us |    NA | 6,097.8 us | 6,097.8 us |    4176 B |
| PublisherControl | False   |   747.6 us |    NA |   747.6 us |   747.6 us |         - |

// * Warnings *
MinIterationTime
  RelayMetricsBenchmarks.SynchronousBatch: Dry -> The minimum observed iteration time is 373.1us which is very small. It's recommended to increase it to at least 100ms using more operations.
  RelayMetricsBenchmarks.PendingBatch: Dry     -> The minimum observed iteration time is 6.098ms which is very small. It's recommended to increase it to at least 100ms using more operations.
  RelayMetricsBenchmarks.PublisherControl: Dry -> The minimum observed iteration time is 747.6us which is very small. It's recommended to increase it to at least 100ms using more operations.

// * Legends *
  Enabled   : Value of the 'Enabled' parameter
  Mean      : Arithmetic mean of all measurements
  Error     : Half of 99.9% confidence interval
  Median    : Value separating the higher half of all measurements (50th percentile)
  Max       : Maximum
  Allocated : Allocated memory per single operation (managed only, inclusive, 1KB = 1024B)
  1 us      : 1 Microsecond (0.000001 sec)

// * Diagnostic Output - MemoryDiagnoser *


// ***** BenchmarkRunner: End *****
Run time: 00:00:00 (0.37 sec), executed benchmarks: 3

Global total time: 00:00:01 (1.46 sec), executed benchmarks: 5
// * Artifacts cleanup *
Artifacts cleanup is finished
