// Validating benchmarks:
// ***** BenchmarkRunner: Start   *****
// ***** Found 10 benchmark(s) in total *****
// ***** Building 1 exe(s) in Parallel: Start   *****
// ***** Done, took 00:00:00 (0.1 sec)   *****
// Found 4 benchmarks:
//   ActualPublisherBenchmarks.RelayBatch: DryA(OutlierMode=DontRemove, Toolchain=InProcessEmitToolchain, IterationCount=1, LaunchCount=1, RunStrategy=ColdStart, UnrollFactor=1, WarmupCount=1) [Enabled=False]
//   ActualPublisherBenchmarks.PublisherControl: DryA(OutlierMode=DontRemove, Toolchain=InProcessEmitToolchain, IterationCount=1, LaunchCount=1, RunStrategy=ColdStart, UnrollFactor=1, WarmupCount=1) [Enabled=False]
//   ActualPublisherBenchmarks.RelayBatch: DryA(OutlierMode=DontRemove, Toolchain=InProcessEmitToolchain, IterationCount=1, LaunchCount=1, RunStrategy=ColdStart, UnrollFactor=1, WarmupCount=1) [Enabled=True]
//   ActualPublisherBenchmarks.PublisherControl: DryA(OutlierMode=DontRemove, Toolchain=InProcessEmitToolchain, IterationCount=1, LaunchCount=1, RunStrategy=ColdStart, UnrollFactor=1, WarmupCount=1) [Enabled=True]

// **************************
// Benchmark: ActualPublisherBenchmarks.RelayBatch: DryA(OutlierMode=DontRemove, Toolchain=InProcessEmitToolchain, IterationCount=1, LaunchCount=1, RunStrategy=ColdStart, UnrollFactor=1, WarmupCount=1) [Enabled=False]
// *** Execute ***
// Launch: 1 / 1
// ! Failed to set up priority High for process System.Diagnostics.Process (dotnet). Make sure you have the right permissions. Message: Permission denied

// Benchmark Process Environment Information:
// BenchmarkDotNet v0.15.8
// Runtime=.NET 10.0.11 (10.0.11, 10.0.1126.37416), X64 RyuJIT x86-64-v3
// GC=Concurrent Workstation
// HardwareIntrinsics=AVX2+BMI1+BMI2+F16C+FMA+LZCNT+MOVBE,AVX,SSE3+SSSE3+SSE4.1+SSE4.2+POPCNT,X86Base+SSE+SSE2,AES+PCLMUL VectorSize=256
// Job: Job-XVLBGX(OutlierMode=DontRemove, Toolchain=InProcessEmitToolchain, IterationCount=1, LaunchCount=1, RunStrategy=ColdStart, UnrollFactor=1, WarmupCount=1)

WorkloadActual   1: 1 op, 30229001.00 ns, 30.2290 ms/op

WorkloadResult   1: 1 op, 30229001.00 ns, 30.2290 ms/op
// GC:  0 0 0 368168 1
// Threading:  0 0 1


Mean = 30.229 ms, StdErr = 0.000 ms (0.00%), N = 1, StdDev = 0.000 ms
Min = 30.229 ms, Q1 = 30.229 ms, Median = 30.229 ms, Q3 = 30.229 ms, Max = 30.229 ms
IQR = 0.000 ms, LowerFence = 30.229 ms, UpperFence = 30.229 ms
ConfidenceInterval = [NaN ms; NaN ms] (CI 99.9%), Margin = NaN ms (NaN% of Mean)
Skewness = NaN, Kurtosis = NaN, MValue = 2

// ** Remained 9 (90.0 %) benchmark(s) to run. Estimated finish 2026-09-07 17:10 (0h 0m from now) **
// **************************
// Benchmark: ActualPublisherBenchmarks.PublisherControl: DryA(OutlierMode=DontRemove, Toolchain=InProcessEmitToolchain, IterationCount=1, LaunchCount=1, RunStrategy=ColdStart, UnrollFactor=1, WarmupCount=1) [Enabled=False]
// *** Execute ***
// Launch: 1 / 1
// ! Failed to set up priority High for process System.Diagnostics.Process (dotnet). Make sure you have the right permissions. Message: Permission denied

// Benchmark Process Environment Information:
// BenchmarkDotNet v0.15.8
// Runtime=.NET 10.0.11 (10.0.11, 10.0.1126.37416), X64 RyuJIT x86-64-v3
// GC=Concurrent Workstation
// HardwareIntrinsics=AVX2+BMI1+BMI2+F16C+FMA+LZCNT+MOVBE,AVX,SSE3+SSSE3+SSE4.1+SSE4.2+POPCNT,X86Base+SSE+SSE2,AES+PCLMUL VectorSize=256
// Job: Job-XVLBGX(OutlierMode=DontRemove, Toolchain=InProcessEmitToolchain, IterationCount=1, LaunchCount=1, RunStrategy=ColdStart, UnrollFactor=1, WarmupCount=1)

WorkloadActual   1: 1 op, 1247631.00 ns, 1.2476 ms/op

WorkloadResult   1: 1 op, 1247631.00 ns, 1.2476 ms/op
// GC:  0 0 0 368024 1
// Threading:  0 0 1


Mean = 1.248 ms, StdErr = 0.000 ms (0.00%), N = 1, StdDev = 0.000 ms
Min = 1.248 ms, Q1 = 1.248 ms, Median = 1.248 ms, Q3 = 1.248 ms, Max = 1.248 ms
IQR = 0.000 ms, LowerFence = 1.248 ms, UpperFence = 1.248 ms
ConfidenceInterval = [NaN ms; NaN ms] (CI 99.9%), Margin = NaN ms (NaN% of Mean)
Skewness = NaN, Kurtosis = NaN, MValue = 2

// ** Remained 8 (80.0 %) benchmark(s) to run. Estimated finish 2026-09-07 17:10 (0h 0m from now) **
// **************************
// Benchmark: ActualPublisherBenchmarks.RelayBatch: DryA(OutlierMode=DontRemove, Toolchain=InProcessEmitToolchain, IterationCount=1, LaunchCount=1, RunStrategy=ColdStart, UnrollFactor=1, WarmupCount=1) [Enabled=True]
// *** Execute ***
// Launch: 1 / 1
// ! Failed to set up priority High for process System.Diagnostics.Process (dotnet). Make sure you have the right permissions. Message: Permission denied

// Benchmark Process Environment Information:
// BenchmarkDotNet v0.15.8
// Runtime=.NET 10.0.11 (10.0.11, 10.0.1126.37416), X64 RyuJIT x86-64-v3
// GC=Concurrent Workstation
// HardwareIntrinsics=AVX2+BMI1+BMI2+F16C+FMA+LZCNT+MOVBE,AVX,SSE3+SSSE3+SSE4.1+SSE4.2+POPCNT,X86Base+SSE+SSE2,AES+PCLMUL VectorSize=256
// Job: Job-XVLBGX(OutlierMode=DontRemove, Toolchain=InProcessEmitToolchain, IterationCount=1, LaunchCount=1, RunStrategy=ColdStart, UnrollFactor=1, WarmupCount=1)

WorkloadActual   1: 1 op, 436738.00 ns, 436.7380 us/op

WorkloadResult   1: 1 op, 436738.00 ns, 436.7380 us/op
// GC:  0 0 0 368168 1
// Threading:  0 0 1


Mean = 436.738 μs, StdErr = 0.000 μs (0.00%), N = 1, StdDev = 0.000 μs
Min = 436.738 μs, Q1 = 436.738 μs, Median = 436.738 μs, Q3 = 436.738 μs, Max = 436.738 μs
IQR = 0.000 μs, LowerFence = 436.738 μs, UpperFence = 436.738 μs
ConfidenceInterval = [NaN μs; NaN μs] (CI 99.9%), Margin = NaN μs (NaN% of Mean)
Skewness = NaN, Kurtosis = NaN, MValue = 2

// ** Remained 7 (70.0 %) benchmark(s) to run. Estimated finish 2026-09-07 17:10 (0h 0m from now) **
// **************************
// Benchmark: ActualPublisherBenchmarks.PublisherControl: DryA(OutlierMode=DontRemove, Toolchain=InProcessEmitToolchain, IterationCount=1, LaunchCount=1, RunStrategy=ColdStart, UnrollFactor=1, WarmupCount=1) [Enabled=True]
// *** Execute ***
// Launch: 1 / 1
// ! Failed to set up priority High for process System.Diagnostics.Process (dotnet). Make sure you have the right permissions. Message: Permission denied

// Benchmark Process Environment Information:
// BenchmarkDotNet v0.15.8
// Runtime=.NET 10.0.11 (10.0.11, 10.0.1126.37416), X64 RyuJIT x86-64-v3
// GC=Concurrent Workstation
// HardwareIntrinsics=AVX2+BMI1+BMI2+F16C+FMA+LZCNT+MOVBE,AVX,SSE3+SSSE3+SSE4.1+SSE4.2+POPCNT,X86Base+SSE+SSE2,AES+PCLMUL VectorSize=256
// Job: Job-XVLBGX(OutlierMode=DontRemove, Toolchain=InProcessEmitToolchain, IterationCount=1, LaunchCount=1, RunStrategy=ColdStart, UnrollFactor=1, WarmupCount=1)

WorkloadActual   1: 1 op, 917742.00 ns, 917.7420 us/op

WorkloadResult   1: 1 op, 917742.00 ns, 917.7420 us/op
// GC:  0 0 0 368024 1
// Threading:  0 0 1


Mean = 917.742 μs, StdErr = 0.000 μs (0.00%), N = 1, StdDev = 0.000 μs
Min = 917.742 μs, Q1 = 917.742 μs, Median = 917.742 μs, Q3 = 917.742 μs, Max = 917.742 μs
IQR = 0.000 μs, LowerFence = 917.742 μs, UpperFence = 917.742 μs
ConfidenceInterval = [NaN μs; NaN μs] (CI 99.9%), Margin = NaN μs (NaN% of Mean)
Skewness = NaN, Kurtosis = NaN, MValue = 2

// ** Remained 6 (60.0 %) benchmark(s) to run. Estimated finish 2026-09-07 17:10 (0h 0m from now) **
// ***** BenchmarkRunner: Finish  *****

// * Export *
  home/runner/work/Dekaf/Dekaf/aba-results/dry-A/results/ActualPublisherBenchmarks-report.csv
  home/runner/work/Dekaf/Dekaf/aba-results/dry-A/results/ActualPublisherBenchmarks-report-github.md
  home/runner/work/Dekaf/Dekaf/aba-results/dry-A/results/ActualPublisherBenchmarks-report.html
  home/runner/work/Dekaf/Dekaf/aba-results/dry-A/results/ActualPublisherBenchmarks-report-full.json

// * Detailed results *
ActualPublisherBenchmarks.RelayBatch: DryA(OutlierMode=DontRemove, Toolchain=InProcessEmitToolchain, IterationCount=1, LaunchCount=1, RunStrategy=ColdStart, UnrollFactor=1, WarmupCount=1) [Enabled=False]
Runtime = ; GC = 
Mean = 30.229 ms, StdErr = 0.000 ms (0.00%), N = 1, StdDev = 0.000 ms
Min = 30.229 ms, Q1 = 30.229 ms, Median = 30.229 ms, Q3 = 30.229 ms, Max = 30.229 ms
IQR = 0.000 ms, LowerFence = 30.229 ms, UpperFence = 30.229 ms
ConfidenceInterval = [NaN ms; NaN ms] (CI 99.9%), Margin = NaN ms (NaN% of Mean)
Skewness = NaN, Kurtosis = NaN, MValue = 2
-------------------- Histogram --------------------
[30.229 ms ; 30.229 ms) | @
---------------------------------------------------

ActualPublisherBenchmarks.PublisherControl: DryA(OutlierMode=DontRemove, Toolchain=InProcessEmitToolchain, IterationCount=1, LaunchCount=1, RunStrategy=ColdStart, UnrollFactor=1, WarmupCount=1) [Enabled=False]
Runtime = ; GC = 
Mean = 1.248 ms, StdErr = 0.000 ms (0.00%), N = 1, StdDev = 0.000 ms
Min = 1.248 ms, Q1 = 1.248 ms, Median = 1.248 ms, Q3 = 1.248 ms, Max = 1.248 ms
IQR = 0.000 ms, LowerFence = 1.248 ms, UpperFence = 1.248 ms
ConfidenceInterval = [NaN ms; NaN ms] (CI 99.9%), Margin = NaN ms (NaN% of Mean)
Skewness = NaN, Kurtosis = NaN, MValue = 2
-------------------- Histogram --------------------
[1.248 ms ; 1.248 ms) | @
---------------------------------------------------

ActualPublisherBenchmarks.RelayBatch: DryA(OutlierMode=DontRemove, Toolchain=InProcessEmitToolchain, IterationCount=1, LaunchCount=1, RunStrategy=ColdStart, UnrollFactor=1, WarmupCount=1) [Enabled=True]
Runtime = ; GC = 
Mean = 436.738 μs, StdErr = 0.000 μs (0.00%), N = 1, StdDev = 0.000 μs
Min = 436.738 μs, Q1 = 436.738 μs, Median = 436.738 μs, Q3 = 436.738 μs, Max = 436.738 μs
IQR = 0.000 μs, LowerFence = 436.738 μs, UpperFence = 436.738 μs
ConfidenceInterval = [NaN μs; NaN μs] (CI 99.9%), Margin = NaN μs (NaN% of Mean)
Skewness = NaN, Kurtosis = NaN, MValue = 2
-------------------- Histogram --------------------
[436.738 μs ; 436.738 μs) | @
---------------------------------------------------

ActualPublisherBenchmarks.PublisherControl: DryA(OutlierMode=DontRemove, Toolchain=InProcessEmitToolchain, IterationCount=1, LaunchCount=1, RunStrategy=ColdStart, UnrollFactor=1, WarmupCount=1) [Enabled=True]
Runtime = ; GC = 
Mean = 917.742 μs, StdErr = 0.000 μs (0.00%), N = 1, StdDev = 0.000 μs
Min = 917.742 μs, Q1 = 917.742 μs, Median = 917.742 μs, Q3 = 917.742 μs, Max = 917.742 μs
IQR = 0.000 μs, LowerFence = 917.742 μs, UpperFence = 917.742 μs
ConfidenceInterval = [NaN μs; NaN μs] (CI 99.9%), Margin = NaN μs (NaN% of Mean)
Skewness = NaN, Kurtosis = NaN, MValue = 2
-------------------- Histogram --------------------
[917.741 μs ; 917.742 μs) | @
---------------------------------------------------

// * Summary *

BenchmarkDotNet v0.15.8, Linux Ubuntu 24.04.4 LTS (Noble Numbat)
AMD EPYC 9V74 2.60GHz, 1 CPU, 4 logical and 2 physical cores
.NET SDK 10.0.400
  [Host] : .NET 10.0.11 (10.0.11, 10.0.1126.37416), X64 RyuJIT x86-64-v3

Job=DryA  OutlierMode=DontRemove  Toolchain=InProcessEmitToolchain  
IterationCount=1  LaunchCount=1  RunStrategy=ColdStart  
UnrollFactor=1  WarmupCount=1  

| Method           | Enabled | Mean        | Error | Median      | Max         | Allocated |
|----------------- |-------- |------------:|------:|------------:|------------:|----------:|
| RelayBatch       | False   | 30,229.0 μs |    NA | 30,229.0 μs | 30,229.0 μs | 359.54 KB |
| PublisherControl | False   |  1,247.6 μs |    NA |  1,247.6 μs |  1,247.6 μs |  359.4 KB |
| RelayBatch       | True    |    436.7 μs |    NA |    436.7 μs |    436.7 μs | 359.54 KB |
| PublisherControl | True    |    917.7 μs |    NA |    917.7 μs |    917.7 μs |  359.4 KB |

// * Warnings *
MinIterationTime
  ActualPublisherBenchmarks.RelayBatch: DryA       -> The minimum observed iteration time is 30.229ms which is very small. It's recommended to increase it to at least 100ms using more operations.
  ActualPublisherBenchmarks.PublisherControl: DryA -> The minimum observed iteration time is 1.248ms which is very small. It's recommended to increase it to at least 100ms using more operations.
  ActualPublisherBenchmarks.RelayBatch: DryA       -> The minimum observed iteration time is 436.738μs which is very small. It's recommended to increase it to at least 100ms using more operations.
  ActualPublisherBenchmarks.PublisherControl: DryA -> The minimum observed iteration time is 917.742μs which is very small. It's recommended to increase it to at least 100ms using more operations.

// * Legends *
  Enabled   : Value of the 'Enabled' parameter
  Mean      : Arithmetic mean of all measurements
  Error     : Half of 99.9% confidence interval
  Median    : Value separating the higher half of all measurements (50th percentile)
  Max       : Maximum
  Allocated : Allocated memory per single operation (managed only, inclusive, 1KB = 1024B)
  1 μs      : 1 Microsecond (0.000001 sec)

// * Diagnostic Output - MemoryDiagnoser *


// ***** BenchmarkRunner: End *****
Run time: 00:00:00 (0.25 sec), executed benchmarks: 4

// Found 6 benchmarks:
//   RelayMetricsBenchmarks.SynchronousBatch: DryA(OutlierMode=DontRemove, Toolchain=InProcessEmitToolchain, IterationCount=1, LaunchCount=1, RunStrategy=ColdStart, UnrollFactor=1, WarmupCount=1) [Enabled=False]
//   RelayMetricsBenchmarks.PendingBatch: DryA(OutlierMode=DontRemove, Toolchain=InProcessEmitToolchain, IterationCount=1, LaunchCount=1, RunStrategy=ColdStart, UnrollFactor=1, WarmupCount=1) [Enabled=False]
//   RelayMetricsBenchmarks.PublisherControl: DryA(OutlierMode=DontRemove, Toolchain=InProcessEmitToolchain, IterationCount=1, LaunchCount=1, RunStrategy=ColdStart, UnrollFactor=1, WarmupCount=1) [Enabled=False]
//   RelayMetricsBenchmarks.SynchronousBatch: DryA(OutlierMode=DontRemove, Toolchain=InProcessEmitToolchain, IterationCount=1, LaunchCount=1, RunStrategy=ColdStart, UnrollFactor=1, WarmupCount=1) [Enabled=True]
//   RelayMetricsBenchmarks.PendingBatch: DryA(OutlierMode=DontRemove, Toolchain=InProcessEmitToolchain, IterationCount=1, LaunchCount=1, RunStrategy=ColdStart, UnrollFactor=1, WarmupCount=1) [Enabled=True]
//   RelayMetricsBenchmarks.PublisherControl: DryA(OutlierMode=DontRemove, Toolchain=InProcessEmitToolchain, IterationCount=1, LaunchCount=1, RunStrategy=ColdStart, UnrollFactor=1, WarmupCount=1) [Enabled=True]

// **************************
// Benchmark: RelayMetricsBenchmarks.SynchronousBatch: DryA(OutlierMode=DontRemove, Toolchain=InProcessEmitToolchain, IterationCount=1, LaunchCount=1, RunStrategy=ColdStart, UnrollFactor=1, WarmupCount=1) [Enabled=False]
// *** Execute ***
// Launch: 1 / 1
// ! Failed to set up priority High for process System.Diagnostics.Process (dotnet). Make sure you have the right permissions. Message: Permission denied

// Benchmark Process Environment Information:
// BenchmarkDotNet v0.15.8
// Runtime=.NET 10.0.11 (10.0.11, 10.0.1126.37416), X64 RyuJIT x86-64-v3
// GC=Concurrent Workstation
// HardwareIntrinsics=AVX2+BMI1+BMI2+F16C+FMA+LZCNT+MOVBE,AVX,SSE3+SSSE3+SSE4.1+SSE4.2+POPCNT,X86Base+SSE+SSE2,AES+PCLMUL VectorSize=256
// Job: Job-XVLBGX(OutlierMode=DontRemove, Toolchain=InProcessEmitToolchain, IterationCount=1, LaunchCount=1, RunStrategy=ColdStart, UnrollFactor=1, WarmupCount=1)

WorkloadActual   1: 1 op, 548113.00 ns, 548.1130 us/op

WorkloadResult   1: 1 op, 548113.00 ns, 548.1130 us/op
// GC:  0 0 0 144 1
// Threading:  0 0 1


Mean = 548.113 μs, StdErr = 0.000 μs (0.00%), N = 1, StdDev = 0.000 μs
Min = 548.113 μs, Q1 = 548.113 μs, Median = 548.113 μs, Q3 = 548.113 μs, Max = 548.113 μs
IQR = 0.000 μs, LowerFence = 548.113 μs, UpperFence = 548.113 μs
ConfidenceInterval = [NaN μs; NaN μs] (CI 99.9%), Margin = NaN μs (NaN% of Mean)
Skewness = NaN, Kurtosis = NaN, MValue = 2

// ** Remained 5 (50.0 %) benchmark(s) to run. Estimated finish 2026-09-07 17:10 (0h 0m from now) **
// **************************
// Benchmark: RelayMetricsBenchmarks.PendingBatch: DryA(OutlierMode=DontRemove, Toolchain=InProcessEmitToolchain, IterationCount=1, LaunchCount=1, RunStrategy=ColdStart, UnrollFactor=1, WarmupCount=1) [Enabled=False]
// *** Execute ***
// Launch: 1 / 1
// ! Failed to set up priority High for process System.Diagnostics.Process (dotnet). Make sure you have the right permissions. Message: Permission denied

// Benchmark Process Environment Information:
// BenchmarkDotNet v0.15.8
// Runtime=.NET 10.0.11 (10.0.11, 10.0.1126.37416), X64 RyuJIT x86-64-v3
// GC=Concurrent Workstation
// HardwareIntrinsics=AVX2+BMI1+BMI2+F16C+FMA+LZCNT+MOVBE,AVX,SSE3+SSSE3+SSE4.1+SSE4.2+POPCNT,X86Base+SSE+SSE2,AES+PCLMUL VectorSize=256
// Job: Job-XVLBGX(OutlierMode=DontRemove, Toolchain=InProcessEmitToolchain, IterationCount=1, LaunchCount=1, RunStrategy=ColdStart, UnrollFactor=1, WarmupCount=1)

WorkloadActual   1: 1 op, 9138706.00 ns, 9.1387 ms/op

WorkloadResult   1: 1 op, 9138706.00 ns, 9.1387 ms/op
// GC:  0 0 0 480 1
// Threading:  0 0 1


Mean = 9.139 ms, StdErr = 0.000 ms (0.00%), N = 1, StdDev = 0.000 ms
Min = 9.139 ms, Q1 = 9.139 ms, Median = 9.139 ms, Q3 = 9.139 ms, Max = 9.139 ms
IQR = 0.000 ms, LowerFence = 9.139 ms, UpperFence = 9.139 ms
ConfidenceInterval = [NaN ms; NaN ms] (CI 99.9%), Margin = NaN ms (NaN% of Mean)
Skewness = NaN, Kurtosis = NaN, MValue = 2

// ** Remained 4 (40.0 %) benchmark(s) to run. Estimated finish 2026-09-07 17:10 (0h 0m from now) **
// **************************
// Benchmark: RelayMetricsBenchmarks.PublisherControl: DryA(OutlierMode=DontRemove, Toolchain=InProcessEmitToolchain, IterationCount=1, LaunchCount=1, RunStrategy=ColdStart, UnrollFactor=1, WarmupCount=1) [Enabled=False]
// *** Execute ***
// Launch: 1 / 1
// ! Failed to set up priority High for process System.Diagnostics.Process (dotnet). Make sure you have the right permissions. Message: Permission denied

// Benchmark Process Environment Information:
// BenchmarkDotNet v0.15.8
// Runtime=.NET 10.0.11 (10.0.11, 10.0.1126.37416), X64 RyuJIT x86-64-v3
// GC=Concurrent Workstation
// HardwareIntrinsics=AVX2+BMI1+BMI2+F16C+FMA+LZCNT+MOVBE,AVX,SSE3+SSSE3+SSE4.1+SSE4.2+POPCNT,X86Base+SSE+SSE2,AES+PCLMUL VectorSize=256
// Job: Job-XVLBGX(OutlierMode=DontRemove, Toolchain=InProcessEmitToolchain, IterationCount=1, LaunchCount=1, RunStrategy=ColdStart, UnrollFactor=1, WarmupCount=1)

WorkloadActual   1: 1 op, 1132911.00 ns, 1.1329 ms/op

WorkloadResult   1: 1 op, 1132911.00 ns, 1.1329 ms/op
// GC:  0 0 0 0 1
// Threading:  0 0 1


Mean = 1.133 ms, StdErr = 0.000 ms (0.00%), N = 1, StdDev = 0.000 ms
Min = 1.133 ms, Q1 = 1.133 ms, Median = 1.133 ms, Q3 = 1.133 ms, Max = 1.133 ms
IQR = 0.000 ms, LowerFence = 1.133 ms, UpperFence = 1.133 ms
ConfidenceInterval = [NaN ms; NaN ms] (CI 99.9%), Margin = NaN ms (NaN% of Mean)
Skewness = NaN, Kurtosis = NaN, MValue = 2

// ** Remained 3 (30.0 %) benchmark(s) to run. Estimated finish 2026-09-07 17:10 (0h 0m from now) **
// **************************
// Benchmark: RelayMetricsBenchmarks.SynchronousBatch: DryA(OutlierMode=DontRemove, Toolchain=InProcessEmitToolchain, IterationCount=1, LaunchCount=1, RunStrategy=ColdStart, UnrollFactor=1, WarmupCount=1) [Enabled=True]
// *** Execute ***
// Launch: 1 / 1
// ! Failed to set up priority High for process System.Diagnostics.Process (dotnet). Make sure you have the right permissions. Message: Permission denied

// Benchmark Process Environment Information:
// BenchmarkDotNet v0.15.8
// Runtime=.NET 10.0.11 (10.0.11, 10.0.1126.37416), X64 RyuJIT x86-64-v3
// GC=Concurrent Workstation
// HardwareIntrinsics=AVX2+BMI1+BMI2+F16C+FMA+LZCNT+MOVBE,AVX,SSE3+SSSE3+SSE4.1+SSE4.2+POPCNT,X86Base+SSE+SSE2,AES+PCLMUL VectorSize=256
// Job: Job-XVLBGX(OutlierMode=DontRemove, Toolchain=InProcessEmitToolchain, IterationCount=1, LaunchCount=1, RunStrategy=ColdStart, UnrollFactor=1, WarmupCount=1)

WorkloadActual   1: 1 op, 317311.00 ns, 317.3110 us/op

WorkloadResult   1: 1 op, 317311.00 ns, 317.3110 us/op
// GC:  0 0 0 144 1
// Threading:  0 0 1


Mean = 317.311 μs, StdErr = 0.000 μs (0.00%), N = 1, StdDev = 0.000 μs
Min = 317.311 μs, Q1 = 317.311 μs, Median = 317.311 μs, Q3 = 317.311 μs, Max = 317.311 μs
IQR = 0.000 μs, LowerFence = 317.311 μs, UpperFence = 317.311 μs
ConfidenceInterval = [NaN μs; NaN μs] (CI 99.9%), Margin = NaN μs (NaN% of Mean)
Skewness = NaN, Kurtosis = NaN, MValue = 2

// ** Remained 2 (20.0 %) benchmark(s) to run. Estimated finish 2026-09-07 17:10 (0h 0m from now) **
// **************************
// Benchmark: RelayMetricsBenchmarks.PendingBatch: DryA(OutlierMode=DontRemove, Toolchain=InProcessEmitToolchain, IterationCount=1, LaunchCount=1, RunStrategy=ColdStart, UnrollFactor=1, WarmupCount=1) [Enabled=True]
// *** Execute ***
// Launch: 1 / 1
// ! Failed to set up priority High for process System.Diagnostics.Process (dotnet). Make sure you have the right permissions. Message: Permission denied

// Benchmark Process Environment Information:
// BenchmarkDotNet v0.15.8
// Runtime=.NET 10.0.11 (10.0.11, 10.0.1126.37416), X64 RyuJIT x86-64-v3
// GC=Concurrent Workstation
// HardwareIntrinsics=AVX2+BMI1+BMI2+F16C+FMA+LZCNT+MOVBE,AVX,SSE3+SSSE3+SSE4.1+SSE4.2+POPCNT,X86Base+SSE+SSE2,AES+PCLMUL VectorSize=256
// Job: Job-XVLBGX(OutlierMode=DontRemove, Toolchain=InProcessEmitToolchain, IterationCount=1, LaunchCount=1, RunStrategy=ColdStart, UnrollFactor=1, WarmupCount=1)

WorkloadActual   1: 1 op, 292955.00 ns, 292.9550 us/op

WorkloadResult   1: 1 op, 292955.00 ns, 292.9550 us/op
// GC:  0 0 0 480 1
// Threading:  0 0 1


Mean = 292.955 μs, StdErr = 0.000 μs (0.00%), N = 1, StdDev = 0.000 μs
Min = 292.955 μs, Q1 = 292.955 μs, Median = 292.955 μs, Q3 = 292.955 μs, Max = 292.955 μs
IQR = 0.000 μs, LowerFence = 292.955 μs, UpperFence = 292.955 μs
ConfidenceInterval = [NaN μs; NaN μs] (CI 99.9%), Margin = NaN μs (NaN% of Mean)
Skewness = NaN, Kurtosis = NaN, MValue = 2

// ** Remained 1 (10.0 %) benchmark(s) to run. Estimated finish 2026-09-07 17:10 (0h 0m from now) **
// **************************
// Benchmark: RelayMetricsBenchmarks.PublisherControl: DryA(OutlierMode=DontRemove, Toolchain=InProcessEmitToolchain, IterationCount=1, LaunchCount=1, RunStrategy=ColdStart, UnrollFactor=1, WarmupCount=1) [Enabled=True]
// *** Execute ***
// Launch: 1 / 1
// ! Failed to set up priority High for process System.Diagnostics.Process (dotnet). Make sure you have the right permissions. Message: Permission denied

// Benchmark Process Environment Information:
// BenchmarkDotNet v0.15.8
// Runtime=.NET 10.0.11 (10.0.11, 10.0.1126.37416), X64 RyuJIT x86-64-v3
// GC=Concurrent Workstation
// HardwareIntrinsics=AVX2+BMI1+BMI2+F16C+FMA+LZCNT+MOVBE,AVX,SSE3+SSSE3+SSE4.1+SSE4.2+POPCNT,X86Base+SSE+SSE2,AES+PCLMUL VectorSize=256
// Job: Job-XVLBGX(OutlierMode=DontRemove, Toolchain=InProcessEmitToolchain, IterationCount=1, LaunchCount=1, RunStrategy=ColdStart, UnrollFactor=1, WarmupCount=1)

WorkloadActual   1: 1 op, 853336.00 ns, 853.3360 us/op

WorkloadResult   1: 1 op, 853336.00 ns, 853.3360 us/op
// GC:  0 0 0 0 1
// Threading:  0 0 1


Mean = 853.336 μs, StdErr = 0.000 μs (0.00%), N = 1, StdDev = 0.000 μs
Min = 853.336 μs, Q1 = 853.336 μs, Median = 853.336 μs, Q3 = 853.336 μs, Max = 853.336 μs
IQR = 0.000 μs, LowerFence = 853.336 μs, UpperFence = 853.336 μs
ConfidenceInterval = [NaN μs; NaN μs] (CI 99.9%), Margin = NaN μs (NaN% of Mean)
Skewness = NaN, Kurtosis = NaN, MValue = 2

// ** Remained 0 (0.0 %) benchmark(s) to run. Estimated finish 2026-09-07 17:10 (0h 0m from now) **
// ***** BenchmarkRunner: Finish  *****

// * Export *
  home/runner/work/Dekaf/Dekaf/aba-results/dry-A/results/RelayMetricsBenchmarks-report.csv
  home/runner/work/Dekaf/Dekaf/aba-results/dry-A/results/RelayMetricsBenchmarks-report-github.md
  home/runner/work/Dekaf/Dekaf/aba-results/dry-A/results/RelayMetricsBenchmarks-report.html
  home/runner/work/Dekaf/Dekaf/aba-results/dry-A/results/RelayMetricsBenchmarks-report-full.json

// * Detailed results *
RelayMetricsBenchmarks.SynchronousBatch: DryA(OutlierMode=DontRemove, Toolchain=InProcessEmitToolchain, IterationCount=1, LaunchCount=1, RunStrategy=ColdStart, UnrollFactor=1, WarmupCount=1) [Enabled=False]
Runtime = ; GC = 
Mean = 548.113 μs, StdErr = 0.000 μs (0.00%), N = 1, StdDev = 0.000 μs
Min = 548.113 μs, Q1 = 548.113 μs, Median = 548.113 μs, Q3 = 548.113 μs, Max = 548.113 μs
IQR = 0.000 μs, LowerFence = 548.113 μs, UpperFence = 548.113 μs
ConfidenceInterval = [NaN μs; NaN μs] (CI 99.9%), Margin = NaN μs (NaN% of Mean)
Skewness = NaN, Kurtosis = NaN, MValue = 2
-------------------- Histogram --------------------
[548.112 μs ; 548.114 μs) | @
---------------------------------------------------

RelayMetricsBenchmarks.PendingBatch: DryA(OutlierMode=DontRemove, Toolchain=InProcessEmitToolchain, IterationCount=1, LaunchCount=1, RunStrategy=ColdStart, UnrollFactor=1, WarmupCount=1) [Enabled=False]
Runtime = ; GC = 
Mean = 9.139 ms, StdErr = 0.000 ms (0.00%), N = 1, StdDev = 0.000 ms
Min = 9.139 ms, Q1 = 9.139 ms, Median = 9.139 ms, Q3 = 9.139 ms, Max = 9.139 ms
IQR = 0.000 ms, LowerFence = 9.139 ms, UpperFence = 9.139 ms
ConfidenceInterval = [NaN ms; NaN ms] (CI 99.9%), Margin = NaN ms (NaN% of Mean)
Skewness = NaN, Kurtosis = NaN, MValue = 2
-------------------- Histogram --------------------
[9.139 ms ; 9.139 ms) | @
---------------------------------------------------

RelayMetricsBenchmarks.PublisherControl: DryA(OutlierMode=DontRemove, Toolchain=InProcessEmitToolchain, IterationCount=1, LaunchCount=1, RunStrategy=ColdStart, UnrollFactor=1, WarmupCount=1) [Enabled=False]
Runtime = ; GC = 
Mean = 1.133 ms, StdErr = 0.000 ms (0.00%), N = 1, StdDev = 0.000 ms
Min = 1.133 ms, Q1 = 1.133 ms, Median = 1.133 ms, Q3 = 1.133 ms, Max = 1.133 ms
IQR = 0.000 ms, LowerFence = 1.133 ms, UpperFence = 1.133 ms
ConfidenceInterval = [NaN ms; NaN ms] (CI 99.9%), Margin = NaN ms (NaN% of Mean)
Skewness = NaN, Kurtosis = NaN, MValue = 2
-------------------- Histogram --------------------
[1.133 ms ; 1.133 ms) | @
---------------------------------------------------

RelayMetricsBenchmarks.SynchronousBatch: DryA(OutlierMode=DontRemove, Toolchain=InProcessEmitToolchain, IterationCount=1, LaunchCount=1, RunStrategy=ColdStart, UnrollFactor=1, WarmupCount=1) [Enabled=True]
Runtime = ; GC = 
Mean = 317.311 μs, StdErr = 0.000 μs (0.00%), N = 1, StdDev = 0.000 μs
Min = 317.311 μs, Q1 = 317.311 μs, Median = 317.311 μs, Q3 = 317.311 μs, Max = 317.311 μs
IQR = 0.000 μs, LowerFence = 317.311 μs, UpperFence = 317.311 μs
ConfidenceInterval = [NaN μs; NaN μs] (CI 99.9%), Margin = NaN μs (NaN% of Mean)
Skewness = NaN, Kurtosis = NaN, MValue = 2
-------------------- Histogram --------------------
[317.310 μs ; 317.312 μs) | @
---------------------------------------------------

RelayMetricsBenchmarks.PendingBatch: DryA(OutlierMode=DontRemove, Toolchain=InProcessEmitToolchain, IterationCount=1, LaunchCount=1, RunStrategy=ColdStart, UnrollFactor=1, WarmupCount=1) [Enabled=True]
Runtime = ; GC = 
Mean = 292.955 μs, StdErr = 0.000 μs (0.00%), N = 1, StdDev = 0.000 μs
Min = 292.955 μs, Q1 = 292.955 μs, Median = 292.955 μs, Q3 = 292.955 μs, Max = 292.955 μs
IQR = 0.000 μs, LowerFence = 292.955 μs, UpperFence = 292.955 μs
ConfidenceInterval = [NaN μs; NaN μs] (CI 99.9%), Margin = NaN μs (NaN% of Mean)
Skewness = NaN, Kurtosis = NaN, MValue = 2
-------------------- Histogram --------------------
[292.954 μs ; 292.955 μs) | @
---------------------------------------------------

RelayMetricsBenchmarks.PublisherControl: DryA(OutlierMode=DontRemove, Toolchain=InProcessEmitToolchain, IterationCount=1, LaunchCount=1, RunStrategy=ColdStart, UnrollFactor=1, WarmupCount=1) [Enabled=True]
Runtime = ; GC = 
Mean = 853.336 μs, StdErr = 0.000 μs (0.00%), N = 1, StdDev = 0.000 μs
Min = 853.336 μs, Q1 = 853.336 μs, Median = 853.336 μs, Q3 = 853.336 μs, Max = 853.336 μs
IQR = 0.000 μs, LowerFence = 853.336 μs, UpperFence = 853.336 μs
ConfidenceInterval = [NaN μs; NaN μs] (CI 99.9%), Margin = NaN μs (NaN% of Mean)
Skewness = NaN, Kurtosis = NaN, MValue = 2
-------------------- Histogram --------------------
[853.336 μs ; 853.337 μs) | @
---------------------------------------------------

// * Summary *

BenchmarkDotNet v0.15.8, Linux Ubuntu 24.04.4 LTS (Noble Numbat)
AMD EPYC 9V74 2.60GHz, 1 CPU, 4 logical and 2 physical cores
.NET SDK 10.0.400
  [Host] : .NET 10.0.11 (10.0.11, 10.0.1126.37416), X64 RyuJIT x86-64-v3

Job=DryA  OutlierMode=DontRemove  Toolchain=InProcessEmitToolchain  
IterationCount=1  LaunchCount=1  RunStrategy=ColdStart  
UnrollFactor=1  WarmupCount=1  

| Method           | Enabled | Mean       | Error | Median     | Max        | Allocated |
|----------------- |-------- |-----------:|------:|-----------:|-----------:|----------:|
| SynchronousBatch | False   |   548.1 μs |    NA |   548.1 μs |   548.1 μs |     144 B |
| PendingBatch     | False   | 9,138.7 μs |    NA | 9,138.7 μs | 9,138.7 μs |     480 B |
| PublisherControl | False   | 1,132.9 μs |    NA | 1,132.9 μs | 1,132.9 μs |         - |
| SynchronousBatch | True    |   317.3 μs |    NA |   317.3 μs |   317.3 μs |     144 B |
| PendingBatch     | True    |   293.0 μs |    NA |   293.0 μs |   293.0 μs |     480 B |
| PublisherControl | True    |   853.3 μs |    NA |   853.3 μs |   853.3 μs |         - |

// * Warnings *
MinIterationTime
  RelayMetricsBenchmarks.SynchronousBatch: DryA -> The minimum observed iteration time is 548.113μs which is very small. It's recommended to increase it to at least 100ms using more operations.
  RelayMetricsBenchmarks.PendingBatch: DryA     -> The minimum observed iteration time is 9.139ms which is very small. It's recommended to increase it to at least 100ms using more operations.
  RelayMetricsBenchmarks.PublisherControl: DryA -> The minimum observed iteration time is 1.133ms which is very small. It's recommended to increase it to at least 100ms using more operations.
  RelayMetricsBenchmarks.SynchronousBatch: DryA -> The minimum observed iteration time is 317.311μs which is very small. It's recommended to increase it to at least 100ms using more operations.
  RelayMetricsBenchmarks.PendingBatch: DryA     -> The minimum observed iteration time is 292.955μs which is very small. It's recommended to increase it to at least 100ms using more operations.
  RelayMetricsBenchmarks.PublisherControl: DryA -> The minimum observed iteration time is 853.336μs which is very small. It's recommended to increase it to at least 100ms using more operations.

// * Legends *
  Enabled   : Value of the 'Enabled' parameter
  Mean      : Arithmetic mean of all measurements
  Error     : Half of 99.9% confidence interval
  Median    : Value separating the higher half of all measurements (50th percentile)
  Max       : Maximum
  Allocated : Allocated memory per single operation (managed only, inclusive, 1KB = 1024B)
  1 μs      : 1 Microsecond (0.000001 sec)

// * Diagnostic Output - MemoryDiagnoser *


// ***** BenchmarkRunner: End *****
Run time: 00:00:00 (0.06 sec), executed benchmarks: 6

Global total time: 00:00:00 (0.85 sec), executed benchmarks: 10
// * Artifacts cleanup *
Artifacts cleanup is finished
