// Validating benchmarks:
// ***** BenchmarkRunner: Start   *****
// ***** Found 1 benchmark(s) in total *****
// ***** Building 1 exe(s) in Parallel: Start   *****
// ***** Done, took 00:00:00 (0.03 sec)   *****
// Found 1 benchmarks:
//   DiagnosticBenchmarks.Memory: Job-WYZZKU(OutlierMode=DontRemove, Affinity=00000000000000000100, Toolchain=InProcessEmitToolchain, InvocationCount=16777216, IterationCount=15, UnrollFactor=1, WarmupCount=10)

Setup power plan (GUID: 8c5e7fda-e8bf-4a96-9a85-a6e23a8c635c FriendlyName: High performance)
// **************************
// Benchmark: DiagnosticBenchmarks.Memory: Job-WYZZKU(OutlierMode=DontRemove, Affinity=00000000000000000100, Toolchain=InProcessEmitToolchain, InvocationCount=16777216, IterationCount=15, UnrollFactor=1, WarmupCount=10)
// *** Execute ***
// Launch: 1 / 1

// Benchmark Process Environment Information:
// BenchmarkDotNet v0.15.8
// Runtime=.NET 10.0.11 (10.0.11, 10.0.1126.37416), X64 RyuJIT x86-64-v3
// GC=Concurrent Workstation
// HardwareIntrinsics=AVX2+BMI1+BMI2+F16C+FMA+LZCNT+MOVBE,AVX,SSE3+SSSE3+SSE4.1+SSE4.2+POPCNT,X86Base+SSE+SSE2,AES+PCLMUL,AvxVnni,SERIALIZE VectorSize=256
// Job: Job-WYZZKU(OutlierMode=DontRemove, Affinity=00000000000000000100, Toolchain=InProcessEmitToolchain, InvocationCount=16777216, IterationCount=15, UnrollFactor=1, WarmupCount=10)

OverheadJitting  1: 1 op, 160100.00 ns, 160.1000 us/op
WorkloadJitting  1: 1 op, 137600.00 ns, 137.6000 us/op

OverheadWarmup   1: 16777216 op, 21671200.00 ns, 1.2917 ns/op
OverheadWarmup   2: 16777216 op, 21077600.00 ns, 1.2563 ns/op
OverheadWarmup   3: 16777216 op, 21598500.00 ns, 1.2874 ns/op
OverheadWarmup   4: 16777216 op, 21268200.00 ns, 1.2677 ns/op
OverheadWarmup   5: 16777216 op, 21571400.00 ns, 1.2858 ns/op
OverheadWarmup   6: 16777216 op, 21156300.00 ns, 1.2610 ns/op

OverheadActual   1: 16777216 op, 21527900.00 ns, 1.2832 ns/op
OverheadActual   2: 16777216 op, 21345000.00 ns, 1.2723 ns/op
OverheadActual   3: 16777216 op, 21601500.00 ns, 1.2875 ns/op
OverheadActual   4: 16777216 op, 21139800.00 ns, 1.2600 ns/op
OverheadActual   5: 16777216 op, 21441800.00 ns, 1.2780 ns/op
OverheadActual   6: 16777216 op, 21167700.00 ns, 1.2617 ns/op
OverheadActual   7: 16777216 op, 21647400.00 ns, 1.2903 ns/op
OverheadActual   8: 16777216 op, 21087800.00 ns, 1.2569 ns/op
OverheadActual   9: 16777216 op, 21577500.00 ns, 1.2861 ns/op
OverheadActual  10: 16777216 op, 21418200.00 ns, 1.2766 ns/op
OverheadActual  11: 16777216 op, 21464100.00 ns, 1.2794 ns/op
OverheadActual  12: 16777216 op, 21287400.00 ns, 1.2688 ns/op
OverheadActual  13: 16777216 op, 21827900.00 ns, 1.3010 ns/op
OverheadActual  14: 16777216 op, 21629300.00 ns, 1.2892 ns/op
OverheadActual  15: 16777216 op, 21756800.00 ns, 1.2968 ns/op

WorkloadWarmup   1: 16777216 op, 1590443000.00 ns, 94.7978 ns/op
WorkloadWarmup   2: 16777216 op, 1478747600.00 ns, 88.1402 ns/op
WorkloadWarmup   3: 16777216 op, 1416204700.00 ns, 84.4124 ns/op
WorkloadWarmup   4: 16777216 op, 1489667000.00 ns, 88.7911 ns/op
WorkloadWarmup   5: 16777216 op, 1403153700.00 ns, 83.6345 ns/op
WorkloadWarmup   6: 16777216 op, 1443658100.00 ns, 86.0487 ns/op
WorkloadWarmup   7: 16777216 op, 1392444000.00 ns, 82.9961 ns/op
WorkloadWarmup   8: 16777216 op, 1427592300.00 ns, 85.0911 ns/op
WorkloadWarmup   9: 16777216 op, 1434995600.00 ns, 85.5324 ns/op
WorkloadWarmup  10: 16777216 op, 1401352000.00 ns, 83.5271 ns/op

WorkloadActual   1: 16777216 op, 1485167900.00 ns, 88.5229 ns/op
WorkloadActual   2: 16777216 op, 1429536700.00 ns, 85.2070 ns/op
WorkloadActual   3: 16777216 op, 1458597600.00 ns, 86.9392 ns/op
WorkloadActual   4: 16777216 op, 1581156300.00 ns, 94.2443 ns/op
WorkloadActual   5: 16777216 op, 1600143200.00 ns, 95.3760 ns/op
WorkloadActual   6: 16777216 op, 1615043700.00 ns, 96.2641 ns/op
WorkloadActual   7: 16777216 op, 1582018600.00 ns, 94.2957 ns/op
WorkloadActual   8: 16777216 op, 1598919300.00 ns, 95.3030 ns/op
WorkloadActual   9: 16777216 op, 1661026300.00 ns, 99.0049 ns/op
WorkloadActual  10: 16777216 op, 1559973700.00 ns, 92.9817 ns/op
WorkloadActual  11: 16777216 op, 1599599700.00 ns, 95.3436 ns/op
WorkloadActual  12: 16777216 op, 1612624300.00 ns, 96.1199 ns/op
WorkloadActual  13: 16777216 op, 1603127000.00 ns, 95.5538 ns/op
WorkloadActual  14: 16777216 op, 1648661400.00 ns, 98.2679 ns/op
WorkloadActual  15: 16777216 op, 1145190300.00 ns, 68.2587 ns/op

WorkloadResult   1: 16777216 op, 1463703800.00 ns, 87.2435 ns/op
WorkloadResult   2: 16777216 op, 1408072600.00 ns, 83.9277 ns/op
WorkloadResult   3: 16777216 op, 1437133500.00 ns, 85.6598 ns/op
WorkloadResult   4: 16777216 op, 1559692200.00 ns, 92.9649 ns/op
WorkloadResult   5: 16777216 op, 1578679100.00 ns, 94.0966 ns/op
WorkloadResult   6: 16777216 op, 1593579600.00 ns, 94.9847 ns/op
WorkloadResult   7: 16777216 op, 1560554500.00 ns, 93.0163 ns/op
WorkloadResult   8: 16777216 op, 1577455200.00 ns, 94.0237 ns/op
WorkloadResult   9: 16777216 op, 1639562200.00 ns, 97.7255 ns/op
WorkloadResult  10: 16777216 op, 1538509600.00 ns, 91.7023 ns/op
WorkloadResult  11: 16777216 op, 1578135600.00 ns, 94.0642 ns/op
WorkloadResult  12: 16777216 op, 1591160200.00 ns, 94.8405 ns/op
WorkloadResult  13: 16777216 op, 1581662900.00 ns, 94.2745 ns/op
WorkloadResult  14: 16777216 op, 1627197300.00 ns, 96.9885 ns/op
WorkloadResult  15: 16777216 op, 1123726200.00 ns, 66.9793 ns/op
// GC:  0 0 0 2304 16777216
// Threading:  0 0 16777216


Mean = 90.833 ns, StdErr = 1.986 ns (2.19%), N = 15, StdDev = 7.691 ns
Min = 66.979 ns, Q1 = 89.473 ns, Median = 94.024 ns, Q3 = 94.557 ns, Max = 97.726 ns
IQR = 5.085 ns, LowerFence = 81.846 ns, UpperFence = 102.184 ns
ConfidenceInterval = [82.610 ns; 99.055 ns] (CI 99.9%), Margin = 8.223 ns (9.05% of Mean)
Skewness = -1.94, Kurtosis = 6.32, MValue = 2.67

// ** Remained 0 (0.0%) benchmark(s) to run. Estimated finish 2026-09-08 4:19 (0h 0m from now) **
Successfully reverted power plan (GUID: 8c5e7fda-e8bf-4a96-9a85-a6e23a8c635c FriendlyName: High performance)
// ***** BenchmarkRunner: Finish  *****

// * Export *
  .artifacts\deserialized-null\runtime-flag\measure\A1\Memory\results\Dekaf.Benchmarks.Diagnostics.DiagnosticBenchmarks-report.csv
  .artifacts\deserialized-null\runtime-flag\measure\A1\Memory\results\Dekaf.Benchmarks.Diagnostics.DiagnosticBenchmarks-report-github.md
  .artifacts\deserialized-null\runtime-flag\measure\A1\Memory\results\Dekaf.Benchmarks.Diagnostics.DiagnosticBenchmarks-report.html
  .artifacts\deserialized-null\runtime-flag\measure\A1\Memory\results\Dekaf.Benchmarks.Diagnostics.DiagnosticBenchmarks-report-full.json

// * Detailed results *
DiagnosticBenchmarks.Memory: Job-WYZZKU(OutlierMode=DontRemove, Affinity=00000000000000000100, Toolchain=InProcessEmitToolchain, InvocationCount=16777216, IterationCount=15, UnrollFactor=1, WarmupCount=10)
Runtime = ; GC = 
Mean = 90.833 ns, StdErr = 1.986 ns (2.19%), N = 15, StdDev = 7.691 ns
Min = 66.979 ns, Q1 = 89.473 ns, Median = 94.024 ns, Q3 = 94.557 ns, Max = 97.726 ns
IQR = 5.085 ns, LowerFence = 81.846 ns, UpperFence = 102.184 ns
ConfidenceInterval = [82.610 ns; 99.055 ns] (CI 99.9%), Margin = 8.223 ns (9.05% of Mean)
Skewness = -1.94, Kurtosis = 6.32, MValue = 2.67
-------------------- Histogram --------------------
[62.886 ns ; 71.073 ns) | @
[71.073 ns ; 81.492 ns) | 
[81.492 ns ; 90.621 ns) | @@@
[90.621 ns ; 98.807 ns) | @@@@@@@@@@@
---------------------------------------------------

// * Summary *

BenchmarkDotNet v0.15.8, Windows 11 (10.0.26200.9168/25H2/2025Update/HudsonValley2)
12th Gen Intel Core i7-12700K 3.60GHz, 1 CPU, 20 logical and 12 physical cores
.NET SDK 10.0.400
  [Host] : .NET 10.0.11 (10.0.11, 10.0.1126.37416), X64 RyuJIT x86-64-v3

OutlierMode=DontRemove  Affinity=00000000000000000100  Toolchain=InProcessEmitToolchain  
InvocationCount=16777216  IterationCount=15  UnrollFactor=1  
WarmupCount=10  

| Method | Mean     | Error    | StdDev   | Allocated |
|------- |---------:|---------:|---------:|----------:|
| Memory | 90.83 ns | 8.223 ns | 7.691 ns |         - |

// * Hints *
Outliers
  DiagnosticBenchmarks.Memory: OutlierMode=DontRemove, Affinity=00000000000000000100, Toolchain=InProcessEmitToolchain, InvocationCount=16777216, IterationCount=15, UnrollFactor=1, WarmupCount=10 -> 1 outlier  was  detected (68.26 ns)

// * Legends *
  Mean      : Arithmetic mean of all measurements
  Error     : Half of 99.9% confidence interval
  StdDev    : Standard deviation of all measurements
  Allocated : Allocated memory per single operation (managed only, inclusive, 1KB = 1024B)
  1 ns      : 1 Nanosecond (0.000000001 sec)

// * Diagnostic Output - MemoryDiagnoser *


// ***** BenchmarkRunner: End *****
Run time: 00:00:59 (59.08 sec), executed benchmarks: 1

Global total time: 00:01:00 (60.55 sec), executed benchmarks: 1
// * Artifacts cleanup *
Artifacts cleanup is finished
