// Validating benchmarks:
// ***** BenchmarkRunner: Start   *****
// ***** Found 1 benchmark(s) in total *****
// ***** Building 1 exe(s) in Parallel: Start   *****
// ***** Done, took 00:00:00 (0.02 sec)   *****
// Found 1 benchmarks:
//   DiagnosticBenchmarks.ByteArray: Job-WYZZKU(OutlierMode=DontRemove, Affinity=00000000000000000100, Toolchain=InProcessEmitToolchain, InvocationCount=16777216, IterationCount=15, UnrollFactor=1, WarmupCount=10)

Setup power plan (GUID: 8c5e7fda-e8bf-4a96-9a85-a6e23a8c635c FriendlyName: High performance)
// **************************
// Benchmark: DiagnosticBenchmarks.ByteArray: Job-WYZZKU(OutlierMode=DontRemove, Affinity=00000000000000000100, Toolchain=InProcessEmitToolchain, InvocationCount=16777216, IterationCount=15, UnrollFactor=1, WarmupCount=10)
// *** Execute ***
// Launch: 1 / 1

// Benchmark Process Environment Information:
// BenchmarkDotNet v0.15.8
// Runtime=.NET 10.0.11 (10.0.11, 10.0.1126.37416), X64 RyuJIT x86-64-v3
// GC=Concurrent Workstation
// HardwareIntrinsics=AVX2+BMI1+BMI2+F16C+FMA+LZCNT+MOVBE,AVX,SSE3+SSSE3+SSE4.1+SSE4.2+POPCNT,X86Base+SSE+SSE2,AES+PCLMUL,AvxVnni,SERIALIZE VectorSize=256
// Job: Job-WYZZKU(OutlierMode=DontRemove, Affinity=00000000000000000100, Toolchain=InProcessEmitToolchain, InvocationCount=16777216, IterationCount=15, UnrollFactor=1, WarmupCount=10)

SIZES string=16 number=8 nullable=12 array=16 raw=24 memory=24 segment=24
WARM seconds=1.000012 operations=20228135 jit=2253 jitMs=160.010400 threads=11 pending=0 cpuMs=1265.625000 gc0=2 gc1=2 gc2=2 heap=472896 rss=60350464
WARM seconds=2.000003 operations=40930760 jit=2255 jitMs=160.187900 threads=11 pending=0 cpuMs=2265.625000 gc0=2 gc1=2 gc2=2 heap=481120 rss=60022784
WARM seconds=3.000003 operations=61687079 jit=2255 jitMs=160.187900 threads=11 pending=0 cpuMs=3265.625000 gc0=2 gc1=2 gc2=2 heap=481120 rss=60018688
WARM seconds=4.000013 operations=81949839 jit=2255 jitMs=160.187900 threads=11 pending=0 cpuMs=4250.000000 gc0=2 gc1=2 gc2=2 heap=489344 rss=60518400
WARM seconds=5.000004 operations=101930607 jit=2255 jitMs=160.187900 threads=11 pending=0 cpuMs=5234.375000 gc0=2 gc1=2 gc2=2 heap=489344 rss=60538880
WARM seconds=6.000006 operations=122209462 jit=2255 jitMs=160.187900 threads=11 pending=0 cpuMs=6203.125000 gc0=2 gc1=2 gc2=2 heap=497568 rss=60538880
WARM seconds=7.000006 operations=142391490 jit=2255 jitMs=160.187900 threads=11 pending=0 cpuMs=7203.125000 gc0=2 gc1=2 gc2=2 heap=497568 rss=60674048
WARM seconds=8.000004 operations=160322091 jit=2269 jitMs=162.775800 threads=11 pending=0 cpuMs=8203.125000 gc0=2 gc1=2 gc2=2 heap=505792 rss=60600320
WARM seconds=9.000005 operations=178284272 jit=2269 jitMs=162.775800 threads=11 pending=0 cpuMs=9187.500000 gc0=2 gc1=2 gc2=2 heap=505792 rss=60600320
WARM seconds=10.000003 operations=196228936 jit=2269 jitMs=162.775800 threads=11 pending=0 cpuMs=10171.875000 gc0=2 gc1=2 gc2=2 heap=514016 rss=60600320
WARM seconds=11.000003 operations=214345699 jit=2269 jitMs=162.775800 threads=11 pending=0 cpuMs=11171.875000 gc0=2 gc1=2 gc2=2 heap=514016 rss=60600320
WARM seconds=12.000004 operations=234605551 jit=2291 jitMs=167.876000 threads=11 pending=0 cpuMs=12187.500000 gc0=2 gc1=2 gc2=2 heap=522240 rss=60739584
WARM seconds=13.000003 operations=255334985 jit=2291 jitMs=167.876000 threads=11 pending=0 cpuMs=13171.875000 gc0=2 gc1=2 gc2=2 heap=530464 rss=60805120
WARM seconds=14.000006 operations=275688129 jit=2291 jitMs=167.876000 threads=11 pending=0 cpuMs=14156.250000 gc0=2 gc1=2 gc2=2 heap=530464 rss=60805120
WARM seconds=15.000004 operations=295708994 jit=2291 jitMs=167.876000 threads=11 pending=0 cpuMs=15125.000000 gc0=2 gc1=2 gc2=2 heap=538688 rss=61497344
WARM seconds=16.000005 operations=316042574 jit=2291 jitMs=167.876000 threads=11 pending=0 cpuMs=16062.500000 gc0=2 gc1=2 gc2=2 heap=538688 rss=61513728
WARM seconds=17.000003 operations=336144541 jit=2291 jitMs=167.876000 threads=11 pending=0 cpuMs=17062.500000 gc0=2 gc1=2 gc2=2 heap=546912 rss=61513728
WARM seconds=18.000004 operations=356623571 jit=2291 jitMs=167.876000 threads=11 pending=0 cpuMs=18046.875000 gc0=2 gc1=2 gc2=2 heap=546912 rss=61513728
WARM seconds=19.000004 operations=377235521 jit=2291 jitMs=167.876000 threads=11 pending=0 cpuMs=19015.625000 gc0=2 gc1=2 gc2=2 heap=555136 rss=61513728
RAW operations=1000 bytes=0 sink=371401366
OverheadJitting  1: 1 op, 173100.00 ns, 173.1000 us/op
WorkloadJitting  1: 1 op, 142300.00 ns, 142.3000 us/op

OverheadWarmup   1: 16777216 op, 21551100.00 ns, 1.2845 ns/op
OverheadWarmup   2: 16777216 op, 21178800.00 ns, 1.2624 ns/op
OverheadWarmup   3: 16777216 op, 21956000.00 ns, 1.3087 ns/op
OverheadWarmup   4: 16777216 op, 21412900.00 ns, 1.2763 ns/op
OverheadWarmup   5: 16777216 op, 21928400.00 ns, 1.3070 ns/op
OverheadWarmup   6: 16777216 op, 21250500.00 ns, 1.2666 ns/op

OverheadActual   1: 16777216 op, 21566400.00 ns, 1.2855 ns/op
OverheadActual   2: 16777216 op, 21044000.00 ns, 1.2543 ns/op
OverheadActual   3: 16777216 op, 21597600.00 ns, 1.2873 ns/op
OverheadActual   4: 16777216 op, 21166300.00 ns, 1.2616 ns/op
OverheadActual   5: 16777216 op, 21451100.00 ns, 1.2786 ns/op
OverheadActual   6: 16777216 op, 21451100.00 ns, 1.2786 ns/op
OverheadActual   7: 16777216 op, 21357700.00 ns, 1.2730 ns/op
OverheadActual   8: 16777216 op, 21400800.00 ns, 1.2756 ns/op
OverheadActual   9: 16777216 op, 21245300.00 ns, 1.2663 ns/op
OverheadActual  10: 16777216 op, 21309400.00 ns, 1.2701 ns/op
OverheadActual  11: 16777216 op, 21344300.00 ns, 1.2722 ns/op
OverheadActual  12: 16777216 op, 21254400.00 ns, 1.2669 ns/op
OverheadActual  13: 16777216 op, 21432300.00 ns, 1.2775 ns/op
OverheadActual  14: 16777216 op, 21719700.00 ns, 1.2946 ns/op
OverheadActual  15: 16777216 op, 21284500.00 ns, 1.2687 ns/op

WorkloadWarmup   1: 16777216 op, 1074940000.00 ns, 64.0714 ns/op
WorkloadWarmup   2: 16777216 op, 1098427100.00 ns, 65.4714 ns/op
WorkloadWarmup   3: 16777216 op, 1095594300.00 ns, 65.3025 ns/op
WorkloadWarmup   4: 16777216 op, 1058086100.00 ns, 63.0668 ns/op
WorkloadWarmup   5: 16777216 op, 1003224600.00 ns, 59.7968 ns/op
WorkloadWarmup   6: 16777216 op, 1063175800.00 ns, 63.3702 ns/op
WorkloadWarmup   7: 16777216 op, 1049640400.00 ns, 62.5634 ns/op
WorkloadWarmup   8: 16777216 op, 1136613100.00 ns, 67.7474 ns/op
WorkloadWarmup   9: 16777216 op, 1037842600.00 ns, 61.8602 ns/op
WorkloadWarmup  10: 16777216 op, 1061042200.00 ns, 63.2430 ns/op

WorkloadActual   1: 16777216 op, 1110941800.00 ns, 66.2173 ns/op
WorkloadActual   2: 16777216 op, 1173945500.00 ns, 69.9726 ns/op
WorkloadActual   3: 16777216 op, 1073982100.00 ns, 64.0143 ns/op
WorkloadActual   4: 16777216 op, 976604700.00 ns, 58.2102 ns/op
WorkloadActual   5: 16777216 op, 92155800.00 ns, 5.4929 ns/op
WorkloadActual   6: 16777216 op, 95947100.00 ns, 5.7189 ns/op
WorkloadActual   7: 16777216 op, 94494100.00 ns, 5.6323 ns/op
WorkloadActual   8: 16777216 op, 96862700.00 ns, 5.7735 ns/op
WorkloadActual   9: 16777216 op, 95137700.00 ns, 5.6706 ns/op
WorkloadActual  10: 16777216 op, 81428800.00 ns, 4.8535 ns/op
WorkloadActual  11: 16777216 op, 58833100.00 ns, 3.5067 ns/op
WorkloadActual  12: 16777216 op, 57869800.00 ns, 3.4493 ns/op
WorkloadActual  13: 16777216 op, 58154600.00 ns, 3.4663 ns/op
WorkloadActual  14: 16777216 op, 58559600.00 ns, 3.4904 ns/op
WorkloadActual  15: 16777216 op, 58826500.00 ns, 3.5063 ns/op

WorkloadResult   1: 16777216 op, 1089584100.00 ns, 64.9443 ns/op
WorkloadResult   2: 16777216 op, 1152587800.00 ns, 68.6996 ns/op
WorkloadResult   3: 16777216 op, 1052624400.00 ns, 62.7413 ns/op
WorkloadResult   4: 16777216 op, 955247000.00 ns, 56.9372 ns/op
WorkloadResult   5: 16777216 op, 70798100.00 ns, 4.2199 ns/op
WorkloadResult   6: 16777216 op, 74589400.00 ns, 4.4459 ns/op
WorkloadResult   7: 16777216 op, 73136400.00 ns, 4.3593 ns/op
WorkloadResult   8: 16777216 op, 75505000.00 ns, 4.5004 ns/op
WorkloadResult   9: 16777216 op, 73780000.00 ns, 4.3976 ns/op
WorkloadResult  10: 16777216 op, 60071100.00 ns, 3.5805 ns/op
WorkloadResult  11: 16777216 op, 37475400.00 ns, 2.2337 ns/op
WorkloadResult  12: 16777216 op, 36512100.00 ns, 2.1763 ns/op
WorkloadResult  13: 16777216 op, 36796900.00 ns, 2.1933 ns/op
WorkloadResult  14: 16777216 op, 37201900.00 ns, 2.2174 ns/op
WorkloadResult  15: 16777216 op, 37468800.00 ns, 2.2333 ns/op
// GC:  0 0 0 2304 16777216
// Threading:  0 0 16777216


Mean = 19.325 ns, StdErr = 7.120 ns (36.85%), N = 15, StdDev = 27.577 ns
Min = 2.176 ns, Q1 = 2.234 ns, Median = 4.359 ns, Q3 = 30.719 ns, Max = 68.700 ns
IQR = 28.485 ns, LowerFence = -40.494 ns, UpperFence = 73.447 ns
ConfidenceInterval = [-10.156 ns; 48.807 ns] (CI 99.9%), Margin = 29.482 ns (152.56% of Mean)
Skewness = 0.97, Kurtosis = 1.91, MValue = 2.73

// ** Remained 0 (0.0%) benchmark(s) to run. Estimated finish 2026-09-08 4:29 (0h 0m from now) **
Successfully reverted power plan (GUID: 8c5e7fda-e8bf-4a96-9a85-a6e23a8c635c FriendlyName: High performance)
// ***** BenchmarkRunner: Finish  *****

// * Export *
  .artifacts\deserialized-null\runtime-flag\measure\A2\ByteArray\results\Dekaf.Benchmarks.Diagnostics.DiagnosticBenchmarks-report.csv
  .artifacts\deserialized-null\runtime-flag\measure\A2\ByteArray\results\Dekaf.Benchmarks.Diagnostics.DiagnosticBenchmarks-report-github.md
  .artifacts\deserialized-null\runtime-flag\measure\A2\ByteArray\results\Dekaf.Benchmarks.Diagnostics.DiagnosticBenchmarks-report.html
  .artifacts\deserialized-null\runtime-flag\measure\A2\ByteArray\results\Dekaf.Benchmarks.Diagnostics.DiagnosticBenchmarks-report-full.json

// * Detailed results *
DiagnosticBenchmarks.ByteArray: Job-WYZZKU(OutlierMode=DontRemove, Affinity=00000000000000000100, Toolchain=InProcessEmitToolchain, InvocationCount=16777216, IterationCount=15, UnrollFactor=1, WarmupCount=10)
Runtime = ; GC = 
Mean = 19.325 ns, StdErr = 7.120 ns (36.85%), N = 15, StdDev = 27.577 ns
Min = 2.176 ns, Q1 = 2.234 ns, Median = 4.359 ns, Q3 = 30.719 ns, Max = 68.700 ns
IQR = 28.485 ns, LowerFence = -40.494 ns, UpperFence = 73.447 ns
ConfidenceInterval = [-10.156 ns; 48.807 ns] (CI 99.9%), Margin = 29.482 ns (152.56% of Mean)
Skewness = 0.97, Kurtosis = 1.91, MValue = 2.73
-------------------- Histogram --------------------
[ 2.176 ns ; 18.015 ns) | @@@@@@@@@@@
[18.015 ns ; 48.142 ns) | 
[48.142 ns ; 77.495 ns) | @@@@
---------------------------------------------------

// * Summary *

BenchmarkDotNet v0.15.8, Windows 11 (10.0.26200.9168/25H2/2025Update/HudsonValley2)
12th Gen Intel Core i7-12700K 3.60GHz, 1 CPU, 20 logical and 12 physical cores
.NET SDK 10.0.400
  [Host] : .NET 10.0.11 (10.0.11, 10.0.1126.37416), X64 RyuJIT x86-64-v3

OutlierMode=DontRemove  Affinity=00000000000000000100  Toolchain=InProcessEmitToolchain  
InvocationCount=16777216  IterationCount=15  UnrollFactor=1  
WarmupCount=10  

| Method    | Mean     | Error    | StdDev   | Median   | Allocated |
|---------- |---------:|---------:|---------:|---------:|----------:|
| ByteArray | 19.33 ns | 29.48 ns | 27.58 ns | 4.359 ns |         - |

// * Warnings *
MinIterationTime
  DiagnosticBenchmarks.ByteArray: OutlierMode=DontRemove, Affinity=00000000000000000100, Toolchain=InProcessEmitToolchain, InvocationCount=16777216, IterationCount=15, UnrollFactor=1, WarmupCount=10 -> The minimum observed iteration time is 57.87ms which is very small. It's recommended to increase it to at least 100ms using more operations.

// * Legends *
  Mean      : Arithmetic mean of all measurements
  Error     : Half of 99.9% confidence interval
  StdDev    : Standard deviation of all measurements
  Median    : Value separating the higher half of all measurements (50th percentile)
  Allocated : Allocated memory per single operation (managed only, inclusive, 1KB = 1024B)
  1 ns      : 1 Nanosecond (0.000000001 sec)

// * Diagnostic Output - MemoryDiagnoser *


// ***** BenchmarkRunner: End *****
Run time: 00:00:37 (37.04 sec), executed benchmarks: 1

Global total time: 00:00:38 (38.69 sec), executed benchmarks: 1
// * Artifacts cleanup *
Artifacts cleanup is finished
