// Validating benchmarks:
// ***** BenchmarkRunner: Start   *****
// ***** Found 7 benchmark(s) in total *****
// ***** Building 1 exe(s) in Parallel: Start   *****
// ***** Done, took 00:00:00 (0.07 sec)   *****
// Found 7 benchmarks:
//   ShareConsumerParsingBenchmarks.ParseSynchronousBatch: DryB(OutlierMode=DontRemove, Toolchain=InProcessEmitToolchain, IterationCount=1, LaunchCount=1, RunStrategy=ColdStart, UnrollFactor=1, WarmupCount=1) [RecordCount=1024, HeaderCount=0]
//   ShareConsumerParsingBenchmarks.ParseWarmPreparedBatch: DryB(OutlierMode=DontRemove, Toolchain=InProcessEmitToolchain, IterationCount=1, LaunchCount=1, RunStrategy=ColdStart, UnrollFactor=1, WarmupCount=1) [RecordCount=1024, HeaderCount=0]
//   ShareConsumerParsingBenchmarks.TraverseRetainedBatch: DryB(OutlierMode=DontRemove, Toolchain=InProcessEmitToolchain, IterationCount=1, LaunchCount=1, RunStrategy=ColdStart, UnrollFactor=1, WarmupCount=1) [RecordCount=1024, HeaderCount=0]
//   ShareConsumerParsingBenchmarks.ParseBorrowedSynchronousBatch: DryB(OutlierMode=DontRemove, Toolchain=InProcessEmitToolchain, IterationCount=1, LaunchCount=1, RunStrategy=ColdStart, UnrollFactor=1, WarmupCount=1) [RecordCount=1024, HeaderCount=0]
//   ShareConsumerParsingBenchmarks.ParseBorrowedWarmPreparedBatch: DryB(OutlierMode=DontRemove, Toolchain=InProcessEmitToolchain, IterationCount=1, LaunchCount=1, RunStrategy=ColdStart, UnrollFactor=1, WarmupCount=1) [RecordCount=1024, HeaderCount=0]
//   ShareConsumerParsingBenchmarks.ParseBorrowedColdPreparedBatch: DryB(OutlierMode=DontRemove, Toolchain=InProcessEmitToolchain, IterationCount=1, LaunchCount=1, RunStrategy=ColdStart, UnrollFactor=1, WarmupCount=1) [RecordCount=1024, HeaderCount=0]
//   ShareConsumerParsingBenchmarks.ParseColdPreparedBatch: DryB(OutlierMode=DontRemove, Toolchain=InProcessEmitToolchain, IterationCount=1, LaunchCount=1, RunStrategy=ColdStart, UnrollFactor=1, WarmupCount=1) [RecordCount=1024, HeaderCount=0]

// **************************
// Benchmark: ShareConsumerParsingBenchmarks.ParseSynchronousBatch: DryB(OutlierMode=DontRemove, Toolchain=InProcessEmitToolchain, IterationCount=1, LaunchCount=1, RunStrategy=ColdStart, UnrollFactor=1, WarmupCount=1) [RecordCount=1024, HeaderCount=0]
// *** Execute ***
// Launch: 1 / 1
// ! Failed to set up priority High for process System.Diagnostics.Process (dotnet). Make sure you have the right permissions. Message: Permission denied

// Benchmark Process Environment Information:
// BenchmarkDotNet v0.15.8
// Runtime=.NET 10.0.11 (10.0.11, 10.0.1126.37416), X64 RyuJIT x86-64-v3
// GC=Concurrent Workstation
// HardwareIntrinsics=AVX2+BMI1+BMI2+F16C+FMA+LZCNT+MOVBE,AVX,SSE3+SSSE3+SSE4.1+SSE4.2+POPCNT,X86Base+SSE+SSE2,AES+PCLMUL VectorSize=256
// Job: Job-XVLBGX(OutlierMode=DontRemove, Toolchain=InProcessEmitToolchain, IterationCount=1, LaunchCount=1, RunStrategy=ColdStart, UnrollFactor=1, WarmupCount=1)

WorkloadActual   1: 1 op, 618172.00 ns, 618.1720 us/op

WorkloadResult   1: 1 op, 618172.00 ns, 618.1720 us/op
// GC:  0 0 0 90448 1
// Threading:  0 0 1


Mean = 618.172 us, StdErr = 0.000 us (0.00%), N = 1, StdDev = 0.000 us
Min = 618.172 us, Q1 = 618.172 us, Median = 618.172 us, Q3 = 618.172 us, Max = 618.172 us
IQR = 0.000 us, LowerFence = 618.172 us, UpperFence = 618.172 us
ConfidenceInterval = [NaN us; NaN us] (CI 99.9%), Margin = NaN us (NaN% of Mean)
Skewness = NaN, Kurtosis = NaN, MValue = 2

// ** Remained 6 (85.7 %) benchmark(s) to run. Estimated finish 2026-09-07 17:04 (0h 0m from now) **
// **************************
// Benchmark: ShareConsumerParsingBenchmarks.ParseWarmPreparedBatch: DryB(OutlierMode=DontRemove, Toolchain=InProcessEmitToolchain, IterationCount=1, LaunchCount=1, RunStrategy=ColdStart, UnrollFactor=1, WarmupCount=1) [RecordCount=1024, HeaderCount=0]
// *** Execute ***
// Launch: 1 / 1
// ! Failed to set up priority High for process System.Diagnostics.Process (dotnet). Make sure you have the right permissions. Message: Permission denied

// Benchmark Process Environment Information:
// BenchmarkDotNet v0.15.8
// Runtime=.NET 10.0.11 (10.0.11, 10.0.1126.37416), X64 RyuJIT x86-64-v3
// GC=Concurrent Workstation
// HardwareIntrinsics=AVX2+BMI1+BMI2+F16C+FMA+LZCNT+MOVBE,AVX,SSE3+SSSE3+SSE4.1+SSE4.2+POPCNT,X86Base+SSE+SSE2,AES+PCLMUL VectorSize=256
// Job: Job-XVLBGX(OutlierMode=DontRemove, Toolchain=InProcessEmitToolchain, IterationCount=1, LaunchCount=1, RunStrategy=ColdStart, UnrollFactor=1, WarmupCount=1)

WorkloadActual   1: 1 op, 489240.00 ns, 489.2400 us/op

WorkloadResult   1: 1 op, 489240.00 ns, 489.2400 us/op
// GC:  0 0 0 90328 1
// Threading:  0 0 1


Mean = 489.240 us, StdErr = 0.000 us (0.00%), N = 1, StdDev = 0.000 us
Min = 489.240 us, Q1 = 489.240 us, Median = 489.240 us, Q3 = 489.240 us, Max = 489.240 us
IQR = 0.000 us, LowerFence = 489.240 us, UpperFence = 489.240 us
ConfidenceInterval = [NaN us; NaN us] (CI 99.9%), Margin = NaN us (NaN% of Mean)
Skewness = NaN, Kurtosis = NaN, MValue = 2

// ** Remained 5 (71.4 %) benchmark(s) to run. Estimated finish 2026-09-07 17:04 (0h 0m from now) **
// **************************
// Benchmark: ShareConsumerParsingBenchmarks.TraverseRetainedBatch: DryB(OutlierMode=DontRemove, Toolchain=InProcessEmitToolchain, IterationCount=1, LaunchCount=1, RunStrategy=ColdStart, UnrollFactor=1, WarmupCount=1) [RecordCount=1024, HeaderCount=0]
// *** Execute ***
// Launch: 1 / 1
// ! Failed to set up priority High for process System.Diagnostics.Process (dotnet). Make sure you have the right permissions. Message: Permission denied

// Benchmark Process Environment Information:
// BenchmarkDotNet v0.15.8
// Runtime=.NET 10.0.11 (10.0.11, 10.0.1126.37416), X64 RyuJIT x86-64-v3
// GC=Concurrent Workstation
// HardwareIntrinsics=AVX2+BMI1+BMI2+F16C+FMA+LZCNT+MOVBE,AVX,SSE3+SSSE3+SSE4.1+SSE4.2+POPCNT,X86Base+SSE+SSE2,AES+PCLMUL VectorSize=256
// Job: Job-XVLBGX(OutlierMode=DontRemove, Toolchain=InProcessEmitToolchain, IterationCount=1, LaunchCount=1, RunStrategy=ColdStart, UnrollFactor=1, WarmupCount=1)

WorkloadActual   1: 1 op, 227948.00 ns, 227.9480 us/op

WorkloadResult   1: 1 op, 227948.00 ns, 227.9480 us/op
// GC:  0 0 0 0 1
// Threading:  0 0 1


Mean = 227.948 us, StdErr = 0.000 us (0.00%), N = 1, StdDev = 0.000 us
Min = 227.948 us, Q1 = 227.948 us, Median = 227.948 us, Q3 = 227.948 us, Max = 227.948 us
IQR = 0.000 us, LowerFence = 227.948 us, UpperFence = 227.948 us
ConfidenceInterval = [NaN us; NaN us] (CI 99.9%), Margin = NaN us (NaN% of Mean)
Skewness = NaN, Kurtosis = NaN, MValue = 2

// ** Remained 4 (57.1 %) benchmark(s) to run. Estimated finish 2026-09-07 17:04 (0h 0m from now) **
// **************************
// Benchmark: ShareConsumerParsingBenchmarks.ParseBorrowedSynchronousBatch: DryB(OutlierMode=DontRemove, Toolchain=InProcessEmitToolchain, IterationCount=1, LaunchCount=1, RunStrategy=ColdStart, UnrollFactor=1, WarmupCount=1) [RecordCount=1024, HeaderCount=0]
// *** Execute ***
// Launch: 1 / 1
// ! Failed to set up priority High for process System.Diagnostics.Process (dotnet). Make sure you have the right permissions. Message: Permission denied

// Benchmark Process Environment Information:
// BenchmarkDotNet v0.15.8
// Runtime=.NET 10.0.11 (10.0.11, 10.0.1126.37416), X64 RyuJIT x86-64-v3
// GC=Concurrent Workstation
// HardwareIntrinsics=AVX2+BMI1+BMI2+F16C+FMA+LZCNT+MOVBE,AVX,SSE3+SSSE3+SSE4.1+SSE4.2+POPCNT,X86Base+SSE+SSE2,AES+PCLMUL VectorSize=256
// Job: Job-XVLBGX(OutlierMode=DontRemove, Toolchain=InProcessEmitToolchain, IterationCount=1, LaunchCount=1, RunStrategy=ColdStart, UnrollFactor=1, WarmupCount=1)

WorkloadActual   1: 1 op, 1099386.00 ns, 1.0994 ms/op

WorkloadResult   1: 1 op, 1099386.00 ns, 1.0994 ms/op
// GC:  0 0 0 128 1
// Threading:  0 0 1


Mean = 1.099 ms, StdErr = 0.000 ms (0.00%), N = 1, StdDev = 0.000 ms
Min = 1.099 ms, Q1 = 1.099 ms, Median = 1.099 ms, Q3 = 1.099 ms, Max = 1.099 ms
IQR = 0.000 ms, LowerFence = 1.099 ms, UpperFence = 1.099 ms
ConfidenceInterval = [NaN ms; NaN ms] (CI 99.9%), Margin = NaN ms (NaN% of Mean)
Skewness = NaN, Kurtosis = NaN, MValue = 2

// ** Remained 3 (42.9 %) benchmark(s) to run. Estimated finish 2026-09-07 17:04 (0h 0m from now) **
// **************************
// Benchmark: ShareConsumerParsingBenchmarks.ParseBorrowedWarmPreparedBatch: DryB(OutlierMode=DontRemove, Toolchain=InProcessEmitToolchain, IterationCount=1, LaunchCount=1, RunStrategy=ColdStart, UnrollFactor=1, WarmupCount=1) [RecordCount=1024, HeaderCount=0]
// *** Execute ***
// Launch: 1 / 1
// ! Failed to set up priority High for process System.Diagnostics.Process (dotnet). Make sure you have the right permissions. Message: Permission denied

// Benchmark Process Environment Information:
// BenchmarkDotNet v0.15.8
// Runtime=.NET 10.0.11 (10.0.11, 10.0.1126.37416), X64 RyuJIT x86-64-v3
// GC=Concurrent Workstation
// HardwareIntrinsics=AVX2+BMI1+BMI2+F16C+FMA+LZCNT+MOVBE,AVX,SSE3+SSSE3+SSE4.1+SSE4.2+POPCNT,X86Base+SSE+SSE2,AES+PCLMUL VectorSize=256
// Job: Job-XVLBGX(OutlierMode=DontRemove, Toolchain=InProcessEmitToolchain, IterationCount=1, LaunchCount=1, RunStrategy=ColdStart, UnrollFactor=1, WarmupCount=1)

WorkloadActual   1: 1 op, 457560.00 ns, 457.5600 us/op

WorkloadResult   1: 1 op, 457560.00 ns, 457.5600 us/op
// GC:  0 0 0 128 1
// Threading:  0 0 1


Mean = 457.560 us, StdErr = 0.000 us (0.00%), N = 1, StdDev = 0.000 us
Min = 457.560 us, Q1 = 457.560 us, Median = 457.560 us, Q3 = 457.560 us, Max = 457.560 us
IQR = 0.000 us, LowerFence = 457.560 us, UpperFence = 457.560 us
ConfidenceInterval = [NaN us; NaN us] (CI 99.9%), Margin = NaN us (NaN% of Mean)
Skewness = NaN, Kurtosis = NaN, MValue = 2

// ** Remained 2 (28.6 %) benchmark(s) to run. Estimated finish 2026-09-07 17:04 (0h 0m from now) **
// **************************
// Benchmark: ShareConsumerParsingBenchmarks.ParseBorrowedColdPreparedBatch: DryB(OutlierMode=DontRemove, Toolchain=InProcessEmitToolchain, IterationCount=1, LaunchCount=1, RunStrategy=ColdStart, UnrollFactor=1, WarmupCount=1) [RecordCount=1024, HeaderCount=0]
// *** Execute ***
// Launch: 1 / 1
// ! Failed to set up priority High for process System.Diagnostics.Process (dotnet). Make sure you have the right permissions. Message: Permission denied

// Benchmark Process Environment Information:
// BenchmarkDotNet v0.15.8
// Runtime=.NET 10.0.11 (10.0.11, 10.0.1126.37416), X64 RyuJIT x86-64-v3
// GC=Concurrent Workstation
// HardwareIntrinsics=AVX2+BMI1+BMI2+F16C+FMA+LZCNT+MOVBE,AVX,SSE3+SSSE3+SSE4.1+SSE4.2+POPCNT,X86Base+SSE+SSE2,AES+PCLMUL VectorSize=256
// Job: Job-XVLBGX(OutlierMode=DontRemove, Toolchain=InProcessEmitToolchain, IterationCount=1, LaunchCount=1, RunStrategy=ColdStart, UnrollFactor=1, WarmupCount=1)

WorkloadActual   1: 1 op, 1735080.00 ns, 1.7351 ms/op

WorkloadResult   1: 1 op, 1735080.00 ns, 1.7351 ms/op
// GC:  0 0 0 4024 1
// Threading:  1 0 1


Mean = 1.735 ms, StdErr = 0.000 ms (0.00%), N = 1, StdDev = 0.000 ms
Min = 1.735 ms, Q1 = 1.735 ms, Median = 1.735 ms, Q3 = 1.735 ms, Max = 1.735 ms
IQR = 0.000 ms, LowerFence = 1.735 ms, UpperFence = 1.735 ms
ConfidenceInterval = [NaN ms; NaN ms] (CI 99.9%), Margin = NaN ms (NaN% of Mean)
Skewness = NaN, Kurtosis = NaN, MValue = 2

// ** Remained 1 (14.3 %) benchmark(s) to run. Estimated finish 2026-09-07 17:04 (0h 0m from now) **
// **************************
// Benchmark: ShareConsumerParsingBenchmarks.ParseColdPreparedBatch: DryB(OutlierMode=DontRemove, Toolchain=InProcessEmitToolchain, IterationCount=1, LaunchCount=1, RunStrategy=ColdStart, UnrollFactor=1, WarmupCount=1) [RecordCount=1024, HeaderCount=0]
// *** Execute ***
// Launch: 1 / 1
// ! Failed to set up priority High for process System.Diagnostics.Process (dotnet). Make sure you have the right permissions. Message: Permission denied

// Benchmark Process Environment Information:
// BenchmarkDotNet v0.15.8
// Runtime=.NET 10.0.11 (10.0.11, 10.0.1126.37416), X64 RyuJIT x86-64-v3
// GC=Concurrent Workstation
// HardwareIntrinsics=AVX2+BMI1+BMI2+F16C+FMA+LZCNT+MOVBE,AVX,SSE3+SSSE3+SSE4.1+SSE4.2+POPCNT,X86Base+SSE+SSE2,AES+PCLMUL VectorSize=256
// Job: Job-XVLBGX(OutlierMode=DontRemove, Toolchain=InProcessEmitToolchain, IterationCount=1, LaunchCount=1, RunStrategy=ColdStart, UnrollFactor=1, WarmupCount=1)

WorkloadActual   1: 1 op, 493918.00 ns, 493.9180 us/op

WorkloadResult   1: 1 op, 493918.00 ns, 493.9180 us/op
// GC:  0 0 0 123808 1
// Threading:  1 0 1


Mean = 493.918 us, StdErr = 0.000 us (0.00%), N = 1, StdDev = 0.000 us
Min = 493.918 us, Q1 = 493.918 us, Median = 493.918 us, Q3 = 493.918 us, Max = 493.918 us
IQR = 0.000 us, LowerFence = 493.918 us, UpperFence = 493.918 us
ConfidenceInterval = [NaN us; NaN us] (CI 99.9%), Margin = NaN us (NaN% of Mean)
Skewness = NaN, Kurtosis = NaN, MValue = 2

// ** Remained 0 (0.0 %) benchmark(s) to run. Estimated finish 2026-09-07 17:04 (0h 0m from now) **
// ***** BenchmarkRunner: Finish  *****

// * Export *
  home/runner/work/Dekaf/Dekaf/aba-results/dry-B/results/Dekaf.Benchmarks.Benchmarks.Unit.ShareConsumerParsingBenchmarks-report.csv
  home/runner/work/Dekaf/Dekaf/aba-results/dry-B/results/Dekaf.Benchmarks.Benchmarks.Unit.ShareConsumerParsingBenchmarks-report-github.md
  home/runner/work/Dekaf/Dekaf/aba-results/dry-B/results/Dekaf.Benchmarks.Benchmarks.Unit.ShareConsumerParsingBenchmarks-report.html
  home/runner/work/Dekaf/Dekaf/aba-results/dry-B/results/Dekaf.Benchmarks.Benchmarks.Unit.ShareConsumerParsingBenchmarks-report-full.json

// * Detailed results *
ShareConsumerParsingBenchmarks.ParseSynchronousBatch: DryB(OutlierMode=DontRemove, Toolchain=InProcessEmitToolchain, IterationCount=1, LaunchCount=1, RunStrategy=ColdStart, UnrollFactor=1, WarmupCount=1) [RecordCount=1024, HeaderCount=0]
Runtime = ; GC = 
Mean = 618.172 us, StdErr = 0.000 us (0.00%), N = 1, StdDev = 0.000 us
Min = 618.172 us, Q1 = 618.172 us, Median = 618.172 us, Q3 = 618.172 us, Max = 618.172 us
IQR = 0.000 us, LowerFence = 618.172 us, UpperFence = 618.172 us
ConfidenceInterval = [NaN us; NaN us] (CI 99.9%), Margin = NaN us (NaN% of Mean)
Skewness = NaN, Kurtosis = NaN, MValue = 2
-------------------- Histogram --------------------
[618.172 us ; 618.173 us) | @
---------------------------------------------------

ShareConsumerParsingBenchmarks.ParseWarmPreparedBatch: DryB(OutlierMode=DontRemove, Toolchain=InProcessEmitToolchain, IterationCount=1, LaunchCount=1, RunStrategy=ColdStart, UnrollFactor=1, WarmupCount=1) [RecordCount=1024, HeaderCount=0]
Runtime = ; GC = 
Mean = 489.240 us, StdErr = 0.000 us (0.00%), N = 1, StdDev = 0.000 us
Min = 489.240 us, Q1 = 489.240 us, Median = 489.240 us, Q3 = 489.240 us, Max = 489.240 us
IQR = 0.000 us, LowerFence = 489.240 us, UpperFence = 489.240 us
ConfidenceInterval = [NaN us; NaN us] (CI 99.9%), Margin = NaN us (NaN% of Mean)
Skewness = NaN, Kurtosis = NaN, MValue = 2
-------------------- Histogram --------------------
[489.240 us ; 489.241 us) | @
---------------------------------------------------

ShareConsumerParsingBenchmarks.TraverseRetainedBatch: DryB(OutlierMode=DontRemove, Toolchain=InProcessEmitToolchain, IterationCount=1, LaunchCount=1, RunStrategy=ColdStart, UnrollFactor=1, WarmupCount=1) [RecordCount=1024, HeaderCount=0]
Runtime = ; GC = 
Mean = 227.948 us, StdErr = 0.000 us (0.00%), N = 1, StdDev = 0.000 us
Min = 227.948 us, Q1 = 227.948 us, Median = 227.948 us, Q3 = 227.948 us, Max = 227.948 us
IQR = 0.000 us, LowerFence = 227.948 us, UpperFence = 227.948 us
ConfidenceInterval = [NaN us; NaN us] (CI 99.9%), Margin = NaN us (NaN% of Mean)
Skewness = NaN, Kurtosis = NaN, MValue = 2
-------------------- Histogram --------------------
[227.947 us ; 227.948 us) | @
---------------------------------------------------

ShareConsumerParsingBenchmarks.ParseBorrowedSynchronousBatch: DryB(OutlierMode=DontRemove, Toolchain=InProcessEmitToolchain, IterationCount=1, LaunchCount=1, RunStrategy=ColdStart, UnrollFactor=1, WarmupCount=1) [RecordCount=1024, HeaderCount=0]
Runtime = ; GC = 
Mean = 1.099 ms, StdErr = 0.000 ms (0.00%), N = 1, StdDev = 0.000 ms
Min = 1.099 ms, Q1 = 1.099 ms, Median = 1.099 ms, Q3 = 1.099 ms, Max = 1.099 ms
IQR = 0.000 ms, LowerFence = 1.099 ms, UpperFence = 1.099 ms
ConfidenceInterval = [NaN ms; NaN ms] (CI 99.9%), Margin = NaN ms (NaN% of Mean)
Skewness = NaN, Kurtosis = NaN, MValue = 2
-------------------- Histogram --------------------
[1.099 ms ; 1.099 ms) | @
---------------------------------------------------

ShareConsumerParsingBenchmarks.ParseBorrowedWarmPreparedBatch: DryB(OutlierMode=DontRemove, Toolchain=InProcessEmitToolchain, IterationCount=1, LaunchCount=1, RunStrategy=ColdStart, UnrollFactor=1, WarmupCount=1) [RecordCount=1024, HeaderCount=0]
Runtime = ; GC = 
Mean = 457.560 us, StdErr = 0.000 us (0.00%), N = 1, StdDev = 0.000 us
Min = 457.560 us, Q1 = 457.560 us, Median = 457.560 us, Q3 = 457.560 us, Max = 457.560 us
IQR = 0.000 us, LowerFence = 457.560 us, UpperFence = 457.560 us
ConfidenceInterval = [NaN us; NaN us] (CI 99.9%), Margin = NaN us (NaN% of Mean)
Skewness = NaN, Kurtosis = NaN, MValue = 2
-------------------- Histogram --------------------
[457.560 us ; 457.560 us) | @
---------------------------------------------------

ShareConsumerParsingBenchmarks.ParseBorrowedColdPreparedBatch: DryB(OutlierMode=DontRemove, Toolchain=InProcessEmitToolchain, IterationCount=1, LaunchCount=1, RunStrategy=ColdStart, UnrollFactor=1, WarmupCount=1) [RecordCount=1024, HeaderCount=0]
Runtime = ; GC = 
Mean = 1.735 ms, StdErr = 0.000 ms (0.00%), N = 1, StdDev = 0.000 ms
Min = 1.735 ms, Q1 = 1.735 ms, Median = 1.735 ms, Q3 = 1.735 ms, Max = 1.735 ms
IQR = 0.000 ms, LowerFence = 1.735 ms, UpperFence = 1.735 ms
ConfidenceInterval = [NaN ms; NaN ms] (CI 99.9%), Margin = NaN ms (NaN% of Mean)
Skewness = NaN, Kurtosis = NaN, MValue = 2
-------------------- Histogram --------------------
[1.735 ms ; 1.735 ms) | @
---------------------------------------------------

ShareConsumerParsingBenchmarks.ParseColdPreparedBatch: DryB(OutlierMode=DontRemove, Toolchain=InProcessEmitToolchain, IterationCount=1, LaunchCount=1, RunStrategy=ColdStart, UnrollFactor=1, WarmupCount=1) [RecordCount=1024, HeaderCount=0]
Runtime = ; GC = 
Mean = 493.918 us, StdErr = 0.000 us (0.00%), N = 1, StdDev = 0.000 us
Min = 493.918 us, Q1 = 493.918 us, Median = 493.918 us, Q3 = 493.918 us, Max = 493.918 us
IQR = 0.000 us, LowerFence = 493.918 us, UpperFence = 493.918 us
ConfidenceInterval = [NaN us; NaN us] (CI 99.9%), Margin = NaN us (NaN% of Mean)
Skewness = NaN, Kurtosis = NaN, MValue = 2
-------------------- Histogram --------------------
[493.918 us ; 493.918 us) | @
---------------------------------------------------

// * Summary *

BenchmarkDotNet v0.15.8, Linux Ubuntu 24.04.4 LTS (Noble Numbat)
AMD EPYC 7763 2.45GHz, 1 CPU, 4 logical and 2 physical cores
.NET SDK 10.0.400
  [Host] : .NET 10.0.11 (10.0.11, 10.0.1126.37416), X64 RyuJIT x86-64-v3

Job=DryB  OutlierMode=DontRemove  Toolchain=InProcessEmitToolchain  
IterationCount=1  LaunchCount=1  RunStrategy=ColdStart  
UnrollFactor=1  WarmupCount=1  

| Method                         | RecordCount | HeaderCount | Mean       | Error | Allocated |
|------------------------------- |------------ |------------ |-----------:|------:|----------:|
| ParseSynchronousBatch          | 1024        | 0           |   618.2 us |    NA |   90448 B |
| ParseWarmPreparedBatch         | 1024        | 0           |   489.2 us |    NA |   90328 B |
| TraverseRetainedBatch          | 1024        | 0           |   227.9 us |    NA |         - |
| ParseBorrowedSynchronousBatch  | 1024        | 0           | 1,099.4 us |    NA |     128 B |
| ParseBorrowedWarmPreparedBatch | 1024        | 0           |   457.6 us |    NA |     128 B |
| ParseBorrowedColdPreparedBatch | 1024        | 0           | 1,735.1 us |    NA |    4024 B |
| ParseColdPreparedBatch         | 1024        | 0           |   493.9 us |    NA |  123808 B |

// * Warnings *
MinIterationTime
  ShareConsumerParsingBenchmarks.ParseSynchronousBatch: DryB          -> The minimum observed iteration time is 618.172us which is very small. It's recommended to increase it to at least 100ms using more operations.
  ShareConsumerParsingBenchmarks.ParseWarmPreparedBatch: DryB         -> The minimum observed iteration time is 489.24us which is very small. It's recommended to increase it to at least 100ms using more operations.
  ShareConsumerParsingBenchmarks.TraverseRetainedBatch: DryB          -> The minimum observed iteration time is 227.948us which is very small. It's recommended to increase it to at least 100ms using more operations.
  ShareConsumerParsingBenchmarks.ParseBorrowedSynchronousBatch: DryB  -> The minimum observed iteration time is 1.099ms which is very small. It's recommended to increase it to at least 100ms using more operations.
  ShareConsumerParsingBenchmarks.ParseBorrowedWarmPreparedBatch: DryB -> The minimum observed iteration time is 457.56us which is very small. It's recommended to increase it to at least 100ms using more operations.
  ShareConsumerParsingBenchmarks.ParseBorrowedColdPreparedBatch: DryB -> The minimum observed iteration time is 1.735ms which is very small. It's recommended to increase it to at least 100ms using more operations.
  ShareConsumerParsingBenchmarks.ParseColdPreparedBatch: DryB         -> The minimum observed iteration time is 493.918us which is very small. It's recommended to increase it to at least 100ms using more operations.

// * Legends *
  RecordCount : Value of the 'RecordCount' parameter
  HeaderCount : Value of the 'HeaderCount' parameter
  Mean        : Arithmetic mean of all measurements
  Error       : Half of 99.9% confidence interval
  Allocated   : Allocated memory per single operation (managed only, inclusive, 1KB = 1024B)
  1 us        : 1 Microsecond (0.000001 sec)

// * Diagnostic Output - MemoryDiagnoser *


// ***** BenchmarkRunner: End *****
Run time: 00:00:00 (0.45 sec), executed benchmarks: 7

Global total time: 00:00:00 (0.9 sec), executed benchmarks: 7
// * Artifacts cleanup *
Artifacts cleanup is finished
