// Validating benchmarks:
// ***** BenchmarkRunner: Start   *****
// ***** Found 1 benchmark(s) in total *****
// ***** Building 1 exe(s) in Parallel: Start   *****
// ***** Done, took 00:00:00 (0.02 sec)   *****
// Found 1 benchmarks:
//   DiagnosticBenchmarks.ArraySegment: Job-WYZZKU(OutlierMode=DontRemove, Affinity=00000000000000000100, Toolchain=InProcessEmitToolchain, InvocationCount=16777216, IterationCount=15, UnrollFactor=1, WarmupCount=10)

Setup power plan (GUID: 8c5e7fda-e8bf-4a96-9a85-a6e23a8c635c FriendlyName: High performance)
// **************************
// Benchmark: DiagnosticBenchmarks.ArraySegment: Job-WYZZKU(OutlierMode=DontRemove, Affinity=00000000000000000100, Toolchain=InProcessEmitToolchain, InvocationCount=16777216, IterationCount=15, UnrollFactor=1, WarmupCount=10)
// *** Execute ***
// Launch: 1 / 1

// Benchmark Process Environment Information:
// BenchmarkDotNet v0.15.8
// Runtime=.NET 10.0.11 (10.0.11, 10.0.1126.37416), X64 RyuJIT x86-64-v3
// GC=Concurrent Workstation
// HardwareIntrinsics=AVX2+BMI1+BMI2+F16C+FMA+LZCNT+MOVBE,AVX,SSE3+SSSE3+SSE4.1+SSE4.2+POPCNT,X86Base+SSE+SSE2,AES+PCLMUL,AvxVnni,SERIALIZE VectorSize=256
// Job: Job-WYZZKU(OutlierMode=DontRemove, Affinity=00000000000000000100, Toolchain=InProcessEmitToolchain, InvocationCount=16777216, IterationCount=15, UnrollFactor=1, WarmupCount=10)

SIZES string=16 number=8 nullable=12 array=16 raw=24 memory=24 segment=24
WARM seconds=1.000010 operations=7338173 jit=2263 jitMs=162.219800 threads=13 pending=0 cpuMs=1250.000000 gc0=2 gc1=2 gc2=2 heap=450448 rss=59826176
WARM seconds=2.000003 operations=14678233 jit=2265 jitMs=162.359600 threads=13 pending=0 cpuMs=2234.375000 gc0=2 gc1=2 gc2=2 heap=458672 rss=59494400
WARM seconds=3.000006 operations=22003638 jit=2265 jitMs=162.359600 threads=13 pending=0 cpuMs=3218.750000 gc0=2 gc1=2 gc2=2 heap=458672 rss=60080128
WARM seconds=4.000004 operations=29099516 jit=2265 jitMs=162.359600 threads=13 pending=0 cpuMs=4218.750000 gc0=2 gc1=2 gc2=2 heap=466896 rss=60104704
WARM seconds=5.000003 operations=36177957 jit=2265 jitMs=162.359600 threads=13 pending=0 cpuMs=5203.125000 gc0=2 gc1=2 gc2=2 heap=466896 rss=60010496
WARM seconds=6.000003 operations=43343640 jit=2265 jitMs=162.359600 threads=13 pending=0 cpuMs=6187.500000 gc0=2 gc1=2 gc2=2 heap=475120 rss=60006400
WARM seconds=7.000003 operations=50404107 jit=2265 jitMs=162.359600 threads=13 pending=0 cpuMs=7187.500000 gc0=2 gc1=2 gc2=2 heap=475120 rss=60006400
WARM seconds=8.000003 operations=57245722 jit=2265 jitMs=162.359600 threads=13 pending=0 cpuMs=8140.625000 gc0=2 gc1=2 gc2=2 heap=483344 rss=60006400
WARM seconds=9.000003 operations=63635168 jit=2306 jitMs=168.720000 threads=13 pending=0 cpuMs=9140.625000 gc0=2 gc1=2 gc2=2 heap=491568 rss=60186624
WARM seconds=10.000003 operations=70011208 jit=2306 jitMs=168.720000 threads=13 pending=0 cpuMs=10140.625000 gc0=2 gc1=2 gc2=2 heap=491568 rss=60186624
WARM seconds=11.000003 operations=76190962 jit=2306 jitMs=168.720000 threads=13 pending=0 cpuMs=11109.375000 gc0=2 gc1=2 gc2=2 heap=499792 rss=60186624
WARM seconds=12.000003 operations=82511199 jit=2306 jitMs=168.720000 threads=13 pending=0 cpuMs=12046.875000 gc0=2 gc1=2 gc2=2 heap=499792 rss=60186624
WARM seconds=13.000003 operations=88981525 jit=2306 jitMs=168.720000 threads=13 pending=0 cpuMs=13046.875000 gc0=2 gc1=2 gc2=2 heap=508016 rss=60256256
WARM seconds=14.000005 operations=95489643 jit=2306 jitMs=168.720000 threads=13 pending=0 cpuMs=14015.625000 gc0=2 gc1=2 gc2=2 heap=508016 rss=60256256
WARM seconds=15.000003 operations=101999419 jit=2306 jitMs=168.720000 threads=13 pending=0 cpuMs=15015.625000 gc0=2 gc1=2 gc2=2 heap=516240 rss=60256256
WARM seconds=16.000004 operations=108526247 jit=2306 jitMs=168.720000 threads=13 pending=0 cpuMs=15984.375000 gc0=2 gc1=2 gc2=2 heap=516240 rss=60256256
WARM seconds=17.000004 operations=124670360 jit=2364 jitMs=188.636400 threads=13 pending=0 cpuMs=16984.375000 gc0=2 gc1=2 gc2=2 heap=524464 rss=60456960
WARM seconds=18.000005 operations=142968514 jit=2364 jitMs=188.636400 threads=13 pending=0 cpuMs=17953.125000 gc0=2 gc1=2 gc2=2 heap=532688 rss=60456960
WARM seconds=19.000003 operations=163725604 jit=2364 jitMs=188.636400 threads=13 pending=0 cpuMs=18953.125000 gc0=2 gc1=2 gc2=2 heap=532688 rss=60456960
WARM seconds=20.000004 operations=184547586 jit=2364 jitMs=188.636400 threads=13 pending=0 cpuMs=19953.125000 gc0=2 gc1=2 gc2=2 heap=540912 rss=60456960
RAW operations=1000 bytes=0 sink=0
OverheadJitting  1: 1 op, 191700.00 ns, 191.7000 us/op
WorkloadJitting  1: 1 op, 140900.00 ns, 140.9000 us/op

OverheadWarmup   1: 16777216 op, 21361300.00 ns, 1.2732 ns/op
OverheadWarmup   2: 16777216 op, 21617400.00 ns, 1.2885 ns/op
OverheadWarmup   3: 16777216 op, 21456400.00 ns, 1.2789 ns/op
OverheadWarmup   4: 16777216 op, 21432400.00 ns, 1.2775 ns/op
OverheadWarmup   5: 16777216 op, 21186200.00 ns, 1.2628 ns/op
OverheadWarmup   6: 16777216 op, 21424000.00 ns, 1.2770 ns/op
OverheadWarmup   7: 16777216 op, 21175500.00 ns, 1.2622 ns/op

OverheadActual   1: 16777216 op, 21462100.00 ns, 1.2792 ns/op
OverheadActual   2: 16777216 op, 20902900.00 ns, 1.2459 ns/op
OverheadActual   3: 16777216 op, 21766200.00 ns, 1.2974 ns/op
OverheadActual   4: 16777216 op, 21285100.00 ns, 1.2687 ns/op
OverheadActual   5: 16777216 op, 22107100.00 ns, 1.3177 ns/op
OverheadActual   6: 16777216 op, 21655300.00 ns, 1.2908 ns/op
OverheadActual   7: 16777216 op, 21655000.00 ns, 1.2907 ns/op
OverheadActual   8: 16777216 op, 21713300.00 ns, 1.2942 ns/op
OverheadActual   9: 16777216 op, 21855600.00 ns, 1.3027 ns/op
OverheadActual  10: 16777216 op, 21875700.00 ns, 1.3039 ns/op
OverheadActual  11: 16777216 op, 21325800.00 ns, 1.2711 ns/op
OverheadActual  12: 16777216 op, 25300500.00 ns, 1.5080 ns/op
OverheadActual  13: 16777216 op, 26453500.00 ns, 1.5768 ns/op
OverheadActual  14: 16777216 op, 26437900.00 ns, 1.5758 ns/op
OverheadActual  15: 16777216 op, 26341600.00 ns, 1.5701 ns/op
OverheadActual  16: 16777216 op, 26043100.00 ns, 1.5523 ns/op
OverheadActual  17: 16777216 op, 25769800.00 ns, 1.5360 ns/op
OverheadActual  18: 16777216 op, 25581800.00 ns, 1.5248 ns/op
OverheadActual  19: 16777216 op, 24919900.00 ns, 1.4853 ns/op
OverheadActual  20: 16777216 op, 25084900.00 ns, 1.4952 ns/op

WorkloadWarmup   1: 16777216 op, 104963100.00 ns, 6.2563 ns/op
WorkloadWarmup   2: 16777216 op, 103195600.00 ns, 6.1509 ns/op
WorkloadWarmup   3: 16777216 op, 103873100.00 ns, 6.1913 ns/op
WorkloadWarmup   4: 16777216 op, 65960900.00 ns, 3.9316 ns/op
WorkloadWarmup   5: 16777216 op, 65734900.00 ns, 3.9181 ns/op
WorkloadWarmup   6: 16777216 op, 64580800.00 ns, 3.8493 ns/op
WorkloadWarmup   7: 16777216 op, 64247200.00 ns, 3.8294 ns/op
WorkloadWarmup   8: 16777216 op, 64680500.00 ns, 3.8553 ns/op
WorkloadWarmup   9: 16777216 op, 65153400.00 ns, 3.8834 ns/op
WorkloadWarmup  10: 16777216 op, 64019300.00 ns, 3.8158 ns/op

WorkloadActual   1: 16777216 op, 63956300.00 ns, 3.8121 ns/op
WorkloadActual   2: 16777216 op, 63884000.00 ns, 3.8078 ns/op
WorkloadActual   3: 16777216 op, 64936800.00 ns, 3.8705 ns/op
WorkloadActual   4: 16777216 op, 64316700.00 ns, 3.8336 ns/op
WorkloadActual   5: 16777216 op, 64229100.00 ns, 3.8284 ns/op
WorkloadActual   6: 16777216 op, 64400000.00 ns, 3.8385 ns/op
WorkloadActual   7: 16777216 op, 65430400.00 ns, 3.9000 ns/op
WorkloadActual   8: 16777216 op, 65511100.00 ns, 3.9048 ns/op
WorkloadActual   9: 16777216 op, 63989000.00 ns, 3.8140 ns/op
WorkloadActual  10: 16777216 op, 64298000.00 ns, 3.8325 ns/op
WorkloadActual  11: 16777216 op, 65375200.00 ns, 3.8967 ns/op
WorkloadActual  12: 16777216 op, 65086300.00 ns, 3.8794 ns/op
WorkloadActual  13: 16777216 op, 64511100.00 ns, 3.8452 ns/op
WorkloadActual  14: 16777216 op, 64529500.00 ns, 3.8463 ns/op
WorkloadActual  15: 16777216 op, 63912300.00 ns, 3.8095 ns/op

WorkloadResult   1: 16777216 op, 41964900.00 ns, 2.5013 ns/op
WorkloadResult   2: 16777216 op, 41892600.00 ns, 2.4970 ns/op
WorkloadResult   3: 16777216 op, 42945400.00 ns, 2.5597 ns/op
WorkloadResult   4: 16777216 op, 42325300.00 ns, 2.5228 ns/op
WorkloadResult   5: 16777216 op, 42237700.00 ns, 2.5176 ns/op
WorkloadResult   6: 16777216 op, 42408600.00 ns, 2.5277 ns/op
WorkloadResult   7: 16777216 op, 43439000.00 ns, 2.5892 ns/op
WorkloadResult   8: 16777216 op, 43519700.00 ns, 2.5940 ns/op
WorkloadResult   9: 16777216 op, 41997600.00 ns, 2.5033 ns/op
WorkloadResult  10: 16777216 op, 42306600.00 ns, 2.5217 ns/op
WorkloadResult  11: 16777216 op, 43383800.00 ns, 2.5859 ns/op
WorkloadResult  12: 16777216 op, 43094900.00 ns, 2.5687 ns/op
WorkloadResult  13: 16777216 op, 42519700.00 ns, 2.5344 ns/op
WorkloadResult  14: 16777216 op, 42538100.00 ns, 2.5355 ns/op
WorkloadResult  15: 16777216 op, 41920900.00 ns, 2.4987 ns/op
// GC:  0 0 0 2304 16777216
// Threading:  0 0 16777216


Mean = 2.537 ns, StdErr = 0.009 ns (0.35%), N = 15, StdDev = 0.034 ns
Min = 2.497 ns, Q1 = 2.510 ns, Median = 2.528 ns, Q3 = 2.564 ns, Max = 2.594 ns
IQR = 0.054 ns, LowerFence = 2.430 ns, UpperFence = 2.645 ns
ConfidenceInterval = [2.501 ns; 2.574 ns] (CI 99.9%), Margin = 0.036 ns (1.44% of Mean)
Skewness = 0.44, Kurtosis = 1.61, MValue = 2

// ** Remained 0 (0.0%) benchmark(s) to run. Estimated finish 2026-09-08 4:25 (0h 0m from now) **
Successfully reverted power plan (GUID: 8c5e7fda-e8bf-4a96-9a85-a6e23a8c635c FriendlyName: High performance)
// ***** BenchmarkRunner: Finish  *****

// * Export *
  .artifacts\deserialized-null\runtime-flag\measure\B\ArraySegment\results\Dekaf.Benchmarks.Diagnostics.DiagnosticBenchmarks-report.csv
  .artifacts\deserialized-null\runtime-flag\measure\B\ArraySegment\results\Dekaf.Benchmarks.Diagnostics.DiagnosticBenchmarks-report-github.md
  .artifacts\deserialized-null\runtime-flag\measure\B\ArraySegment\results\Dekaf.Benchmarks.Diagnostics.DiagnosticBenchmarks-report.html
  .artifacts\deserialized-null\runtime-flag\measure\B\ArraySegment\results\Dekaf.Benchmarks.Diagnostics.DiagnosticBenchmarks-report-full.json

// * Detailed results *
DiagnosticBenchmarks.ArraySegment: Job-WYZZKU(OutlierMode=DontRemove, Affinity=00000000000000000100, Toolchain=InProcessEmitToolchain, InvocationCount=16777216, IterationCount=15, UnrollFactor=1, WarmupCount=10)
Runtime = ; GC = 
Mean = 2.537 ns, StdErr = 0.009 ns (0.35%), N = 15, StdDev = 0.034 ns
Min = 2.497 ns, Q1 = 2.510 ns, Median = 2.528 ns, Q3 = 2.564 ns, Max = 2.594 ns
IQR = 0.054 ns, LowerFence = 2.430 ns, UpperFence = 2.645 ns
ConfidenceInterval = [2.501 ns; 2.574 ns] (CI 99.9%), Margin = 0.036 ns (1.44% of Mean)
Skewness = 0.44, Kurtosis = 1.61, MValue = 2
-------------------- Histogram --------------------
[2.487 ns ; 2.603 ns) | @@@@@@@@@@@@@@@
---------------------------------------------------

// * Summary *

BenchmarkDotNet v0.15.8, Windows 11 (10.0.26200.9168/25H2/2025Update/HudsonValley2)
12th Gen Intel Core i7-12700K 3.60GHz, 1 CPU, 20 logical and 12 physical cores
.NET SDK 10.0.400
  [Host] : .NET 10.0.11 (10.0.11, 10.0.1126.37416), X64 RyuJIT x86-64-v3

OutlierMode=DontRemove  Affinity=00000000000000000100  Toolchain=InProcessEmitToolchain  
InvocationCount=16777216  IterationCount=15  UnrollFactor=1  
WarmupCount=10  

| Method       | Mean     | Error     | StdDev    | Allocated |
|------------- |---------:|----------:|----------:|----------:|
| ArraySegment | 2.537 ns | 0.0364 ns | 0.0341 ns |         - |

// * Warnings *
MinIterationTime
  DiagnosticBenchmarks.ArraySegment: OutlierMode=DontRemove, Affinity=00000000000000000100, Toolchain=InProcessEmitToolchain, InvocationCount=16777216, IterationCount=15, UnrollFactor=1, WarmupCount=10 -> The minimum observed iteration time is 63.884ms which is very small. It's recommended to increase it to at least 100ms using more operations.

// * Legends *
  Mean      : Arithmetic mean of all measurements
  Error     : Half of 99.9% confidence interval
  StdDev    : Standard deviation of all measurements
  Allocated : Allocated memory per single operation (managed only, inclusive, 1KB = 1024B)
  1 ns      : 1 Nanosecond (0.000000001 sec)

// * Diagnostic Output - MemoryDiagnoser *


// ***** BenchmarkRunner: End *****
Run time: 00:00:23 (23.07 sec), executed benchmarks: 1

Global total time: 00:00:24 (24.81 sec), executed benchmarks: 1
// * Artifacts cleanup *
Artifacts cleanup is finished
