// Validating benchmarks:
// ***** BenchmarkRunner: Start   *****
// ***** Found 1 benchmark(s) in total *****
// ***** Building 1 exe(s) in Parallel: Start   *****
// ***** Done, took 00:00:00 (0.1 sec)   *****
// Found 1 benchmarks:
//   DiagnosticBenchmarks.ReadOnlyMemory: Job-WYZZKU(OutlierMode=DontRemove, Affinity=00000000000000000100, Toolchain=InProcessEmitToolchain, InvocationCount=16777216, IterationCount=15, UnrollFactor=1, WarmupCount=10)

Setup power plan (GUID: 8c5e7fda-e8bf-4a96-9a85-a6e23a8c635c FriendlyName: High performance)
// **************************
// Benchmark: DiagnosticBenchmarks.ReadOnlyMemory: Job-WYZZKU(OutlierMode=DontRemove, Affinity=00000000000000000100, Toolchain=InProcessEmitToolchain, InvocationCount=16777216, IterationCount=15, UnrollFactor=1, WarmupCount=10)
// *** Execute ***
// Launch: 1 / 1

// Benchmark Process Environment Information:
// BenchmarkDotNet v0.15.8
// Runtime=.NET 10.0.11 (10.0.11, 10.0.1126.37416), X64 RyuJIT x86-64-v3
// GC=Concurrent Workstation
// HardwareIntrinsics=AVX2+BMI1+BMI2+F16C+FMA+LZCNT+MOVBE,AVX,SSE3+SSSE3+SSE4.1+SSE4.2+POPCNT,X86Base+SSE+SSE2,AES+PCLMUL,AvxVnni,SERIALIZE VectorSize=256
// Job: Job-WYZZKU(OutlierMode=DontRemove, Affinity=00000000000000000100, Toolchain=InProcessEmitToolchain, InvocationCount=16777216, IterationCount=15, UnrollFactor=1, WarmupCount=10)

SIZES string=16 number=8 nullable=12 array=16 raw=24 memory=24 segment=24
WARM seconds=1.000014 operations=19431598 jit=2257 jitMs=359.240300 threads=9 pending=0 cpuMs=1390.625000 gc0=2 gc1=2 gc2=2 heap=471864 rss=61079552
WARM seconds=2.000005 operations=39186542 jit=2259 jitMs=359.423500 threads=9 pending=0 cpuMs=2390.625000 gc0=2 gc1=2 gc2=2 heap=480088 rss=60743680
WARM seconds=3.000004 operations=57528647 jit=2259 jitMs=359.423500 threads=9 pending=0 cpuMs=3375.000000 gc0=2 gc1=2 gc2=2 heap=480088 rss=60698624
WARM seconds=4.000005 operations=77530011 jit=2259 jitMs=359.423500 threads=9 pending=0 cpuMs=4359.375000 gc0=2 gc1=2 gc2=2 heap=488312 rss=60698624
WARM seconds=5.000004 operations=97098586 jit=2259 jitMs=359.423500 threads=9 pending=0 cpuMs=5359.375000 gc0=2 gc1=2 gc2=2 heap=488312 rss=60739584
WARM seconds=6.000004 operations=116111041 jit=2259 jitMs=359.423500 threads=9 pending=0 cpuMs=6359.375000 gc0=2 gc1=2 gc2=2 heap=496536 rss=60743680
WARM seconds=7.000006 operations=120489437 jit=2259 jitMs=359.423500 threads=9 pending=0 cpuMs=7328.125000 gc0=2 gc1=2 gc2=2 heap=496536 rss=60747776
WARM seconds=8.000004 operations=137457261 jit=2329 jitMs=379.196700 threads=9 pending=0 cpuMs=8296.875000 gc0=2 gc1=2 gc2=2 heap=512984 rss=61235200
WARM seconds=9.000004 operations=155683044 jit=2329 jitMs=379.196700 threads=9 pending=0 cpuMs=9265.625000 gc0=2 gc1=2 gc2=2 heap=512984 rss=61231104
WARM seconds=10.000004 operations=173850591 jit=2329 jitMs=379.196700 threads=9 pending=0 cpuMs=10234.375000 gc0=2 gc1=2 gc2=2 heap=519976 rss=61181952
WARM seconds=11.000004 operations=190754752 jit=2410 jitMs=402.925900 threads=9 pending=0 cpuMs=11218.750000 gc0=2 gc1=2 gc2=2 heap=519976 rss=61546496
WARM seconds=12.000004 operations=209183218 jit=2410 jitMs=402.925900 threads=9 pending=0 cpuMs=12187.500000 gc0=2 gc1=2 gc2=2 heap=528200 rss=61612032
WARM seconds=13.000004 operations=226920384 jit=2410 jitMs=402.925900 threads=9 pending=0 cpuMs=13171.875000 gc0=2 gc1=2 gc2=2 heap=536424 rss=61612032
WARM seconds=14.000005 operations=245609839 jit=2410 jitMs=402.925900 threads=9 pending=0 cpuMs=14156.250000 gc0=2 gc1=2 gc2=2 heap=536424 rss=61612032
WARM seconds=15.007981 operations=263781005 jit=2410 jitMs=402.925900 threads=9 pending=0 cpuMs=15125.000000 gc0=2 gc1=2 gc2=2 heap=544648 rss=61612032
WARM seconds=16.000004 operations=281624547 jit=2410 jitMs=402.925900 threads=9 pending=0 cpuMs=16046.875000 gc0=2 gc1=2 gc2=2 heap=544648 rss=61624320
WARM seconds=17.000007 operations=300264706 jit=2410 jitMs=402.925900 threads=9 pending=0 cpuMs=17046.875000 gc0=2 gc1=2 gc2=2 heap=552872 rss=61616128
WARM seconds=18.000005 operations=317845076 jit=2453 jitMs=415.927500 threads=9 pending=0 cpuMs=18031.250000 gc0=2 gc1=2 gc2=2 heap=552872 rss=61743104
WARM seconds=19.000006 operations=337838087 jit=2453 jitMs=415.927500 threads=9 pending=0 cpuMs=19031.250000 gc0=2 gc1=2 gc2=2 heap=561096 rss=61743104
WARM seconds=20.000006 operations=357141692 jit=2453 jitMs=415.927500 threads=9 pending=0 cpuMs=20000.000000 gc0=2 gc1=2 gc2=2 heap=561096 rss=61743104
RAW operations=1000 bytes=0 sink=0
OverheadJitting  1: 1 op, 255800.00 ns, 255.8000 us/op
WorkloadJitting  1: 1 op, 198000.00 ns, 198.0000 us/op

OverheadWarmup   1: 16777216 op, 21105000.00 ns, 1.2580 ns/op
OverheadWarmup   2: 16777216 op, 21186000.00 ns, 1.2628 ns/op
OverheadWarmup   3: 16777216 op, 21703100.00 ns, 1.2936 ns/op
OverheadWarmup   4: 16777216 op, 21376100.00 ns, 1.2741 ns/op
OverheadWarmup   5: 16777216 op, 21621200.00 ns, 1.2887 ns/op
OverheadWarmup   6: 16777216 op, 21294000.00 ns, 1.2692 ns/op

OverheadActual   1: 16777216 op, 21721300.00 ns, 1.2947 ns/op
OverheadActual   2: 16777216 op, 21406800.00 ns, 1.2759 ns/op
OverheadActual   3: 16777216 op, 21622500.00 ns, 1.2888 ns/op
OverheadActual   4: 16777216 op, 20709800.00 ns, 1.2344 ns/op
OverheadActual   5: 16777216 op, 21513900.00 ns, 1.2823 ns/op
OverheadActual   6: 16777216 op, 21261500.00 ns, 1.2673 ns/op
OverheadActual   7: 16777216 op, 21530400.00 ns, 1.2833 ns/op
OverheadActual   8: 16777216 op, 21195900.00 ns, 1.2634 ns/op
OverheadActual   9: 16777216 op, 21621400.00 ns, 1.2887 ns/op
OverheadActual  10: 16777216 op, 21206900.00 ns, 1.2640 ns/op
OverheadActual  11: 16777216 op, 21681700.00 ns, 1.2923 ns/op
OverheadActual  12: 16777216 op, 21057900.00 ns, 1.2551 ns/op
OverheadActual  13: 16777216 op, 21205200.00 ns, 1.2639 ns/op
OverheadActual  14: 16777216 op, 21548700.00 ns, 1.2844 ns/op
OverheadActual  15: 16777216 op, 21085400.00 ns, 1.2568 ns/op

WorkloadWarmup   1: 16777216 op, 1209301800.00 ns, 72.0800 ns/op
WorkloadWarmup   2: 16777216 op, 1141289900.00 ns, 68.0262 ns/op
WorkloadWarmup   3: 16777216 op, 1170234500.00 ns, 69.7514 ns/op
WorkloadWarmup   4: 16777216 op, 1153458300.00 ns, 68.7515 ns/op
WorkloadWarmup   5: 16777216 op, 1163226500.00 ns, 69.3337 ns/op
WorkloadWarmup   6: 16777216 op, 1131909800.00 ns, 67.4671 ns/op
WorkloadWarmup   7: 16777216 op, 1142964000.00 ns, 68.1260 ns/op
WorkloadWarmup   8: 16777216 op, 1106080500.00 ns, 65.9275 ns/op
WorkloadWarmup   9: 16777216 op, 1295760300.00 ns, 77.2333 ns/op
WorkloadWarmup  10: 16777216 op, 1393968400.00 ns, 83.0870 ns/op

WorkloadActual   1: 16777216 op, 1388321100.00 ns, 82.7504 ns/op
WorkloadActual   2: 16777216 op, 1491183200.00 ns, 88.8814 ns/op
WorkloadActual   3: 16777216 op, 1397616500.00 ns, 83.3044 ns/op
WorkloadActual   4: 16777216 op, 1487910300.00 ns, 88.6864 ns/op
WorkloadActual   5: 16777216 op, 1328174200.00 ns, 79.1654 ns/op
WorkloadActual   6: 16777216 op, 1327247100.00 ns, 79.1101 ns/op
WorkloadActual   7: 16777216 op, 1295638900.00 ns, 77.2261 ns/op
WorkloadActual   8: 16777216 op, 1326076200.00 ns, 79.0403 ns/op
WorkloadActual   9: 16777216 op, 1337546400.00 ns, 79.7240 ns/op
WorkloadActual  10: 16777216 op, 1313170200.00 ns, 78.2710 ns/op
WorkloadActual  11: 16777216 op, 1320266000.00 ns, 78.6940 ns/op
WorkloadActual  12: 16777216 op, 1301758400.00 ns, 77.5908 ns/op
WorkloadActual  13: 16777216 op, 904300300.00 ns, 53.9005 ns/op
WorkloadActual  14: 16777216 op, 79016800.00 ns, 4.7098 ns/op
WorkloadActual  15: 16777216 op, 78830600.00 ns, 4.6987 ns/op

WorkloadResult   1: 16777216 op, 1366914300.00 ns, 81.4744 ns/op
WorkloadResult   2: 16777216 op, 1469776400.00 ns, 87.6055 ns/op
WorkloadResult   3: 16777216 op, 1376209700.00 ns, 82.0285 ns/op
WorkloadResult   4: 16777216 op, 1466503500.00 ns, 87.4104 ns/op
WorkloadResult   5: 16777216 op, 1306767400.00 ns, 77.8894 ns/op
WorkloadResult   6: 16777216 op, 1305840300.00 ns, 77.8341 ns/op
WorkloadResult   7: 16777216 op, 1274232100.00 ns, 75.9502 ns/op
WorkloadResult   8: 16777216 op, 1304669400.00 ns, 77.7644 ns/op
WorkloadResult   9: 16777216 op, 1316139600.00 ns, 78.4480 ns/op
WorkloadResult  10: 16777216 op, 1291763400.00 ns, 76.9951 ns/op
WorkloadResult  11: 16777216 op, 1298859200.00 ns, 77.4180 ns/op
WorkloadResult  12: 16777216 op, 1280351600.00 ns, 76.3149 ns/op
WorkloadResult  13: 16777216 op, 882893500.00 ns, 52.6246 ns/op
WorkloadResult  14: 16777216 op, 57610000.00 ns, 3.4338 ns/op
WorkloadResult  15: 16777216 op, 57423800.00 ns, 3.4227 ns/op
// GC:  0 0 0 2304 16777216
// Threading:  0 0 16777216


Mean = 67.774 ns, StdErr = 7.042 ns (10.39%), N = 15, StdDev = 27.275 ns
Min = 3.423 ns, Q1 = 76.133 ns, Median = 77.764 ns, Q3 = 79.961 ns, Max = 87.606 ns
IQR = 3.829 ns, LowerFence = 70.389 ns, UpperFence = 85.704 ns
ConfidenceInterval = [38.615 ns; 96.933 ns] (CI 99.9%), Margin = 29.159 ns (43.02% of Mean)
Skewness = -1.67, Kurtosis = 4.19, MValue = 2.29

// ** Remained 0 (0.0%) benchmark(s) to run. Estimated finish 2026-09-08 4:30 (0h 0m from now) **
Successfully reverted power plan (GUID: 8c5e7fda-e8bf-4a96-9a85-a6e23a8c635c FriendlyName: High performance)
// ***** BenchmarkRunner: Finish  *****

// * Export *
  .artifacts\deserialized-null\runtime-flag\measure\A2\ReadOnlyMemory\results\Dekaf.Benchmarks.Diagnostics.DiagnosticBenchmarks-report.csv
  .artifacts\deserialized-null\runtime-flag\measure\A2\ReadOnlyMemory\results\Dekaf.Benchmarks.Diagnostics.DiagnosticBenchmarks-report-github.md
  .artifacts\deserialized-null\runtime-flag\measure\A2\ReadOnlyMemory\results\Dekaf.Benchmarks.Diagnostics.DiagnosticBenchmarks-report.html
  .artifacts\deserialized-null\runtime-flag\measure\A2\ReadOnlyMemory\results\Dekaf.Benchmarks.Diagnostics.DiagnosticBenchmarks-report-full.json

// * Detailed results *
DiagnosticBenchmarks.ReadOnlyMemory: Job-WYZZKU(OutlierMode=DontRemove, Affinity=00000000000000000100, Toolchain=InProcessEmitToolchain, InvocationCount=16777216, IterationCount=15, UnrollFactor=1, WarmupCount=10)
Runtime = ; GC = 
Mean = 67.774 ns, StdErr = 7.042 ns (10.39%), N = 15, StdDev = 27.275 ns
Min = 3.423 ns, Q1 = 76.133 ns, Median = 77.764 ns, Q3 = 79.961 ns, Max = 87.606 ns
IQR = 3.829 ns, LowerFence = 70.389 ns, UpperFence = 85.704 ns
ConfidenceInterval = [38.615 ns; 96.933 ns] (CI 99.9%), Margin = 29.159 ns (43.02% of Mean)
Skewness = -1.67, Kurtosis = 4.19, MValue = 2.29
-------------------- Histogram --------------------
[ 3.423 ns ; 17.944 ns) | @@
[17.944 ns ; 38.109 ns) | 
[38.109 ns ; 67.262 ns) | @
[67.262 ns ; 96.294 ns) | @@@@@@@@@@@@
---------------------------------------------------

// * Summary *

BenchmarkDotNet v0.15.8, Windows 11 (10.0.26200.9168/25H2/2025Update/HudsonValley2)
12th Gen Intel Core i7-12700K 3.60GHz, 1 CPU, 20 logical and 12 physical cores
.NET SDK 10.0.400
  [Host] : .NET 10.0.11 (10.0.11, 10.0.1126.37416), X64 RyuJIT x86-64-v3

OutlierMode=DontRemove  Affinity=00000000000000000100  Toolchain=InProcessEmitToolchain  
InvocationCount=16777216  IterationCount=15  UnrollFactor=1  
WarmupCount=10  

| Method         | Mean     | Error    | StdDev   | Allocated |
|--------------- |---------:|---------:|---------:|----------:|
| ReadOnlyMemory | 67.77 ns | 29.16 ns | 27.28 ns |         - |

// * Warnings *
MinIterationTime
  DiagnosticBenchmarks.ReadOnlyMemory: OutlierMode=DontRemove, Affinity=00000000000000000100, Toolchain=InProcessEmitToolchain, InvocationCount=16777216, IterationCount=15, UnrollFactor=1, WarmupCount=10 -> The minimum observed iteration time is 78.831ms which is very small. It's recommended to increase it to at least 100ms using more operations.

// * Hints *
Outliers
  DiagnosticBenchmarks.ReadOnlyMemory: OutlierMode=DontRemove, Affinity=00000000000000000100, Toolchain=InProcessEmitToolchain, InvocationCount=16777216, IterationCount=15, UnrollFactor=1, WarmupCount=10 -> 5 outliers were detected (4.70 ns..53.90 ns, 88.69 ns, 88.88 ns)

// * Legends *
  Mean      : Arithmetic mean of all measurements
  Error     : Half of 99.9% confidence interval
  StdDev    : Standard deviation of all measurements
  Allocated : Allocated memory per single operation (managed only, inclusive, 1KB = 1024B)
  1 ns      : 1 Nanosecond (0.000000001 sec)

// * Diagnostic Output - MemoryDiagnoser *


// ***** BenchmarkRunner: End *****
Run time: 00:00:50 (50.64 sec), executed benchmarks: 1

Global total time: 00:00:51 (51.26 sec), executed benchmarks: 1
// * Artifacts cleanup *
Artifacts cleanup is finished
