// Validating benchmarks:
// ***** BenchmarkRunner: Start   *****
// ***** Found 1 benchmark(s) in total *****
// ***** Building 1 exe(s) in Parallel: Start   *****
// ***** Done, took 00:00:00 (0.02 sec)   *****
// Found 1 benchmarks:
//   DiagnosticBenchmarks.NullKinds: Job-FMPSYE(OutlierMode=DontRemove, Affinity=00000000000000000100, Toolchain=InProcessEmitToolchain, InvocationCount=67108864, IterationCount=15, UnrollFactor=1, WarmupCount=10)

Setup power plan (GUID: 8c5e7fda-e8bf-4a96-9a85-a6e23a8c635c FriendlyName: High performance)
// **************************
// Benchmark: DiagnosticBenchmarks.NullKinds: Job-FMPSYE(OutlierMode=DontRemove, Affinity=00000000000000000100, Toolchain=InProcessEmitToolchain, InvocationCount=67108864, IterationCount=15, UnrollFactor=1, WarmupCount=10)
// *** Execute ***
// Launch: 1 / 1

// Benchmark Process Environment Information:
// BenchmarkDotNet v0.15.8
// Runtime=.NET 10.0.11 (10.0.11, 10.0.1126.37416), X64 RyuJIT x86-64-v3
// GC=Concurrent Workstation
// HardwareIntrinsics=AVX2+BMI1+BMI2+F16C+FMA+LZCNT+MOVBE,AVX,SSE3+SSSE3+SSE4.1+SSE4.2+POPCNT,X86Base+SSE+SSE2,AES+PCLMUL,AvxVnni,SERIALIZE VectorSize=256
// Job: Job-FMPSYE(OutlierMode=DontRemove, Affinity=00000000000000000100, Toolchain=InProcessEmitToolchain, InvocationCount=67108864, IterationCount=15, UnrollFactor=1, WarmupCount=10)

SIZES string=16 number=8 nullable=12 array=16 raw=24 memory=24 segment=24
WARM seconds=1.000015 operations=15134348 jit=2257 jitMs=157.996600 threads=12 pending=0 cpuMs=1234.375000 gc0=2 gc1=2 gc2=2 heap=474872 rss=60112896
WARM seconds=2.000003 operations=30477185 jit=2259 jitMs=158.172800 threads=12 pending=0 cpuMs=2218.750000 gc0=2 gc1=2 gc2=2 heap=483096 rss=59830272
WARM seconds=3.000003 operations=45479416 jit=2259 jitMs=158.172800 threads=12 pending=0 cpuMs=3218.750000 gc0=2 gc1=2 gc2=2 heap=483096 rss=59822080
WARM seconds=4.000003 operations=60399574 jit=2259 jitMs=158.172800 threads=12 pending=0 cpuMs=4187.500000 gc0=2 gc1=2 gc2=2 heap=491320 rss=59822080
WARM seconds=5.000008 operations=75202148 jit=2259 jitMs=158.172800 threads=12 pending=0 cpuMs=5187.500000 gc0=2 gc1=2 gc2=2 heap=491320 rss=60342272
WARM seconds=6.000005 operations=89306029 jit=2259 jitMs=158.172800 threads=12 pending=0 cpuMs=6156.250000 gc0=2 gc1=2 gc2=2 heap=499544 rss=60370944
WARM seconds=7.000003 operations=103702229 jit=2259 jitMs=158.172800 threads=12 pending=0 cpuMs=7156.250000 gc0=2 gc1=2 gc2=2 heap=499544 rss=60325888
WARM seconds=8.000005 operations=118559143 jit=2287 jitMs=352.080800 threads=12 pending=0 cpuMs=8156.250000 gc0=2 gc1=2 gc2=2 heap=507768 rss=60403712
WARM seconds=9.000004 operations=140073589 jit=2291 jitMs=352.519200 threads=12 pending=0 cpuMs=9125.000000 gc0=2 gc1=2 gc2=2 heap=507768 rss=60395520
WARM seconds=10.000004 operations=162049298 jit=2291 jitMs=352.519200 threads=12 pending=0 cpuMs=10109.375000 gc0=2 gc1=2 gc2=2 heap=515992 rss=60395520
WARM seconds=11.000004 operations=183817361 jit=2291 jitMs=352.519200 threads=12 pending=0 cpuMs=11078.125000 gc0=2 gc1=2 gc2=2 heap=524216 rss=60395520
WARM seconds=12.000004 operations=205831916 jit=2292 jitMs=2490.254000 threads=12 pending=0 cpuMs=12062.500000 gc0=2 gc1=2 gc2=2 heap=524216 rss=60395520
WARM seconds=13.000004 operations=227663370 jit=2306 jitMs=3257.494900 threads=12 pending=0 cpuMs=13046.875000 gc0=2 gc1=2 gc2=2 heap=532440 rss=60542976
WARM seconds=14.000003 operations=249614726 jit=2306 jitMs=3257.494900 threads=12 pending=0 cpuMs=14031.250000 gc0=2 gc1=2 gc2=2 heap=532440 rss=60530688
WARM seconds=15.000004 operations=271639224 jit=2306 jitMs=3257.494900 threads=12 pending=0 cpuMs=15031.250000 gc0=2 gc1=2 gc2=2 heap=540664 rss=60530688
WARM seconds=16.000003 operations=292558271 jit=2325 jitMs=3714.047900 threads=12 pending=0 cpuMs=16031.250000 gc0=2 gc1=2 gc2=2 heap=540664 rss=60731392
WARM seconds=17.000004 operations=313716926 jit=2325 jitMs=3714.047900 threads=12 pending=0 cpuMs=16984.375000 gc0=2 gc1=2 gc2=2 heap=548888 rss=60731392
WARM seconds=18.000004 operations=335355607 jit=2325 jitMs=3714.047900 threads=12 pending=0 cpuMs=17984.375000 gc0=2 gc1=2 gc2=2 heap=548888 rss=60731392
WARM seconds=19.000004 operations=357000778 jit=2325 jitMs=3714.047900 threads=12 pending=0 cpuMs=18921.875000 gc0=2 gc1=2 gc2=2 heap=557112 rss=60739584
WARM seconds=20.000004 operations=378593077 jit=2325 jitMs=3714.047900 threads=12 pending=0 cpuMs=19921.875000 gc0=2 gc1=2 gc2=2 heap=565336 rss=60739584
RAW operations=1000 bytes=0 sink=1
OverheadJitting  1: 1 op, 169100.00 ns, 169.1000 us/op
WorkloadJitting  1: 1 op, 143000.00 ns, 143.0000 us/op

OverheadWarmup   1: 67108864 op, 85485800.00 ns, 1.2738 ns/op
OverheadWarmup   2: 67108864 op, 86369800.00 ns, 1.2870 ns/op
OverheadWarmup   3: 67108864 op, 86688300.00 ns, 1.2918 ns/op
OverheadWarmup   4: 67108864 op, 84953400.00 ns, 1.2659 ns/op
OverheadWarmup   5: 67108864 op, 83843800.00 ns, 1.2494 ns/op
OverheadWarmup   6: 67108864 op, 83627200.00 ns, 1.2461 ns/op
OverheadWarmup   7: 67108864 op, 85414700.00 ns, 1.2728 ns/op
OverheadWarmup   8: 67108864 op, 84519400.00 ns, 1.2594 ns/op

OverheadActual   1: 67108864 op, 84520100.00 ns, 1.2594 ns/op
OverheadActual   2: 67108864 op, 84768100.00 ns, 1.2631 ns/op
OverheadActual   3: 67108864 op, 84065900.00 ns, 1.2527 ns/op
OverheadActual   4: 67108864 op, 83217800.00 ns, 1.2400 ns/op
OverheadActual   5: 67108864 op, 83723100.00 ns, 1.2476 ns/op
OverheadActual   6: 67108864 op, 83267400.00 ns, 1.2408 ns/op
OverheadActual   7: 67108864 op, 84178200.00 ns, 1.2544 ns/op
OverheadActual   8: 67108864 op, 83976000.00 ns, 1.2513 ns/op
OverheadActual   9: 67108864 op, 84875900.00 ns, 1.2647 ns/op
OverheadActual  10: 67108864 op, 83375700.00 ns, 1.2424 ns/op
OverheadActual  11: 67108864 op, 84589100.00 ns, 1.2605 ns/op
OverheadActual  12: 67108864 op, 83422200.00 ns, 1.2431 ns/op
OverheadActual  13: 67108864 op, 83304300.00 ns, 1.2413 ns/op
OverheadActual  14: 67108864 op, 83458300.00 ns, 1.2436 ns/op
OverheadActual  15: 67108864 op, 83810400.00 ns, 1.2489 ns/op

WorkloadWarmup   1: 67108864 op, 125918400.00 ns, 1.8763 ns/op
WorkloadWarmup   2: 67108864 op, 125457000.00 ns, 1.8695 ns/op
WorkloadWarmup   3: 67108864 op, 125778300.00 ns, 1.8742 ns/op
WorkloadWarmup   4: 67108864 op, 125271900.00 ns, 1.8667 ns/op
WorkloadWarmup   5: 67108864 op, 125193900.00 ns, 1.8655 ns/op
WorkloadWarmup   6: 67108864 op, 125237900.00 ns, 1.8662 ns/op
WorkloadWarmup   7: 67108864 op, 125849000.00 ns, 1.8753 ns/op
WorkloadWarmup   8: 67108864 op, 126231600.00 ns, 1.8810 ns/op
WorkloadWarmup   9: 67108864 op, 125279200.00 ns, 1.8668 ns/op
WorkloadWarmup  10: 67108864 op, 125245200.00 ns, 1.8663 ns/op

WorkloadActual   1: 67108864 op, 125163900.00 ns, 1.8651 ns/op
WorkloadActual   2: 67108864 op, 125371200.00 ns, 1.8682 ns/op
WorkloadActual   3: 67108864 op, 126569600.00 ns, 1.8860 ns/op
WorkloadActual   4: 67108864 op, 125106700.00 ns, 1.8642 ns/op
WorkloadActual   5: 67108864 op, 124763100.00 ns, 1.8591 ns/op
WorkloadActual   6: 67108864 op, 125209500.00 ns, 1.8658 ns/op
WorkloadActual   7: 67108864 op, 125296200.00 ns, 1.8671 ns/op
WorkloadActual   8: 67108864 op, 125534100.00 ns, 1.8706 ns/op
WorkloadActual   9: 67108864 op, 125152000.00 ns, 1.8649 ns/op
WorkloadActual  10: 67108864 op, 125081300.00 ns, 1.8639 ns/op
WorkloadActual  11: 67108864 op, 125448400.00 ns, 1.8693 ns/op
WorkloadActual  12: 67108864 op, 125387900.00 ns, 1.8684 ns/op
WorkloadActual  13: 67108864 op, 124761100.00 ns, 1.8591 ns/op
WorkloadActual  14: 67108864 op, 125544700.00 ns, 1.8708 ns/op
WorkloadActual  15: 67108864 op, 139540000.00 ns, 2.0793 ns/op

WorkloadResult   1: 67108864 op, 41353500.00 ns, 0.6162 ns/op
WorkloadResult   2: 67108864 op, 41560800.00 ns, 0.6193 ns/op
WorkloadResult   3: 67108864 op, 42759200.00 ns, 0.6372 ns/op
WorkloadResult   4: 67108864 op, 41296300.00 ns, 0.6154 ns/op
WorkloadResult   5: 67108864 op, 40952700.00 ns, 0.6102 ns/op
WorkloadResult   6: 67108864 op, 41399100.00 ns, 0.6169 ns/op
WorkloadResult   7: 67108864 op, 41485800.00 ns, 0.6182 ns/op
WorkloadResult   8: 67108864 op, 41723700.00 ns, 0.6217 ns/op
WorkloadResult   9: 67108864 op, 41341600.00 ns, 0.6160 ns/op
WorkloadResult  10: 67108864 op, 41270900.00 ns, 0.6150 ns/op
WorkloadResult  11: 67108864 op, 41638000.00 ns, 0.6205 ns/op
WorkloadResult  12: 67108864 op, 41577500.00 ns, 0.6196 ns/op
WorkloadResult  13: 67108864 op, 40950700.00 ns, 0.6102 ns/op
WorkloadResult  14: 67108864 op, 41734300.00 ns, 0.6219 ns/op
WorkloadResult  15: 67108864 op, 55729600.00 ns, 0.8304 ns/op
// GC:  0 0 0 2304 67108864
// Threading:  0 0 67108864


Mean = 0.633 ns, StdErr = 0.014 ns (2.25%), N = 15, StdDev = 0.055 ns
Min = 0.610 ns, Q1 = 0.616 ns, Median = 0.618 ns, Q3 = 0.621 ns, Max = 0.830 ns
IQR = 0.005 ns, LowerFence = 0.608 ns, UpperFence = 0.629 ns
ConfidenceInterval = [0.574 ns; 0.691 ns] (CI 99.9%), Margin = 0.059 ns (9.31% of Mean)
Skewness = 3.07, Kurtosis = 11.1, MValue = 2

// ** Remained 0 (0.0%) benchmark(s) to run. Estimated finish 2026-09-08 4:23 (0h 0m from now) **
Successfully reverted power plan (GUID: 8c5e7fda-e8bf-4a96-9a85-a6e23a8c635c FriendlyName: High performance)
// ***** BenchmarkRunner: Finish  *****

// * Export *
  .artifacts\deserialized-null\runtime-flag\measure\A1\NullKinds\results\Dekaf.Benchmarks.Diagnostics.DiagnosticBenchmarks-report.csv
  .artifacts\deserialized-null\runtime-flag\measure\A1\NullKinds\results\Dekaf.Benchmarks.Diagnostics.DiagnosticBenchmarks-report-github.md
  .artifacts\deserialized-null\runtime-flag\measure\A1\NullKinds\results\Dekaf.Benchmarks.Diagnostics.DiagnosticBenchmarks-report.html
  .artifacts\deserialized-null\runtime-flag\measure\A1\NullKinds\results\Dekaf.Benchmarks.Diagnostics.DiagnosticBenchmarks-report-full.json

// * Detailed results *
DiagnosticBenchmarks.NullKinds: Job-FMPSYE(OutlierMode=DontRemove, Affinity=00000000000000000100, Toolchain=InProcessEmitToolchain, InvocationCount=67108864, IterationCount=15, UnrollFactor=1, WarmupCount=10)
Runtime = ; GC = 
Mean = 0.633 ns, StdErr = 0.014 ns (2.25%), N = 15, StdDev = 0.055 ns
Min = 0.610 ns, Q1 = 0.616 ns, Median = 0.618 ns, Q3 = 0.621 ns, Max = 0.830 ns
IQR = 0.005 ns, LowerFence = 0.608 ns, UpperFence = 0.629 ns
ConfidenceInterval = [0.574 ns; 0.691 ns] (CI 99.9%), Margin = 0.059 ns (9.31% of Mean)
Skewness = 3.07, Kurtosis = 11.1, MValue = 2
-------------------- Histogram --------------------
[0.594 ns ; 0.653 ns) | @@@@@@@@@@@@@@
[0.653 ns ; 0.712 ns) | 
[0.712 ns ; 0.770 ns) | 
[0.770 ns ; 0.801 ns) | 
[0.801 ns ; 0.860 ns) | @
---------------------------------------------------

// * Summary *

BenchmarkDotNet v0.15.8, Windows 11 (10.0.26200.9168/25H2/2025Update/HudsonValley2)
12th Gen Intel Core i7-12700K 3.60GHz, 1 CPU, 20 logical and 12 physical cores
.NET SDK 10.0.400
  [Host] : .NET 10.0.11 (10.0.11, 10.0.1126.37416), X64 RyuJIT x86-64-v3

OutlierMode=DontRemove  Affinity=00000000000000000100  Toolchain=InProcessEmitToolchain  
InvocationCount=67108864  IterationCount=15  UnrollFactor=1  
WarmupCount=10  

| Method    | Mean      | Error     | StdDev    | Allocated |
|---------- |----------:|----------:|----------:|----------:|
| NullKinds | 0.6326 ns | 0.0589 ns | 0.0551 ns |         - |

// * Hints *
Outliers
  DiagnosticBenchmarks.NullKinds: OutlierMode=DontRemove, Affinity=00000000000000000100, Toolchain=InProcessEmitToolchain, InvocationCount=67108864, IterationCount=15, UnrollFactor=1, WarmupCount=10 -> 2 outliers were detected (1.89 ns, 2.08 ns)

// * Legends *
  Mean      : Arithmetic mean of all measurements
  Error     : Half of 99.9% confidence interval
  StdDev    : Standard deviation of all measurements
  Allocated : Allocated memory per single operation (managed only, inclusive, 1KB = 1024B)
  1 ns      : 1 Nanosecond (0.000000001 sec)

// * Diagnostic Output - MemoryDiagnoser *


// ***** BenchmarkRunner: End *****
Run time: 00:00:25 (25.79 sec), executed benchmarks: 1

Global total time: 00:00:26 (26.35 sec), executed benchmarks: 1
// * Artifacts cleanup *
Artifacts cleanup is finished
