// Validating benchmarks:
// ***** BenchmarkRunner: Start   *****
// ***** Found 15 benchmark(s) in total *****
// ***** Building 3 exe(s) in Parallel: Start   *****
// ***** Done, took 00:00:03 (3.05 sec)   *****
// Found 5 benchmarks:
//   BinaryKeyDispatchBenchmarks.StringControl: A_Baseline(Affinity=00000000000000000100, EnvironmentVariables=DOTNET_TieredCompilation=0, Arguments=/p:ProductDirectory=C:/git/Dekaf-perf-improvements-20260907/pr-3082/baseline,/p:UseSharedCompilation=false, IterationCount=15, IterationTime=200ms, WarmupCount=5)
//   BinaryKeyDispatchBenchmarks.StringControl: B_Published(Affinity=00000000000000000100, EnvironmentVariables=DOTNET_TieredCompilation=0, Arguments=/p:ProductDirectory=C:/git/Dekaf-perf-improvements-20260907/pr-3082/published,/p:UseSharedCompilation=false, IterationCount=15, IterationTime=200ms, WarmupCount=5)
//   BinaryKeyDispatchBenchmarks.StringControl: C_Candidate(Affinity=00000000000000000100, EnvironmentVariables=DOTNET_TieredCompilation=0, Arguments=/p:ProductDirectory=C:/git/Dekaf-perf-improvements-20260907/pr-3082/candidate,/p:UseSharedCompilation=false, IterationCount=15, IterationTime=200ms, WarmupCount=5)
//   BinaryKeyDispatchBenchmarks.StringControl: D_PublishedControl(Affinity=00000000000000000100, EnvironmentVariables=DOTNET_TieredCompilation=0, Arguments=/p:ProductDirectory=C:/git/Dekaf-perf-improvements-20260907/pr-3082/published,/p:UseSharedCompilation=false, IterationCount=15, IterationTime=200ms, WarmupCount=5)
//   BinaryKeyDispatchBenchmarks.StringControl: E_BaselineControl(Affinity=00000000000000000100, EnvironmentVariables=DOTNET_TieredCompilation=0, Arguments=/p:ProductDirectory=C:/git/Dekaf-perf-improvements-20260907/pr-3082/baseline,/p:UseSharedCompilation=false, IterationCount=15, IterationTime=200ms, WarmupCount=5)

Setup power plan (GUID: 8c5e7fda-e8bf-4a96-9a85-a6e23a8c635c FriendlyName: High performance)
// **************************
// Benchmark: BinaryKeyDispatchBenchmarks.StringControl: A_Baseline(Affinity=00000000000000000100, EnvironmentVariables=DOTNET_TieredCompilation=0, Arguments=/p:ProductDirectory=C:/git/Dekaf-perf-improvements-20260907/pr-3082/baseline,/p:UseSharedCompilation=false, IterationCount=15, IterationTime=200ms, WarmupCount=5)
// *** Execute ***
// Launch: 1 / 1
// Execute: dotnet Dekaf.Benchmarks-A_Baseline-1.dll --anonymousPipes 1584 1444 --benchmarkName Dekaf.Benchmarks.Benchmarks.Unit.BinaryKeyDispatchBenchmarks.StringControl --job A_Baseline --benchmarkId 0 in C:\git\Dekaf-perf-improvements-20260907\pr-3082\comparison-controlled\bin\Release\net10.0\Dekaf.Benchmarks-A_Baseline-1\bin\Release\net10.0
// BeforeAnythingElse

// Benchmark Process Environment Information:
// BenchmarkDotNet v0.15.8
// Runtime=.NET 10.0.11 (10.0.11, 10.0.1126.37416), X64 RyuJIT x86-64-v3
// GC=Concurrent Workstation
// HardwareIntrinsics=AVX2+BMI1+BMI2+F16C+FMA+LZCNT+MOVBE,AVX,SSE3+SSSE3+SSE4.1+SSE4.2+POPCNT,X86Base+SSE+SSE2,AES+PCLMUL,AvxVnni,SERIALIZE VectorSize=256
// Job: A_Baseline(Affinity=100, IterationCount=15, IterationTime=200ms, WarmupCount=5)

OverheadJitting  1: 1024 op, 118000.00 ns, 115.2344 ns/op
WorkloadJitting  1: 1024 op, 56049800.00 ns, 54.7361 us/op

WorkloadPilot    1: 4096 op, 2042100.00 ns, 498.5596 ns/op
WorkloadPilot    2: 401408 op, 182992000.00 ns, 455.8753 ns/op
WorkloadPilot    3: 438272 op, 193857300.00 ns, 442.3219 ns/op
WorkloadPilot    4: 452608 op, 200584600.00 ns, 443.1751 ns/op

WorkloadWarmup   1: 452608 op, 201211800.00 ns, 444.5609 ns/op
WorkloadWarmup   2: 452608 op, 200117500.00 ns, 442.1431 ns/op
WorkloadWarmup   3: 452608 op, 198784000.00 ns, 439.1968 ns/op
WorkloadWarmup   4: 452608 op, 198402500.00 ns, 438.3539 ns/op
WorkloadWarmup   5: 452608 op, 200583500.00 ns, 443.1727 ns/op

// BeforeActualRun
WorkloadActual   1: 452608 op, 198624900.00 ns, 438.8453 ns/op
WorkloadActual   2: 452608 op, 195757400.00 ns, 432.5098 ns/op
WorkloadActual   3: 452608 op, 194018500.00 ns, 428.6679 ns/op
WorkloadActual   4: 452608 op, 196868400.00 ns, 434.9645 ns/op
WorkloadActual   5: 452608 op, 196351600.00 ns, 433.8226 ns/op
WorkloadActual   6: 452608 op, 195976600.00 ns, 432.9941 ns/op
WorkloadActual   7: 452608 op, 201436500.00 ns, 445.0573 ns/op
WorkloadActual   8: 452608 op, 196579500.00 ns, 434.3262 ns/op
WorkloadActual   9: 452608 op, 199391300.00 ns, 440.5386 ns/op
WorkloadActual  10: 452608 op, 198747500.00 ns, 439.1162 ns/op
WorkloadActual  11: 452608 op, 200535300.00 ns, 443.0662 ns/op
WorkloadActual  12: 452608 op, 198572200.00 ns, 438.7289 ns/op
WorkloadActual  13: 452608 op, 205494100.00 ns, 454.0222 ns/op
WorkloadActual  14: 452608 op, 199318200.00 ns, 440.3771 ns/op
WorkloadActual  15: 452608 op, 236568100.00 ns, 522.6777 ns/op

// AfterActualRun
WorkloadResult   1: 452608 op, 198624900.00 ns, 438.8453 ns/op
WorkloadResult   2: 452608 op, 195757400.00 ns, 432.5098 ns/op
WorkloadResult   3: 452608 op, 194018500.00 ns, 428.6679 ns/op
WorkloadResult   4: 452608 op, 196868400.00 ns, 434.9645 ns/op
WorkloadResult   5: 452608 op, 196351600.00 ns, 433.8226 ns/op
WorkloadResult   6: 452608 op, 195976600.00 ns, 432.9941 ns/op
WorkloadResult   7: 452608 op, 201436500.00 ns, 445.0573 ns/op
WorkloadResult   8: 452608 op, 196579500.00 ns, 434.3262 ns/op
WorkloadResult   9: 452608 op, 199391300.00 ns, 440.5386 ns/op
WorkloadResult  10: 452608 op, 198747500.00 ns, 439.1162 ns/op
WorkloadResult  11: 452608 op, 200535300.00 ns, 443.0662 ns/op
WorkloadResult  12: 452608 op, 198572200.00 ns, 438.7289 ns/op
WorkloadResult  13: 452608 op, 199318200.00 ns, 440.3771 ns/op
// GC:  27 27 27 251816112 452608
// Threading:  442 0 452608

// AfterAll
// Benchmark Process 113712 has exited with code 0.

Mean = 437.155 ns, StdErr = 1.299 ns (0.30%), N = 13, StdDev = 4.684 ns
Min = 428.668 ns, Q1 = 433.823 ns, Median = 438.729 ns, Q3 = 440.377 ns, Max = 445.057 ns
IQR = 6.554 ns, LowerFence = 423.991 ns, UpperFence = 450.209 ns
ConfidenceInterval = [431.546 ns; 442.764 ns] (CI 99.9%), Margin = 5.609 ns (1.28% of Mean)
Skewness = -0.05, Kurtosis = 1.85, MValue = 2

// ** Remained 14 (93.3%) benchmark(s) to run. Estimated finish 2026-09-07 17:12 (0h 1m from now) **
Setup power plan (GUID: 8c5e7fda-e8bf-4a96-9a85-a6e23a8c635c FriendlyName: High performance)
// **************************
// Benchmark: BinaryKeyDispatchBenchmarks.StringControl: B_Published(Affinity=00000000000000000100, EnvironmentVariables=DOTNET_TieredCompilation=0, Arguments=/p:ProductDirectory=C:/git/Dekaf-perf-improvements-20260907/pr-3082/published,/p:UseSharedCompilation=false, IterationCount=15, IterationTime=200ms, WarmupCount=5)
// *** Execute ***
// Launch: 1 / 1
// Execute: dotnet Dekaf.Benchmarks-B_Published-2.dll --anonymousPipes 1432 1200 --benchmarkName Dekaf.Benchmarks.Benchmarks.Unit.BinaryKeyDispatchBenchmarks.StringControl --job B_Published --benchmarkId 0 in C:\git\Dekaf-perf-improvements-20260907\pr-3082\comparison-controlled\bin\Release\net10.0\Dekaf.Benchmarks-B_Published-2\bin\Release\net10.0
// BeforeAnythingElse

// Benchmark Process Environment Information:
// BenchmarkDotNet v0.15.8
// Runtime=.NET 10.0.11 (10.0.11, 10.0.1126.37416), X64 RyuJIT x86-64-v3
// GC=Concurrent Workstation
// HardwareIntrinsics=AVX2+BMI1+BMI2+F16C+FMA+LZCNT+MOVBE,AVX,SSE3+SSSE3+SSE4.1+SSE4.2+POPCNT,X86Base+SSE+SSE2,AES+PCLMUL,AvxVnni,SERIALIZE VectorSize=256
// Job: B_Published(Affinity=100, IterationCount=15, IterationTime=200ms, WarmupCount=5)

OverheadJitting  1: 1024 op, 118800.00 ns, 116.0156 ns/op
WorkloadJitting  1: 1024 op, 58875200.00 ns, 57.4953 us/op

WorkloadPilot    1: 4096 op, 2140400.00 ns, 522.5586 ns/op
WorkloadPilot    2: 382976 op, 175817000.00 ns, 459.0810 ns/op
WorkloadPilot    3: 435200 op, 189568100.00 ns, 435.5885 ns/op
WorkloadPilot    4: 458752 op, 203816600.00 ns, 444.2849 ns/op
WorkloadPilot    5: 450560 op, 210738000.00 ns, 467.7246 ns/op
WorkloadPilot    6: 428032 op, 238930600.00 ns, 558.2073 ns/op

WorkloadWarmup   1: 428032 op, 201764200.00 ns, 471.3764 ns/op
WorkloadWarmup   2: 428032 op, 188585900.00 ns, 440.5883 ns/op
WorkloadWarmup   3: 428032 op, 188387300.00 ns, 440.1243 ns/op
WorkloadWarmup   4: 428032 op, 186032200.00 ns, 434.6222 ns/op
WorkloadWarmup   5: 428032 op, 188251000.00 ns, 439.8059 ns/op

// BeforeActualRun
WorkloadActual   1: 428032 op, 187297900.00 ns, 437.5792 ns/op
WorkloadActual   2: 428032 op, 185164700.00 ns, 432.5955 ns/op
WorkloadActual   3: 428032 op, 203670000.00 ns, 475.8289 ns/op
WorkloadActual   4: 428032 op, 193057000.00 ns, 451.0340 ns/op
WorkloadActual   5: 428032 op, 194780100.00 ns, 455.0597 ns/op
WorkloadActual   6: 428032 op, 248468100.00 ns, 580.4895 ns/op
WorkloadActual   7: 428032 op, 191038300.00 ns, 446.3178 ns/op
WorkloadActual   8: 428032 op, 188939800.00 ns, 441.4151 ns/op
WorkloadActual   9: 428032 op, 196798300.00 ns, 459.7747 ns/op
WorkloadActual  10: 428032 op, 201848400.00 ns, 471.5732 ns/op
WorkloadActual  11: 428032 op, 210323500.00 ns, 491.3733 ns/op
WorkloadActual  12: 428032 op, 197161900.00 ns, 460.6242 ns/op
WorkloadActual  13: 428032 op, 194462600.00 ns, 454.3179 ns/op
WorkloadActual  14: 428032 op, 187304100.00 ns, 437.5937 ns/op
WorkloadActual  15: 428032 op, 186800300.00 ns, 436.4167 ns/op

// AfterActualRun
WorkloadResult   1: 428032 op, 187297900.00 ns, 437.5792 ns/op
WorkloadResult   2: 428032 op, 185164700.00 ns, 432.5955 ns/op
WorkloadResult   3: 428032 op, 203670000.00 ns, 475.8289 ns/op
WorkloadResult   4: 428032 op, 193057000.00 ns, 451.0340 ns/op
WorkloadResult   5: 428032 op, 194780100.00 ns, 455.0597 ns/op
WorkloadResult   6: 428032 op, 191038300.00 ns, 446.3178 ns/op
WorkloadResult   7: 428032 op, 188939800.00 ns, 441.4151 ns/op
WorkloadResult   8: 428032 op, 196798300.00 ns, 459.7747 ns/op
WorkloadResult   9: 428032 op, 201848400.00 ns, 471.5732 ns/op
WorkloadResult  10: 428032 op, 210323500.00 ns, 491.3733 ns/op
WorkloadResult  11: 428032 op, 197161900.00 ns, 460.6242 ns/op
WorkloadResult  12: 428032 op, 194462600.00 ns, 454.3179 ns/op
WorkloadResult  13: 428032 op, 187304100.00 ns, 437.5937 ns/op
WorkloadResult  14: 428032 op, 186800300.00 ns, 436.4167 ns/op
// GC:  26 26 26 238143208 428032
// Threading:  418 0 428032

// AfterAll
// Benchmark Process 95928 has exited with code 0.

Mean = 453.679 ns, StdErr = 4.564 ns (1.01%), N = 14, StdDev = 17.078 ns
Min = 432.595 ns, Q1 = 438.549 ns, Median = 452.676 ns, Q3 = 460.412 ns, Max = 491.373 ns
IQR = 21.863 ns, LowerFence = 405.755 ns, UpperFence = 493.206 ns
ConfidenceInterval = [434.414 ns; 472.944 ns] (CI 99.9%), Margin = 19.265 ns (4.25% of Mean)
Skewness = 0.65, Kurtosis = 2.36, MValue = 2

// ** Remained 13 (86.7%) benchmark(s) to run. Estimated finish 2026-09-07 17:12 (0h 1m from now) **
Setup power plan (GUID: 8c5e7fda-e8bf-4a96-9a85-a6e23a8c635c FriendlyName: High performance)
// **************************
// Benchmark: BinaryKeyDispatchBenchmarks.StringControl: C_Candidate(Affinity=00000000000000000100, EnvironmentVariables=DOTNET_TieredCompilation=0, Arguments=/p:ProductDirectory=C:/git/Dekaf-perf-improvements-20260907/pr-3082/candidate,/p:UseSharedCompilation=false, IterationCount=15, IterationTime=200ms, WarmupCount=5)
// *** Execute ***
// Launch: 1 / 1
// Execute: dotnet Dekaf.Benchmarks-C_Candidate-3.dll --anonymousPipes 1624 1420 --benchmarkName Dekaf.Benchmarks.Benchmarks.Unit.BinaryKeyDispatchBenchmarks.StringControl --job C_Candidate --benchmarkId 0 in C:\git\Dekaf-perf-improvements-20260907\pr-3082\comparison-controlled\bin\Release\net10.0\Dekaf.Benchmarks-C_Candidate-3\bin\Release\net10.0
// BeforeAnythingElse

// Benchmark Process Environment Information:
// BenchmarkDotNet v0.15.8
// Runtime=.NET 10.0.11 (10.0.11, 10.0.1126.37416), X64 RyuJIT x86-64-v3
// GC=Concurrent Workstation
// HardwareIntrinsics=AVX2+BMI1+BMI2+F16C+FMA+LZCNT+MOVBE,AVX,SSE3+SSSE3+SSE4.1+SSE4.2+POPCNT,X86Base+SSE+SSE2,AES+PCLMUL,AvxVnni,SERIALIZE VectorSize=256
// Job: C_Candidate(Affinity=100, IterationCount=15, IterationTime=200ms, WarmupCount=5)

OverheadJitting  1: 1024 op, 118300.00 ns, 115.5273 ns/op
WorkloadJitting  1: 1024 op, 55011900.00 ns, 53.7226 us/op

WorkloadPilot    1: 4096 op, 2285200.00 ns, 557.9102 ns/op
WorkloadPilot    2: 358400 op, 157729600.00 ns, 440.0938 ns/op
WorkloadPilot    3: 454656 op, 199448300.00 ns, 438.6796 ns/op

WorkloadWarmup   1: 454656 op, 202342700.00 ns, 445.0457 ns/op
WorkloadWarmup   2: 454656 op, 196451000.00 ns, 432.0871 ns/op
WorkloadWarmup   3: 454656 op, 199809000.00 ns, 439.4729 ns/op
WorkloadWarmup   4: 454656 op, 196982200.00 ns, 433.2555 ns/op
WorkloadWarmup   5: 454656 op, 204074800.00 ns, 448.8554 ns/op

// BeforeActualRun
WorkloadActual   1: 454656 op, 205587900.00 ns, 452.1834 ns/op
WorkloadActual   2: 454656 op, 194659800.00 ns, 428.1474 ns/op
WorkloadActual   3: 454656 op, 193062200.00 ns, 424.6336 ns/op
WorkloadActual   4: 454656 op, 197452200.00 ns, 434.2892 ns/op
WorkloadActual   5: 454656 op, 195195200.00 ns, 429.3250 ns/op
WorkloadActual   6: 454656 op, 200818200.00 ns, 441.6926 ns/op
WorkloadActual   7: 454656 op, 198784500.00 ns, 437.2196 ns/op
WorkloadActual   8: 454656 op, 199383600.00 ns, 438.5373 ns/op
WorkloadActual   9: 454656 op, 202232900.00 ns, 444.8042 ns/op
WorkloadActual  10: 454656 op, 208205100.00 ns, 457.9398 ns/op
WorkloadActual  11: 454656 op, 200844900.00 ns, 441.7513 ns/op
WorkloadActual  12: 454656 op, 252555800.00 ns, 555.4877 ns/op
WorkloadActual  13: 454656 op, 221988100.00 ns, 488.2551 ns/op
WorkloadActual  14: 454656 op, 203349100.00 ns, 447.2592 ns/op
WorkloadActual  15: 454656 op, 206650700.00 ns, 454.5210 ns/op

// AfterActualRun
WorkloadResult   1: 454656 op, 205587900.00 ns, 452.1834 ns/op
WorkloadResult   2: 454656 op, 194659800.00 ns, 428.1474 ns/op
WorkloadResult   3: 454656 op, 193062200.00 ns, 424.6336 ns/op
WorkloadResult   4: 454656 op, 197452200.00 ns, 434.2892 ns/op
WorkloadResult   5: 454656 op, 195195200.00 ns, 429.3250 ns/op
WorkloadResult   6: 454656 op, 200818200.00 ns, 441.6926 ns/op
WorkloadResult   7: 454656 op, 198784500.00 ns, 437.2196 ns/op
WorkloadResult   8: 454656 op, 199383600.00 ns, 438.5373 ns/op
WorkloadResult   9: 454656 op, 202232900.00 ns, 444.8042 ns/op
WorkloadResult  10: 454656 op, 208205100.00 ns, 457.9398 ns/op
WorkloadResult  11: 454656 op, 200844900.00 ns, 441.7513 ns/op
WorkloadResult  12: 454656 op, 203349100.00 ns, 447.2592 ns/op
WorkloadResult  13: 454656 op, 206650700.00 ns, 454.5210 ns/op
// GC:  27 27 27 252955632 454656
// Threading:  444 0 454656

// AfterAll
// Benchmark Process 94328 has exited with code 0.

Mean = 440.946 ns, StdErr = 2.869 ns (0.65%), N = 13, StdDev = 10.345 ns
Min = 424.634 ns, Q1 = 434.289 ns, Median = 441.693 ns, Q3 = 447.259 ns, Max = 457.940 ns
IQR = 12.970 ns, LowerFence = 414.834 ns, UpperFence = 466.714 ns
ConfidenceInterval = [428.558 ns; 453.335 ns] (CI 99.9%), Margin = 12.389 ns (2.81% of Mean)
Skewness = 0.05, Kurtosis = 1.7, MValue = 2

// ** Remained 12 (80.0%) benchmark(s) to run. Estimated finish 2026-09-07 17:12 (0h 1m from now) **
Setup power plan (GUID: 8c5e7fda-e8bf-4a96-9a85-a6e23a8c635c FriendlyName: High performance)
// **************************
// Benchmark: BinaryKeyDispatchBenchmarks.StringControl: D_PublishedControl(Affinity=00000000000000000100, EnvironmentVariables=DOTNET_TieredCompilation=0, Arguments=/p:ProductDirectory=C:/git/Dekaf-perf-improvements-20260907/pr-3082/published,/p:UseSharedCompilation=false, IterationCount=15, IterationTime=200ms, WarmupCount=5)
// *** Execute ***
// Launch: 1 / 1
// Execute: dotnet Dekaf.Benchmarks-B_Published-2.dll --anonymousPipes 632 636 --benchmarkName Dekaf.Benchmarks.Benchmarks.Unit.BinaryKeyDispatchBenchmarks.StringControl --job D_PublishedControl --benchmarkId 1 in C:\git\Dekaf-perf-improvements-20260907\pr-3082\comparison-controlled\bin\Release\net10.0\Dekaf.Benchmarks-B_Published-2\bin\Release\net10.0
// BeforeAnythingElse

// Benchmark Process Environment Information:
// BenchmarkDotNet v0.15.8
// Runtime=.NET 10.0.11 (10.0.11, 10.0.1126.37416), X64 RyuJIT x86-64-v3
// GC=Concurrent Workstation
// HardwareIntrinsics=AVX2+BMI1+BMI2+F16C+FMA+LZCNT+MOVBE,AVX,SSE3+SSSE3+SSE4.1+SSE4.2+POPCNT,X86Base+SSE+SSE2,AES+PCLMUL,AvxVnni,SERIALIZE VectorSize=256
// Job: D_PublishedControl(Affinity=100, IterationCount=15, IterationTime=200ms, WarmupCount=5)

OverheadJitting  1: 1024 op, 119000.00 ns, 116.2109 ns/op
WorkloadJitting  1: 1024 op, 54961800.00 ns, 53.6736 us/op

WorkloadPilot    1: 4096 op, 2011000.00 ns, 490.9668 ns/op
WorkloadPilot    2: 407552 op, 185905200.00 ns, 456.1509 ns/op
WorkloadPilot    3: 438272 op, 191135200.00 ns, 436.1109 ns/op
WorkloadPilot    4: 458752 op, 243569300.00 ns, 530.9389 ns/op
WorkloadPilot    5: 376832 op, 170629800.00 ns, 452.8007 ns/op
WorkloadPilot    6: 441344 op, 204679300.00 ns, 463.7636 ns/op
WorkloadPilot    7: 431104 op, 191255400.00 ns, 443.6410 ns/op
WorkloadPilot    8: 450560 op, 198717700.00 ns, 441.0460 ns/op
WorkloadPilot    9: 453632 op, 203277800.00 ns, 448.1117 ns/op

WorkloadWarmup   1: 453632 op, 202459500.00 ns, 446.3078 ns/op
WorkloadWarmup   2: 453632 op, 217575300.00 ns, 479.6295 ns/op
WorkloadWarmup   3: 453632 op, 206958100.00 ns, 456.2246 ns/op
WorkloadWarmup   4: 453632 op, 223974300.00 ns, 493.7357 ns/op
WorkloadWarmup   5: 453632 op, 230799900.00 ns, 508.7822 ns/op

// BeforeActualRun
WorkloadActual   1: 453632 op, 208786400.00 ns, 460.2550 ns/op
WorkloadActual   2: 453632 op, 200647000.00 ns, 442.3123 ns/op
WorkloadActual   3: 453632 op, 199011400.00 ns, 438.7067 ns/op
WorkloadActual   4: 453632 op, 194033400.00 ns, 427.7331 ns/op
WorkloadActual   5: 453632 op, 193249400.00 ns, 426.0048 ns/op
WorkloadActual   6: 453632 op, 198049200.00 ns, 436.5856 ns/op
WorkloadActual   7: 453632 op, 195554200.00 ns, 431.0855 ns/op
WorkloadActual   8: 453632 op, 194261500.00 ns, 428.2359 ns/op
WorkloadActual   9: 453632 op, 188991600.00 ns, 416.6188 ns/op
WorkloadActual  10: 453632 op, 189403100.00 ns, 417.5259 ns/op
WorkloadActual  11: 453632 op, 192865600.00 ns, 425.1587 ns/op
WorkloadActual  12: 453632 op, 192937800.00 ns, 425.3179 ns/op
WorkloadActual  13: 453632 op, 202639400.00 ns, 446.7044 ns/op
WorkloadActual  14: 453632 op, 201558200.00 ns, 444.3209 ns/op
WorkloadActual  15: 453632 op, 191023300.00 ns, 421.0975 ns/op

// AfterActualRun
WorkloadResult   1: 453632 op, 208786400.00 ns, 460.2550 ns/op
WorkloadResult   2: 453632 op, 200647000.00 ns, 442.3123 ns/op
WorkloadResult   3: 453632 op, 199011400.00 ns, 438.7067 ns/op
WorkloadResult   4: 453632 op, 194033400.00 ns, 427.7331 ns/op
WorkloadResult   5: 453632 op, 193249400.00 ns, 426.0048 ns/op
WorkloadResult   6: 453632 op, 198049200.00 ns, 436.5856 ns/op
WorkloadResult   7: 453632 op, 195554200.00 ns, 431.0855 ns/op
WorkloadResult   8: 453632 op, 194261500.00 ns, 428.2359 ns/op
WorkloadResult   9: 453632 op, 188991600.00 ns, 416.6188 ns/op
WorkloadResult  10: 453632 op, 189403100.00 ns, 417.5259 ns/op
WorkloadResult  11: 453632 op, 192865600.00 ns, 425.1587 ns/op
WorkloadResult  12: 453632 op, 192937800.00 ns, 425.3179 ns/op
WorkloadResult  13: 453632 op, 202639400.00 ns, 446.7044 ns/op
WorkloadResult  14: 453632 op, 201558200.00 ns, 444.3209 ns/op
WorkloadResult  15: 453632 op, 191023300.00 ns, 421.0975 ns/op
// GC:  27 27 27 252385752 453632
// Threading:  443 0 453632

// AfterAll
// Benchmark Process 96044 has exited with code 0.

Mean = 432.511 ns, StdErr = 3.132 ns (0.72%), N = 15, StdDev = 12.131 ns
Min = 416.619 ns, Q1 = 425.238 ns, Median = 428.236 ns, Q3 = 440.509 ns, Max = 460.255 ns
IQR = 15.271 ns, LowerFence = 402.332 ns, UpperFence = 463.416 ns
ConfidenceInterval = [419.542 ns; 445.480 ns] (CI 99.9%), Margin = 12.969 ns (3.00% of Mean)
Skewness = 0.64, Kurtosis = 2.47, MValue = 2

// ** Remained 11 (73.3%) benchmark(s) to run. Estimated finish 2026-09-07 17:12 (0h 1m from now) **
Setup power plan (GUID: 8c5e7fda-e8bf-4a96-9a85-a6e23a8c635c FriendlyName: High performance)
// **************************
// Benchmark: BinaryKeyDispatchBenchmarks.StringControl: E_BaselineControl(Affinity=00000000000000000100, EnvironmentVariables=DOTNET_TieredCompilation=0, Arguments=/p:ProductDirectory=C:/git/Dekaf-perf-improvements-20260907/pr-3082/baseline,/p:UseSharedCompilation=false, IterationCount=15, IterationTime=200ms, WarmupCount=5)
// *** Execute ***
// Launch: 1 / 1
// Execute: dotnet Dekaf.Benchmarks-A_Baseline-1.dll --anonymousPipes 636 640 --benchmarkName Dekaf.Benchmarks.Benchmarks.Unit.BinaryKeyDispatchBenchmarks.StringControl --job E_BaselineControl --benchmarkId 1 in C:\git\Dekaf-perf-improvements-20260907\pr-3082\comparison-controlled\bin\Release\net10.0\Dekaf.Benchmarks-A_Baseline-1\bin\Release\net10.0
// BeforeAnythingElse

// Benchmark Process Environment Information:
// BenchmarkDotNet v0.15.8
// Runtime=.NET 10.0.11 (10.0.11, 10.0.1126.37416), X64 RyuJIT x86-64-v3
// GC=Concurrent Workstation
// HardwareIntrinsics=AVX2+BMI1+BMI2+F16C+FMA+LZCNT+MOVBE,AVX,SSE3+SSSE3+SSE4.1+SSE4.2+POPCNT,X86Base+SSE+SSE2,AES+PCLMUL,AvxVnni,SERIALIZE VectorSize=256
// Job: E_BaselineControl(Affinity=100, IterationCount=15, IterationTime=200ms, WarmupCount=5)

OverheadJitting  1: 1024 op, 116400.00 ns, 113.6719 ns/op
WorkloadJitting  1: 1024 op, 56771000.00 ns, 55.4404 us/op

WorkloadPilot    1: 4096 op, 2022200.00 ns, 493.7012 ns/op
WorkloadPilot    2: 405504 op, 187073300.00 ns, 461.3353 ns/op
WorkloadPilot    3: 433152 op, 189697000.00 ns, 437.9456 ns/op
WorkloadPilot    4: 456704 op, 194537400.00 ns, 425.9595 ns/op
WorkloadPilot    5: 470016 op, 213341100.00 ns, 453.9018 ns/op
WorkloadPilot    6: 440320 op, 195413200.00 ns, 443.7981 ns/op
WorkloadPilot    7: 450560 op, 194177900.00 ns, 430.9701 ns/op
WorkloadPilot    8: 463872 op, 199765200.00 ns, 430.6472 ns/op

WorkloadWarmup   1: 463872 op, 206240300.00 ns, 444.6061 ns/op
WorkloadWarmup   2: 463872 op, 207239900.00 ns, 446.7610 ns/op
WorkloadWarmup   3: 463872 op, 201365000.00 ns, 434.0960 ns/op
WorkloadWarmup   4: 463872 op, 208018400.00 ns, 448.4392 ns/op
WorkloadWarmup   5: 463872 op, 204020100.00 ns, 439.8198 ns/op

// BeforeActualRun
WorkloadActual   1: 463872 op, 261604300.00 ns, 563.9579 ns/op
WorkloadActual   2: 463872 op, 209897200.00 ns, 452.4895 ns/op
WorkloadActual   3: 463872 op, 205804300.00 ns, 443.6661 ns/op
WorkloadActual   4: 463872 op, 201070500.00 ns, 433.4612 ns/op
WorkloadActual   5: 463872 op, 203908800.00 ns, 439.5799 ns/op
WorkloadActual   6: 463872 op, 204678000.00 ns, 441.2381 ns/op
WorkloadActual   7: 463872 op, 200441300.00 ns, 432.1048 ns/op
WorkloadActual   8: 463872 op, 209476700.00 ns, 451.5830 ns/op
WorkloadActual   9: 463872 op, 258655300.00 ns, 557.6006 ns/op
WorkloadActual  10: 463872 op, 216788600.00 ns, 467.3457 ns/op
WorkloadActual  11: 463872 op, 216954700.00 ns, 467.7038 ns/op
WorkloadActual  12: 463872 op, 204108200.00 ns, 440.0097 ns/op
WorkloadActual  13: 463872 op, 204263500.00 ns, 440.3445 ns/op
WorkloadActual  14: 463872 op, 206647300.00 ns, 445.4835 ns/op
WorkloadActual  15: 463872 op, 196896100.00 ns, 424.4621 ns/op

// AfterActualRun
WorkloadResult   1: 463872 op, 209897200.00 ns, 452.4895 ns/op
WorkloadResult   2: 463872 op, 205804300.00 ns, 443.6661 ns/op
WorkloadResult   3: 463872 op, 201070500.00 ns, 433.4612 ns/op
WorkloadResult   4: 463872 op, 203908800.00 ns, 439.5799 ns/op
WorkloadResult   5: 463872 op, 204678000.00 ns, 441.2381 ns/op
WorkloadResult   6: 463872 op, 200441300.00 ns, 432.1048 ns/op
WorkloadResult   7: 463872 op, 209476700.00 ns, 451.5830 ns/op
WorkloadResult   8: 463872 op, 216788600.00 ns, 467.3457 ns/op
WorkloadResult   9: 463872 op, 216954700.00 ns, 467.7038 ns/op
WorkloadResult  10: 463872 op, 204108200.00 ns, 440.0097 ns/op
WorkloadResult  11: 463872 op, 204263500.00 ns, 440.3445 ns/op
WorkloadResult  12: 463872 op, 206647300.00 ns, 445.4835 ns/op
WorkloadResult  13: 463872 op, 196896100.00 ns, 424.4621 ns/op
// GC:  28 28 28 258083136 463872
// Threading:  453 0 463872

// AfterAll
// Benchmark Process 111576 has exited with code 0.

Mean = 444.575 ns, StdErr = 3.513 ns (0.79%), N = 13, StdDev = 12.666 ns
Min = 424.462 ns, Q1 = 439.580 ns, Median = 441.238 ns, Q3 = 451.583 ns, Max = 467.704 ns
IQR = 12.003 ns, LowerFence = 421.575 ns, UpperFence = 469.588 ns
ConfidenceInterval = [429.406 ns; 459.743 ns] (CI 99.9%), Margin = 15.168 ns (3.41% of Mean)
Skewness = 0.5, Kurtosis = 2.29, MValue = 2

// ** Remained 10 (66.7%) benchmark(s) to run. Estimated finish 2026-09-07 17:12 (0h 0m from now) **
Successfully reverted power plan (GUID: 8c5e7fda-e8bf-4a96-9a85-a6e23a8c635c FriendlyName: High performance)
// ***** BenchmarkRunner: Finish  *****

// * Export *
  C:\git\Dekaf-perf-improvements-20260907\pr-3082\controlled\results\Dekaf.Benchmarks.Benchmarks.Unit.BinaryKeyDispatchBenchmarks-report.csv
  C:\git\Dekaf-perf-improvements-20260907\pr-3082\controlled\results\Dekaf.Benchmarks.Benchmarks.Unit.BinaryKeyDispatchBenchmarks-report-github.md
  C:\git\Dekaf-perf-improvements-20260907\pr-3082\controlled\results\Dekaf.Benchmarks.Benchmarks.Unit.BinaryKeyDispatchBenchmarks-report.html

// * Detailed results *
BinaryKeyDispatchBenchmarks.StringControl: A_Baseline(Affinity=00000000000000000100, EnvironmentVariables=DOTNET_TieredCompilation=0, Arguments=/p:ProductDirectory=C:/git/Dekaf-perf-improvements-20260907/pr-3082/baseline,/p:UseSharedCompilation=false, IterationCount=15, IterationTime=200ms, WarmupCount=5)
Runtime = .NET 10.0.11 (10.0.11, 10.0.1126.37416), X64 RyuJIT x86-64-v3; GC = Concurrent Workstation
Mean = 437.155 ns, StdErr = 1.299 ns (0.30%), N = 13, StdDev = 4.684 ns
Min = 428.668 ns, Q1 = 433.823 ns, Median = 438.729 ns, Q3 = 440.377 ns, Max = 445.057 ns
IQR = 6.554 ns, LowerFence = 423.991 ns, UpperFence = 450.209 ns
ConfidenceInterval = [431.546 ns; 442.764 ns] (CI 99.9%), Margin = 5.609 ns (1.28% of Mean)
Skewness = -0.05, Kurtosis = 1.85, MValue = 2
-------------------- Histogram --------------------
[426.054 ns ; 445.307 ns) | @@@@@@@@@@@@@
---------------------------------------------------

BinaryKeyDispatchBenchmarks.StringControl: B_Published(Affinity=00000000000000000100, EnvironmentVariables=DOTNET_TieredCompilation=0, Arguments=/p:ProductDirectory=C:/git/Dekaf-perf-improvements-20260907/pr-3082/published,/p:UseSharedCompilation=false, IterationCount=15, IterationTime=200ms, WarmupCount=5)
Runtime = .NET 10.0.11 (10.0.11, 10.0.1126.37416), X64 RyuJIT x86-64-v3; GC = Concurrent Workstation
Mean = 453.679 ns, StdErr = 4.564 ns (1.01%), N = 14, StdDev = 17.078 ns
Min = 432.595 ns, Q1 = 438.549 ns, Median = 452.676 ns, Q3 = 460.412 ns, Max = 491.373 ns
IQR = 21.863 ns, LowerFence = 405.755 ns, UpperFence = 493.206 ns
ConfidenceInterval = [434.414 ns; 472.944 ns] (CI 99.9%), Margin = 19.265 ns (4.25% of Mean)
Skewness = 0.65, Kurtosis = 2.36, MValue = 2
-------------------- Histogram --------------------
[423.295 ns ; 437.019 ns) | @@
[437.019 ns ; 455.620 ns) | @@@@@@@
[455.620 ns ; 477.102 ns) | @@@@
[477.102 ns ; 500.674 ns) | @
---------------------------------------------------

BinaryKeyDispatchBenchmarks.StringControl: C_Candidate(Affinity=00000000000000000100, EnvironmentVariables=DOTNET_TieredCompilation=0, Arguments=/p:ProductDirectory=C:/git/Dekaf-perf-improvements-20260907/pr-3082/candidate,/p:UseSharedCompilation=false, IterationCount=15, IterationTime=200ms, WarmupCount=5)
Runtime = .NET 10.0.11 (10.0.11, 10.0.1126.37416), X64 RyuJIT x86-64-v3; GC = Concurrent Workstation
Mean = 440.946 ns, StdErr = 2.869 ns (0.65%), N = 13, StdDev = 10.345 ns
Min = 424.634 ns, Q1 = 434.289 ns, Median = 441.693 ns, Q3 = 447.259 ns, Max = 457.940 ns
IQR = 12.970 ns, LowerFence = 414.834 ns, UpperFence = 466.714 ns
ConfidenceInterval = [428.558 ns; 453.335 ns] (CI 99.9%), Margin = 12.389 ns (2.81% of Mean)
Skewness = 0.05, Kurtosis = 1.7, MValue = 2
-------------------- Histogram --------------------
[423.687 ns ; 436.465 ns) | @@@@
[436.465 ns ; 448.014 ns) | @@@@@@
[448.014 ns ; 460.836 ns) | @@@
---------------------------------------------------

BinaryKeyDispatchBenchmarks.StringControl: D_PublishedControl(Affinity=00000000000000000100, EnvironmentVariables=DOTNET_TieredCompilation=0, Arguments=/p:ProductDirectory=C:/git/Dekaf-perf-improvements-20260907/pr-3082/published,/p:UseSharedCompilation=false, IterationCount=15, IterationTime=200ms, WarmupCount=5)
Runtime = .NET 10.0.11 (10.0.11, 10.0.1126.37416), X64 RyuJIT x86-64-v3; GC = Concurrent Workstation
Mean = 432.511 ns, StdErr = 3.132 ns (0.72%), N = 15, StdDev = 12.131 ns
Min = 416.619 ns, Q1 = 425.238 ns, Median = 428.236 ns, Q3 = 440.509 ns, Max = 460.255 ns
IQR = 15.271 ns, LowerFence = 402.332 ns, UpperFence = 463.416 ns
ConfidenceInterval = [419.542 ns; 445.480 ns] (CI 99.9%), Margin = 12.969 ns (3.00% of Mean)
Skewness = 0.64, Kurtosis = 2.47, MValue = 2
-------------------- Histogram --------------------
[415.971 ns ; 428.884 ns) | @@@@@@@@
[428.884 ns ; 448.101 ns) | @@@@@@
[448.101 ns ; 466.711 ns) | @
---------------------------------------------------

BinaryKeyDispatchBenchmarks.StringControl: E_BaselineControl(Affinity=00000000000000000100, EnvironmentVariables=DOTNET_TieredCompilation=0, Arguments=/p:ProductDirectory=C:/git/Dekaf-perf-improvements-20260907/pr-3082/baseline,/p:UseSharedCompilation=false, IterationCount=15, IterationTime=200ms, WarmupCount=5)
Runtime = .NET 10.0.11 (10.0.11, 10.0.1126.37416), X64 RyuJIT x86-64-v3; GC = Concurrent Workstation
Mean = 444.575 ns, StdErr = 3.513 ns (0.79%), N = 13, StdDev = 12.666 ns
Min = 424.462 ns, Q1 = 439.580 ns, Median = 441.238 ns, Q3 = 451.583 ns, Max = 467.704 ns
IQR = 12.003 ns, LowerFence = 421.575 ns, UpperFence = 469.588 ns
ConfidenceInterval = [429.406 ns; 459.743 ns] (CI 99.9%), Margin = 15.168 ns (3.41% of Mean)
Skewness = 0.5, Kurtosis = 2.29, MValue = 2
-------------------- Histogram --------------------
[421.891 ns ; 436.032 ns) | @@@
[436.032 ns ; 453.105 ns) | @@@@@@@@
[453.105 ns ; 474.774 ns) | @@
---------------------------------------------------

// * Summary *

BenchmarkDotNet v0.15.8, Windows 11 (10.0.26200.9168/25H2/2025Update/HudsonValley2)
12th Gen Intel Core i7-12700K 3.60GHz, 1 CPU, 20 logical and 12 physical cores
.NET SDK 10.0.400
  [Host]             : .NET 10.0.11 (10.0.11, 10.0.1126.37416), X64 RyuJIT x86-64-v3
  A_Baseline         : .NET 10.0.11 (10.0.11, 10.0.1126.37416), X64 RyuJIT x86-64-v3
  B_Published        : .NET 10.0.11 (10.0.11, 10.0.1126.37416), X64 RyuJIT x86-64-v3
  C_Candidate        : .NET 10.0.11 (10.0.11, 10.0.1126.37416), X64 RyuJIT x86-64-v3
  D_PublishedControl : .NET 10.0.11 (10.0.11, 10.0.1126.37416), X64 RyuJIT x86-64-v3
  E_BaselineControl  : .NET 10.0.11 (10.0.11, 10.0.1126.37416), X64 RyuJIT x86-64-v3

Affinity=00000000000000000100  EnvironmentVariables=DOTNET_TieredCompilation=0  IterationCount=15  
IterationTime=200ms  WarmupCount=5  

| Method        | Job                | Arguments                                                                                                   | Mean     | Error    | StdDev   | Gen0   | Gen1   | Gen2   | Allocated |
|-------------- |------------------- |------------------------------------------------------------------------------------------------------------ |---------:|---------:|---------:|-------:|-------:|-------:|----------:|
| StringControl | A_Baseline         | /p:ProductDirectory=C:/git/Dekaf-perf-improvements-20260907/pr-3082/baseline,/p:UseSharedCompilation=false  | 437.2 ns |  5.61 ns |  4.68 ns | 0.0597 | 0.0597 | 0.0597 |     556 B |
| StringControl | B_Published        | /p:ProductDirectory=C:/git/Dekaf-perf-improvements-20260907/pr-3082/published,/p:UseSharedCompilation=false | 453.7 ns | 19.26 ns | 17.08 ns | 0.0607 | 0.0607 | 0.0607 |     556 B |
| StringControl | C_Candidate        | /p:ProductDirectory=C:/git/Dekaf-perf-improvements-20260907/pr-3082/candidate,/p:UseSharedCompilation=false | 440.9 ns | 12.39 ns | 10.35 ns | 0.0594 | 0.0594 | 0.0594 |     556 B |
| StringControl | D_PublishedControl | /p:ProductDirectory=C:/git/Dekaf-perf-improvements-20260907/pr-3082/published,/p:UseSharedCompilation=false | 432.5 ns | 12.97 ns | 12.13 ns | 0.0595 | 0.0595 | 0.0595 |     556 B |
| StringControl | E_BaselineControl  | /p:ProductDirectory=C:/git/Dekaf-perf-improvements-20260907/pr-3082/baseline,/p:UseSharedCompilation=false  | 444.6 ns | 15.17 ns | 12.67 ns | 0.0604 | 0.0604 | 0.0604 |     556 B |

// * Hints *
Outliers
  BinaryKeyDispatchBenchmarks.StringControl: A_Baseline        -> 2 outliers were removed (454.02 ns, 522.68 ns)
  BinaryKeyDispatchBenchmarks.StringControl: B_Published       -> 1 outlier  was  removed (580.49 ns)
  BinaryKeyDispatchBenchmarks.StringControl: C_Candidate       -> 2 outliers were removed (488.26 ns, 555.49 ns)
  BinaryKeyDispatchBenchmarks.StringControl: E_BaselineControl -> 2 outliers were removed (557.60 ns, 563.96 ns)

// * Legends *
  Mean      : Arithmetic mean of all measurements
  Error     : Half of 99.9% confidence interval
  StdDev    : Standard deviation of all measurements
  Gen0      : GC Generation 0 collects per 1000 operations
  Gen1      : GC Generation 1 collects per 1000 operations
  Gen2      : GC Generation 2 collects per 1000 operations
  Allocated : Allocated memory per single operation (managed only, inclusive, 1KB = 1024B)
  1 ns      : 1 Nanosecond (0.000000001 sec)

// * Diagnostic Output - MemoryDiagnoser *


// ***** BenchmarkRunner: End *****
Run time: 00:00:28 (28.39 sec), executed benchmarks: 5

// Found 10 benchmarks:
//   DistinctBinaryKeyDispatchBenchmarks.ByteArray: A_Baseline(Affinity=00000000000000000100, EnvironmentVariables=DOTNET_TieredCompilation=0, Arguments=/p:ProductDirectory=C:/git/Dekaf-perf-improvements-20260907/pr-3082/baseline,/p:UseSharedCompilation=false, IterationCount=15, IterationTime=200ms, WarmupCount=5) [KeySize=65536]
//   DistinctBinaryKeyDispatchBenchmarks.RawMemory: A_Baseline(Affinity=00000000000000000100, EnvironmentVariables=DOTNET_TieredCompilation=0, Arguments=/p:ProductDirectory=C:/git/Dekaf-perf-improvements-20260907/pr-3082/baseline,/p:UseSharedCompilation=false, IterationCount=15, IterationTime=200ms, WarmupCount=5) [KeySize=65536]
//   DistinctBinaryKeyDispatchBenchmarks.ByteArray: B_Published(Affinity=00000000000000000100, EnvironmentVariables=DOTNET_TieredCompilation=0, Arguments=/p:ProductDirectory=C:/git/Dekaf-perf-improvements-20260907/pr-3082/published,/p:UseSharedCompilation=false, IterationCount=15, IterationTime=200ms, WarmupCount=5) [KeySize=65536]
//   DistinctBinaryKeyDispatchBenchmarks.RawMemory: B_Published(Affinity=00000000000000000100, EnvironmentVariables=DOTNET_TieredCompilation=0, Arguments=/p:ProductDirectory=C:/git/Dekaf-perf-improvements-20260907/pr-3082/published,/p:UseSharedCompilation=false, IterationCount=15, IterationTime=200ms, WarmupCount=5) [KeySize=65536]
//   DistinctBinaryKeyDispatchBenchmarks.ByteArray: C_Candidate(Affinity=00000000000000000100, EnvironmentVariables=DOTNET_TieredCompilation=0, Arguments=/p:ProductDirectory=C:/git/Dekaf-perf-improvements-20260907/pr-3082/candidate,/p:UseSharedCompilation=false, IterationCount=15, IterationTime=200ms, WarmupCount=5) [KeySize=65536]
//   DistinctBinaryKeyDispatchBenchmarks.RawMemory: C_Candidate(Affinity=00000000000000000100, EnvironmentVariables=DOTNET_TieredCompilation=0, Arguments=/p:ProductDirectory=C:/git/Dekaf-perf-improvements-20260907/pr-3082/candidate,/p:UseSharedCompilation=false, IterationCount=15, IterationTime=200ms, WarmupCount=5) [KeySize=65536]
//   DistinctBinaryKeyDispatchBenchmarks.ByteArray: D_PublishedControl(Affinity=00000000000000000100, EnvironmentVariables=DOTNET_TieredCompilation=0, Arguments=/p:ProductDirectory=C:/git/Dekaf-perf-improvements-20260907/pr-3082/published,/p:UseSharedCompilation=false, IterationCount=15, IterationTime=200ms, WarmupCount=5) [KeySize=65536]
//   DistinctBinaryKeyDispatchBenchmarks.RawMemory: D_PublishedControl(Affinity=00000000000000000100, EnvironmentVariables=DOTNET_TieredCompilation=0, Arguments=/p:ProductDirectory=C:/git/Dekaf-perf-improvements-20260907/pr-3082/published,/p:UseSharedCompilation=false, IterationCount=15, IterationTime=200ms, WarmupCount=5) [KeySize=65536]
//   DistinctBinaryKeyDispatchBenchmarks.ByteArray: E_BaselineControl(Affinity=00000000000000000100, EnvironmentVariables=DOTNET_TieredCompilation=0, Arguments=/p:ProductDirectory=C:/git/Dekaf-perf-improvements-20260907/pr-3082/baseline,/p:UseSharedCompilation=false, IterationCount=15, IterationTime=200ms, WarmupCount=5) [KeySize=65536]
//   DistinctBinaryKeyDispatchBenchmarks.RawMemory: E_BaselineControl(Affinity=00000000000000000100, EnvironmentVariables=DOTNET_TieredCompilation=0, Arguments=/p:ProductDirectory=C:/git/Dekaf-perf-improvements-20260907/pr-3082/baseline,/p:UseSharedCompilation=false, IterationCount=15, IterationTime=200ms, WarmupCount=5) [KeySize=65536]

Setup power plan (GUID: 8c5e7fda-e8bf-4a96-9a85-a6e23a8c635c FriendlyName: High performance)
// **************************
// Benchmark: DistinctBinaryKeyDispatchBenchmarks.ByteArray: A_Baseline(Affinity=00000000000000000100, EnvironmentVariables=DOTNET_TieredCompilation=0, Arguments=/p:ProductDirectory=C:/git/Dekaf-perf-improvements-20260907/pr-3082/baseline,/p:UseSharedCompilation=false, IterationCount=15, IterationTime=200ms, WarmupCount=5) [KeySize=65536]
// *** Execute ***
// Launch: 1 / 1
// Execute: dotnet Dekaf.Benchmarks-A_Baseline-1.dll --anonymousPipes 1768 1820 --benchmarkName "Dekaf.Benchmarks.Benchmarks.Unit.DistinctBinaryKeyDispatchBenchmarks.ByteArray(KeySize: 65536)" --job A_Baseline --benchmarkId 2 in C:\git\Dekaf-perf-improvements-20260907\pr-3082\comparison-controlled\bin\Release\net10.0\Dekaf.Benchmarks-A_Baseline-1\bin\Release\net10.0
// BeforeAnythingElse

// Benchmark Process Environment Information:
// BenchmarkDotNet v0.15.8
// Runtime=.NET 10.0.11 (10.0.11, 10.0.1126.37416), X64 RyuJIT x86-64-v3
// GC=Concurrent Workstation
// HardwareIntrinsics=AVX2+BMI1+BMI2+F16C+FMA+LZCNT+MOVBE,AVX,SSE3+SSSE3+SSE4.1+SSE4.2+POPCNT,X86Base+SSE+SSE2,AES+PCLMUL,AvxVnni,SERIALIZE VectorSize=256
// Job: A_Baseline(Affinity=100, IterationCount=15, IterationTime=200ms, WarmupCount=5)

OverheadJitting  1: 128 op, 119200.00 ns, 931.2500 ns/op
WorkloadJitting  1: 128 op, 61658500.00 ns, 481.7070 us/op

WorkloadPilot    1: 512 op, 1032300.00 ns, 2.0162 us/op
WorkloadPilot    2: 99200 op, 135973200.00 ns, 1.3707 us/op
WorkloadPilot    3: 145920 op, 192760100.00 ns, 1.3210 us/op
WorkloadPilot    4: 151424 op, 205308000.00 ns, 1.3558 us/op
WorkloadPilot    5: 147456 op, 191074100.00 ns, 1.2958 us/op
WorkloadPilot    6: 154368 op, 201434100.00 ns, 1.3049 us/op
WorkloadPilot    7: 153216 op, 199347500.00 ns, 1.3011 us/op
WorkloadPilot    8: 153728 op, 209355600.00 ns, 1.3619 us/op

WorkloadWarmup   1: 153728 op, 198789900.00 ns, 1.2931 us/op
WorkloadWarmup   2: 153728 op, 195797800.00 ns, 1.2737 us/op
WorkloadWarmup   3: 153728 op, 199808700.00 ns, 1.2998 us/op
WorkloadWarmup   4: 153728 op, 203001500.00 ns, 1.3205 us/op
WorkloadWarmup   5: 153728 op, 200357200.00 ns, 1.3033 us/op

// BeforeActualRun
WorkloadActual   1: 153728 op, 199938800.00 ns, 1.3006 us/op
WorkloadActual   2: 153728 op, 197161500.00 ns, 1.2825 us/op
WorkloadActual   3: 153728 op, 202983200.00 ns, 1.3204 us/op
WorkloadActual   4: 153728 op, 196985500.00 ns, 1.2814 us/op
WorkloadActual   5: 153728 op, 197861800.00 ns, 1.2871 us/op
WorkloadActual   6: 153728 op, 198342700.00 ns, 1.2902 us/op
WorkloadActual   7: 153728 op, 197151400.00 ns, 1.2825 us/op
WorkloadActual   8: 153728 op, 197535700.00 ns, 1.2850 us/op
WorkloadActual   9: 153728 op, 196401300.00 ns, 1.2776 us/op
WorkloadActual  10: 153728 op, 196545900.00 ns, 1.2785 us/op
WorkloadActual  11: 153728 op, 203811200.00 ns, 1.3258 us/op
WorkloadActual  12: 153728 op, 195227700.00 ns, 1.2700 us/op
WorkloadActual  13: 153728 op, 195151900.00 ns, 1.2695 us/op
WorkloadActual  14: 153728 op, 199767200.00 ns, 1.2995 us/op
WorkloadActual  15: 153728 op, 196234900.00 ns, 1.2765 us/op

// AfterActualRun
WorkloadResult   1: 153728 op, 199938800.00 ns, 1.3006 us/op
WorkloadResult   2: 153728 op, 197161500.00 ns, 1.2825 us/op
WorkloadResult   3: 153728 op, 196985500.00 ns, 1.2814 us/op
WorkloadResult   4: 153728 op, 197861800.00 ns, 1.2871 us/op
WorkloadResult   5: 153728 op, 198342700.00 ns, 1.2902 us/op
WorkloadResult   6: 153728 op, 197151400.00 ns, 1.2825 us/op
WorkloadResult   7: 153728 op, 197535700.00 ns, 1.2850 us/op
WorkloadResult   8: 153728 op, 196401300.00 ns, 1.2776 us/op
WorkloadResult   9: 153728 op, 196545900.00 ns, 1.2785 us/op
WorkloadResult  10: 153728 op, 195227700.00 ns, 1.2700 us/op
WorkloadResult  11: 153728 op, 195151900.00 ns, 1.2695 us/op
WorkloadResult  12: 153728 op, 199767200.00 ns, 1.2995 us/op
WorkloadResult  13: 153728 op, 196234900.00 ns, 1.2765 us/op
// GC:  25 7 0 334689688 153728
// Threading:  153728 0 153728

// AfterAll
// Benchmark Process 57804 has exited with code 0.

Mean = 1.283 us, StdErr = 0.003 us (0.21%), N = 13, StdDev = 0.010 us
Min = 1.269 us, Q1 = 1.278 us, Median = 1.282 us, Q3 = 1.287 us, Max = 1.301 us
IQR = 0.010 us, LowerFence = 1.263 us, UpperFence = 1.301 us
ConfidenceInterval = [1.272 us; 1.295 us] (CI 99.9%), Margin = 0.011 us (0.89% of Mean)
Skewness = 0.41, Kurtosis = 2.15, MValue = 2

// ** Remained 9 (60.0%) benchmark(s) to run. Estimated finish 2026-09-07 17:12 (0h 0m from now) **
Setup power plan (GUID: 8c5e7fda-e8bf-4a96-9a85-a6e23a8c635c FriendlyName: High performance)
// **************************
// Benchmark: DistinctBinaryKeyDispatchBenchmarks.RawMemory: A_Baseline(Affinity=00000000000000000100, EnvironmentVariables=DOTNET_TieredCompilation=0, Arguments=/p:ProductDirectory=C:/git/Dekaf-perf-improvements-20260907/pr-3082/baseline,/p:UseSharedCompilation=false, IterationCount=15, IterationTime=200ms, WarmupCount=5) [KeySize=65536]
// *** Execute ***
// Launch: 1 / 1
// Execute: dotnet Dekaf.Benchmarks-A_Baseline-1.dll --anonymousPipes 1820 1796 --benchmarkName "Dekaf.Benchmarks.Benchmarks.Unit.DistinctBinaryKeyDispatchBenchmarks.RawMemory(KeySize: 65536)" --job A_Baseline --benchmarkId 3 in C:\git\Dekaf-perf-improvements-20260907\pr-3082\comparison-controlled\bin\Release\net10.0\Dekaf.Benchmarks-A_Baseline-1\bin\Release\net10.0
// BeforeAnythingElse

// Benchmark Process Environment Information:
// BenchmarkDotNet v0.15.8
// Runtime=.NET 10.0.11 (10.0.11, 10.0.1126.37416), X64 RyuJIT x86-64-v3
// GC=Concurrent Workstation
// HardwareIntrinsics=AVX2+BMI1+BMI2+F16C+FMA+LZCNT+MOVBE,AVX,SSE3+SSSE3+SSE4.1+SSE4.2+POPCNT,X86Base+SSE+SSE2,AES+PCLMUL,AvxVnni,SERIALIZE VectorSize=256
// Job: A_Baseline(Affinity=100, IterationCount=15, IterationTime=200ms, WarmupCount=5)

OverheadJitting  1: 128 op, 153500.00 ns, 1.1992 us/op
WorkloadJitting  1: 128 op, 71641200.00 ns, 559.6969 us/op

WorkloadPilot    1: 512 op, 1253300.00 ns, 2.4479 us/op
WorkloadPilot    2: 81664 op, 113614100.00 ns, 1.3912 us/op
WorkloadPilot    3: 143744 op, 182455100.00 ns, 1.2693 us/op
WorkloadPilot    4: 157568 op, 206975000.00 ns, 1.3136 us/op
WorkloadPilot    5: 152320 op, 187922300.00 ns, 1.2337 us/op
WorkloadPilot    6: 162048 op, 203143700.00 ns, 1.2536 us/op
WorkloadPilot    7: 159488 op, 201911000.00 ns, 1.2660 us/op

WorkloadWarmup   1: 159488 op, 205663800.00 ns, 1.2895 us/op
WorkloadWarmup   2: 159488 op, 202240000.00 ns, 1.2681 us/op
WorkloadWarmup   3: 159488 op, 252063500.00 ns, 1.5805 us/op
WorkloadWarmup   4: 159488 op, 205944200.00 ns, 1.2913 us/op
WorkloadWarmup   5: 159488 op, 208174500.00 ns, 1.3053 us/op

// BeforeActualRun
WorkloadActual   1: 159488 op, 206225100.00 ns, 1.2930 us/op
WorkloadActual   2: 159488 op, 202501400.00 ns, 1.2697 us/op
WorkloadActual   3: 159488 op, 205157900.00 ns, 1.2864 us/op
WorkloadActual   4: 159488 op, 207928900.00 ns, 1.3037 us/op
WorkloadActual   5: 159488 op, 213923500.00 ns, 1.3413 us/op
WorkloadActual   6: 159488 op, 202957300.00 ns, 1.2726 us/op
WorkloadActual   7: 159488 op, 236132500.00 ns, 1.4806 us/op
WorkloadActual   8: 159488 op, 220550500.00 ns, 1.3829 us/op
WorkloadActual   9: 159488 op, 204029400.00 ns, 1.2793 us/op
WorkloadActual  10: 159488 op, 203390500.00 ns, 1.2753 us/op
WorkloadActual  11: 159488 op, 211240900.00 ns, 1.3245 us/op
WorkloadActual  12: 159488 op, 203178500.00 ns, 1.2739 us/op
WorkloadActual  13: 159488 op, 201604100.00 ns, 1.2641 us/op
WorkloadActual  14: 159488 op, 214051200.00 ns, 1.3421 us/op
WorkloadActual  15: 159488 op, 212563600.00 ns, 1.3328 us/op

// AfterActualRun
WorkloadResult   1: 159488 op, 206225100.00 ns, 1.2930 us/op
WorkloadResult   2: 159488 op, 202501400.00 ns, 1.2697 us/op
WorkloadResult   3: 159488 op, 205157900.00 ns, 1.2864 us/op
WorkloadResult   4: 159488 op, 207928900.00 ns, 1.3037 us/op
WorkloadResult   5: 159488 op, 213923500.00 ns, 1.3413 us/op
WorkloadResult   6: 159488 op, 202957300.00 ns, 1.2726 us/op
WorkloadResult   7: 159488 op, 220550500.00 ns, 1.3829 us/op
WorkloadResult   8: 159488 op, 204029400.00 ns, 1.2793 us/op
WorkloadResult   9: 159488 op, 203390500.00 ns, 1.2753 us/op
WorkloadResult  10: 159488 op, 211240900.00 ns, 1.3245 us/op
WorkloadResult  11: 159488 op, 203178500.00 ns, 1.2739 us/op
WorkloadResult  12: 159488 op, 201604100.00 ns, 1.2641 us/op
WorkloadResult  13: 159488 op, 214051200.00 ns, 1.3421 us/op
WorkloadResult  14: 159488 op, 212563600.00 ns, 1.3328 us/op
// GC:  27 7 0 362194296 159488
// Threading:  159488 1 159488

// AfterAll
// Benchmark Process 92788 has exited with code 0.

Mean = 1.303 us, StdErr = 0.010 us (0.74%), N = 14, StdDev = 0.036 us
Min = 1.264 us, Q1 = 1.274 us, Median = 1.290 us, Q3 = 1.331 us, Max = 1.383 us
IQR = 0.056 us, LowerFence = 1.190 us, UpperFence = 1.415 us
ConfidenceInterval = [1.262 us; 1.344 us] (CI 99.9%), Margin = 0.041 us (3.12% of Mean)
Skewness = 0.73, Kurtosis = 2.23, MValue = 2

// ** Remained 8 (53.3%) benchmark(s) to run. Estimated finish 2026-09-07 17:12 (0h 0m from now) **
Setup power plan (GUID: 8c5e7fda-e8bf-4a96-9a85-a6e23a8c635c FriendlyName: High performance)
// **************************
// Benchmark: DistinctBinaryKeyDispatchBenchmarks.ByteArray: B_Published(Affinity=00000000000000000100, EnvironmentVariables=DOTNET_TieredCompilation=0, Arguments=/p:ProductDirectory=C:/git/Dekaf-perf-improvements-20260907/pr-3082/published,/p:UseSharedCompilation=false, IterationCount=15, IterationTime=200ms, WarmupCount=5) [KeySize=65536]
// *** Execute ***
// Launch: 1 / 1
// Execute: dotnet Dekaf.Benchmarks-B_Published-2.dll --anonymousPipes 1796 1804 --benchmarkName "Dekaf.Benchmarks.Benchmarks.Unit.DistinctBinaryKeyDispatchBenchmarks.ByteArray(KeySize: 65536)" --job B_Published --benchmarkId 2 in C:\git\Dekaf-perf-improvements-20260907\pr-3082\comparison-controlled\bin\Release\net10.0\Dekaf.Benchmarks-B_Published-2\bin\Release\net10.0
// BeforeAnythingElse

// Benchmark Process Environment Information:
// BenchmarkDotNet v0.15.8
// Runtime=.NET 10.0.11 (10.0.11, 10.0.1126.37416), X64 RyuJIT x86-64-v3
// GC=Concurrent Workstation
// HardwareIntrinsics=AVX2+BMI1+BMI2+F16C+FMA+LZCNT+MOVBE,AVX,SSE3+SSSE3+SSE4.1+SSE4.2+POPCNT,X86Base+SSE+SSE2,AES+PCLMUL,AvxVnni,SERIALIZE VectorSize=256
// Job: B_Published(Affinity=100, IterationCount=15, IterationTime=200ms, WarmupCount=5)

OverheadJitting  1: 128 op, 119100.00 ns, 930.4688 ns/op
WorkloadJitting  1: 128 op, 63605500.00 ns, 496.9180 us/op

WorkloadPilot    1: 512 op, 5916400.00 ns, 11.5555 us/op
WorkloadPilot    2: 17280 op, 145638700.00 ns, 8.4282 us/op
WorkloadPilot    3: 23680 op, 183543600.00 ns, 7.7510 us/op
WorkloadPilot    4: 25856 op, 190801300.00 ns, 7.3794 us/op
WorkloadPilot    5: 27136 op, 203402800.00 ns, 7.4957 us/op
WorkloadPilot    6: 26624 op, 199880200.00 ns, 7.5075 us/op

WorkloadWarmup   1: 26624 op, 192065800.00 ns, 7.2140 us/op
WorkloadWarmup   2: 26624 op, 180309700.00 ns, 6.7724 us/op
WorkloadWarmup   3: 26624 op, 180688500.00 ns, 6.7867 us/op
WorkloadWarmup   4: 26624 op, 178823900.00 ns, 6.7166 us/op
WorkloadWarmup   5: 26624 op, 181262200.00 ns, 6.8082 us/op

// BeforeActualRun
WorkloadActual   1: 26624 op, 182207200.00 ns, 6.8437 us/op
WorkloadActual   2: 26624 op, 186103800.00 ns, 6.9901 us/op
WorkloadActual   3: 26624 op, 178122300.00 ns, 6.6903 us/op
WorkloadActual   4: 26624 op, 183065500.00 ns, 6.8760 us/op
WorkloadActual   5: 26624 op, 182941400.00 ns, 6.8713 us/op
WorkloadActual   6: 26624 op, 179661800.00 ns, 6.7481 us/op
WorkloadActual   7: 26624 op, 180689000.00 ns, 6.7867 us/op
WorkloadActual   8: 26624 op, 180809900.00 ns, 6.7912 us/op
WorkloadActual   9: 26624 op, 180798800.00 ns, 6.7908 us/op
WorkloadActual  10: 26624 op, 187239700.00 ns, 7.0327 us/op
WorkloadActual  11: 26624 op, 181144000.00 ns, 6.8038 us/op
WorkloadActual  12: 26624 op, 257638700.00 ns, 9.6769 us/op
WorkloadActual  13: 26624 op, 180289300.00 ns, 6.7717 us/op
WorkloadActual  14: 26624 op, 181040700.00 ns, 6.7999 us/op
WorkloadActual  15: 26624 op, 184640200.00 ns, 6.9351 us/op

// AfterActualRun
WorkloadResult   1: 26624 op, 182207200.00 ns, 6.8437 us/op
WorkloadResult   2: 26624 op, 186103800.00 ns, 6.9901 us/op
WorkloadResult   3: 26624 op, 178122300.00 ns, 6.6903 us/op
WorkloadResult   4: 26624 op, 183065500.00 ns, 6.8760 us/op
WorkloadResult   5: 26624 op, 182941400.00 ns, 6.8713 us/op
WorkloadResult   6: 26624 op, 179661800.00 ns, 6.7481 us/op
WorkloadResult   7: 26624 op, 180689000.00 ns, 6.7867 us/op
WorkloadResult   8: 26624 op, 180809900.00 ns, 6.7912 us/op
WorkloadResult   9: 26624 op, 180798800.00 ns, 6.7908 us/op
WorkloadResult  10: 26624 op, 187239700.00 ns, 7.0327 us/op
WorkloadResult  11: 26624 op, 181144000.00 ns, 6.8038 us/op
WorkloadResult  12: 26624 op, 180289300.00 ns, 6.7717 us/op
WorkloadResult  13: 26624 op, 181040700.00 ns, 6.7999 us/op
WorkloadResult  14: 26624 op, 184640200.00 ns, 6.9351 us/op
// GC:  4 1 0 57971520 26624
// Threading:  26624 2 26624

// AfterAll
// Benchmark Process 49724 has exited with code 0.

Mean = 6.838 us, StdErr = 0.025 us (0.37%), N = 14, StdDev = 0.095 us
Min = 6.690 us, Q1 = 6.788 us, Median = 6.802 us, Q3 = 6.875 us, Max = 7.033 us
IQR = 0.087 us, LowerFence = 6.657 us, UpperFence = 7.005 us
ConfidenceInterval = [6.731 us; 6.945 us] (CI 99.9%), Margin = 0.107 us (1.57% of Mean)
Skewness = 0.61, Kurtosis = 2.33, MValue = 2

// ** Remained 7 (46.7%) benchmark(s) to run. Estimated finish 2026-09-07 17:12 (0h 0m from now) **
Setup power plan (GUID: 8c5e7fda-e8bf-4a96-9a85-a6e23a8c635c FriendlyName: High performance)
// **************************
// Benchmark: DistinctBinaryKeyDispatchBenchmarks.RawMemory: B_Published(Affinity=00000000000000000100, EnvironmentVariables=DOTNET_TieredCompilation=0, Arguments=/p:ProductDirectory=C:/git/Dekaf-perf-improvements-20260907/pr-3082/published,/p:UseSharedCompilation=false, IterationCount=15, IterationTime=200ms, WarmupCount=5) [KeySize=65536]
// *** Execute ***
// Launch: 1 / 1
// Execute: dotnet Dekaf.Benchmarks-B_Published-2.dll --anonymousPipes 1832 1828 --benchmarkName "Dekaf.Benchmarks.Benchmarks.Unit.DistinctBinaryKeyDispatchBenchmarks.RawMemory(KeySize: 65536)" --job B_Published --benchmarkId 3 in C:\git\Dekaf-perf-improvements-20260907\pr-3082\comparison-controlled\bin\Release\net10.0\Dekaf.Benchmarks-B_Published-2\bin\Release\net10.0
// BeforeAnythingElse

// Benchmark Process Environment Information:
// BenchmarkDotNet v0.15.8
// Runtime=.NET 10.0.11 (10.0.11, 10.0.1126.37416), X64 RyuJIT x86-64-v3
// GC=Concurrent Workstation
// HardwareIntrinsics=AVX2+BMI1+BMI2+F16C+FMA+LZCNT+MOVBE,AVX,SSE3+SSSE3+SSE4.1+SSE4.2+POPCNT,X86Base+SSE+SSE2,AES+PCLMUL,AvxVnni,SERIALIZE VectorSize=256
// Job: B_Published(Affinity=100, IterationCount=15, IterationTime=200ms, WarmupCount=5)

OverheadJitting  1: 128 op, 119900.00 ns, 936.7188 ns/op
WorkloadJitting  1: 128 op, 61726800.00 ns, 482.2406 us/op

WorkloadPilot    1: 512 op, 5459600.00 ns, 10.6633 us/op
WorkloadPilot    2: 18816 op, 186172400.00 ns, 9.8944 us/op
WorkloadPilot    3: 20224 op, 163026300.00 ns, 8.0610 us/op
WorkloadPilot    4: 24832 op, 257950400.00 ns, 10.3878 us/op
WorkloadPilot    5: 19200 op, 141559600.00 ns, 7.3729 us/op
WorkloadPilot    6: 27136 op, 200199000.00 ns, 7.3776 us/op

WorkloadWarmup   1: 27136 op, 198416200.00 ns, 7.3119 us/op
WorkloadWarmup   2: 27136 op, 196511700.00 ns, 7.2417 us/op
WorkloadWarmup   3: 27136 op, 188770400.00 ns, 6.9565 us/op
WorkloadWarmup   4: 27136 op, 191433500.00 ns, 7.0546 us/op
WorkloadWarmup   5: 27136 op, 214488500.00 ns, 7.9042 us/op

// BeforeActualRun
WorkloadActual   1: 27136 op, 204545000.00 ns, 7.5378 us/op
WorkloadActual   2: 27136 op, 194811500.00 ns, 7.1791 us/op
WorkloadActual   3: 27136 op, 265591300.00 ns, 9.7874 us/op
WorkloadActual   4: 27136 op, 202928300.00 ns, 7.4782 us/op
WorkloadActual   5: 27136 op, 200055700.00 ns, 7.3723 us/op
WorkloadActual   6: 27136 op, 195006700.00 ns, 7.1863 us/op
WorkloadActual   7: 27136 op, 197528400.00 ns, 7.2792 us/op
WorkloadActual   8: 27136 op, 191645100.00 ns, 7.0624 us/op
WorkloadActual   9: 27136 op, 197895000.00 ns, 7.2927 us/op
WorkloadActual  10: 27136 op, 205009200.00 ns, 7.5549 us/op
WorkloadActual  11: 27136 op, 192012800.00 ns, 7.0759 us/op
WorkloadActual  12: 27136 op, 194053500.00 ns, 7.1511 us/op
WorkloadActual  13: 27136 op, 194195400.00 ns, 7.1564 us/op
WorkloadActual  14: 27136 op, 205482000.00 ns, 7.5723 us/op
WorkloadActual  15: 27136 op, 221178700.00 ns, 8.1507 us/op

// AfterActualRun
WorkloadResult   1: 27136 op, 204545000.00 ns, 7.5378 us/op
WorkloadResult   2: 27136 op, 194811500.00 ns, 7.1791 us/op
WorkloadResult   3: 27136 op, 202928300.00 ns, 7.4782 us/op
WorkloadResult   4: 27136 op, 200055700.00 ns, 7.3723 us/op
WorkloadResult   5: 27136 op, 195006700.00 ns, 7.1863 us/op
WorkloadResult   6: 27136 op, 197528400.00 ns, 7.2792 us/op
WorkloadResult   7: 27136 op, 191645100.00 ns, 7.0624 us/op
WorkloadResult   8: 27136 op, 197895000.00 ns, 7.2927 us/op
WorkloadResult   9: 27136 op, 205009200.00 ns, 7.5549 us/op
WorkloadResult  10: 27136 op, 192012800.00 ns, 7.0759 us/op
WorkloadResult  11: 27136 op, 194053500.00 ns, 7.1511 us/op
WorkloadResult  12: 27136 op, 194195400.00 ns, 7.1564 us/op
WorkloadResult  13: 27136 op, 205482000.00 ns, 7.5723 us/op
// GC:  4 1 0 61632080 27136
// Threading:  27136 1 27136

// AfterAll
// Benchmark Process 38572 has exited with code 0.

Mean = 7.300 us, StdErr = 0.051 us (0.70%), N = 13, StdDev = 0.185 us
Min = 7.062 us, Q1 = 7.156 us, Median = 7.279 us, Q3 = 7.478 us, Max = 7.572 us
IQR = 0.322 us, LowerFence = 6.674 us, UpperFence = 7.961 us
ConfidenceInterval = [7.079 us; 7.521 us] (CI 99.9%), Margin = 0.221 us (3.03% of Mean)
Skewness = 0.27, Kurtosis = 1.38, MValue = 2

// ** Remained 6 (40.0%) benchmark(s) to run. Estimated finish 2026-09-07 17:12 (0h 0m from now) **
Setup power plan (GUID: 8c5e7fda-e8bf-4a96-9a85-a6e23a8c635c FriendlyName: High performance)
// **************************
// Benchmark: DistinctBinaryKeyDispatchBenchmarks.ByteArray: C_Candidate(Affinity=00000000000000000100, EnvironmentVariables=DOTNET_TieredCompilation=0, Arguments=/p:ProductDirectory=C:/git/Dekaf-perf-improvements-20260907/pr-3082/candidate,/p:UseSharedCompilation=false, IterationCount=15, IterationTime=200ms, WarmupCount=5) [KeySize=65536]
// *** Execute ***
// Launch: 1 / 1
// Execute: dotnet Dekaf.Benchmarks-C_Candidate-3.dll --anonymousPipes 1896 1824 --benchmarkName "Dekaf.Benchmarks.Benchmarks.Unit.DistinctBinaryKeyDispatchBenchmarks.ByteArray(KeySize: 65536)" --job C_Candidate --benchmarkId 1 in C:\git\Dekaf-perf-improvements-20260907\pr-3082\comparison-controlled\bin\Release\net10.0\Dekaf.Benchmarks-C_Candidate-3\bin\Release\net10.0
// BeforeAnythingElse

// Benchmark Process Environment Information:
// BenchmarkDotNet v0.15.8
// Runtime=.NET 10.0.11 (10.0.11, 10.0.1126.37416), X64 RyuJIT x86-64-v3
// GC=Concurrent Workstation
// HardwareIntrinsics=AVX2+BMI1+BMI2+F16C+FMA+LZCNT+MOVBE,AVX,SSE3+SSSE3+SSE4.1+SSE4.2+POPCNT,X86Base+SSE+SSE2,AES+PCLMUL,AvxVnni,SERIALIZE VectorSize=256
// Job: C_Candidate(Affinity=100, IterationCount=15, IterationTime=200ms, WarmupCount=5)

OverheadJitting  1: 128 op, 123800.00 ns, 967.1875 ns/op
WorkloadJitting  1: 128 op, 61252900.00 ns, 478.5383 us/op

WorkloadPilot    1: 512 op, 3846700.00 ns, 7.5131 us/op
WorkloadPilot    2: 26624 op, 160413800.00 ns, 6.0252 us/op
WorkloadPilot    3: 33152 op, 193762800.00 ns, 5.8447 us/op
WorkloadPilot    4: 34176 op, 188739200.00 ns, 5.5226 us/op
WorkloadPilot    5: 36224 op, 210456400.00 ns, 5.8099 us/op
WorkloadPilot    6: 34432 op, 195415200.00 ns, 5.6754 us/op
WorkloadPilot    7: 35200 op, 206827100.00 ns, 5.8758 us/op
WorkloadPilot    8: 34048 op, 204312400.00 ns, 6.0007 us/op

WorkloadWarmup   1: 34048 op, 194533700.00 ns, 5.7135 us/op
WorkloadWarmup   2: 34048 op, 197765000.00 ns, 5.8084 us/op
WorkloadWarmup   3: 34048 op, 196194100.00 ns, 5.7623 us/op
WorkloadWarmup   4: 34048 op, 192186900.00 ns, 5.6446 us/op
WorkloadWarmup   5: 34048 op, 191428000.00 ns, 5.6223 us/op

// BeforeActualRun
WorkloadActual   1: 34048 op, 194358700.00 ns, 5.7084 us/op
WorkloadActual   2: 34048 op, 203997200.00 ns, 5.9915 us/op
WorkloadActual   3: 34048 op, 191972000.00 ns, 5.6383 us/op
WorkloadActual   4: 34048 op, 268123500.00 ns, 7.8749 us/op
WorkloadActual   5: 34048 op, 204658000.00 ns, 6.0109 us/op
WorkloadActual   6: 34048 op, 195949800.00 ns, 5.7551 us/op
WorkloadActual   7: 34048 op, 192316700.00 ns, 5.6484 us/op
WorkloadActual   8: 34048 op, 195792200.00 ns, 5.7505 us/op
WorkloadActual   9: 34048 op, 200024700.00 ns, 5.8748 us/op
WorkloadActual  10: 34048 op, 194086000.00 ns, 5.7004 us/op
WorkloadActual  11: 34048 op, 193590700.00 ns, 5.6858 us/op
WorkloadActual  12: 34048 op, 238239000.00 ns, 6.9972 us/op
WorkloadActual  13: 34048 op, 245673100.00 ns, 7.2155 us/op
WorkloadActual  14: 34048 op, 200390900.00 ns, 5.8855 us/op
WorkloadActual  15: 34048 op, 192253500.00 ns, 5.6465 us/op

// AfterActualRun
WorkloadResult   1: 34048 op, 194358700.00 ns, 5.7084 us/op
WorkloadResult   2: 34048 op, 203997200.00 ns, 5.9915 us/op
WorkloadResult   3: 34048 op, 191972000.00 ns, 5.6383 us/op
WorkloadResult   4: 34048 op, 204658000.00 ns, 6.0109 us/op
WorkloadResult   5: 34048 op, 195949800.00 ns, 5.7551 us/op
WorkloadResult   6: 34048 op, 192316700.00 ns, 5.6484 us/op
WorkloadResult   7: 34048 op, 195792200.00 ns, 5.7505 us/op
WorkloadResult   8: 34048 op, 200024700.00 ns, 5.8748 us/op
WorkloadResult   9: 34048 op, 194086000.00 ns, 5.7004 us/op
WorkloadResult  10: 34048 op, 193590700.00 ns, 5.6858 us/op
WorkloadResult  11: 34048 op, 200390900.00 ns, 5.8855 us/op
WorkloadResult  12: 34048 op, 192253500.00 ns, 5.6465 us/op
// GC:  5 1 0 74129280 34048
// Threading:  34048 1 34048

// AfterAll
// Benchmark Process 37316 has exited with code 0.

Mean = 5.775 us, StdErr = 0.038 us (0.67%), N = 12, StdDev = 0.133 us
Min = 5.638 us, Q1 = 5.676 us, Median = 5.729 us, Q3 = 5.877 us, Max = 6.011 us
IQR = 0.201 us, LowerFence = 5.375 us, UpperFence = 6.179 us
ConfidenceInterval = [5.604 us; 5.945 us] (CI 99.9%), Margin = 0.170 us (2.95% of Mean)
Skewness = 0.62, Kurtosis = 1.74, MValue = 2

// ** Remained 5 (33.3%) benchmark(s) to run. Estimated finish 2026-09-07 17:12 (0h 0m from now) **
Setup power plan (GUID: 8c5e7fda-e8bf-4a96-9a85-a6e23a8c635c FriendlyName: High performance)
// **************************
// Benchmark: DistinctBinaryKeyDispatchBenchmarks.RawMemory: C_Candidate(Affinity=00000000000000000100, EnvironmentVariables=DOTNET_TieredCompilation=0, Arguments=/p:ProductDirectory=C:/git/Dekaf-perf-improvements-20260907/pr-3082/candidate,/p:UseSharedCompilation=false, IterationCount=15, IterationTime=200ms, WarmupCount=5) [KeySize=65536]
// *** Execute ***
// Launch: 1 / 1
// Execute: dotnet Dekaf.Benchmarks-C_Candidate-3.dll --anonymousPipes 1936 1832 --benchmarkName "Dekaf.Benchmarks.Benchmarks.Unit.DistinctBinaryKeyDispatchBenchmarks.RawMemory(KeySize: 65536)" --job C_Candidate --benchmarkId 2 in C:\git\Dekaf-perf-improvements-20260907\pr-3082\comparison-controlled\bin\Release\net10.0\Dekaf.Benchmarks-C_Candidate-3\bin\Release\net10.0
// BeforeAnythingElse

// Benchmark Process Environment Information:
// BenchmarkDotNet v0.15.8
// Runtime=.NET 10.0.11 (10.0.11, 10.0.1126.37416), X64 RyuJIT x86-64-v3
// GC=Concurrent Workstation
// HardwareIntrinsics=AVX2+BMI1+BMI2+F16C+FMA+LZCNT+MOVBE,AVX,SSE3+SSSE3+SSE4.1+SSE4.2+POPCNT,X86Base+SSE+SSE2,AES+PCLMUL,AvxVnni,SERIALIZE VectorSize=256
// Job: C_Candidate(Affinity=100, IterationCount=15, IterationTime=200ms, WarmupCount=5)

OverheadJitting  1: 128 op, 108000.00 ns, 843.7500 ns/op
WorkloadJitting  1: 128 op, 63667100.00 ns, 497.3992 us/op

WorkloadPilot    1: 512 op, 4497500.00 ns, 8.7842 us/op
WorkloadPilot    2: 22784 op, 142590200.00 ns, 6.2583 us/op
WorkloadPilot    3: 32000 op, 241338700.00 ns, 7.5418 us/op
WorkloadPilot    4: 26496 op, 155547900.00 ns, 5.8706 us/op
WorkloadPilot    5: 34048 op, 242495400.00 ns, 7.1222 us/op
WorkloadPilot    6: 28032 op, 200973700.00 ns, 7.1694 us/op

WorkloadWarmup   1: 28032 op, 166122100.00 ns, 5.9262 us/op
WorkloadWarmup   2: 28032 op, 167864300.00 ns, 5.9883 us/op
WorkloadWarmup   3: 28032 op, 161217500.00 ns, 5.7512 us/op
WorkloadWarmup   4: 28032 op, 167574000.00 ns, 5.9780 us/op
WorkloadWarmup   5: 28032 op, 167917600.00 ns, 5.9902 us/op

// BeforeActualRun
WorkloadActual   1: 28032 op, 165603900.00 ns, 5.9077 us/op
WorkloadActual   2: 28032 op, 174727500.00 ns, 6.2331 us/op
WorkloadActual   3: 28032 op, 166480000.00 ns, 5.9389 us/op
WorkloadActual   4: 28032 op, 162636000.00 ns, 5.8018 us/op
WorkloadActual   5: 28032 op, 165839900.00 ns, 5.9161 us/op
WorkloadActual   6: 28032 op, 163435600.00 ns, 5.8303 us/op
WorkloadActual   7: 28032 op, 166394600.00 ns, 5.9359 us/op
WorkloadActual   8: 28032 op, 165674800.00 ns, 5.9102 us/op
WorkloadActual   9: 28032 op, 160960800.00 ns, 5.7420 us/op
WorkloadActual  10: 28032 op, 162102200.00 ns, 5.7828 us/op
WorkloadActual  11: 28032 op, 165547600.00 ns, 5.9057 us/op
WorkloadActual  12: 28032 op, 158920900.00 ns, 5.6693 us/op
WorkloadActual  13: 28032 op, 158575900.00 ns, 5.6570 us/op
WorkloadActual  14: 28032 op, 190092100.00 ns, 6.7813 us/op
WorkloadActual  15: 28032 op, 187075100.00 ns, 6.6736 us/op

// AfterActualRun
WorkloadResult   1: 28032 op, 165603900.00 ns, 5.9077 us/op
WorkloadResult   2: 28032 op, 166480000.00 ns, 5.9389 us/op
WorkloadResult   3: 28032 op, 162636000.00 ns, 5.8018 us/op
WorkloadResult   4: 28032 op, 165839900.00 ns, 5.9161 us/op
WorkloadResult   5: 28032 op, 163435600.00 ns, 5.8303 us/op
WorkloadResult   6: 28032 op, 166394600.00 ns, 5.9359 us/op
WorkloadResult   7: 28032 op, 165674800.00 ns, 5.9102 us/op
WorkloadResult   8: 28032 op, 160960800.00 ns, 5.7420 us/op
WorkloadResult   9: 28032 op, 162102200.00 ns, 5.7828 us/op
WorkloadResult  10: 28032 op, 165547600.00 ns, 5.9057 us/op
WorkloadResult  11: 28032 op, 158920900.00 ns, 5.6693 us/op
WorkloadResult  12: 28032 op, 158575900.00 ns, 5.6570 us/op
// GC:  4 1 0 63667808 28032
// Threading:  28032 0 28032

// AfterAll
// Benchmark Process 80368 has exited with code 0.

Mean = 5.833 us, StdErr = 0.030 us (0.51%), N = 12, StdDev = 0.102 us
Min = 5.657 us, Q1 = 5.773 us, Median = 5.868 us, Q3 = 5.912 us, Max = 5.939 us
IQR = 0.139 us, LowerFence = 5.564 us, UpperFence = 6.120 us
ConfidenceInterval = [5.702 us; 5.964 us] (CI 99.9%), Margin = 0.131 us (2.25% of Mean)
Skewness = -0.52, Kurtosis = 1.63, MValue = 2

// ** Remained 4 (26.7%) benchmark(s) to run. Estimated finish 2026-09-07 17:12 (0h 0m from now) **
Setup power plan (GUID: 8c5e7fda-e8bf-4a96-9a85-a6e23a8c635c FriendlyName: High performance)
// **************************
// Benchmark: DistinctBinaryKeyDispatchBenchmarks.ByteArray: D_PublishedControl(Affinity=00000000000000000100, EnvironmentVariables=DOTNET_TieredCompilation=0, Arguments=/p:ProductDirectory=C:/git/Dekaf-perf-improvements-20260907/pr-3082/published,/p:UseSharedCompilation=false, IterationCount=15, IterationTime=200ms, WarmupCount=5) [KeySize=65536]
// *** Execute ***
// Launch: 1 / 1
// Execute: dotnet Dekaf.Benchmarks-B_Published-2.dll --anonymousPipes 1972 1952 --benchmarkName "Dekaf.Benchmarks.Benchmarks.Unit.DistinctBinaryKeyDispatchBenchmarks.ByteArray(KeySize: 65536)" --job D_PublishedControl --benchmarkId 4 in C:\git\Dekaf-perf-improvements-20260907\pr-3082\comparison-controlled\bin\Release\net10.0\Dekaf.Benchmarks-B_Published-2\bin\Release\net10.0
// BeforeAnythingElse

// Benchmark Process Environment Information:
// BenchmarkDotNet v0.15.8
// Runtime=.NET 10.0.11 (10.0.11, 10.0.1126.37416), X64 RyuJIT x86-64-v3
// GC=Concurrent Workstation
// HardwareIntrinsics=AVX2+BMI1+BMI2+F16C+FMA+LZCNT+MOVBE,AVX,SSE3+SSSE3+SSE4.1+SSE4.2+POPCNT,X86Base+SSE+SSE2,AES+PCLMUL,AvxVnni,SERIALIZE VectorSize=256
// Job: D_PublishedControl(Affinity=100, IterationCount=15, IterationTime=200ms, WarmupCount=5)

OverheadJitting  1: 128 op, 203000.00 ns, 1.5859 us/op
WorkloadJitting  1: 128 op, 63571900.00 ns, 496.6555 us/op

WorkloadPilot    1: 512 op, 6117700.00 ns, 11.9486 us/op
WorkloadPilot    2: 16768 op, 126274600.00 ns, 7.5307 us/op
WorkloadPilot    3: 26496 op, 206199000.00 ns, 7.7823 us/op
WorkloadPilot    4: 25728 op, 194663800.00 ns, 7.5662 us/op
WorkloadPilot    5: 26496 op, 204073500.00 ns, 7.7020 us/op
WorkloadPilot    6: 25984 op, 208852900.00 ns, 8.0378 us/op

WorkloadWarmup   1: 25984 op, 197199600.00 ns, 7.5893 us/op
WorkloadWarmup   2: 25984 op, 194507000.00 ns, 7.4856 us/op
WorkloadWarmup   3: 25984 op, 193930200.00 ns, 7.4634 us/op
WorkloadWarmup   4: 25984 op, 202445500.00 ns, 7.7912 us/op
WorkloadWarmup   5: 25984 op, 194895400.00 ns, 7.5006 us/op

// BeforeActualRun
WorkloadActual   1: 25984 op, 227449200.00 ns, 8.7534 us/op
WorkloadActual   2: 25984 op, 224643900.00 ns, 8.6455 us/op
WorkloadActual   3: 25984 op, 177682600.00 ns, 6.8382 us/op
WorkloadActual   4: 25984 op, 179643100.00 ns, 6.9136 us/op
WorkloadActual   5: 25984 op, 176719400.00 ns, 6.8011 us/op
WorkloadActual   6: 25984 op, 177254300.00 ns, 6.8217 us/op
WorkloadActual   7: 25984 op, 182648000.00 ns, 7.0292 us/op
WorkloadActual   8: 25984 op, 184644100.00 ns, 7.1061 us/op
WorkloadActual   9: 25984 op, 193184100.00 ns, 7.4347 us/op
WorkloadActual  10: 25984 op, 248005400.00 ns, 9.5445 us/op
WorkloadActual  11: 25984 op, 191820000.00 ns, 7.3822 us/op
WorkloadActual  12: 25984 op, 196243200.00 ns, 7.5525 us/op
WorkloadActual  13: 25984 op, 182916500.00 ns, 7.0396 us/op
WorkloadActual  14: 25984 op, 185800100.00 ns, 7.1506 us/op
WorkloadActual  15: 25984 op, 181625200.00 ns, 6.9899 us/op

// AfterActualRun
WorkloadResult   1: 25984 op, 177682600.00 ns, 6.8382 us/op
WorkloadResult   2: 25984 op, 179643100.00 ns, 6.9136 us/op
WorkloadResult   3: 25984 op, 176719400.00 ns, 6.8011 us/op
WorkloadResult   4: 25984 op, 177254300.00 ns, 6.8217 us/op
WorkloadResult   5: 25984 op, 182648000.00 ns, 7.0292 us/op
WorkloadResult   6: 25984 op, 184644100.00 ns, 7.1061 us/op
WorkloadResult   7: 25984 op, 193184100.00 ns, 7.4347 us/op
WorkloadResult   8: 25984 op, 191820000.00 ns, 7.3822 us/op
WorkloadResult   9: 25984 op, 196243200.00 ns, 7.5525 us/op
WorkloadResult  10: 25984 op, 182916500.00 ns, 7.0396 us/op
WorkloadResult  11: 25984 op, 185800100.00 ns, 7.1506 us/op
WorkloadResult  12: 25984 op, 181625200.00 ns, 6.9899 us/op
// GC:  4 1 0 56577200 25984
// Threading:  25984 0 25984

// AfterAll
// Benchmark Process 78548 has exited with code 0.

Mean = 7.088 us, StdErr = 0.072 us (1.02%), N = 12, StdDev = 0.250 us
Min = 6.801 us, Q1 = 6.895 us, Median = 7.034 us, Q3 = 7.208 us, Max = 7.552 us
IQR = 0.314 us, LowerFence = 6.424 us, UpperFence = 7.679 us
ConfidenceInterval = [6.768 us; 7.409 us] (CI 99.9%), Margin = 0.320 us (4.52% of Mean)
Skewness = 0.55, Kurtosis = 1.81, MValue = 2.29

// ** Remained 3 (20.0%) benchmark(s) to run. Estimated finish 2026-09-07 17:12 (0h 0m from now) **
Setup power plan (GUID: 8c5e7fda-e8bf-4a96-9a85-a6e23a8c635c FriendlyName: High performance)
// **************************
// Benchmark: DistinctBinaryKeyDispatchBenchmarks.RawMemory: D_PublishedControl(Affinity=00000000000000000100, EnvironmentVariables=DOTNET_TieredCompilation=0, Arguments=/p:ProductDirectory=C:/git/Dekaf-perf-improvements-20260907/pr-3082/published,/p:UseSharedCompilation=false, IterationCount=15, IterationTime=200ms, WarmupCount=5) [KeySize=65536]
// *** Execute ***
// Launch: 1 / 1
// Execute: dotnet Dekaf.Benchmarks-B_Published-2.dll --anonymousPipes 964 960 --benchmarkName "Dekaf.Benchmarks.Benchmarks.Unit.DistinctBinaryKeyDispatchBenchmarks.RawMemory(KeySize: 65536)" --job D_PublishedControl --benchmarkId 5 in C:\git\Dekaf-perf-improvements-20260907\pr-3082\comparison-controlled\bin\Release\net10.0\Dekaf.Benchmarks-B_Published-2\bin\Release\net10.0
// BeforeAnythingElse

// Benchmark Process Environment Information:
// BenchmarkDotNet v0.15.8
// Runtime=.NET 10.0.11 (10.0.11, 10.0.1126.37416), X64 RyuJIT x86-64-v3
// GC=Concurrent Workstation
// HardwareIntrinsics=AVX2+BMI1+BMI2+F16C+FMA+LZCNT+MOVBE,AVX,SSE3+SSSE3+SSE4.1+SSE4.2+POPCNT,X86Base+SSE+SSE2,AES+PCLMUL,AvxVnni,SERIALIZE VectorSize=256
// Job: D_PublishedControl(Affinity=100, IterationCount=15, IterationTime=200ms, WarmupCount=5)

OverheadJitting  1: 128 op, 165100.00 ns, 1.2898 us/op
WorkloadJitting  1: 128 op, 68933400.00 ns, 538.5422 us/op

WorkloadPilot    1: 512 op, 5451600.00 ns, 10.6477 us/op
WorkloadPilot    2: 18816 op, 154425000.00 ns, 8.2071 us/op
WorkloadPilot    3: 24320 op, 188390300.00 ns, 7.7463 us/op
WorkloadPilot    4: 25856 op, 259604200.00 ns, 10.0404 us/op
WorkloadPilot    5: 19968 op, 139875400.00 ns, 7.0050 us/op
WorkloadPilot    6: 28544 op, 196332700.00 ns, 6.8782 us/op
WorkloadPilot    7: 29056 op, 193905100.00 ns, 6.6735 us/op
WorkloadPilot    8: 29952 op, 218715300.00 ns, 7.3022 us/op
WorkloadPilot    9: 27392 op, 189356700.00 ns, 6.9128 us/op
WorkloadPilot   10: 28928 op, 201226500.00 ns, 6.9561 us/op

WorkloadWarmup   1: 28928 op, 211879700.00 ns, 7.3244 us/op
WorkloadWarmup   2: 28928 op, 199861400.00 ns, 6.9089 us/op
WorkloadWarmup   3: 28928 op, 195883900.00 ns, 6.7714 us/op
WorkloadWarmup   4: 28928 op, 195220400.00 ns, 6.7485 us/op
WorkloadWarmup   5: 28928 op, 196209300.00 ns, 6.7827 us/op

// BeforeActualRun
WorkloadActual   1: 28928 op, 198744500.00 ns, 6.8703 us/op
WorkloadActual   2: 28928 op, 195148900.00 ns, 6.7460 us/op
WorkloadActual   3: 28928 op, 199536700.00 ns, 6.8977 us/op
WorkloadActual   4: 28928 op, 196789200.00 ns, 6.8027 us/op
WorkloadActual   5: 28928 op, 195858500.00 ns, 6.7706 us/op
WorkloadActual   6: 28928 op, 198633500.00 ns, 6.8665 us/op
WorkloadActual   7: 28928 op, 194727800.00 ns, 6.7315 us/op
WorkloadActual   8: 28928 op, 195462400.00 ns, 6.7569 us/op
WorkloadActual   9: 28928 op, 198420400.00 ns, 6.8591 us/op
WorkloadActual  10: 28928 op, 196195200.00 ns, 6.7822 us/op
WorkloadActual  11: 28928 op, 201001500.00 ns, 6.9483 us/op
WorkloadActual  12: 28928 op, 196709600.00 ns, 6.8000 us/op
WorkloadActual  13: 28928 op, 195639800.00 ns, 6.7630 us/op
WorkloadActual  14: 28928 op, 199307500.00 ns, 6.8898 us/op
WorkloadActual  15: 28928 op, 201635700.00 ns, 6.9703 us/op

// AfterActualRun
WorkloadResult   1: 28928 op, 198744500.00 ns, 6.8703 us/op
WorkloadResult   2: 28928 op, 195148900.00 ns, 6.7460 us/op
WorkloadResult   3: 28928 op, 199536700.00 ns, 6.8977 us/op
WorkloadResult   4: 28928 op, 196789200.00 ns, 6.8027 us/op
WorkloadResult   5: 28928 op, 195858500.00 ns, 6.7706 us/op
WorkloadResult   6: 28928 op, 198633500.00 ns, 6.8665 us/op
WorkloadResult   7: 28928 op, 194727800.00 ns, 6.7315 us/op
WorkloadResult   8: 28928 op, 195462400.00 ns, 6.7569 us/op
WorkloadResult   9: 28928 op, 198420400.00 ns, 6.8591 us/op
WorkloadResult  10: 28928 op, 196195200.00 ns, 6.7822 us/op
WorkloadResult  11: 28928 op, 201001500.00 ns, 6.9483 us/op
WorkloadResult  12: 28928 op, 196709600.00 ns, 6.8000 us/op
WorkloadResult  13: 28928 op, 195639800.00 ns, 6.7630 us/op
WorkloadResult  14: 28928 op, 199307500.00 ns, 6.8898 us/op
WorkloadResult  15: 28928 op, 201635700.00 ns, 6.9703 us/op
// GC:  5 1 0 65693208 28928
// Threading:  28928 1 28928

// AfterAll
// Benchmark Process 112300 has exited with code 0.

Mean = 6.830 us, StdErr = 0.019 us (0.29%), N = 15, StdDev = 0.075 us
Min = 6.731 us, Q1 = 6.767 us, Median = 6.803 us, Q3 = 6.880 us, Max = 6.970 us
IQR = 0.113 us, LowerFence = 6.597 us, UpperFence = 7.050 us
ConfidenceInterval = [6.750 us; 6.911 us] (CI 99.9%), Margin = 0.081 us (1.18% of Mean)
Skewness = 0.37, Kurtosis = 1.71, MValue = 2

// ** Remained 2 (13.3%) benchmark(s) to run. Estimated finish 2026-09-07 17:12 (0h 0m from now) **
Setup power plan (GUID: 8c5e7fda-e8bf-4a96-9a85-a6e23a8c635c FriendlyName: High performance)
// **************************
// Benchmark: DistinctBinaryKeyDispatchBenchmarks.ByteArray: E_BaselineControl(Affinity=00000000000000000100, EnvironmentVariables=DOTNET_TieredCompilation=0, Arguments=/p:ProductDirectory=C:/git/Dekaf-perf-improvements-20260907/pr-3082/baseline,/p:UseSharedCompilation=false, IterationCount=15, IterationTime=200ms, WarmupCount=5) [KeySize=65536]
// *** Execute ***
// Launch: 1 / 1
// Execute: dotnet Dekaf.Benchmarks-A_Baseline-1.dll --anonymousPipes 2056 1508 --benchmarkName "Dekaf.Benchmarks.Benchmarks.Unit.DistinctBinaryKeyDispatchBenchmarks.ByteArray(KeySize: 65536)" --job E_BaselineControl --benchmarkId 4 in C:\git\Dekaf-perf-improvements-20260907\pr-3082\comparison-controlled\bin\Release\net10.0\Dekaf.Benchmarks-A_Baseline-1\bin\Release\net10.0
// BeforeAnythingElse

// Benchmark Process Environment Information:
// BenchmarkDotNet v0.15.8
// Runtime=.NET 10.0.11 (10.0.11, 10.0.1126.37416), X64 RyuJIT x86-64-v3
// GC=Concurrent Workstation
// HardwareIntrinsics=AVX2+BMI1+BMI2+F16C+FMA+LZCNT+MOVBE,AVX,SSE3+SSSE3+SSE4.1+SSE4.2+POPCNT,X86Base+SSE+SSE2,AES+PCLMUL,AvxVnni,SERIALIZE VectorSize=256
// Job: E_BaselineControl(Affinity=100, IterationCount=15, IterationTime=200ms, WarmupCount=5)

OverheadJitting  1: 128 op, 107500.00 ns, 839.8438 ns/op
WorkloadJitting  1: 128 op, 58941700.00 ns, 460.4820 us/op

WorkloadPilot    1: 512 op, 927800.00 ns, 1.8121 us/op
WorkloadPilot    2: 110336 op, 141036700.00 ns, 1.2782 us/op
WorkloadPilot    3: 156416 op, 203505700.00 ns, 1.3011 us/op
WorkloadPilot    4: 153728 op, 257532900.00 ns, 1.6753 us/op
WorkloadPilot    5: 119424 op, 157898900.00 ns, 1.3222 us/op
WorkloadPilot    6: 151296 op, 205760700.00 ns, 1.3600 us/op

WorkloadWarmup   1: 151296 op, 202238700.00 ns, 1.3367 us/op
WorkloadWarmup   2: 151296 op, 187604300.00 ns, 1.2400 us/op
WorkloadWarmup   3: 151296 op, 194014000.00 ns, 1.2823 us/op
WorkloadWarmup   4: 151296 op, 189833700.00 ns, 1.2547 us/op
WorkloadWarmup   5: 151296 op, 199838900.00 ns, 1.3208 us/op

// BeforeActualRun
WorkloadActual   1: 151296 op, 232709500.00 ns, 1.5381 us/op
WorkloadActual   2: 151296 op, 202333200.00 ns, 1.3373 us/op
WorkloadActual   3: 151296 op, 193191200.00 ns, 1.2769 us/op
WorkloadActual   4: 151296 op, 183800800.00 ns, 1.2148 us/op
WorkloadActual   5: 151296 op, 183093700.00 ns, 1.2102 us/op
WorkloadActual   6: 151296 op, 191841700.00 ns, 1.2680 us/op
WorkloadActual   7: 151296 op, 186478600.00 ns, 1.2325 us/op
WorkloadActual   8: 151296 op, 192001500.00 ns, 1.2690 us/op
WorkloadActual   9: 151296 op, 206577100.00 ns, 1.3654 us/op
WorkloadActual  10: 151296 op, 191245600.00 ns, 1.2640 us/op
WorkloadActual  11: 151296 op, 210598000.00 ns, 1.3920 us/op
WorkloadActual  12: 151296 op, 222960800.00 ns, 1.4737 us/op
WorkloadActual  13: 151296 op, 191631800.00 ns, 1.2666 us/op
WorkloadActual  14: 151296 op, 192476000.00 ns, 1.2722 us/op
WorkloadActual  15: 151296 op, 192173400.00 ns, 1.2702 us/op

// AfterActualRun
WorkloadResult   1: 151296 op, 202333200.00 ns, 1.3373 us/op
WorkloadResult   2: 151296 op, 193191200.00 ns, 1.2769 us/op
WorkloadResult   3: 151296 op, 183800800.00 ns, 1.2148 us/op
WorkloadResult   4: 151296 op, 183093700.00 ns, 1.2102 us/op
WorkloadResult   5: 151296 op, 191841700.00 ns, 1.2680 us/op
WorkloadResult   6: 151296 op, 186478600.00 ns, 1.2325 us/op
WorkloadResult   7: 151296 op, 192001500.00 ns, 1.2690 us/op
WorkloadResult   8: 151296 op, 206577100.00 ns, 1.3654 us/op
WorkloadResult   9: 151296 op, 191245600.00 ns, 1.2640 us/op
WorkloadResult  10: 151296 op, 210598000.00 ns, 1.3920 us/op
WorkloadResult  11: 151296 op, 222960800.00 ns, 1.4737 us/op
WorkloadResult  12: 151296 op, 191631800.00 ns, 1.2666 us/op
WorkloadResult  13: 151296 op, 192476000.00 ns, 1.2722 us/op
WorkloadResult  14: 151296 op, 192173400.00 ns, 1.2702 us/op
// GC:  25 7 0 329400264 151296
// Threading:  151296 0 151296

// AfterAll
// Benchmark Process 71316 has exited with code 0.

Mean = 1.294 us, StdErr = 0.020 us (1.52%), N = 14, StdDev = 0.073 us
Min = 1.210 us, Q1 = 1.265 us, Median = 1.270 us, Q3 = 1.322 us, Max = 1.474 us
IQR = 0.058 us, LowerFence = 1.178 us, UpperFence = 1.409 us
ConfidenceInterval = [1.211 us; 1.377 us] (CI 99.9%), Margin = 0.083 us (6.41% of Mean)
Skewness = 1.04, Kurtosis = 3.12, MValue = 2.75

// ** Remained 1 (6.7%) benchmark(s) to run. Estimated finish 2026-09-07 17:12 (0h 0m from now) **
Setup power plan (GUID: 8c5e7fda-e8bf-4a96-9a85-a6e23a8c635c FriendlyName: High performance)
// **************************
// Benchmark: DistinctBinaryKeyDispatchBenchmarks.RawMemory: E_BaselineControl(Affinity=00000000000000000100, EnvironmentVariables=DOTNET_TieredCompilation=0, Arguments=/p:ProductDirectory=C:/git/Dekaf-perf-improvements-20260907/pr-3082/baseline,/p:UseSharedCompilation=false, IterationCount=15, IterationTime=200ms, WarmupCount=5) [KeySize=65536]
// *** Execute ***
// Launch: 1 / 1
// Execute: dotnet Dekaf.Benchmarks-A_Baseline-1.dll --anonymousPipes 2064 2084 --benchmarkName "Dekaf.Benchmarks.Benchmarks.Unit.DistinctBinaryKeyDispatchBenchmarks.RawMemory(KeySize: 65536)" --job E_BaselineControl --benchmarkId 5 in C:\git\Dekaf-perf-improvements-20260907\pr-3082\comparison-controlled\bin\Release\net10.0\Dekaf.Benchmarks-A_Baseline-1\bin\Release\net10.0
// BeforeAnythingElse

// Benchmark Process Environment Information:
// BenchmarkDotNet v0.15.8
// Runtime=.NET 10.0.11 (10.0.11, 10.0.1126.37416), X64 RyuJIT x86-64-v3
// GC=Concurrent Workstation
// HardwareIntrinsics=AVX2+BMI1+BMI2+F16C+FMA+LZCNT+MOVBE,AVX,SSE3+SSSE3+SSE4.1+SSE4.2+POPCNT,X86Base+SSE+SSE2,AES+PCLMUL,AvxVnni,SERIALIZE VectorSize=256
// Job: E_BaselineControl(Affinity=100, IterationCount=15, IterationTime=200ms, WarmupCount=5)

OverheadJitting  1: 128 op, 106200.00 ns, 829.6875 ns/op
WorkloadJitting  1: 128 op, 54680600.00 ns, 427.1922 us/op

WorkloadPilot    1: 512 op, 1059700.00 ns, 2.0697 us/op
WorkloadPilot    2: 96640 op, 132269000.00 ns, 1.3687 us/op
WorkloadPilot    3: 146176 op, 193771000.00 ns, 1.3256 us/op
WorkloadPilot    4: 150912 op, 191126600.00 ns, 1.2665 us/op
WorkloadPilot    5: 157952 op, 203971500.00 ns, 1.2914 us/op
WorkloadPilot    6: 154880 op, 199146100.00 ns, 1.2858 us/op
WorkloadPilot    7: 155520 op, 199304300.00 ns, 1.2815 us/op
WorkloadPilot    8: 156032 op, 202436500.00 ns, 1.2974 us/op
WorkloadPilot    9: 154112 op, 200333000.00 ns, 1.2999 us/op

WorkloadWarmup   1: 154112 op, 196676100.00 ns, 1.2762 us/op
WorkloadWarmup   2: 154112 op, 194190300.00 ns, 1.2601 us/op
WorkloadWarmup   3: 154112 op, 199685800.00 ns, 1.2957 us/op
WorkloadWarmup   4: 154112 op, 193601600.00 ns, 1.2562 us/op
WorkloadWarmup   5: 154112 op, 197782100.00 ns, 1.2834 us/op

// BeforeActualRun
WorkloadActual   1: 154112 op, 197150500.00 ns, 1.2793 us/op
WorkloadActual   2: 154112 op, 200905000.00 ns, 1.3036 us/op
WorkloadActual   3: 154112 op, 193048700.00 ns, 1.2527 us/op
WorkloadActual   4: 154112 op, 198631100.00 ns, 1.2889 us/op
WorkloadActual   5: 154112 op, 198987500.00 ns, 1.2912 us/op
WorkloadActual   6: 154112 op, 193436100.00 ns, 1.2552 us/op
WorkloadActual   7: 154112 op, 197394300.00 ns, 1.2808 us/op
WorkloadActual   8: 154112 op, 198703200.00 ns, 1.2893 us/op
WorkloadActual   9: 154112 op, 213110300.00 ns, 1.3828 us/op
WorkloadActual  10: 154112 op, 210888900.00 ns, 1.3684 us/op
WorkloadActual  11: 154112 op, 201096500.00 ns, 1.3049 us/op
WorkloadActual  12: 154112 op, 213344900.00 ns, 1.3843 us/op
WorkloadActual  13: 154112 op, 231299500.00 ns, 1.5009 us/op
WorkloadActual  14: 154112 op, 198675200.00 ns, 1.2892 us/op
WorkloadActual  15: 154112 op, 192151500.00 ns, 1.2468 us/op

// AfterActualRun
WorkloadResult   1: 154112 op, 197150500.00 ns, 1.2793 us/op
WorkloadResult   2: 154112 op, 200905000.00 ns, 1.3036 us/op
WorkloadResult   3: 154112 op, 193048700.00 ns, 1.2527 us/op
WorkloadResult   4: 154112 op, 198631100.00 ns, 1.2889 us/op
WorkloadResult   5: 154112 op, 198987500.00 ns, 1.2912 us/op
WorkloadResult   6: 154112 op, 193436100.00 ns, 1.2552 us/op
WorkloadResult   7: 154112 op, 197394300.00 ns, 1.2808 us/op
WorkloadResult   8: 154112 op, 198703200.00 ns, 1.2893 us/op
WorkloadResult   9: 154112 op, 213110300.00 ns, 1.3828 us/op
WorkloadResult  10: 154112 op, 210888900.00 ns, 1.3684 us/op
WorkloadResult  11: 154112 op, 201096500.00 ns, 1.3049 us/op
WorkloadResult  12: 154112 op, 213344900.00 ns, 1.3843 us/op
WorkloadResult  13: 154112 op, 198675200.00 ns, 1.2892 us/op
WorkloadResult  14: 154112 op, 192151500.00 ns, 1.2468 us/op
// GC:  26 7 0 349984096 154112
// Threading:  154112 0 154112

// AfterAll
// Benchmark Process 109744 has exited with code 0.

Mean = 1.301 us, StdErr = 0.012 us (0.94%), N = 14, StdDev = 0.046 us
Min = 1.247 us, Q1 = 1.280 us, Median = 1.289 us, Q3 = 1.305 us, Max = 1.384 us
IQR = 0.025 us, LowerFence = 1.242 us, UpperFence = 1.342 us
ConfidenceInterval = [1.250 us; 1.353 us] (CI 99.9%), Margin = 0.051 us (3.95% of Mean)
Skewness = 0.77, Kurtosis = 2.18, MValue = 2

// ** Remained 0 (0.0%) benchmark(s) to run. Estimated finish 2026-09-07 17:12 (0h 0m from now) **
Successfully reverted power plan (GUID: 8c5e7fda-e8bf-4a96-9a85-a6e23a8c635c FriendlyName: High performance)
// ***** BenchmarkRunner: Finish  *****

// * Export *
  C:\git\Dekaf-perf-improvements-20260907\pr-3082\controlled\results\Dekaf.Benchmarks.Benchmarks.Unit.DistinctBinaryKeyDispatchBenchmarks-report.csv
  C:\git\Dekaf-perf-improvements-20260907\pr-3082\controlled\results\Dekaf.Benchmarks.Benchmarks.Unit.DistinctBinaryKeyDispatchBenchmarks-report-github.md
  C:\git\Dekaf-perf-improvements-20260907\pr-3082\controlled\results\Dekaf.Benchmarks.Benchmarks.Unit.DistinctBinaryKeyDispatchBenchmarks-report.html

// * Detailed results *
DistinctBinaryKeyDispatchBenchmarks.ByteArray: A_Baseline(Affinity=00000000000000000100, EnvironmentVariables=DOTNET_TieredCompilation=0, Arguments=/p:ProductDirectory=C:/git/Dekaf-perf-improvements-20260907/pr-3082/baseline,/p:UseSharedCompilation=false, IterationCount=15, IterationTime=200ms, WarmupCount=5) [KeySize=65536]
Runtime = .NET 10.0.11 (10.0.11, 10.0.1126.37416), X64 RyuJIT x86-64-v3; GC = Concurrent Workstation
Mean = 1.283 us, StdErr = 0.003 us (0.21%), N = 13, StdDev = 0.010 us
Min = 1.269 us, Q1 = 1.278 us, Median = 1.282 us, Q3 = 1.287 us, Max = 1.301 us
IQR = 0.010 us, LowerFence = 1.263 us, UpperFence = 1.301 us
ConfidenceInterval = [1.272 us; 1.295 us] (CI 99.9%), Margin = 0.011 us (0.89% of Mean)
Skewness = 0.41, Kurtosis = 2.15, MValue = 2
-------------------- Histogram --------------------
[1.269 us ; 1.306 us) | @@@@@@@@@@@@@
---------------------------------------------------

DistinctBinaryKeyDispatchBenchmarks.RawMemory: A_Baseline(Affinity=00000000000000000100, EnvironmentVariables=DOTNET_TieredCompilation=0, Arguments=/p:ProductDirectory=C:/git/Dekaf-perf-improvements-20260907/pr-3082/baseline,/p:UseSharedCompilation=false, IterationCount=15, IterationTime=200ms, WarmupCount=5) [KeySize=65536]
Runtime = .NET 10.0.11 (10.0.11, 10.0.1126.37416), X64 RyuJIT x86-64-v3; GC = Concurrent Workstation
Mean = 1.303 us, StdErr = 0.010 us (0.74%), N = 14, StdDev = 0.036 us
Min = 1.264 us, Q1 = 1.274 us, Median = 1.290 us, Q3 = 1.331 us, Max = 1.383 us
IQR = 0.056 us, LowerFence = 1.190 us, UpperFence = 1.415 us
ConfidenceInterval = [1.262 us; 1.344 us] (CI 99.9%), Margin = 0.041 us (3.12% of Mean)
Skewness = 0.73, Kurtosis = 2.23, MValue = 2
-------------------- Histogram --------------------
[1.259 us ; 1.298 us) | @@@@@@@@
[1.298 us ; 1.343 us) | @@@@@
[1.343 us ; 1.402 us) | @
---------------------------------------------------

DistinctBinaryKeyDispatchBenchmarks.ByteArray: B_Published(Affinity=00000000000000000100, EnvironmentVariables=DOTNET_TieredCompilation=0, Arguments=/p:ProductDirectory=C:/git/Dekaf-perf-improvements-20260907/pr-3082/published,/p:UseSharedCompilation=false, IterationCount=15, IterationTime=200ms, WarmupCount=5) [KeySize=65536]
Runtime = .NET 10.0.11 (10.0.11, 10.0.1126.37416), X64 RyuJIT x86-64-v3; GC = Concurrent Workstation
Mean = 6.838 us, StdErr = 0.025 us (0.37%), N = 14, StdDev = 0.095 us
Min = 6.690 us, Q1 = 6.788 us, Median = 6.802 us, Q3 = 6.875 us, Max = 7.033 us
IQR = 0.087 us, LowerFence = 6.657 us, UpperFence = 7.005 us
ConfidenceInterval = [6.731 us; 6.945 us] (CI 99.9%), Margin = 0.107 us (1.57% of Mean)
Skewness = 0.61, Kurtosis = 2.33, MValue = 2
-------------------- Histogram --------------------
[6.639 us ; 6.900 us) | @@@@@@@@@@@
[6.900 us ; 7.054 us) | @@@
---------------------------------------------------

DistinctBinaryKeyDispatchBenchmarks.RawMemory: B_Published(Affinity=00000000000000000100, EnvironmentVariables=DOTNET_TieredCompilation=0, Arguments=/p:ProductDirectory=C:/git/Dekaf-perf-improvements-20260907/pr-3082/published,/p:UseSharedCompilation=false, IterationCount=15, IterationTime=200ms, WarmupCount=5) [KeySize=65536]
Runtime = .NET 10.0.11 (10.0.11, 10.0.1126.37416), X64 RyuJIT x86-64-v3; GC = Concurrent Workstation
Mean = 7.300 us, StdErr = 0.051 us (0.70%), N = 13, StdDev = 0.185 us
Min = 7.062 us, Q1 = 7.156 us, Median = 7.279 us, Q3 = 7.478 us, Max = 7.572 us
IQR = 0.322 us, LowerFence = 6.674 us, UpperFence = 7.961 us
ConfidenceInterval = [7.079 us; 7.521 us] (CI 99.9%), Margin = 0.221 us (3.03% of Mean)
Skewness = 0.27, Kurtosis = 1.38, MValue = 2
-------------------- Histogram --------------------
[7.021 us ; 7.369 us) | @@@@@@@@
[7.369 us ; 7.576 us) | @@@@@
---------------------------------------------------

DistinctBinaryKeyDispatchBenchmarks.ByteArray: C_Candidate(Affinity=00000000000000000100, EnvironmentVariables=DOTNET_TieredCompilation=0, Arguments=/p:ProductDirectory=C:/git/Dekaf-perf-improvements-20260907/pr-3082/candidate,/p:UseSharedCompilation=false, IterationCount=15, IterationTime=200ms, WarmupCount=5) [KeySize=65536]
Runtime = .NET 10.0.11 (10.0.11, 10.0.1126.37416), X64 RyuJIT x86-64-v3; GC = Concurrent Workstation
Mean = 5.775 us, StdErr = 0.038 us (0.67%), N = 12, StdDev = 0.133 us
Min = 5.638 us, Q1 = 5.676 us, Median = 5.729 us, Q3 = 5.877 us, Max = 6.011 us
IQR = 0.201 us, LowerFence = 5.375 us, UpperFence = 6.179 us
ConfidenceInterval = [5.604 us; 5.945 us] (CI 99.9%), Margin = 0.170 us (2.95% of Mean)
Skewness = 0.62, Kurtosis = 1.74, MValue = 2
-------------------- Histogram --------------------
[5.620 us ; 5.773 us) | @@@@@@@@
[5.773 us ; 6.019 us) | @@@@
---------------------------------------------------

DistinctBinaryKeyDispatchBenchmarks.RawMemory: C_Candidate(Affinity=00000000000000000100, EnvironmentVariables=DOTNET_TieredCompilation=0, Arguments=/p:ProductDirectory=C:/git/Dekaf-perf-improvements-20260907/pr-3082/candidate,/p:UseSharedCompilation=false, IterationCount=15, IterationTime=200ms, WarmupCount=5) [KeySize=65536]
Runtime = .NET 10.0.11 (10.0.11, 10.0.1126.37416), X64 RyuJIT x86-64-v3; GC = Concurrent Workstation
Mean = 5.833 us, StdErr = 0.030 us (0.51%), N = 12, StdDev = 0.102 us
Min = 5.657 us, Q1 = 5.773 us, Median = 5.868 us, Q3 = 5.912 us, Max = 5.939 us
IQR = 0.139 us, LowerFence = 5.564 us, UpperFence = 6.120 us
ConfidenceInterval = [5.702 us; 5.964 us] (CI 99.9%), Margin = 0.131 us (2.25% of Mean)
Skewness = -0.52, Kurtosis = 1.63, MValue = 2
-------------------- Histogram --------------------
[5.598 us ; 5.943 us) | @@@@@@@@@@@@
---------------------------------------------------

DistinctBinaryKeyDispatchBenchmarks.ByteArray: D_PublishedControl(Affinity=00000000000000000100, EnvironmentVariables=DOTNET_TieredCompilation=0, Arguments=/p:ProductDirectory=C:/git/Dekaf-perf-improvements-20260907/pr-3082/published,/p:UseSharedCompilation=false, IterationCount=15, IterationTime=200ms, WarmupCount=5) [KeySize=65536]
Runtime = .NET 10.0.11 (10.0.11, 10.0.1126.37416), X64 RyuJIT x86-64-v3; GC = Concurrent Workstation
Mean = 7.088 us, StdErr = 0.072 us (1.02%), N = 12, StdDev = 0.250 us
Min = 6.801 us, Q1 = 6.895 us, Median = 7.034 us, Q3 = 7.208 us, Max = 7.552 us
IQR = 0.314 us, LowerFence = 6.424 us, UpperFence = 7.679 us
ConfidenceInterval = [6.768 us; 7.409 us] (CI 99.9%), Margin = 0.320 us (4.52% of Mean)
Skewness = 0.55, Kurtosis = 1.81, MValue = 2.29
-------------------- Histogram --------------------
[6.777 us ; 7.064 us) | @@@@@@@
[7.064 us ; 7.324 us) | @@
[7.324 us ; 7.611 us) | @@@
---------------------------------------------------

DistinctBinaryKeyDispatchBenchmarks.RawMemory: D_PublishedControl(Affinity=00000000000000000100, EnvironmentVariables=DOTNET_TieredCompilation=0, Arguments=/p:ProductDirectory=C:/git/Dekaf-perf-improvements-20260907/pr-3082/published,/p:UseSharedCompilation=false, IterationCount=15, IterationTime=200ms, WarmupCount=5) [KeySize=65536]
Runtime = .NET 10.0.11 (10.0.11, 10.0.1126.37416), X64 RyuJIT x86-64-v3; GC = Concurrent Workstation
Mean = 6.830 us, StdErr = 0.019 us (0.29%), N = 15, StdDev = 0.075 us
Min = 6.731 us, Q1 = 6.767 us, Median = 6.803 us, Q3 = 6.880 us, Max = 6.970 us
IQR = 0.113 us, LowerFence = 6.597 us, UpperFence = 7.050 us
ConfidenceInterval = [6.750 us; 6.911 us] (CI 99.9%), Margin = 0.081 us (1.18% of Mean)
Skewness = 0.37, Kurtosis = 1.71, MValue = 2
-------------------- Histogram --------------------
[6.699 us ; 7.010 us) | @@@@@@@@@@@@@@@
---------------------------------------------------

DistinctBinaryKeyDispatchBenchmarks.ByteArray: E_BaselineControl(Affinity=00000000000000000100, EnvironmentVariables=DOTNET_TieredCompilation=0, Arguments=/p:ProductDirectory=C:/git/Dekaf-perf-improvements-20260907/pr-3082/baseline,/p:UseSharedCompilation=false, IterationCount=15, IterationTime=200ms, WarmupCount=5) [KeySize=65536]
Runtime = .NET 10.0.11 (10.0.11, 10.0.1126.37416), X64 RyuJIT x86-64-v3; GC = Concurrent Workstation
Mean = 1.294 us, StdErr = 0.020 us (1.52%), N = 14, StdDev = 0.073 us
Min = 1.210 us, Q1 = 1.265 us, Median = 1.270 us, Q3 = 1.322 us, Max = 1.474 us
IQR = 0.058 us, LowerFence = 1.178 us, UpperFence = 1.409 us
ConfidenceInterval = [1.211 us; 1.377 us] (CI 99.9%), Margin = 0.083 us (6.41% of Mean)
Skewness = 1.04, Kurtosis = 3.12, MValue = 2.75
-------------------- Histogram --------------------
[1.204 us ; 1.284 us) | @@@@@@@@@@
[1.284 us ; 1.325 us) | 
[1.325 us ; 1.405 us) | @@@
[1.405 us ; 1.434 us) | 
[1.434 us ; 1.514 us) | @
---------------------------------------------------

DistinctBinaryKeyDispatchBenchmarks.RawMemory: E_BaselineControl(Affinity=00000000000000000100, EnvironmentVariables=DOTNET_TieredCompilation=0, Arguments=/p:ProductDirectory=C:/git/Dekaf-perf-improvements-20260907/pr-3082/baseline,/p:UseSharedCompilation=false, IterationCount=15, IterationTime=200ms, WarmupCount=5) [KeySize=65536]
Runtime = .NET 10.0.11 (10.0.11, 10.0.1126.37416), X64 RyuJIT x86-64-v3; GC = Concurrent Workstation
Mean = 1.301 us, StdErr = 0.012 us (0.94%), N = 14, StdDev = 0.046 us
Min = 1.247 us, Q1 = 1.280 us, Median = 1.289 us, Q3 = 1.305 us, Max = 1.384 us
IQR = 0.025 us, LowerFence = 1.242 us, UpperFence = 1.342 us
ConfidenceInterval = [1.250 us; 1.353 us] (CI 99.9%), Margin = 0.051 us (3.95% of Mean)
Skewness = 0.77, Kurtosis = 2.18, MValue = 2
-------------------- Histogram --------------------
[1.244 us ; 1.294 us) | @@@@@@@@@
[1.294 us ; 1.352 us) | @@
[1.352 us ; 1.409 us) | @@@
---------------------------------------------------

// * Summary *

BenchmarkDotNet v0.15.8, Windows 11 (10.0.26200.9168/25H2/2025Update/HudsonValley2)
12th Gen Intel Core i7-12700K 3.60GHz, 1 CPU, 20 logical and 12 physical cores
.NET SDK 10.0.400
  [Host]             : .NET 10.0.11 (10.0.11, 10.0.1126.37416), X64 RyuJIT x86-64-v3
  A_Baseline         : .NET 10.0.11 (10.0.11, 10.0.1126.37416), X64 RyuJIT x86-64-v3
  B_Published        : .NET 10.0.11 (10.0.11, 10.0.1126.37416), X64 RyuJIT x86-64-v3
  C_Candidate        : .NET 10.0.11 (10.0.11, 10.0.1126.37416), X64 RyuJIT x86-64-v3
  D_PublishedControl : .NET 10.0.11 (10.0.11, 10.0.1126.37416), X64 RyuJIT x86-64-v3
  E_BaselineControl  : .NET 10.0.11 (10.0.11, 10.0.1126.37416), X64 RyuJIT x86-64-v3

Affinity=00000000000000000100  EnvironmentVariables=DOTNET_TieredCompilation=0  IterationCount=15  
IterationTime=200ms  WarmupCount=5  

| Method    | Job                | Arguments                                                                                                   | KeySize | Mean     | Error     | StdDev    | Gen0   | Gen1   | Allocated |
|---------- |------------------- |------------------------------------------------------------------------------------------------------------ |-------- |---------:|----------:|----------:|-------:|-------:|----------:|
| ByteArray | A_Baseline         | /p:ProductDirectory=C:/git/Dekaf-perf-improvements-20260907/pr-3082/baseline,/p:UseSharedCompilation=false  | 65536   | 1.283 us | 0.0115 us | 0.0096 us | 0.1626 | 0.0455 |   2.13 KB |
| RawMemory | A_Baseline         | /p:ProductDirectory=C:/git/Dekaf-perf-improvements-20260907/pr-3082/baseline,/p:UseSharedCompilation=false  | 65536   | 1.303 us | 0.0406 us | 0.0360 us | 0.1693 | 0.0439 |   2.22 KB |
| ByteArray | B_Published        | /p:ProductDirectory=C:/git/Dekaf-perf-improvements-20260907/pr-3082/published,/p:UseSharedCompilation=false | 65536   | 6.838 us | 0.1070 us | 0.0949 us | 0.1502 | 0.0376 |   2.13 KB |
| RawMemory | B_Published        | /p:ProductDirectory=C:/git/Dekaf-perf-improvements-20260907/pr-3082/published,/p:UseSharedCompilation=false | 65536   | 7.300 us | 0.2214 us | 0.1849 us | 0.1474 | 0.0369 |   2.22 KB |
| ByteArray | C_Candidate        | /p:ProductDirectory=C:/git/Dekaf-perf-improvements-20260907/pr-3082/candidate,/p:UseSharedCompilation=false | 65536   | 5.775 us | 0.1705 us | 0.1331 us | 0.1469 | 0.0294 |   2.13 KB |
| RawMemory | C_Candidate        | /p:ProductDirectory=C:/git/Dekaf-perf-improvements-20260907/pr-3082/candidate,/p:UseSharedCompilation=false | 65536   | 5.833 us | 0.1310 us | 0.1023 us | 0.1427 | 0.0357 |   2.22 KB |
| ByteArray | D_PublishedControl | /p:ProductDirectory=C:/git/Dekaf-perf-improvements-20260907/pr-3082/published,/p:UseSharedCompilation=false | 65536   | 7.088 us | 0.3204 us | 0.2501 us | 0.1539 | 0.0385 |   2.13 KB |
| RawMemory | D_PublishedControl | /p:ProductDirectory=C:/git/Dekaf-perf-improvements-20260907/pr-3082/published,/p:UseSharedCompilation=false | 65536   | 6.830 us | 0.0807 us | 0.0755 us | 0.1728 | 0.0346 |   2.22 KB |
| ByteArray | E_BaselineControl  | /p:ProductDirectory=C:/git/Dekaf-perf-improvements-20260907/pr-3082/baseline,/p:UseSharedCompilation=false  | 65536   | 1.294 us | 0.0829 us | 0.0735 us | 0.1652 | 0.0463 |   2.13 KB |
| RawMemory | E_BaselineControl  | /p:ProductDirectory=C:/git/Dekaf-perf-improvements-20260907/pr-3082/baseline,/p:UseSharedCompilation=false  | 65536   | 1.301 us | 0.0514 us | 0.0456 us | 0.1687 | 0.0454 |   2.22 KB |

// * Hints *
Outliers
  DistinctBinaryKeyDispatchBenchmarks.ByteArray: A_Baseline         -> 2 outliers were removed (1.32 us, 1.33 us)
  DistinctBinaryKeyDispatchBenchmarks.RawMemory: A_Baseline         -> 1 outlier  was  removed (1.48 us)
  DistinctBinaryKeyDispatchBenchmarks.ByteArray: B_Published        -> 1 outlier  was  removed (9.68 us)
  DistinctBinaryKeyDispatchBenchmarks.RawMemory: B_Published        -> 2 outliers were removed (8.15 us, 9.79 us)
  DistinctBinaryKeyDispatchBenchmarks.ByteArray: C_Candidate        -> 3 outliers were removed (7.00 us..7.87 us)
  DistinctBinaryKeyDispatchBenchmarks.RawMemory: C_Candidate        -> 3 outliers were removed (6.23 us..6.78 us)
  DistinctBinaryKeyDispatchBenchmarks.ByteArray: D_PublishedControl -> 3 outliers were removed (8.65 us..9.54 us)
  DistinctBinaryKeyDispatchBenchmarks.ByteArray: E_BaselineControl  -> 1 outlier  was  removed (1.54 us)
  DistinctBinaryKeyDispatchBenchmarks.RawMemory: E_BaselineControl  -> 1 outlier  was  removed (1.50 us)

// * Legends *
  KeySize   : Value of the 'KeySize' parameter
  Mean      : Arithmetic mean of all measurements
  Error     : Half of 99.9% confidence interval
  StdDev    : Standard deviation of all measurements
  Gen0      : GC Generation 0 collects per 1000 operations
  Gen1      : GC Generation 1 collects per 1000 operations
  Allocated : Allocated memory per single operation (managed only, inclusive, 1KB = 1024B)
  1 us      : 1 Microsecond (0.000001 sec)

// * Diagnostic Output - MemoryDiagnoser *


// ***** BenchmarkRunner: End *****
Run time: 00:00:57 (57.16 sec), executed benchmarks: 10

Global total time: 00:01:29 (89.03 sec), executed benchmarks: 15
// * Artifacts cleanup *
Artifacts cleanup is finished
