// Validating benchmarks:
// ***** BenchmarkRunner: Start   *****
// ***** Found 15 benchmark(s) in total *****
// ***** Building 3 exe(s) in Parallel: Start   *****
// ***** Done, took 00:00:06 (6.04 sec)   *****
// Found 5 benchmarks:
//   BinaryKeyDispatchBenchmarks.StringControl: A_Baseline(Affinity=00000000000000000100, EnvironmentVariables=DOTNET_TieredCompilation=0, Arguments=/p:ProductDirectory=C:/git/Dekaf-perf-improvements-20260907/pr-3082/baseline,/p:UseSharedCompilation=false, IterationCount=1, LaunchCount=1, RunStrategy=ColdStart, UnrollFactor=1, WarmupCount=1)
//   BinaryKeyDispatchBenchmarks.StringControl: B_Published(Affinity=00000000000000000100, EnvironmentVariables=DOTNET_TieredCompilation=0, Arguments=/p:ProductDirectory=C:/git/Dekaf-perf-improvements-20260907/pr-3082/published,/p:UseSharedCompilation=false, IterationCount=1, LaunchCount=1, RunStrategy=ColdStart, UnrollFactor=1, WarmupCount=1)
//   BinaryKeyDispatchBenchmarks.StringControl: C_Candidate(Affinity=00000000000000000100, EnvironmentVariables=DOTNET_TieredCompilation=0, Arguments=/p:ProductDirectory=C:/git/Dekaf-perf-improvements-20260907/pr-3082/candidate,/p:UseSharedCompilation=false, IterationCount=1, LaunchCount=1, RunStrategy=ColdStart, UnrollFactor=1, WarmupCount=1)
//   BinaryKeyDispatchBenchmarks.StringControl: D_PublishedControl(Affinity=00000000000000000100, EnvironmentVariables=DOTNET_TieredCompilation=0, Arguments=/p:ProductDirectory=C:/git/Dekaf-perf-improvements-20260907/pr-3082/published,/p:UseSharedCompilation=false, IterationCount=1, LaunchCount=1, RunStrategy=ColdStart, UnrollFactor=1, WarmupCount=1)
//   BinaryKeyDispatchBenchmarks.StringControl: E_BaselineControl(Affinity=00000000000000000100, EnvironmentVariables=DOTNET_TieredCompilation=0, Arguments=/p:ProductDirectory=C:/git/Dekaf-perf-improvements-20260907/pr-3082/baseline,/p:UseSharedCompilation=false, IterationCount=1, LaunchCount=1, RunStrategy=ColdStart, UnrollFactor=1, WarmupCount=1)

Setup power plan (GUID: 8c5e7fda-e8bf-4a96-9a85-a6e23a8c635c FriendlyName: High performance)
// **************************
// Benchmark: BinaryKeyDispatchBenchmarks.StringControl: A_Baseline(Affinity=00000000000000000100, EnvironmentVariables=DOTNET_TieredCompilation=0, Arguments=/p:ProductDirectory=C:/git/Dekaf-perf-improvements-20260907/pr-3082/baseline,/p:UseSharedCompilation=false, IterationCount=1, LaunchCount=1, RunStrategy=ColdStart, UnrollFactor=1, WarmupCount=1)
// *** Execute ***
// Launch: 1 / 1
// Execute: dotnet Dekaf.Benchmarks-A_Baseline-1.dll --anonymousPipes 1552 1564 --benchmarkName Dekaf.Benchmarks.Benchmarks.Unit.BinaryKeyDispatchBenchmarks.StringControl --job A_Baseline --benchmarkId 0 in C:\git\Dekaf-perf-improvements-20260907\pr-3082\comparison-controlled\bin\Release\net10.0\Dekaf.Benchmarks-A_Baseline-1\bin\Release\net10.0
// BeforeAnythingElse

// Benchmark Process Environment Information:
// BenchmarkDotNet v0.15.8
// Runtime=.NET 10.0.11 (10.0.11, 10.0.1126.37416), X64 RyuJIT x86-64-v3
// GC=Concurrent Workstation
// HardwareIntrinsics=AVX2+BMI1+BMI2+F16C+FMA+LZCNT+MOVBE,AVX,SSE3+SSSE3+SSE4.1+SSE4.2+POPCNT,X86Base+SSE+SSE2,AES+PCLMUL,AvxVnni,SERIALIZE VectorSize=256
// Job: A_Baseline(Affinity=100, IterationCount=1, LaunchCount=1, RunStrategy=ColdStart, UnrollFactor=1, WarmupCount=1)

// BeforeActualRun
WorkloadActual   1: 1024 op, 61841600.00 ns, 60.3922 us/op

// AfterActualRun
WorkloadResult   1: 1024 op, 61841600.00 ns, 60.3922 us/op
// GC:  0 0 0 577216 1024
// Threading:  1 0 1024

// AfterAll
// Benchmark Process 42880 has exited with code 0.

Mean = 60.392 us, StdErr = 0.000 us (0.00%), N = 1, StdDev = 0.000 us
Min = 60.392 us, Q1 = 60.392 us, Median = 60.392 us, Q3 = 60.392 us, Max = 60.392 us
IQR = 0.000 us, LowerFence = 60.392 us, UpperFence = 60.392 us
ConfidenceInterval = [NaN us; NaN us] (CI 99.9%), Margin = NaN us (NaN% of Mean)
Skewness = NaN, Kurtosis = NaN, MValue = 2

// ** Remained 14 (93.3%) benchmark(s) to run. Estimated finish 2026-09-07 17:11 (0h 0m from now) **
Setup power plan (GUID: 8c5e7fda-e8bf-4a96-9a85-a6e23a8c635c FriendlyName: High performance)
// **************************
// Benchmark: BinaryKeyDispatchBenchmarks.StringControl: B_Published(Affinity=00000000000000000100, EnvironmentVariables=DOTNET_TieredCompilation=0, Arguments=/p:ProductDirectory=C:/git/Dekaf-perf-improvements-20260907/pr-3082/published,/p:UseSharedCompilation=false, IterationCount=1, LaunchCount=1, RunStrategy=ColdStart, UnrollFactor=1, WarmupCount=1)
// *** Execute ***
// Launch: 1 / 1
// Execute: dotnet Dekaf.Benchmarks-B_Published-2.dll --anonymousPipes 1456 1560 --benchmarkName Dekaf.Benchmarks.Benchmarks.Unit.BinaryKeyDispatchBenchmarks.StringControl --job B_Published --benchmarkId 0 in C:\git\Dekaf-perf-improvements-20260907\pr-3082\comparison-controlled\bin\Release\net10.0\Dekaf.Benchmarks-B_Published-2\bin\Release\net10.0
// BeforeAnythingElse

// Benchmark Process Environment Information:
// BenchmarkDotNet v0.15.8
// Runtime=.NET 10.0.11 (10.0.11, 10.0.1126.37416), X64 RyuJIT x86-64-v3
// GC=Concurrent Workstation
// HardwareIntrinsics=AVX2+BMI1+BMI2+F16C+FMA+LZCNT+MOVBE,AVX,SSE3+SSSE3+SSE4.1+SSE4.2+POPCNT,X86Base+SSE+SSE2,AES+PCLMUL,AvxVnni,SERIALIZE VectorSize=256
// Job: B_Published(Affinity=100, IterationCount=1, LaunchCount=1, RunStrategy=ColdStart, UnrollFactor=1, WarmupCount=1)

// BeforeActualRun
WorkloadActual   1: 1024 op, 58592900.00 ns, 57.2196 us/op

// AfterActualRun
WorkloadResult   1: 1024 op, 58592900.00 ns, 57.2196 us/op
// GC:  0 0 0 578096 1024
// Threading:  1 0 1024

// AfterAll
// Benchmark Process 94020 has exited with code 0.

Mean = 57.220 us, StdErr = 0.000 us (0.00%), N = 1, StdDev = 0.000 us
Min = 57.220 us, Q1 = 57.220 us, Median = 57.220 us, Q3 = 57.220 us, Max = 57.220 us
IQR = 0.000 us, LowerFence = 57.220 us, UpperFence = 57.220 us
ConfidenceInterval = [NaN us; NaN us] (CI 99.9%), Margin = NaN us (NaN% of Mean)
Skewness = NaN, Kurtosis = NaN, MValue = 2

// ** Remained 13 (86.7%) benchmark(s) to run. Estimated finish 2026-09-07 17:11 (0h 0m from now) **
Setup power plan (GUID: 8c5e7fda-e8bf-4a96-9a85-a6e23a8c635c FriendlyName: High performance)
// **************************
// Benchmark: BinaryKeyDispatchBenchmarks.StringControl: C_Candidate(Affinity=00000000000000000100, EnvironmentVariables=DOTNET_TieredCompilation=0, Arguments=/p:ProductDirectory=C:/git/Dekaf-perf-improvements-20260907/pr-3082/candidate,/p:UseSharedCompilation=false, IterationCount=1, LaunchCount=1, RunStrategy=ColdStart, UnrollFactor=1, WarmupCount=1)
// *** Execute ***
// Launch: 1 / 1
// Execute: dotnet Dekaf.Benchmarks-C_Candidate-3.dll --anonymousPipes 1556 1684 --benchmarkName Dekaf.Benchmarks.Benchmarks.Unit.BinaryKeyDispatchBenchmarks.StringControl --job C_Candidate --benchmarkId 0 in C:\git\Dekaf-perf-improvements-20260907\pr-3082\comparison-controlled\bin\Release\net10.0\Dekaf.Benchmarks-C_Candidate-3\bin\Release\net10.0
// BeforeAnythingElse

// Benchmark Process Environment Information:
// BenchmarkDotNet v0.15.8
// Runtime=.NET 10.0.11 (10.0.11, 10.0.1126.37416), X64 RyuJIT x86-64-v3
// GC=Concurrent Workstation
// HardwareIntrinsics=AVX2+BMI1+BMI2+F16C+FMA+LZCNT+MOVBE,AVX,SSE3+SSSE3+SSE4.1+SSE4.2+POPCNT,X86Base+SSE+SSE2,AES+PCLMUL,AvxVnni,SERIALIZE VectorSize=256
// Job: C_Candidate(Affinity=100, IterationCount=1, LaunchCount=1, RunStrategy=ColdStart, UnrollFactor=1, WarmupCount=1)

// BeforeActualRun
WorkloadActual   1: 1024 op, 57688700.00 ns, 56.3366 us/op

// AfterActualRun
WorkloadResult   1: 1024 op, 57688700.00 ns, 56.3366 us/op
// GC:  0 0 0 576888 1024
// Threading:  1 0 1024

// AfterAll
// Benchmark Process 66192 has exited with code 0.

Mean = 56.337 us, StdErr = 0.000 us (0.00%), N = 1, StdDev = 0.000 us
Min = 56.337 us, Q1 = 56.337 us, Median = 56.337 us, Q3 = 56.337 us, Max = 56.337 us
IQR = 0.000 us, LowerFence = 56.337 us, UpperFence = 56.337 us
ConfidenceInterval = [NaN us; NaN us] (CI 99.9%), Margin = NaN us (NaN% of Mean)
Skewness = NaN, Kurtosis = NaN, MValue = 2

// ** Remained 12 (80.0%) benchmark(s) to run. Estimated finish 2026-09-07 17:11 (0h 0m from now) **
Setup power plan (GUID: 8c5e7fda-e8bf-4a96-9a85-a6e23a8c635c FriendlyName: High performance)
// **************************
// Benchmark: BinaryKeyDispatchBenchmarks.StringControl: D_PublishedControl(Affinity=00000000000000000100, EnvironmentVariables=DOTNET_TieredCompilation=0, Arguments=/p:ProductDirectory=C:/git/Dekaf-perf-improvements-20260907/pr-3082/published,/p:UseSharedCompilation=false, IterationCount=1, LaunchCount=1, RunStrategy=ColdStart, UnrollFactor=1, WarmupCount=1)
// *** Execute ***
// Launch: 1 / 1
// Execute: dotnet Dekaf.Benchmarks-B_Published-2.dll --anonymousPipes 1660 1652 --benchmarkName Dekaf.Benchmarks.Benchmarks.Unit.BinaryKeyDispatchBenchmarks.StringControl --job D_PublishedControl --benchmarkId 1 in C:\git\Dekaf-perf-improvements-20260907\pr-3082\comparison-controlled\bin\Release\net10.0\Dekaf.Benchmarks-B_Published-2\bin\Release\net10.0
// BeforeAnythingElse

// Benchmark Process Environment Information:
// BenchmarkDotNet v0.15.8
// Runtime=.NET 10.0.11 (10.0.11, 10.0.1126.37416), X64 RyuJIT x86-64-v3
// GC=Concurrent Workstation
// HardwareIntrinsics=AVX2+BMI1+BMI2+F16C+FMA+LZCNT+MOVBE,AVX,SSE3+SSSE3+SSE4.1+SSE4.2+POPCNT,X86Base+SSE+SSE2,AES+PCLMUL,AvxVnni,SERIALIZE VectorSize=256
// Job: D_PublishedControl(Affinity=100, IterationCount=1, LaunchCount=1, RunStrategy=ColdStart, UnrollFactor=1, WarmupCount=1)

// BeforeActualRun
WorkloadActual   1: 1024 op, 55500300.00 ns, 54.1995 us/op

// AfterActualRun
WorkloadResult   1: 1024 op, 55500300.00 ns, 54.1995 us/op
// GC:  0 0 0 576888 1024
// Threading:  1 0 1024

// AfterAll
// Benchmark Process 96404 has exited with code 0.

Mean = 54.200 us, StdErr = 0.000 us (0.00%), N = 1, StdDev = 0.000 us
Min = 54.200 us, Q1 = 54.200 us, Median = 54.200 us, Q3 = 54.200 us, Max = 54.200 us
IQR = 0.000 us, LowerFence = 54.200 us, UpperFence = 54.200 us
ConfidenceInterval = [NaN us; NaN us] (CI 99.9%), Margin = NaN us (NaN% of Mean)
Skewness = NaN, Kurtosis = NaN, MValue = 2

// ** Remained 11 (73.3%) benchmark(s) to run. Estimated finish 2026-09-07 17:11 (0h 0m from now) **
Setup power plan (GUID: 8c5e7fda-e8bf-4a96-9a85-a6e23a8c635c FriendlyName: High performance)
// **************************
// Benchmark: BinaryKeyDispatchBenchmarks.StringControl: E_BaselineControl(Affinity=00000000000000000100, EnvironmentVariables=DOTNET_TieredCompilation=0, Arguments=/p:ProductDirectory=C:/git/Dekaf-perf-improvements-20260907/pr-3082/baseline,/p:UseSharedCompilation=false, IterationCount=1, LaunchCount=1, RunStrategy=ColdStart, UnrollFactor=1, WarmupCount=1)
// *** Execute ***
// Launch: 1 / 1
// Execute: dotnet Dekaf.Benchmarks-A_Baseline-1.dll --anonymousPipes 1680 1556 --benchmarkName Dekaf.Benchmarks.Benchmarks.Unit.BinaryKeyDispatchBenchmarks.StringControl --job E_BaselineControl --benchmarkId 1 in C:\git\Dekaf-perf-improvements-20260907\pr-3082\comparison-controlled\bin\Release\net10.0\Dekaf.Benchmarks-A_Baseline-1\bin\Release\net10.0
// BeforeAnythingElse

// Benchmark Process Environment Information:
// BenchmarkDotNet v0.15.8
// Runtime=.NET 10.0.11 (10.0.11, 10.0.1126.37416), X64 RyuJIT x86-64-v3
// GC=Concurrent Workstation
// HardwareIntrinsics=AVX2+BMI1+BMI2+F16C+FMA+LZCNT+MOVBE,AVX,SSE3+SSSE3+SSE4.1+SSE4.2+POPCNT,X86Base+SSE+SSE2,AES+PCLMUL,AvxVnni,SERIALIZE VectorSize=256
// Job: E_BaselineControl(Affinity=100, IterationCount=1, LaunchCount=1, RunStrategy=ColdStart, UnrollFactor=1, WarmupCount=1)

// BeforeActualRun
WorkloadActual   1: 1024 op, 56450400.00 ns, 55.1273 us/op

// AfterActualRun
WorkloadResult   1: 1024 op, 56450400.00 ns, 55.1273 us/op
// GC:  0 0 0 577504 1024
// Threading:  1 0 1024

// AfterAll
// Benchmark Process 16072 has exited with code 0.

Mean = 55.127 us, StdErr = 0.000 us (0.00%), N = 1, StdDev = 0.000 us
Min = 55.127 us, Q1 = 55.127 us, Median = 55.127 us, Q3 = 55.127 us, Max = 55.127 us
IQR = 0.000 us, LowerFence = 55.127 us, UpperFence = 55.127 us
ConfidenceInterval = [NaN us; NaN us] (CI 99.9%), Margin = NaN us (NaN% of Mean)
Skewness = NaN, Kurtosis = NaN, MValue = 2

// ** Remained 10 (66.7%) benchmark(s) to run. Estimated finish 2026-09-07 17:11 (0h 0m from now) **
Successfully reverted power plan (GUID: 8c5e7fda-e8bf-4a96-9a85-a6e23a8c635c FriendlyName: High performance)
// ***** BenchmarkRunner: Finish  *****

// * Export *
  C:\git\Dekaf-perf-improvements-20260907\pr-3082\dry-controlled\results\Dekaf.Benchmarks.Benchmarks.Unit.BinaryKeyDispatchBenchmarks-report.csv
  C:\git\Dekaf-perf-improvements-20260907\pr-3082\dry-controlled\results\Dekaf.Benchmarks.Benchmarks.Unit.BinaryKeyDispatchBenchmarks-report-github.md
  C:\git\Dekaf-perf-improvements-20260907\pr-3082\dry-controlled\results\Dekaf.Benchmarks.Benchmarks.Unit.BinaryKeyDispatchBenchmarks-report.html

// * Detailed results *
BinaryKeyDispatchBenchmarks.StringControl: A_Baseline(Affinity=00000000000000000100, EnvironmentVariables=DOTNET_TieredCompilation=0, Arguments=/p:ProductDirectory=C:/git/Dekaf-perf-improvements-20260907/pr-3082/baseline,/p:UseSharedCompilation=false, IterationCount=1, LaunchCount=1, RunStrategy=ColdStart, UnrollFactor=1, WarmupCount=1)
Runtime = .NET 10.0.11 (10.0.11, 10.0.1126.37416), X64 RyuJIT x86-64-v3; GC = Concurrent Workstation
Mean = 60.392 us, StdErr = 0.000 us (0.00%), N = 1, StdDev = 0.000 us
Min = 60.392 us, Q1 = 60.392 us, Median = 60.392 us, Q3 = 60.392 us, Max = 60.392 us
IQR = 0.000 us, LowerFence = 60.392 us, UpperFence = 60.392 us
ConfidenceInterval = [NaN us; NaN us] (CI 99.9%), Margin = NaN us (NaN% of Mean)
Skewness = NaN, Kurtosis = NaN, MValue = 2
-------------------- Histogram --------------------
[60.392 us ; 60.393 us) | @
---------------------------------------------------

BinaryKeyDispatchBenchmarks.StringControl: B_Published(Affinity=00000000000000000100, EnvironmentVariables=DOTNET_TieredCompilation=0, Arguments=/p:ProductDirectory=C:/git/Dekaf-perf-improvements-20260907/pr-3082/published,/p:UseSharedCompilation=false, IterationCount=1, LaunchCount=1, RunStrategy=ColdStart, UnrollFactor=1, WarmupCount=1)
Runtime = .NET 10.0.11 (10.0.11, 10.0.1126.37416), X64 RyuJIT x86-64-v3; GC = Concurrent Workstation
Mean = 57.220 us, StdErr = 0.000 us (0.00%), N = 1, StdDev = 0.000 us
Min = 57.220 us, Q1 = 57.220 us, Median = 57.220 us, Q3 = 57.220 us, Max = 57.220 us
IQR = 0.000 us, LowerFence = 57.220 us, UpperFence = 57.220 us
ConfidenceInterval = [NaN us; NaN us] (CI 99.9%), Margin = NaN us (NaN% of Mean)
Skewness = NaN, Kurtosis = NaN, MValue = 2
-------------------- Histogram --------------------
[57.219 us ; 57.220 us) | @
---------------------------------------------------

BinaryKeyDispatchBenchmarks.StringControl: C_Candidate(Affinity=00000000000000000100, EnvironmentVariables=DOTNET_TieredCompilation=0, Arguments=/p:ProductDirectory=C:/git/Dekaf-perf-improvements-20260907/pr-3082/candidate,/p:UseSharedCompilation=false, IterationCount=1, LaunchCount=1, RunStrategy=ColdStart, UnrollFactor=1, WarmupCount=1)
Runtime = .NET 10.0.11 (10.0.11, 10.0.1126.37416), X64 RyuJIT x86-64-v3; GC = Concurrent Workstation
Mean = 56.337 us, StdErr = 0.000 us (0.00%), N = 1, StdDev = 0.000 us
Min = 56.337 us, Q1 = 56.337 us, Median = 56.337 us, Q3 = 56.337 us, Max = 56.337 us
IQR = 0.000 us, LowerFence = 56.337 us, UpperFence = 56.337 us
ConfidenceInterval = [NaN us; NaN us] (CI 99.9%), Margin = NaN us (NaN% of Mean)
Skewness = NaN, Kurtosis = NaN, MValue = 2
-------------------- Histogram --------------------
[56.336 us ; 56.337 us) | @
---------------------------------------------------

BinaryKeyDispatchBenchmarks.StringControl: D_PublishedControl(Affinity=00000000000000000100, EnvironmentVariables=DOTNET_TieredCompilation=0, Arguments=/p:ProductDirectory=C:/git/Dekaf-perf-improvements-20260907/pr-3082/published,/p:UseSharedCompilation=false, IterationCount=1, LaunchCount=1, RunStrategy=ColdStart, UnrollFactor=1, WarmupCount=1)
Runtime = .NET 10.0.11 (10.0.11, 10.0.1126.37416), X64 RyuJIT x86-64-v3; GC = Concurrent Workstation
Mean = 54.200 us, StdErr = 0.000 us (0.00%), N = 1, StdDev = 0.000 us
Min = 54.200 us, Q1 = 54.200 us, Median = 54.200 us, Q3 = 54.200 us, Max = 54.200 us
IQR = 0.000 us, LowerFence = 54.200 us, UpperFence = 54.200 us
ConfidenceInterval = [NaN us; NaN us] (CI 99.9%), Margin = NaN us (NaN% of Mean)
Skewness = NaN, Kurtosis = NaN, MValue = 2
-------------------- Histogram --------------------
[54.199 us ; 54.200 us) | @
---------------------------------------------------

BinaryKeyDispatchBenchmarks.StringControl: E_BaselineControl(Affinity=00000000000000000100, EnvironmentVariables=DOTNET_TieredCompilation=0, Arguments=/p:ProductDirectory=C:/git/Dekaf-perf-improvements-20260907/pr-3082/baseline,/p:UseSharedCompilation=false, IterationCount=1, LaunchCount=1, RunStrategy=ColdStart, UnrollFactor=1, WarmupCount=1)
Runtime = .NET 10.0.11 (10.0.11, 10.0.1126.37416), X64 RyuJIT x86-64-v3; GC = Concurrent Workstation
Mean = 55.127 us, StdErr = 0.000 us (0.00%), N = 1, StdDev = 0.000 us
Min = 55.127 us, Q1 = 55.127 us, Median = 55.127 us, Q3 = 55.127 us, Max = 55.127 us
IQR = 0.000 us, LowerFence = 55.127 us, UpperFence = 55.127 us
ConfidenceInterval = [NaN us; NaN us] (CI 99.9%), Margin = NaN us (NaN% of Mean)
Skewness = NaN, Kurtosis = NaN, MValue = 2
-------------------- Histogram --------------------
[55.127 us ; 55.128 us) | @
---------------------------------------------------

// * Summary *

BenchmarkDotNet v0.15.8, Windows 11 (10.0.26200.9168/25H2/2025Update/HudsonValley2)
12th Gen Intel Core i7-12700K 3.60GHz, 1 CPU, 20 logical and 12 physical cores
.NET SDK 10.0.400
  [Host]             : .NET 10.0.11 (10.0.11, 10.0.1126.37416), X64 RyuJIT x86-64-v3
  A_Baseline         : .NET 10.0.11 (10.0.11, 10.0.1126.37416), X64 RyuJIT x86-64-v3
  B_Published        : .NET 10.0.11 (10.0.11, 10.0.1126.37416), X64 RyuJIT x86-64-v3
  C_Candidate        : .NET 10.0.11 (10.0.11, 10.0.1126.37416), X64 RyuJIT x86-64-v3
  D_PublishedControl : .NET 10.0.11 (10.0.11, 10.0.1126.37416), X64 RyuJIT x86-64-v3
  E_BaselineControl  : .NET 10.0.11 (10.0.11, 10.0.1126.37416), X64 RyuJIT x86-64-v3

Affinity=00000000000000000100  EnvironmentVariables=DOTNET_TieredCompilation=0  IterationCount=1  
LaunchCount=1  RunStrategy=ColdStart  UnrollFactor=1  
WarmupCount=1  

| Method        | Job                | Arguments                                                                                                   | Mean     | Error | Allocated |
|-------------- |------------------- |------------------------------------------------------------------------------------------------------------ |---------:|------:|----------:|
| StringControl | A_Baseline         | /p:ProductDirectory=C:/git/Dekaf-perf-improvements-20260907/pr-3082/baseline,/p:UseSharedCompilation=false  | 60.39 us |    NA |     564 B |
| StringControl | B_Published        | /p:ProductDirectory=C:/git/Dekaf-perf-improvements-20260907/pr-3082/published,/p:UseSharedCompilation=false | 57.22 us |    NA |     565 B |
| StringControl | C_Candidate        | /p:ProductDirectory=C:/git/Dekaf-perf-improvements-20260907/pr-3082/candidate,/p:UseSharedCompilation=false | 56.34 us |    NA |     563 B |
| StringControl | D_PublishedControl | /p:ProductDirectory=C:/git/Dekaf-perf-improvements-20260907/pr-3082/published,/p:UseSharedCompilation=false | 54.20 us |    NA |     563 B |
| StringControl | E_BaselineControl  | /p:ProductDirectory=C:/git/Dekaf-perf-improvements-20260907/pr-3082/baseline,/p:UseSharedCompilation=false  | 55.13 us |    NA |     564 B |

// * Warnings *
MinIterationTime
  BinaryKeyDispatchBenchmarks.StringControl: A_Baseline         -> The minimum observed iteration time is 61.842ms which is very small. It's recommended to increase it to at least 100ms using more operations.
  BinaryKeyDispatchBenchmarks.StringControl: B_Published        -> The minimum observed iteration time is 58.593ms which is very small. It's recommended to increase it to at least 100ms using more operations.
  BinaryKeyDispatchBenchmarks.StringControl: C_Candidate        -> The minimum observed iteration time is 57.689ms which is very small. It's recommended to increase it to at least 100ms using more operations.
  BinaryKeyDispatchBenchmarks.StringControl: D_PublishedControl -> The minimum observed iteration time is 55.5ms which is very small. It's recommended to increase it to at least 100ms using more operations.
  BinaryKeyDispatchBenchmarks.StringControl: E_BaselineControl  -> The minimum observed iteration time is 56.45ms which is very small. It's recommended to increase it to at least 100ms using more operations.

// * Legends *
  Mean      : Arithmetic mean of all measurements
  Error     : Half of 99.9% confidence interval
  Allocated : Allocated memory per single operation (managed only, inclusive, 1KB = 1024B)
  1 us      : 1 Microsecond (0.000001 sec)

// * Diagnostic Output - MemoryDiagnoser *


// ***** BenchmarkRunner: End *****
Run time: 00:00:01 (1.97 sec), executed benchmarks: 5

// Found 10 benchmarks:
//   DistinctBinaryKeyDispatchBenchmarks.ByteArray: A_Baseline(Affinity=00000000000000000100, EnvironmentVariables=DOTNET_TieredCompilation=0, Arguments=/p:ProductDirectory=C:/git/Dekaf-perf-improvements-20260907/pr-3082/baseline,/p:UseSharedCompilation=false, IterationCount=1, LaunchCount=1, RunStrategy=ColdStart, UnrollFactor=1, WarmupCount=1) [KeySize=65536]
//   DistinctBinaryKeyDispatchBenchmarks.RawMemory: A_Baseline(Affinity=00000000000000000100, EnvironmentVariables=DOTNET_TieredCompilation=0, Arguments=/p:ProductDirectory=C:/git/Dekaf-perf-improvements-20260907/pr-3082/baseline,/p:UseSharedCompilation=false, IterationCount=1, LaunchCount=1, RunStrategy=ColdStart, UnrollFactor=1, WarmupCount=1) [KeySize=65536]
//   DistinctBinaryKeyDispatchBenchmarks.ByteArray: B_Published(Affinity=00000000000000000100, EnvironmentVariables=DOTNET_TieredCompilation=0, Arguments=/p:ProductDirectory=C:/git/Dekaf-perf-improvements-20260907/pr-3082/published,/p:UseSharedCompilation=false, IterationCount=1, LaunchCount=1, RunStrategy=ColdStart, UnrollFactor=1, WarmupCount=1) [KeySize=65536]
//   DistinctBinaryKeyDispatchBenchmarks.RawMemory: B_Published(Affinity=00000000000000000100, EnvironmentVariables=DOTNET_TieredCompilation=0, Arguments=/p:ProductDirectory=C:/git/Dekaf-perf-improvements-20260907/pr-3082/published,/p:UseSharedCompilation=false, IterationCount=1, LaunchCount=1, RunStrategy=ColdStart, UnrollFactor=1, WarmupCount=1) [KeySize=65536]
//   DistinctBinaryKeyDispatchBenchmarks.ByteArray: C_Candidate(Affinity=00000000000000000100, EnvironmentVariables=DOTNET_TieredCompilation=0, Arguments=/p:ProductDirectory=C:/git/Dekaf-perf-improvements-20260907/pr-3082/candidate,/p:UseSharedCompilation=false, IterationCount=1, LaunchCount=1, RunStrategy=ColdStart, UnrollFactor=1, WarmupCount=1) [KeySize=65536]
//   DistinctBinaryKeyDispatchBenchmarks.RawMemory: C_Candidate(Affinity=00000000000000000100, EnvironmentVariables=DOTNET_TieredCompilation=0, Arguments=/p:ProductDirectory=C:/git/Dekaf-perf-improvements-20260907/pr-3082/candidate,/p:UseSharedCompilation=false, IterationCount=1, LaunchCount=1, RunStrategy=ColdStart, UnrollFactor=1, WarmupCount=1) [KeySize=65536]
//   DistinctBinaryKeyDispatchBenchmarks.ByteArray: D_PublishedControl(Affinity=00000000000000000100, EnvironmentVariables=DOTNET_TieredCompilation=0, Arguments=/p:ProductDirectory=C:/git/Dekaf-perf-improvements-20260907/pr-3082/published,/p:UseSharedCompilation=false, IterationCount=1, LaunchCount=1, RunStrategy=ColdStart, UnrollFactor=1, WarmupCount=1) [KeySize=65536]
//   DistinctBinaryKeyDispatchBenchmarks.RawMemory: D_PublishedControl(Affinity=00000000000000000100, EnvironmentVariables=DOTNET_TieredCompilation=0, Arguments=/p:ProductDirectory=C:/git/Dekaf-perf-improvements-20260907/pr-3082/published,/p:UseSharedCompilation=false, IterationCount=1, LaunchCount=1, RunStrategy=ColdStart, UnrollFactor=1, WarmupCount=1) [KeySize=65536]
//   DistinctBinaryKeyDispatchBenchmarks.ByteArray: E_BaselineControl(Affinity=00000000000000000100, EnvironmentVariables=DOTNET_TieredCompilation=0, Arguments=/p:ProductDirectory=C:/git/Dekaf-perf-improvements-20260907/pr-3082/baseline,/p:UseSharedCompilation=false, IterationCount=1, LaunchCount=1, RunStrategy=ColdStart, UnrollFactor=1, WarmupCount=1) [KeySize=65536]
//   DistinctBinaryKeyDispatchBenchmarks.RawMemory: E_BaselineControl(Affinity=00000000000000000100, EnvironmentVariables=DOTNET_TieredCompilation=0, Arguments=/p:ProductDirectory=C:/git/Dekaf-perf-improvements-20260907/pr-3082/baseline,/p:UseSharedCompilation=false, IterationCount=1, LaunchCount=1, RunStrategy=ColdStart, UnrollFactor=1, WarmupCount=1) [KeySize=65536]

Setup power plan (GUID: 8c5e7fda-e8bf-4a96-9a85-a6e23a8c635c FriendlyName: High performance)
// **************************
// Benchmark: DistinctBinaryKeyDispatchBenchmarks.ByteArray: A_Baseline(Affinity=00000000000000000100, EnvironmentVariables=DOTNET_TieredCompilation=0, Arguments=/p:ProductDirectory=C:/git/Dekaf-perf-improvements-20260907/pr-3082/baseline,/p:UseSharedCompilation=false, IterationCount=1, LaunchCount=1, RunStrategy=ColdStart, UnrollFactor=1, WarmupCount=1) [KeySize=65536]
// *** Execute ***
// Launch: 1 / 1
// Execute: dotnet Dekaf.Benchmarks-A_Baseline-1.dll --anonymousPipes 1828 1808 --benchmarkName "Dekaf.Benchmarks.Benchmarks.Unit.DistinctBinaryKeyDispatchBenchmarks.ByteArray(KeySize: 65536)" --job A_Baseline --benchmarkId 2 in C:\git\Dekaf-perf-improvements-20260907\pr-3082\comparison-controlled\bin\Release\net10.0\Dekaf.Benchmarks-A_Baseline-1\bin\Release\net10.0
// BeforeAnythingElse

// Benchmark Process Environment Information:
// BenchmarkDotNet v0.15.8
// Runtime=.NET 10.0.11 (10.0.11, 10.0.1126.37416), X64 RyuJIT x86-64-v3
// GC=Concurrent Workstation
// HardwareIntrinsics=AVX2+BMI1+BMI2+F16C+FMA+LZCNT+MOVBE,AVX,SSE3+SSSE3+SSE4.1+SSE4.2+POPCNT,X86Base+SSE+SSE2,AES+PCLMUL,AvxVnni,SERIALIZE VectorSize=256
// Job: A_Baseline(Affinity=100, IterationCount=1, LaunchCount=1, RunStrategy=ColdStart, UnrollFactor=1, WarmupCount=1)

// BeforeActualRun
WorkloadActual   1: 128 op, 58468100.00 ns, 456.7820 us/op

// AfterActualRun
WorkloadResult   1: 128 op, 58468100.00 ns, 456.7820 us/op
// GC:  0 0 0 281192 128
// Threading:  128 1 128

// AfterAll
// Benchmark Process 38652 has exited with code 0.

Mean = 456.782 us, StdErr = 0.000 us (0.00%), N = 1, StdDev = 0.000 us
Min = 456.782 us, Q1 = 456.782 us, Median = 456.782 us, Q3 = 456.782 us, Max = 456.782 us
IQR = 0.000 us, LowerFence = 456.782 us, UpperFence = 456.782 us
ConfidenceInterval = [NaN us; NaN us] (CI 99.9%), Margin = NaN us (NaN% of Mean)
Skewness = NaN, Kurtosis = NaN, MValue = 2

// ** Remained 9 (60.0%) benchmark(s) to run. Estimated finish 2026-09-07 17:11 (0h 0m from now) **
Setup power plan (GUID: 8c5e7fda-e8bf-4a96-9a85-a6e23a8c635c FriendlyName: High performance)
// **************************
// Benchmark: DistinctBinaryKeyDispatchBenchmarks.RawMemory: A_Baseline(Affinity=00000000000000000100, EnvironmentVariables=DOTNET_TieredCompilation=0, Arguments=/p:ProductDirectory=C:/git/Dekaf-perf-improvements-20260907/pr-3082/baseline,/p:UseSharedCompilation=false, IterationCount=1, LaunchCount=1, RunStrategy=ColdStart, UnrollFactor=1, WarmupCount=1) [KeySize=65536]
// *** Execute ***
// Launch: 1 / 1
// Execute: dotnet Dekaf.Benchmarks-A_Baseline-1.dll --anonymousPipes 1824 1932 --benchmarkName "Dekaf.Benchmarks.Benchmarks.Unit.DistinctBinaryKeyDispatchBenchmarks.RawMemory(KeySize: 65536)" --job A_Baseline --benchmarkId 3 in C:\git\Dekaf-perf-improvements-20260907\pr-3082\comparison-controlled\bin\Release\net10.0\Dekaf.Benchmarks-A_Baseline-1\bin\Release\net10.0
// BeforeAnythingElse

// Benchmark Process Environment Information:
// BenchmarkDotNet v0.15.8
// Runtime=.NET 10.0.11 (10.0.11, 10.0.1126.37416), X64 RyuJIT x86-64-v3
// GC=Concurrent Workstation
// HardwareIntrinsics=AVX2+BMI1+BMI2+F16C+FMA+LZCNT+MOVBE,AVX,SSE3+SSSE3+SSE4.1+SSE4.2+POPCNT,X86Base+SSE+SSE2,AES+PCLMUL,AvxVnni,SERIALIZE VectorSize=256
// Job: A_Baseline(Affinity=100, IterationCount=1, LaunchCount=1, RunStrategy=ColdStart, UnrollFactor=1, WarmupCount=1)

// BeforeActualRun
WorkloadActual   1: 128 op, 57777600.00 ns, 451.3875 us/op

// AfterActualRun
WorkloadResult   1: 128 op, 57777600.00 ns, 451.3875 us/op
// GC:  0 0 0 290944 128
// Threading:  128 0 128

// AfterAll
// Benchmark Process 100728 has exited with code 0.

Mean = 451.387 us, StdErr = 0.000 us (0.00%), N = 1, StdDev = 0.000 us
Min = 451.387 us, Q1 = 451.387 us, Median = 451.387 us, Q3 = 451.387 us, Max = 451.387 us
IQR = 0.000 us, LowerFence = 451.387 us, UpperFence = 451.387 us
ConfidenceInterval = [NaN us; NaN us] (CI 99.9%), Margin = NaN us (NaN% of Mean)
Skewness = NaN, Kurtosis = NaN, MValue = 2

// ** Remained 8 (53.3%) benchmark(s) to run. Estimated finish 2026-09-07 17:11 (0h 0m from now) **
Setup power plan (GUID: 8c5e7fda-e8bf-4a96-9a85-a6e23a8c635c FriendlyName: High performance)
// **************************
// Benchmark: DistinctBinaryKeyDispatchBenchmarks.ByteArray: B_Published(Affinity=00000000000000000100, EnvironmentVariables=DOTNET_TieredCompilation=0, Arguments=/p:ProductDirectory=C:/git/Dekaf-perf-improvements-20260907/pr-3082/published,/p:UseSharedCompilation=false, IterationCount=1, LaunchCount=1, RunStrategy=ColdStart, UnrollFactor=1, WarmupCount=1) [KeySize=65536]
// *** Execute ***
// Launch: 1 / 1
// Execute: dotnet Dekaf.Benchmarks-B_Published-2.dll --anonymousPipes 1828 1960 --benchmarkName "Dekaf.Benchmarks.Benchmarks.Unit.DistinctBinaryKeyDispatchBenchmarks.ByteArray(KeySize: 65536)" --job B_Published --benchmarkId 2 in C:\git\Dekaf-perf-improvements-20260907\pr-3082\comparison-controlled\bin\Release\net10.0\Dekaf.Benchmarks-B_Published-2\bin\Release\net10.0
// BeforeAnythingElse

// Benchmark Process Environment Information:
// BenchmarkDotNet v0.15.8
// Runtime=.NET 10.0.11 (10.0.11, 10.0.1126.37416), X64 RyuJIT x86-64-v3
// GC=Concurrent Workstation
// HardwareIntrinsics=AVX2+BMI1+BMI2+F16C+FMA+LZCNT+MOVBE,AVX,SSE3+SSSE3+SSE4.1+SSE4.2+POPCNT,X86Base+SSE+SSE2,AES+PCLMUL,AvxVnni,SERIALIZE VectorSize=256
// Job: B_Published(Affinity=100, IterationCount=1, LaunchCount=1, RunStrategy=ColdStart, UnrollFactor=1, WarmupCount=1)

// BeforeActualRun
WorkloadActual   1: 128 op, 63232100.00 ns, 494.0008 us/op

// AfterActualRun
WorkloadResult   1: 128 op, 63232100.00 ns, 494.0008 us/op
// GC:  0 0 0 280152 128
// Threading:  128 0 128

// AfterAll
// Benchmark Process 57868 has exited with code 0.

Mean = 494.001 us, StdErr = 0.000 us (0.00%), N = 1, StdDev = 0.000 us
Min = 494.001 us, Q1 = 494.001 us, Median = 494.001 us, Q3 = 494.001 us, Max = 494.001 us
IQR = 0.000 us, LowerFence = 494.001 us, UpperFence = 494.001 us
ConfidenceInterval = [NaN us; NaN us] (CI 99.9%), Margin = NaN us (NaN% of Mean)
Skewness = NaN, Kurtosis = NaN, MValue = 2

// ** Remained 7 (46.7%) benchmark(s) to run. Estimated finish 2026-09-07 17:11 (0h 0m from now) **
Setup power plan (GUID: 8c5e7fda-e8bf-4a96-9a85-a6e23a8c635c FriendlyName: High performance)
// **************************
// Benchmark: DistinctBinaryKeyDispatchBenchmarks.RawMemory: B_Published(Affinity=00000000000000000100, EnvironmentVariables=DOTNET_TieredCompilation=0, Arguments=/p:ProductDirectory=C:/git/Dekaf-perf-improvements-20260907/pr-3082/published,/p:UseSharedCompilation=false, IterationCount=1, LaunchCount=1, RunStrategy=ColdStart, UnrollFactor=1, WarmupCount=1) [KeySize=65536]
// *** Execute ***
// Launch: 1 / 1
// Execute: dotnet Dekaf.Benchmarks-B_Published-2.dll --anonymousPipes 1856 1936 --benchmarkName "Dekaf.Benchmarks.Benchmarks.Unit.DistinctBinaryKeyDispatchBenchmarks.RawMemory(KeySize: 65536)" --job B_Published --benchmarkId 3 in C:\git\Dekaf-perf-improvements-20260907\pr-3082\comparison-controlled\bin\Release\net10.0\Dekaf.Benchmarks-B_Published-2\bin\Release\net10.0
// BeforeAnythingElse

// Benchmark Process Environment Information:
// BenchmarkDotNet v0.15.8
// Runtime=.NET 10.0.11 (10.0.11, 10.0.1126.37416), X64 RyuJIT x86-64-v3
// GC=Concurrent Workstation
// HardwareIntrinsics=AVX2+BMI1+BMI2+F16C+FMA+LZCNT+MOVBE,AVX,SSE3+SSSE3+SSE4.1+SSE4.2+POPCNT,X86Base+SSE+SSE2,AES+PCLMUL,AvxVnni,SERIALIZE VectorSize=256
// Job: B_Published(Affinity=100, IterationCount=1, LaunchCount=1, RunStrategy=ColdStart, UnrollFactor=1, WarmupCount=1)

// BeforeActualRun
WorkloadActual   1: 128 op, 62602700.00 ns, 489.0836 us/op

// AfterActualRun
WorkloadResult   1: 128 op, 62602700.00 ns, 489.0836 us/op
// GC:  0 0 0 291144 128
// Threading:  128 0 128

// AfterAll
// Benchmark Process 58152 has exited with code 0.

Mean = 489.084 us, StdErr = 0.000 us (0.00%), N = 1, StdDev = 0.000 us
Min = 489.084 us, Q1 = 489.084 us, Median = 489.084 us, Q3 = 489.084 us, Max = 489.084 us
IQR = 0.000 us, LowerFence = 489.084 us, UpperFence = 489.084 us
ConfidenceInterval = [NaN us; NaN us] (CI 99.9%), Margin = NaN us (NaN% of Mean)
Skewness = NaN, Kurtosis = NaN, MValue = 2

// ** Remained 6 (40.0%) benchmark(s) to run. Estimated finish 2026-09-07 17:11 (0h 0m from now) **
Setup power plan (GUID: 8c5e7fda-e8bf-4a96-9a85-a6e23a8c635c FriendlyName: High performance)
// **************************
// Benchmark: DistinctBinaryKeyDispatchBenchmarks.ByteArray: C_Candidate(Affinity=00000000000000000100, EnvironmentVariables=DOTNET_TieredCompilation=0, Arguments=/p:ProductDirectory=C:/git/Dekaf-perf-improvements-20260907/pr-3082/candidate,/p:UseSharedCompilation=false, IterationCount=1, LaunchCount=1, RunStrategy=ColdStart, UnrollFactor=1, WarmupCount=1) [KeySize=65536]
// *** Execute ***
// Launch: 1 / 1
// Execute: dotnet Dekaf.Benchmarks-C_Candidate-3.dll --anonymousPipes 1808 1824 --benchmarkName "Dekaf.Benchmarks.Benchmarks.Unit.DistinctBinaryKeyDispatchBenchmarks.ByteArray(KeySize: 65536)" --job C_Candidate --benchmarkId 1 in C:\git\Dekaf-perf-improvements-20260907\pr-3082\comparison-controlled\bin\Release\net10.0\Dekaf.Benchmarks-C_Candidate-3\bin\Release\net10.0
// BeforeAnythingElse

// Benchmark Process Environment Information:
// BenchmarkDotNet v0.15.8
// Runtime=.NET 10.0.11 (10.0.11, 10.0.1126.37416), X64 RyuJIT x86-64-v3
// GC=Concurrent Workstation
// HardwareIntrinsics=AVX2+BMI1+BMI2+F16C+FMA+LZCNT+MOVBE,AVX,SSE3+SSSE3+SSE4.1+SSE4.2+POPCNT,X86Base+SSE+SSE2,AES+PCLMUL,AvxVnni,SERIALIZE VectorSize=256
// Job: C_Candidate(Affinity=100, IterationCount=1, LaunchCount=1, RunStrategy=ColdStart, UnrollFactor=1, WarmupCount=1)

// BeforeActualRun
WorkloadActual   1: 128 op, 62009100.00 ns, 484.4461 us/op

// AfterActualRun
WorkloadResult   1: 128 op, 62009100.00 ns, 484.4461 us/op
// GC:  0 0 0 279528 128
// Threading:  128 0 128

// AfterAll
// Benchmark Process 52768 has exited with code 0.

Mean = 484.446 us, StdErr = 0.000 us (0.00%), N = 1, StdDev = 0.000 us
Min = 484.446 us, Q1 = 484.446 us, Median = 484.446 us, Q3 = 484.446 us, Max = 484.446 us
IQR = 0.000 us, LowerFence = 484.446 us, UpperFence = 484.446 us
ConfidenceInterval = [NaN us; NaN us] (CI 99.9%), Margin = NaN us (NaN% of Mean)
Skewness = NaN, Kurtosis = NaN, MValue = 2

// ** Remained 5 (33.3%) benchmark(s) to run. Estimated finish 2026-09-07 17:11 (0h 0m from now) **
Setup power plan (GUID: 8c5e7fda-e8bf-4a96-9a85-a6e23a8c635c FriendlyName: High performance)
// **************************
// Benchmark: DistinctBinaryKeyDispatchBenchmarks.RawMemory: C_Candidate(Affinity=00000000000000000100, EnvironmentVariables=DOTNET_TieredCompilation=0, Arguments=/p:ProductDirectory=C:/git/Dekaf-perf-improvements-20260907/pr-3082/candidate,/p:UseSharedCompilation=false, IterationCount=1, LaunchCount=1, RunStrategy=ColdStart, UnrollFactor=1, WarmupCount=1) [KeySize=65536]
// *** Execute ***
// Launch: 1 / 1
// Execute: dotnet Dekaf.Benchmarks-C_Candidate-3.dll --anonymousPipes 1660 1836 --benchmarkName "Dekaf.Benchmarks.Benchmarks.Unit.DistinctBinaryKeyDispatchBenchmarks.RawMemory(KeySize: 65536)" --job C_Candidate --benchmarkId 2 in C:\git\Dekaf-perf-improvements-20260907\pr-3082\comparison-controlled\bin\Release\net10.0\Dekaf.Benchmarks-C_Candidate-3\bin\Release\net10.0
// BeforeAnythingElse

// Benchmark Process Environment Information:
// BenchmarkDotNet v0.15.8
// Runtime=.NET 10.0.11 (10.0.11, 10.0.1126.37416), X64 RyuJIT x86-64-v3
// GC=Concurrent Workstation
// HardwareIntrinsics=AVX2+BMI1+BMI2+F16C+FMA+LZCNT+MOVBE,AVX,SSE3+SSSE3+SSE4.1+SSE4.2+POPCNT,X86Base+SSE+SSE2,AES+PCLMUL,AvxVnni,SERIALIZE VectorSize=256
// Job: C_Candidate(Affinity=100, IterationCount=1, LaunchCount=1, RunStrategy=ColdStart, UnrollFactor=1, WarmupCount=1)

// BeforeActualRun
WorkloadActual   1: 128 op, 62478700.00 ns, 488.1148 us/op

// AfterActualRun
WorkloadResult   1: 128 op, 62478700.00 ns, 488.1148 us/op
// GC:  0 0 0 291568 128
// Threading:  128 0 128

// AfterAll
// Benchmark Process 30992 has exited with code 0.

Mean = 488.115 us, StdErr = 0.000 us (0.00%), N = 1, StdDev = 0.000 us
Min = 488.115 us, Q1 = 488.115 us, Median = 488.115 us, Q3 = 488.115 us, Max = 488.115 us
IQR = 0.000 us, LowerFence = 488.115 us, UpperFence = 488.115 us
ConfidenceInterval = [NaN us; NaN us] (CI 99.9%), Margin = NaN us (NaN% of Mean)
Skewness = NaN, Kurtosis = NaN, MValue = 2

// ** Remained 4 (26.7%) benchmark(s) to run. Estimated finish 2026-09-07 17:11 (0h 0m from now) **
Setup power plan (GUID: 8c5e7fda-e8bf-4a96-9a85-a6e23a8c635c FriendlyName: High performance)
// **************************
// Benchmark: DistinctBinaryKeyDispatchBenchmarks.ByteArray: D_PublishedControl(Affinity=00000000000000000100, EnvironmentVariables=DOTNET_TieredCompilation=0, Arguments=/p:ProductDirectory=C:/git/Dekaf-perf-improvements-20260907/pr-3082/published,/p:UseSharedCompilation=false, IterationCount=1, LaunchCount=1, RunStrategy=ColdStart, UnrollFactor=1, WarmupCount=1) [KeySize=65536]
// *** Execute ***
// Launch: 1 / 1
// Execute: dotnet Dekaf.Benchmarks-B_Published-2.dll --anonymousPipes 1660 1836 --benchmarkName "Dekaf.Benchmarks.Benchmarks.Unit.DistinctBinaryKeyDispatchBenchmarks.ByteArray(KeySize: 65536)" --job D_PublishedControl --benchmarkId 4 in C:\git\Dekaf-perf-improvements-20260907\pr-3082\comparison-controlled\bin\Release\net10.0\Dekaf.Benchmarks-B_Published-2\bin\Release\net10.0
// BeforeAnythingElse

// Benchmark Process Environment Information:
// BenchmarkDotNet v0.15.8
// Runtime=.NET 10.0.11 (10.0.11, 10.0.1126.37416), X64 RyuJIT x86-64-v3
// GC=Concurrent Workstation
// HardwareIntrinsics=AVX2+BMI1+BMI2+F16C+FMA+LZCNT+MOVBE,AVX,SSE3+SSSE3+SSE4.1+SSE4.2+POPCNT,X86Base+SSE+SSE2,AES+PCLMUL,AvxVnni,SERIALIZE VectorSize=256
// Job: D_PublishedControl(Affinity=100, IterationCount=1, LaunchCount=1, RunStrategy=ColdStart, UnrollFactor=1, WarmupCount=1)

// BeforeActualRun
WorkloadActual   1: 128 op, 62569500.00 ns, 488.8242 us/op

// AfterActualRun
WorkloadResult   1: 128 op, 62569500.00 ns, 488.8242 us/op
// GC:  0 0 0 280040 128
// Threading:  128 1 128

// AfterAll
// Benchmark Process 100716 has exited with code 0.

Mean = 488.824 us, StdErr = 0.000 us (0.00%), N = 1, StdDev = 0.000 us
Min = 488.824 us, Q1 = 488.824 us, Median = 488.824 us, Q3 = 488.824 us, Max = 488.824 us
IQR = 0.000 us, LowerFence = 488.824 us, UpperFence = 488.824 us
ConfidenceInterval = [NaN us; NaN us] (CI 99.9%), Margin = NaN us (NaN% of Mean)
Skewness = NaN, Kurtosis = NaN, MValue = 2

// ** Remained 3 (20.0%) benchmark(s) to run. Estimated finish 2026-09-07 17:11 (0h 0m from now) **
Setup power plan (GUID: 8c5e7fda-e8bf-4a96-9a85-a6e23a8c635c FriendlyName: High performance)
// **************************
// Benchmark: DistinctBinaryKeyDispatchBenchmarks.RawMemory: D_PublishedControl(Affinity=00000000000000000100, EnvironmentVariables=DOTNET_TieredCompilation=0, Arguments=/p:ProductDirectory=C:/git/Dekaf-perf-improvements-20260907/pr-3082/published,/p:UseSharedCompilation=false, IterationCount=1, LaunchCount=1, RunStrategy=ColdStart, UnrollFactor=1, WarmupCount=1) [KeySize=65536]
// *** Execute ***
// Launch: 1 / 1
// Execute: dotnet Dekaf.Benchmarks-B_Published-2.dll --anonymousPipes 1960 1972 --benchmarkName "Dekaf.Benchmarks.Benchmarks.Unit.DistinctBinaryKeyDispatchBenchmarks.RawMemory(KeySize: 65536)" --job D_PublishedControl --benchmarkId 5 in C:\git\Dekaf-perf-improvements-20260907\pr-3082\comparison-controlled\bin\Release\net10.0\Dekaf.Benchmarks-B_Published-2\bin\Release\net10.0
// BeforeAnythingElse

// Benchmark Process Environment Information:
// BenchmarkDotNet v0.15.8
// Runtime=.NET 10.0.11 (10.0.11, 10.0.1126.37416), X64 RyuJIT x86-64-v3
// GC=Concurrent Workstation
// HardwareIntrinsics=AVX2+BMI1+BMI2+F16C+FMA+LZCNT+MOVBE,AVX,SSE3+SSSE3+SSE4.1+SSE4.2+POPCNT,X86Base+SSE+SSE2,AES+PCLMUL,AvxVnni,SERIALIZE VectorSize=256
// Job: D_PublishedControl(Affinity=100, IterationCount=1, LaunchCount=1, RunStrategy=ColdStart, UnrollFactor=1, WarmupCount=1)

// BeforeActualRun
WorkloadActual   1: 128 op, 61071300.00 ns, 477.1195 us/op

// AfterActualRun
WorkloadResult   1: 128 op, 61071300.00 ns, 477.1195 us/op
// GC:  0 0 0 291568 128
// Threading:  128 0 128

// AfterAll
// Benchmark Process 98268 has exited with code 0.

Mean = 477.120 us, StdErr = 0.000 us (0.00%), N = 1, StdDev = 0.000 us
Min = 477.120 us, Q1 = 477.120 us, Median = 477.120 us, Q3 = 477.120 us, Max = 477.120 us
IQR = 0.000 us, LowerFence = 477.120 us, UpperFence = 477.120 us
ConfidenceInterval = [NaN us; NaN us] (CI 99.9%), Margin = NaN us (NaN% of Mean)
Skewness = NaN, Kurtosis = NaN, MValue = 2

// ** Remained 2 (13.3%) benchmark(s) to run. Estimated finish 2026-09-07 17:11 (0h 0m from now) **
Setup power plan (GUID: 8c5e7fda-e8bf-4a96-9a85-a6e23a8c635c FriendlyName: High performance)
// **************************
// Benchmark: DistinctBinaryKeyDispatchBenchmarks.ByteArray: E_BaselineControl(Affinity=00000000000000000100, EnvironmentVariables=DOTNET_TieredCompilation=0, Arguments=/p:ProductDirectory=C:/git/Dekaf-perf-improvements-20260907/pr-3082/baseline,/p:UseSharedCompilation=false, IterationCount=1, LaunchCount=1, RunStrategy=ColdStart, UnrollFactor=1, WarmupCount=1) [KeySize=65536]
// *** Execute ***
// Launch: 1 / 1
// Execute: dotnet Dekaf.Benchmarks-A_Baseline-1.dll --anonymousPipes 2000 1996 --benchmarkName "Dekaf.Benchmarks.Benchmarks.Unit.DistinctBinaryKeyDispatchBenchmarks.ByteArray(KeySize: 65536)" --job E_BaselineControl --benchmarkId 4 in C:\git\Dekaf-perf-improvements-20260907\pr-3082\comparison-controlled\bin\Release\net10.0\Dekaf.Benchmarks-A_Baseline-1\bin\Release\net10.0
// BeforeAnythingElse

// Benchmark Process Environment Information:
// BenchmarkDotNet v0.15.8
// Runtime=.NET 10.0.11 (10.0.11, 10.0.1126.37416), X64 RyuJIT x86-64-v3
// GC=Concurrent Workstation
// HardwareIntrinsics=AVX2+BMI1+BMI2+F16C+FMA+LZCNT+MOVBE,AVX,SSE3+SSSE3+SSE4.1+SSE4.2+POPCNT,X86Base+SSE+SSE2,AES+PCLMUL,AvxVnni,SERIALIZE VectorSize=256
// Job: E_BaselineControl(Affinity=100, IterationCount=1, LaunchCount=1, RunStrategy=ColdStart, UnrollFactor=1, WarmupCount=1)

// BeforeActualRun
WorkloadActual   1: 128 op, 56596100.00 ns, 442.1570 us/op

// AfterActualRun
WorkloadResult   1: 128 op, 56596100.00 ns, 442.1570 us/op
// GC:  0 0 0 280256 128
// Threading:  128 0 128

// AfterAll
// Benchmark Process 69208 has exited with code 0.

Mean = 442.157 us, StdErr = 0.000 us (0.00%), N = 1, StdDev = 0.000 us
Min = 442.157 us, Q1 = 442.157 us, Median = 442.157 us, Q3 = 442.157 us, Max = 442.157 us
IQR = 0.000 us, LowerFence = 442.157 us, UpperFence = 442.157 us
ConfidenceInterval = [NaN us; NaN us] (CI 99.9%), Margin = NaN us (NaN% of Mean)
Skewness = NaN, Kurtosis = NaN, MValue = 2

// ** Remained 1 (6.7%) benchmark(s) to run. Estimated finish 2026-09-07 17:11 (0h 0m from now) **
Setup power plan (GUID: 8c5e7fda-e8bf-4a96-9a85-a6e23a8c635c FriendlyName: High performance)
// **************************
// Benchmark: DistinctBinaryKeyDispatchBenchmarks.RawMemory: E_BaselineControl(Affinity=00000000000000000100, EnvironmentVariables=DOTNET_TieredCompilation=0, Arguments=/p:ProductDirectory=C:/git/Dekaf-perf-improvements-20260907/pr-3082/baseline,/p:UseSharedCompilation=false, IterationCount=1, LaunchCount=1, RunStrategy=ColdStart, UnrollFactor=1, WarmupCount=1) [KeySize=65536]
// *** Execute ***
// Launch: 1 / 1
// Execute: dotnet Dekaf.Benchmarks-A_Baseline-1.dll --anonymousPipes 1996 1748 --benchmarkName "Dekaf.Benchmarks.Benchmarks.Unit.DistinctBinaryKeyDispatchBenchmarks.RawMemory(KeySize: 65536)" --job E_BaselineControl --benchmarkId 5 in C:\git\Dekaf-perf-improvements-20260907\pr-3082\comparison-controlled\bin\Release\net10.0\Dekaf.Benchmarks-A_Baseline-1\bin\Release\net10.0
// BeforeAnythingElse

// Benchmark Process Environment Information:
// BenchmarkDotNet v0.15.8
// Runtime=.NET 10.0.11 (10.0.11, 10.0.1126.37416), X64 RyuJIT x86-64-v3
// GC=Concurrent Workstation
// HardwareIntrinsics=AVX2+BMI1+BMI2+F16C+FMA+LZCNT+MOVBE,AVX,SSE3+SSSE3+SSE4.1+SSE4.2+POPCNT,X86Base+SSE+SSE2,AES+PCLMUL,AvxVnni,SERIALIZE VectorSize=256
// Job: E_BaselineControl(Affinity=100, IterationCount=1, LaunchCount=1, RunStrategy=ColdStart, UnrollFactor=1, WarmupCount=1)

// BeforeActualRun
WorkloadActual   1: 128 op, 57696900.00 ns, 450.7570 us/op

// AfterActualRun
WorkloadResult   1: 128 op, 57696900.00 ns, 450.7570 us/op
// GC:  0 0 0 290944 128
// Threading:  128 0 128

// AfterAll
// Benchmark Process 97668 has exited with code 0.

Mean = 450.757 us, StdErr = 0.000 us (0.00%), N = 1, StdDev = 0.000 us
Min = 450.757 us, Q1 = 450.757 us, Median = 450.757 us, Q3 = 450.757 us, Max = 450.757 us
IQR = 0.000 us, LowerFence = 450.757 us, UpperFence = 450.757 us
ConfidenceInterval = [NaN us; NaN us] (CI 99.9%), Margin = NaN us (NaN% of Mean)
Skewness = NaN, Kurtosis = NaN, MValue = 2

// ** Remained 0 (0.0%) benchmark(s) to run. Estimated finish 2026-09-07 17:11 (0h 0m from now) **
Successfully reverted power plan (GUID: 8c5e7fda-e8bf-4a96-9a85-a6e23a8c635c FriendlyName: High performance)
// ***** BenchmarkRunner: Finish  *****

// * Export *
  C:\git\Dekaf-perf-improvements-20260907\pr-3082\dry-controlled\results\Dekaf.Benchmarks.Benchmarks.Unit.DistinctBinaryKeyDispatchBenchmarks-report.csv
  C:\git\Dekaf-perf-improvements-20260907\pr-3082\dry-controlled\results\Dekaf.Benchmarks.Benchmarks.Unit.DistinctBinaryKeyDispatchBenchmarks-report-github.md
  C:\git\Dekaf-perf-improvements-20260907\pr-3082\dry-controlled\results\Dekaf.Benchmarks.Benchmarks.Unit.DistinctBinaryKeyDispatchBenchmarks-report.html

// * Detailed results *
DistinctBinaryKeyDispatchBenchmarks.ByteArray: A_Baseline(Affinity=00000000000000000100, EnvironmentVariables=DOTNET_TieredCompilation=0, Arguments=/p:ProductDirectory=C:/git/Dekaf-perf-improvements-20260907/pr-3082/baseline,/p:UseSharedCompilation=false, IterationCount=1, LaunchCount=1, RunStrategy=ColdStart, UnrollFactor=1, WarmupCount=1) [KeySize=65536]
Runtime = .NET 10.0.11 (10.0.11, 10.0.1126.37416), X64 RyuJIT x86-64-v3; GC = Concurrent Workstation
Mean = 456.782 us, StdErr = 0.000 us (0.00%), N = 1, StdDev = 0.000 us
Min = 456.782 us, Q1 = 456.782 us, Median = 456.782 us, Q3 = 456.782 us, Max = 456.782 us
IQR = 0.000 us, LowerFence = 456.782 us, UpperFence = 456.782 us
ConfidenceInterval = [NaN us; NaN us] (CI 99.9%), Margin = NaN us (NaN% of Mean)
Skewness = NaN, Kurtosis = NaN, MValue = 2
-------------------- Histogram --------------------
[456.782 us ; 456.783 us) | @
---------------------------------------------------

DistinctBinaryKeyDispatchBenchmarks.RawMemory: A_Baseline(Affinity=00000000000000000100, EnvironmentVariables=DOTNET_TieredCompilation=0, Arguments=/p:ProductDirectory=C:/git/Dekaf-perf-improvements-20260907/pr-3082/baseline,/p:UseSharedCompilation=false, IterationCount=1, LaunchCount=1, RunStrategy=ColdStart, UnrollFactor=1, WarmupCount=1) [KeySize=65536]
Runtime = .NET 10.0.11 (10.0.11, 10.0.1126.37416), X64 RyuJIT x86-64-v3; GC = Concurrent Workstation
Mean = 451.387 us, StdErr = 0.000 us (0.00%), N = 1, StdDev = 0.000 us
Min = 451.387 us, Q1 = 451.387 us, Median = 451.387 us, Q3 = 451.387 us, Max = 451.387 us
IQR = 0.000 us, LowerFence = 451.387 us, UpperFence = 451.387 us
ConfidenceInterval = [NaN us; NaN us] (CI 99.9%), Margin = NaN us (NaN% of Mean)
Skewness = NaN, Kurtosis = NaN, MValue = 2
-------------------- Histogram --------------------
[451.387 us ; 451.388 us) | @
---------------------------------------------------

DistinctBinaryKeyDispatchBenchmarks.ByteArray: B_Published(Affinity=00000000000000000100, EnvironmentVariables=DOTNET_TieredCompilation=0, Arguments=/p:ProductDirectory=C:/git/Dekaf-perf-improvements-20260907/pr-3082/published,/p:UseSharedCompilation=false, IterationCount=1, LaunchCount=1, RunStrategy=ColdStart, UnrollFactor=1, WarmupCount=1) [KeySize=65536]
Runtime = .NET 10.0.11 (10.0.11, 10.0.1126.37416), X64 RyuJIT x86-64-v3; GC = Concurrent Workstation
Mean = 494.001 us, StdErr = 0.000 us (0.00%), N = 1, StdDev = 0.000 us
Min = 494.001 us, Q1 = 494.001 us, Median = 494.001 us, Q3 = 494.001 us, Max = 494.001 us
IQR = 0.000 us, LowerFence = 494.001 us, UpperFence = 494.001 us
ConfidenceInterval = [NaN us; NaN us] (CI 99.9%), Margin = NaN us (NaN% of Mean)
Skewness = NaN, Kurtosis = NaN, MValue = 2
-------------------- Histogram --------------------
[494.000 us ; 494.001 us) | @
---------------------------------------------------

DistinctBinaryKeyDispatchBenchmarks.RawMemory: B_Published(Affinity=00000000000000000100, EnvironmentVariables=DOTNET_TieredCompilation=0, Arguments=/p:ProductDirectory=C:/git/Dekaf-perf-improvements-20260907/pr-3082/published,/p:UseSharedCompilation=false, IterationCount=1, LaunchCount=1, RunStrategy=ColdStart, UnrollFactor=1, WarmupCount=1) [KeySize=65536]
Runtime = .NET 10.0.11 (10.0.11, 10.0.1126.37416), X64 RyuJIT x86-64-v3; GC = Concurrent Workstation
Mean = 489.084 us, StdErr = 0.000 us (0.00%), N = 1, StdDev = 0.000 us
Min = 489.084 us, Q1 = 489.084 us, Median = 489.084 us, Q3 = 489.084 us, Max = 489.084 us
IQR = 0.000 us, LowerFence = 489.084 us, UpperFence = 489.084 us
ConfidenceInterval = [NaN us; NaN us] (CI 99.9%), Margin = NaN us (NaN% of Mean)
Skewness = NaN, Kurtosis = NaN, MValue = 2
-------------------- Histogram --------------------
[489.083 us ; 489.084 us) | @
---------------------------------------------------

DistinctBinaryKeyDispatchBenchmarks.ByteArray: C_Candidate(Affinity=00000000000000000100, EnvironmentVariables=DOTNET_TieredCompilation=0, Arguments=/p:ProductDirectory=C:/git/Dekaf-perf-improvements-20260907/pr-3082/candidate,/p:UseSharedCompilation=false, IterationCount=1, LaunchCount=1, RunStrategy=ColdStart, UnrollFactor=1, WarmupCount=1) [KeySize=65536]
Runtime = .NET 10.0.11 (10.0.11, 10.0.1126.37416), X64 RyuJIT x86-64-v3; GC = Concurrent Workstation
Mean = 484.446 us, StdErr = 0.000 us (0.00%), N = 1, StdDev = 0.000 us
Min = 484.446 us, Q1 = 484.446 us, Median = 484.446 us, Q3 = 484.446 us, Max = 484.446 us
IQR = 0.000 us, LowerFence = 484.446 us, UpperFence = 484.446 us
ConfidenceInterval = [NaN us; NaN us] (CI 99.9%), Margin = NaN us (NaN% of Mean)
Skewness = NaN, Kurtosis = NaN, MValue = 2
-------------------- Histogram --------------------
[484.446 us ; 484.447 us) | @
---------------------------------------------------

DistinctBinaryKeyDispatchBenchmarks.RawMemory: C_Candidate(Affinity=00000000000000000100, EnvironmentVariables=DOTNET_TieredCompilation=0, Arguments=/p:ProductDirectory=C:/git/Dekaf-perf-improvements-20260907/pr-3082/candidate,/p:UseSharedCompilation=false, IterationCount=1, LaunchCount=1, RunStrategy=ColdStart, UnrollFactor=1, WarmupCount=1) [KeySize=65536]
Runtime = .NET 10.0.11 (10.0.11, 10.0.1126.37416), X64 RyuJIT x86-64-v3; GC = Concurrent Workstation
Mean = 488.115 us, StdErr = 0.000 us (0.00%), N = 1, StdDev = 0.000 us
Min = 488.115 us, Q1 = 488.115 us, Median = 488.115 us, Q3 = 488.115 us, Max = 488.115 us
IQR = 0.000 us, LowerFence = 488.115 us, UpperFence = 488.115 us
ConfidenceInterval = [NaN us; NaN us] (CI 99.9%), Margin = NaN us (NaN% of Mean)
Skewness = NaN, Kurtosis = NaN, MValue = 2
-------------------- Histogram --------------------
[488.114 us ; 488.115 us) | @
---------------------------------------------------

DistinctBinaryKeyDispatchBenchmarks.ByteArray: D_PublishedControl(Affinity=00000000000000000100, EnvironmentVariables=DOTNET_TieredCompilation=0, Arguments=/p:ProductDirectory=C:/git/Dekaf-perf-improvements-20260907/pr-3082/published,/p:UseSharedCompilation=false, IterationCount=1, LaunchCount=1, RunStrategy=ColdStart, UnrollFactor=1, WarmupCount=1) [KeySize=65536]
Runtime = .NET 10.0.11 (10.0.11, 10.0.1126.37416), X64 RyuJIT x86-64-v3; GC = Concurrent Workstation
Mean = 488.824 us, StdErr = 0.000 us (0.00%), N = 1, StdDev = 0.000 us
Min = 488.824 us, Q1 = 488.824 us, Median = 488.824 us, Q3 = 488.824 us, Max = 488.824 us
IQR = 0.000 us, LowerFence = 488.824 us, UpperFence = 488.824 us
ConfidenceInterval = [NaN us; NaN us] (CI 99.9%), Margin = NaN us (NaN% of Mean)
Skewness = NaN, Kurtosis = NaN, MValue = 2
-------------------- Histogram --------------------
[488.824 us ; 488.825 us) | @
---------------------------------------------------

DistinctBinaryKeyDispatchBenchmarks.RawMemory: D_PublishedControl(Affinity=00000000000000000100, EnvironmentVariables=DOTNET_TieredCompilation=0, Arguments=/p:ProductDirectory=C:/git/Dekaf-perf-improvements-20260907/pr-3082/published,/p:UseSharedCompilation=false, IterationCount=1, LaunchCount=1, RunStrategy=ColdStart, UnrollFactor=1, WarmupCount=1) [KeySize=65536]
Runtime = .NET 10.0.11 (10.0.11, 10.0.1126.37416), X64 RyuJIT x86-64-v3; GC = Concurrent Workstation
Mean = 477.120 us, StdErr = 0.000 us (0.00%), N = 1, StdDev = 0.000 us
Min = 477.120 us, Q1 = 477.120 us, Median = 477.120 us, Q3 = 477.120 us, Max = 477.120 us
IQR = 0.000 us, LowerFence = 477.120 us, UpperFence = 477.120 us
ConfidenceInterval = [NaN us; NaN us] (CI 99.9%), Margin = NaN us (NaN% of Mean)
Skewness = NaN, Kurtosis = NaN, MValue = 2
-------------------- Histogram --------------------
[477.119 us ; 477.120 us) | @
---------------------------------------------------

DistinctBinaryKeyDispatchBenchmarks.ByteArray: E_BaselineControl(Affinity=00000000000000000100, EnvironmentVariables=DOTNET_TieredCompilation=0, Arguments=/p:ProductDirectory=C:/git/Dekaf-perf-improvements-20260907/pr-3082/baseline,/p:UseSharedCompilation=false, IterationCount=1, LaunchCount=1, RunStrategy=ColdStart, UnrollFactor=1, WarmupCount=1) [KeySize=65536]
Runtime = .NET 10.0.11 (10.0.11, 10.0.1126.37416), X64 RyuJIT x86-64-v3; GC = Concurrent Workstation
Mean = 442.157 us, StdErr = 0.000 us (0.00%), N = 1, StdDev = 0.000 us
Min = 442.157 us, Q1 = 442.157 us, Median = 442.157 us, Q3 = 442.157 us, Max = 442.157 us
IQR = 0.000 us, LowerFence = 442.157 us, UpperFence = 442.157 us
ConfidenceInterval = [NaN us; NaN us] (CI 99.9%), Margin = NaN us (NaN% of Mean)
Skewness = NaN, Kurtosis = NaN, MValue = 2
-------------------- Histogram --------------------
[442.157 us ; 442.158 us) | @
---------------------------------------------------

DistinctBinaryKeyDispatchBenchmarks.RawMemory: E_BaselineControl(Affinity=00000000000000000100, EnvironmentVariables=DOTNET_TieredCompilation=0, Arguments=/p:ProductDirectory=C:/git/Dekaf-perf-improvements-20260907/pr-3082/baseline,/p:UseSharedCompilation=false, IterationCount=1, LaunchCount=1, RunStrategy=ColdStart, UnrollFactor=1, WarmupCount=1) [KeySize=65536]
Runtime = .NET 10.0.11 (10.0.11, 10.0.1126.37416), X64 RyuJIT x86-64-v3; GC = Concurrent Workstation
Mean = 450.757 us, StdErr = 0.000 us (0.00%), N = 1, StdDev = 0.000 us
Min = 450.757 us, Q1 = 450.757 us, Median = 450.757 us, Q3 = 450.757 us, Max = 450.757 us
IQR = 0.000 us, LowerFence = 450.757 us, UpperFence = 450.757 us
ConfidenceInterval = [NaN us; NaN us] (CI 99.9%), Margin = NaN us (NaN% of Mean)
Skewness = NaN, Kurtosis = NaN, MValue = 2
-------------------- Histogram --------------------
[450.757 us ; 450.758 us) | @
---------------------------------------------------

// * Summary *

BenchmarkDotNet v0.15.8, Windows 11 (10.0.26200.9168/25H2/2025Update/HudsonValley2)
12th Gen Intel Core i7-12700K 3.60GHz, 1 CPU, 20 logical and 12 physical cores
.NET SDK 10.0.400
  [Host]             : .NET 10.0.11 (10.0.11, 10.0.1126.37416), X64 RyuJIT x86-64-v3
  A_Baseline         : .NET 10.0.11 (10.0.11, 10.0.1126.37416), X64 RyuJIT x86-64-v3
  B_Published        : .NET 10.0.11 (10.0.11, 10.0.1126.37416), X64 RyuJIT x86-64-v3
  C_Candidate        : .NET 10.0.11 (10.0.11, 10.0.1126.37416), X64 RyuJIT x86-64-v3
  D_PublishedControl : .NET 10.0.11 (10.0.11, 10.0.1126.37416), X64 RyuJIT x86-64-v3
  E_BaselineControl  : .NET 10.0.11 (10.0.11, 10.0.1126.37416), X64 RyuJIT x86-64-v3

Affinity=00000000000000000100  EnvironmentVariables=DOTNET_TieredCompilation=0  IterationCount=1  
LaunchCount=1  RunStrategy=ColdStart  UnrollFactor=1  
WarmupCount=1  

| Method    | Job                | Arguments                                                                                                   | KeySize | Mean     | Error | Allocated |
|---------- |------------------- |------------------------------------------------------------------------------------------------------------ |-------- |---------:|------:|----------:|
| ByteArray | A_Baseline         | /p:ProductDirectory=C:/git/Dekaf-perf-improvements-20260907/pr-3082/baseline,/p:UseSharedCompilation=false  | 65536   | 456.8 us |    NA |   2.15 KB |
| RawMemory | A_Baseline         | /p:ProductDirectory=C:/git/Dekaf-perf-improvements-20260907/pr-3082/baseline,/p:UseSharedCompilation=false  | 65536   | 451.4 us |    NA |   2.22 KB |
| ByteArray | B_Published        | /p:ProductDirectory=C:/git/Dekaf-perf-improvements-20260907/pr-3082/published,/p:UseSharedCompilation=false | 65536   | 494.0 us |    NA |   2.14 KB |
| RawMemory | B_Published        | /p:ProductDirectory=C:/git/Dekaf-perf-improvements-20260907/pr-3082/published,/p:UseSharedCompilation=false | 65536   | 489.1 us |    NA |   2.22 KB |
| ByteArray | C_Candidate        | /p:ProductDirectory=C:/git/Dekaf-perf-improvements-20260907/pr-3082/candidate,/p:UseSharedCompilation=false | 65536   | 484.4 us |    NA |   2.13 KB |
| RawMemory | C_Candidate        | /p:ProductDirectory=C:/git/Dekaf-perf-improvements-20260907/pr-3082/candidate,/p:UseSharedCompilation=false | 65536   | 488.1 us |    NA |   2.22 KB |
| ByteArray | D_PublishedControl | /p:ProductDirectory=C:/git/Dekaf-perf-improvements-20260907/pr-3082/published,/p:UseSharedCompilation=false | 65536   | 488.8 us |    NA |   2.14 KB |
| RawMemory | D_PublishedControl | /p:ProductDirectory=C:/git/Dekaf-perf-improvements-20260907/pr-3082/published,/p:UseSharedCompilation=false | 65536   | 477.1 us |    NA |   2.22 KB |
| ByteArray | E_BaselineControl  | /p:ProductDirectory=C:/git/Dekaf-perf-improvements-20260907/pr-3082/baseline,/p:UseSharedCompilation=false  | 65536   | 442.2 us |    NA |   2.14 KB |
| RawMemory | E_BaselineControl  | /p:ProductDirectory=C:/git/Dekaf-perf-improvements-20260907/pr-3082/baseline,/p:UseSharedCompilation=false  | 65536   | 450.8 us |    NA |   2.22 KB |

// * Warnings *
MinIterationTime
  DistinctBinaryKeyDispatchBenchmarks.ByteArray: A_Baseline         -> The minimum observed iteration time is 58.468ms which is very small. It's recommended to increase it to at least 100ms using more operations.
  DistinctBinaryKeyDispatchBenchmarks.RawMemory: A_Baseline         -> The minimum observed iteration time is 57.778ms which is very small. It's recommended to increase it to at least 100ms using more operations.
  DistinctBinaryKeyDispatchBenchmarks.ByteArray: B_Published        -> The minimum observed iteration time is 63.232ms which is very small. It's recommended to increase it to at least 100ms using more operations.
  DistinctBinaryKeyDispatchBenchmarks.RawMemory: B_Published        -> The minimum observed iteration time is 62.603ms which is very small. It's recommended to increase it to at least 100ms using more operations.
  DistinctBinaryKeyDispatchBenchmarks.ByteArray: C_Candidate        -> The minimum observed iteration time is 62.009ms which is very small. It's recommended to increase it to at least 100ms using more operations.
  DistinctBinaryKeyDispatchBenchmarks.RawMemory: C_Candidate        -> The minimum observed iteration time is 62.479ms which is very small. It's recommended to increase it to at least 100ms using more operations.
  DistinctBinaryKeyDispatchBenchmarks.ByteArray: D_PublishedControl -> The minimum observed iteration time is 62.57ms which is very small. It's recommended to increase it to at least 100ms using more operations.
  DistinctBinaryKeyDispatchBenchmarks.RawMemory: D_PublishedControl -> The minimum observed iteration time is 61.071ms which is very small. It's recommended to increase it to at least 100ms using more operations.
  DistinctBinaryKeyDispatchBenchmarks.ByteArray: E_BaselineControl  -> The minimum observed iteration time is 56.596ms which is very small. It's recommended to increase it to at least 100ms using more operations.
  DistinctBinaryKeyDispatchBenchmarks.RawMemory: E_BaselineControl  -> The minimum observed iteration time is 57.697ms which is very small. It's recommended to increase it to at least 100ms using more operations.

// * Legends *
  KeySize   : Value of the 'KeySize' parameter
  Mean      : Arithmetic mean of all measurements
  Error     : Half of 99.9% confidence interval
  Allocated : Allocated memory per single operation (managed only, inclusive, 1KB = 1024B)
  1 us      : 1 Microsecond (0.000001 sec)

// * Diagnostic Output - MemoryDiagnoser *


// ***** BenchmarkRunner: End *****
Run time: 00:00:03 (3.63 sec), executed benchmarks: 10

Global total time: 00:00:11 (11.98 sec), executed benchmarks: 15
// * Artifacts cleanup *
Artifacts cleanup is finished
