START A1 ByteArray
DONE A1 ByteArray
START A1 ReadOnlyMemory
DONE A1 ReadOnlyMemory
START A1 Memory
DONE A1 Memory
START A1 ArraySegment
DONE A1 ArraySegment
START A1 String
DONE A1 String
START A1 Int32
DONE A1 Int32
START A1 NullableInt32
DONE A1 NullableInt32
START A1 CustomString
DONE A1 CustomString
START A1 NullKinds
DONE A1 NullKinds
START B ByteArray
DONE B ByteArray
START B ReadOnlyMemory
DONE B ReadOnlyMemory
START B Memory
DONE B Memory
START B ArraySegment
DONE B ArraySegment
START B String
DONE B String
START B Int32
DONE B Int32
START B NullableInt32
DONE B NullableInt32
START B CustomString
DONE B CustomString
START B NullKinds
DONE B NullKinds
START A2 ByteArray
DONE A2 ByteArray
START A2 ReadOnlyMemory
DONE A2 ReadOnlyMemory
START A2 Memory
DONE A2 Memory
START A2 ArraySegment
DONE A2 ArraySegment
START A2 String
DONE A2 String
START A2 Int32
DONE A2 Int32
START A2 NullableInt32
DONE A2 NullableInt32
START A2 CustomString
DONE A2 CustomString
START A2 NullKinds
DONE A2 NullKinds
ALL PHASES COMPLETE
