// Validating benchmarks:
// ***** BenchmarkRunner: Start   *****
// ***** Found 1 benchmark(s) in total *****
// ***** Building 1 exe(s) in Parallel: Start   *****
// ***** Done, took 00:00:00 (0.02 sec)   *****
// Found 1 benchmarks:
//   DiagnosticBenchmarks.Memory: Job-WYZZKU(OutlierMode=DontRemove, Affinity=00000000000000000100, Toolchain=InProcessEmitToolchain, InvocationCount=16777216, IterationCount=15, UnrollFactor=1, WarmupCount=10)

Setup power plan (GUID: 8c5e7fda-e8bf-4a96-9a85-a6e23a8c635c FriendlyName: High performance)
// **************************
// Benchmark: DiagnosticBenchmarks.Memory: Job-WYZZKU(OutlierMode=DontRemove, Affinity=00000000000000000100, Toolchain=InProcessEmitToolchain, InvocationCount=16777216, IterationCount=15, UnrollFactor=1, WarmupCount=10)
// *** Execute ***
// Launch: 1 / 1

// Benchmark Process Environment Information:
// BenchmarkDotNet v0.15.8
// Runtime=.NET 10.0.11 (10.0.11, 10.0.1126.37416), X64 RyuJIT x86-64-v3
// GC=Concurrent Workstation
// HardwareIntrinsics=AVX2+BMI1+BMI2+F16C+FMA+LZCNT+MOVBE,AVX,SSE3+SSSE3+SSE4.1+SSE4.2+POPCNT,X86Base+SSE+SSE2,AES+PCLMUL,AvxVnni,SERIALIZE VectorSize=256
// Job: Job-WYZZKU(OutlierMode=DontRemove, Affinity=00000000000000000100, Toolchain=InProcessEmitToolchain, InvocationCount=16777216, IterationCount=15, UnrollFactor=1, WarmupCount=10)

SIZES string=16 number=8 nullable=12 array=16 raw=24 memory=24 segment=24
WARM seconds=1.000012 operations=20072322 jit=2259 jitMs=160.079300 threads=12 pending=0 cpuMs=1218.750000 gc0=2 gc1=2 gc2=2 heap=474080 rss=60588032
WARM seconds=2.000003 operations=40080327 jit=2261 jitMs=160.317500 threads=12 pending=0 cpuMs=2218.750000 gc0=2 gc1=2 gc2=2 heap=482304 rss=60239872
WARM seconds=3.000012 operations=60062667 jit=2261 jitMs=160.317500 threads=12 pending=0 cpuMs=3218.750000 gc0=2 gc1=2 gc2=2 heap=482304 rss=60780544
WARM seconds=4.000004 operations=80033981 jit=2269 jitMs=1461.336100 threads=12 pending=0 cpuMs=4203.125000 gc0=2 gc1=2 gc2=2 heap=490528 rss=60891136
WARM seconds=5.000004 operations=96891828 jit=2269 jitMs=1461.336100 threads=12 pending=0 cpuMs=5203.125000 gc0=2 gc1=2 gc2=2 heap=490528 rss=60891136
WARM seconds=6.000004 operations=113693070 jit=2269 jitMs=1461.336100 threads=12 pending=0 cpuMs=6187.500000 gc0=2 gc1=2 gc2=2 heap=498752 rss=60895232
WARM seconds=7.000007 operations=130167151 jit=2269 jitMs=1461.336100 threads=12 pending=0 cpuMs=7140.625000 gc0=2 gc1=2 gc2=2 heap=498752 rss=60825600
WARM seconds=8.000005 operations=150164059 jit=2285 jitMs=1464.116100 threads=12 pending=0 cpuMs=8140.625000 gc0=2 gc1=2 gc2=2 heap=506976 rss=60874752
WARM seconds=9.000006 operations=170147495 jit=2285 jitMs=1464.116100 threads=12 pending=0 cpuMs=9140.625000 gc0=2 gc1=2 gc2=2 heap=506976 rss=60866560
WARM seconds=10.000006 operations=190205169 jit=2285 jitMs=1464.116100 threads=12 pending=0 cpuMs=10125.000000 gc0=2 gc1=2 gc2=2 heap=515200 rss=60858368
WARM seconds=11.000004 operations=210176888 jit=2299 jitMs=1467.962800 threads=12 pending=0 cpuMs=11109.375000 gc0=2 gc1=2 gc2=2 heap=523424 rss=60928000
WARM seconds=12.000005 operations=230308258 jit=2299 jitMs=1467.962800 threads=12 pending=0 cpuMs=12062.500000 gc0=2 gc1=2 gc2=2 heap=523424 rss=60928000
WARM seconds=13.000004 operations=250457455 jit=2299 jitMs=1467.962800 threads=12 pending=0 cpuMs=13062.500000 gc0=2 gc1=2 gc2=2 heap=531648 rss=60993536
WARM seconds=14.000004 operations=270560180 jit=2299 jitMs=1467.962800 threads=12 pending=0 cpuMs=14062.500000 gc0=2 gc1=2 gc2=2 heap=531648 rss=60997632
WARM seconds=15.000005 operations=290697451 jit=2303 jitMs=1469.218900 threads=12 pending=0 cpuMs=15046.875000 gc0=2 gc1=2 gc2=2 heap=539872 rss=61059072
WARM seconds=16.000005 operations=310901574 jit=2303 jitMs=1469.218900 threads=12 pending=0 cpuMs=16031.250000 gc0=2 gc1=2 gc2=2 heap=539872 rss=61059072
WARM seconds=17.000005 operations=330879241 jit=2303 jitMs=1469.218900 threads=12 pending=0 cpuMs=17015.625000 gc0=2 gc1=2 gc2=2 heap=548096 rss=61059072
WARM seconds=18.000005 operations=351217259 jit=2303 jitMs=1469.218900 threads=12 pending=0 cpuMs=18000.000000 gc0=2 gc1=2 gc2=2 heap=556320 rss=61067264
WARM seconds=19.000004 operations=371187052 jit=2303 jitMs=1469.218900 threads=12 pending=0 cpuMs=19000.000000 gc0=2 gc1=2 gc2=2 heap=556320 rss=61067264
WARM seconds=20.000006 operations=391474779 jit=2304 jitMs=6311.171400 threads=12 pending=0 cpuMs=19984.375000 gc0=2 gc1=2 gc2=2 heap=564544 rss=61067264
RAW operations=1000 bytes=0 sink=371401366
OverheadJitting  1: 1 op, 159000.00 ns, 159.0000 us/op
WorkloadJitting  1: 1 op, 139700.00 ns, 139.7000 us/op

OverheadWarmup   1: 16777216 op, 21814300.00 ns, 1.3002 ns/op
OverheadWarmup   2: 16777216 op, 21111400.00 ns, 1.2583 ns/op
OverheadWarmup   3: 16777216 op, 21407600.00 ns, 1.2760 ns/op
OverheadWarmup   4: 16777216 op, 21005000.00 ns, 1.2520 ns/op
OverheadWarmup   5: 16777216 op, 21184300.00 ns, 1.2627 ns/op
OverheadWarmup   6: 16777216 op, 21388500.00 ns, 1.2749 ns/op
OverheadWarmup   7: 16777216 op, 21307200.00 ns, 1.2700 ns/op

OverheadActual   1: 16777216 op, 21365100.00 ns, 1.2735 ns/op
OverheadActual   2: 16777216 op, 21350500.00 ns, 1.2726 ns/op
OverheadActual   3: 16777216 op, 21368400.00 ns, 1.2737 ns/op
OverheadActual   4: 16777216 op, 21223600.00 ns, 1.2650 ns/op
OverheadActual   5: 16777216 op, 21269200.00 ns, 1.2677 ns/op
OverheadActual   6: 16777216 op, 21514100.00 ns, 1.2823 ns/op
OverheadActual   7: 16777216 op, 21399900.00 ns, 1.2755 ns/op
OverheadActual   8: 16777216 op, 21602300.00 ns, 1.2876 ns/op
OverheadActual   9: 16777216 op, 21677200.00 ns, 1.2921 ns/op
OverheadActual  10: 16777216 op, 21369300.00 ns, 1.2737 ns/op
OverheadActual  11: 16777216 op, 21481200.00 ns, 1.2804 ns/op
OverheadActual  12: 16777216 op, 21464800.00 ns, 1.2794 ns/op
OverheadActual  13: 16777216 op, 21041600.00 ns, 1.2542 ns/op
OverheadActual  14: 16777216 op, 21127100.00 ns, 1.2593 ns/op
OverheadActual  15: 16777216 op, 20771300.00 ns, 1.2381 ns/op

WorkloadWarmup   1: 16777216 op, 1489278700.00 ns, 88.7679 ns/op
WorkloadWarmup   2: 16777216 op, 1492426300.00 ns, 88.9555 ns/op
WorkloadWarmup   3: 16777216 op, 1500601700.00 ns, 89.4428 ns/op
WorkloadWarmup   4: 16777216 op, 1526021500.00 ns, 90.9580 ns/op
WorkloadWarmup   5: 16777216 op, 1455436700.00 ns, 86.7508 ns/op
WorkloadWarmup   6: 16777216 op, 1693016500.00 ns, 100.9116 ns/op
WorkloadWarmup   7: 16777216 op, 1649071900.00 ns, 98.2923 ns/op
WorkloadWarmup   8: 16777216 op, 1638701000.00 ns, 97.6742 ns/op
WorkloadWarmup   9: 16777216 op, 1601397900.00 ns, 95.4508 ns/op
WorkloadWarmup  10: 16777216 op, 1619046100.00 ns, 96.5027 ns/op

WorkloadActual   1: 16777216 op, 1623397800.00 ns, 96.7620 ns/op
WorkloadActual   2: 16777216 op, 1603612500.00 ns, 95.5828 ns/op
WorkloadActual   3: 16777216 op, 669826000.00 ns, 39.9247 ns/op
WorkloadActual   4: 16777216 op, 79996600.00 ns, 4.7682 ns/op
WorkloadActual   5: 16777216 op, 79913900.00 ns, 4.7632 ns/op
WorkloadActual   6: 16777216 op, 79864900.00 ns, 4.7603 ns/op
WorkloadActual   7: 16777216 op, 80049900.00 ns, 4.7713 ns/op
WorkloadActual   8: 16777216 op, 80237600.00 ns, 4.7825 ns/op
WorkloadActual   9: 16777216 op, 80285100.00 ns, 4.7854 ns/op
WorkloadActual  10: 16777216 op, 79934900.00 ns, 4.7645 ns/op
WorkloadActual  11: 16777216 op, 80010600.00 ns, 4.7690 ns/op
WorkloadActual  12: 16777216 op, 79662300.00 ns, 4.7482 ns/op
WorkloadActual  13: 16777216 op, 79848200.00 ns, 4.7593 ns/op
WorkloadActual  14: 16777216 op, 79908000.00 ns, 4.7629 ns/op
WorkloadActual  15: 16777216 op, 80061500.00 ns, 4.7720 ns/op

WorkloadResult   1: 16777216 op, 1602029400.00 ns, 95.4884 ns/op
WorkloadResult   2: 16777216 op, 1582244100.00 ns, 94.3091 ns/op
WorkloadResult   3: 16777216 op, 648457600.00 ns, 38.6511 ns/op
WorkloadResult   4: 16777216 op, 58628200.00 ns, 3.4945 ns/op
WorkloadResult   5: 16777216 op, 58545500.00 ns, 3.4896 ns/op
WorkloadResult   6: 16777216 op, 58496500.00 ns, 3.4867 ns/op
WorkloadResult   7: 16777216 op, 58681500.00 ns, 3.4977 ns/op
WorkloadResult   8: 16777216 op, 58869200.00 ns, 3.5089 ns/op
WorkloadResult   9: 16777216 op, 58916700.00 ns, 3.5117 ns/op
WorkloadResult  10: 16777216 op, 58566500.00 ns, 3.4908 ns/op
WorkloadResult  11: 16777216 op, 58642200.00 ns, 3.4953 ns/op
WorkloadResult  12: 16777216 op, 58293900.00 ns, 3.4746 ns/op
WorkloadResult  13: 16777216 op, 58479800.00 ns, 3.4857 ns/op
WorkloadResult  14: 16777216 op, 58539600.00 ns, 3.4892 ns/op
WorkloadResult  15: 16777216 op, 58693100.00 ns, 3.4984 ns/op
// GC:  0 0 0 2304 16777216
// Threading:  0 0 16777216


Mean = 18.025 ns, StdErr = 8.389 ns (46.54%), N = 15, StdDev = 32.491 ns
Min = 3.475 ns, Q1 = 3.489 ns, Median = 3.495 ns, Q3 = 3.510 ns, Max = 95.488 ns
IQR = 0.021 ns, LowerFence = 3.458 ns, UpperFence = 3.542 ns
ConfidenceInterval = [-16.710 ns; 52.760 ns] (CI 99.9%), Margin = 34.735 ns (192.71% of Mean)
Skewness = 1.71, Kurtosis = 4.22, MValue = 2

// ** Remained 0 (0.0%) benchmark(s) to run. Estimated finish 2026-09-08 4:25 (0h 0m from now) **
Successfully reverted power plan (GUID: 8c5e7fda-e8bf-4a96-9a85-a6e23a8c635c FriendlyName: High performance)
// ***** BenchmarkRunner: Finish  *****

// * Export *
  .artifacts\deserialized-null\runtime-flag\measure\B\Memory\results\Dekaf.Benchmarks.Diagnostics.DiagnosticBenchmarks-report.csv
  .artifacts\deserialized-null\runtime-flag\measure\B\Memory\results\Dekaf.Benchmarks.Diagnostics.DiagnosticBenchmarks-report-github.md
  .artifacts\deserialized-null\runtime-flag\measure\B\Memory\results\Dekaf.Benchmarks.Diagnostics.DiagnosticBenchmarks-report.html
  .artifacts\deserialized-null\runtime-flag\measure\B\Memory\results\Dekaf.Benchmarks.Diagnostics.DiagnosticBenchmarks-report-full.json

// * Detailed results *
DiagnosticBenchmarks.Memory: Job-WYZZKU(OutlierMode=DontRemove, Affinity=00000000000000000100, Toolchain=InProcessEmitToolchain, InvocationCount=16777216, IterationCount=15, UnrollFactor=1, WarmupCount=10)
Runtime = ; GC = 
Mean = 18.025 ns, StdErr = 8.389 ns (46.54%), N = 15, StdDev = 32.491 ns
Min = 3.475 ns, Q1 = 3.489 ns, Median = 3.495 ns, Q3 = 3.510 ns, Max = 95.488 ns
IQR = 0.021 ns, LowerFence = 3.458 ns, UpperFence = 3.542 ns
ConfidenceInterval = [-16.710 ns; 52.760 ns] (CI 99.9%), Margin = 34.735 ns (192.71% of Mean)
Skewness = 1.71, Kurtosis = 4.22, MValue = 2
-------------------- Histogram --------------------
[ 3.475 ns ;  20.785 ns) | @@@@@@@@@@@@
[20.785 ns ;  55.943 ns) | @
[55.943 ns ;  77.607 ns) | 
[77.607 ns ; 112.780 ns) | @@
---------------------------------------------------

// * Summary *

BenchmarkDotNet v0.15.8, Windows 11 (10.0.26200.9168/25H2/2025Update/HudsonValley2)
12th Gen Intel Core i7-12700K 3.60GHz, 1 CPU, 20 logical and 12 physical cores
.NET SDK 10.0.400
  [Host] : .NET 10.0.11 (10.0.11, 10.0.1126.37416), X64 RyuJIT x86-64-v3

OutlierMode=DontRemove  Affinity=00000000000000000100  Toolchain=InProcessEmitToolchain  
InvocationCount=16777216  IterationCount=15  UnrollFactor=1  
WarmupCount=10  

| Method | Mean     | Error    | StdDev   | Median   | Allocated |
|------- |---------:|---------:|---------:|---------:|----------:|
| Memory | 18.02 ns | 34.73 ns | 32.49 ns | 3.495 ns |         - |

// * Warnings *
MinIterationTime
  DiagnosticBenchmarks.Memory: OutlierMode=DontRemove, Affinity=00000000000000000100, Toolchain=InProcessEmitToolchain, InvocationCount=16777216, IterationCount=15, UnrollFactor=1, WarmupCount=10 -> The minimum observed iteration time is 79.662ms which is very small. It's recommended to increase it to at least 100ms using more operations.

// * Hints *
Outliers
  DiagnosticBenchmarks.Memory: OutlierMode=DontRemove, Affinity=00000000000000000100, Toolchain=InProcessEmitToolchain, InvocationCount=16777216, IterationCount=15, UnrollFactor=1, WarmupCount=10 -> 3 outliers were detected (39.92 ns..96.76 ns)

// * Legends *
  Mean      : Arithmetic mean of all measurements
  Error     : Half of 99.9% confidence interval
  StdDev    : Standard deviation of all measurements
  Median    : Value separating the higher half of all measurements (50th percentile)
  Allocated : Allocated memory per single operation (managed only, inclusive, 1KB = 1024B)
  1 ns      : 1 Nanosecond (0.000000001 sec)

// * Diagnostic Output - MemoryDiagnoser *


// ***** BenchmarkRunner: End *****
Run time: 00:00:41 (41.65 sec), executed benchmarks: 1

Global total time: 00:00:42 (42.16 sec), executed benchmarks: 1
// * Artifacts cleanup *
Artifacts cleanup is finished
