Running tests from C:\git\Dekaf-worktrees\pr-3117-improve\tests\Dekaf.Tests.Unit\bin\Release\net10.0\Dekaf.Tests.Unit.dll (net10.0|x64)
failed DirectPausedDelay_ResumeAvoidsExceptionsButCancellationStillPropagates(False, False) (198ms)
  [Test Failure] AssertionException: Expected to be 0
but found 1

at Assert.That(exceptionCount.Value).IsEqualTo(0)
  from C:\git\Dekaf-worktrees\pr-3117-improve\tests\Dekaf.Tests.Unit\bin\Release\net10.0\Dekaf.Tests.Unit.dll (net10.0|x64)
  TUnit.Engine.Exceptions.TestFailedException: [Test Failure] AssertionException: Expected to be 0
  but found 1
  
  at Assert.That(exceptionCount.Value).IsEqualTo(0)
    at Dekaf.Tests.Unit.Consumer.ConsumerPauseResumeCacheTests.DirectPausedDelay_ResumeAvoidsExceptionsButCancellationStillPropagates(Boolean callerCancellation, Boolean internalCancellation) in C:\git\Dekaf-worktrees\pr-3117-improve\tests\Dekaf.Tests.Unit\Consumer\ConsumerPauseResumeCacheTests.cs:547
    at Dekaf.Tests.Unit.Consumer.ConsumerPauseResumeCacheTests.DirectPausedDelay_ResumeAvoidsExceptionsButCancellationStillPropagates(Boolean callerCancellation, Boolean internalCancellation) in C:\git\Dekaf-worktrees\pr-3117-improve\tests\Dekaf.Tests.Unit\Consumer\ConsumerPauseResumeCacheTests.cs:554
       --- TUnit internals omitted (run with --detailed-stacktrace for full trace) ---
C:\git\Dekaf-worktrees\pr-3117-improve\tests\Dekaf.Tests.Unit\bin\Release\net10.0\Dekaf.Tests.Unit.dll (net10.0|x64) failed with 1 error(s) (679ms)
Exit code: 2

  In process file artifacts produced:
    - C:\git\Dekaf-worktrees\pr-3117-improve\TestResults\Dekaf.Tests.Unit-windows-net10.0-report.html

Test run summary: Failed!
  total: 3
  failed: 1
  succeeded: 2
  skipped: 0
  duration: 2s 343ms
Test run completed with non-success exit code: 2 (see: https://aka.ms/testingplatform/exitcodes)
