// Validating benchmarks:
// ***** BenchmarkRunner: Start   *****
// ***** Found 7 benchmark(s) in total *****
// ***** Building 1 exe(s) in Parallel: Start   *****
// ***** Done, took 00:00:00 (0.07 sec)   *****
// Found 7 benchmarks:
//   ShareConsumerParsingBenchmarks.ParseSynchronousBatch: DryB(OutlierMode=DontRemove, Toolchain=InProcessEmitToolchain, IterationCount=1, LaunchCount=1, RunStrategy=ColdStart, UnrollFactor=1, WarmupCount=1) [RecordCount=1024, HeaderCount=0]
//   ShareConsumerParsingBenchmarks.ParseWarmPreparedBatch: DryB(OutlierMode=DontRemove, Toolchain=InProcessEmitToolchain, IterationCount=1, LaunchCount=1, RunStrategy=ColdStart, UnrollFactor=1, WarmupCount=1) [RecordCount=1024, HeaderCount=0]
//   ShareConsumerParsingBenchmarks.TraverseRetainedBatch: DryB(OutlierMode=DontRemove, Toolchain=InProcessEmitToolchain, IterationCount=1, LaunchCount=1, RunStrategy=ColdStart, UnrollFactor=1, WarmupCount=1) [RecordCount=1024, HeaderCount=0]
//   ShareConsumerParsingBenchmarks.ParseBorrowedSynchronousBatch: DryB(OutlierMode=DontRemove, Toolchain=InProcessEmitToolchain, IterationCount=1, LaunchCount=1, RunStrategy=ColdStart, UnrollFactor=1, WarmupCount=1) [RecordCount=1024, HeaderCount=0]
//   ShareConsumerParsingBenchmarks.ParseBorrowedWarmPreparedBatch: DryB(OutlierMode=DontRemove, Toolchain=InProcessEmitToolchain, IterationCount=1, LaunchCount=1, RunStrategy=ColdStart, UnrollFactor=1, WarmupCount=1) [RecordCount=1024, HeaderCount=0]
//   ShareConsumerParsingBenchmarks.ParseBorrowedColdPreparedBatch: DryB(OutlierMode=DontRemove, Toolchain=InProcessEmitToolchain, IterationCount=1, LaunchCount=1, RunStrategy=ColdStart, UnrollFactor=1, WarmupCount=1) [RecordCount=1024, HeaderCount=0]
//   ShareConsumerParsingBenchmarks.ParseColdPreparedBatch: DryB(OutlierMode=DontRemove, Toolchain=InProcessEmitToolchain, IterationCount=1, LaunchCount=1, RunStrategy=ColdStart, UnrollFactor=1, WarmupCount=1) [RecordCount=1024, HeaderCount=0]

// **************************
// Benchmark: ShareConsumerParsingBenchmarks.ParseSynchronousBatch: DryB(OutlierMode=DontRemove, Toolchain=InProcessEmitToolchain, IterationCount=1, LaunchCount=1, RunStrategy=ColdStart, UnrollFactor=1, WarmupCount=1) [RecordCount=1024, HeaderCount=0]
// *** Execute ***
// Launch: 1 / 1
// ! Failed to set up priority High for process System.Diagnostics.Process (dotnet). Make sure you have the right permissions. Message: Permission denied

// Benchmark Process Environment Information:
// BenchmarkDotNet v0.15.8
// Runtime=.NET 10.0.11 (10.0.11, 10.0.1126.37416), X64 RyuJIT x86-64-v3
// GC=Concurrent Workstation
// HardwareIntrinsics=AVX2+BMI1+BMI2+F16C+FMA+LZCNT+MOVBE,AVX,SSE3+SSSE3+SSE4.1+SSE4.2+POPCNT,X86Base+SSE+SSE2,AES+PCLMUL VectorSize=256
// Job: Job-XVLBGX(OutlierMode=DontRemove, Toolchain=InProcessEmitToolchain, IterationCount=1, LaunchCount=1, RunStrategy=ColdStart, UnrollFactor=1, WarmupCount=1)

WorkloadActual   1: 1 op, 618172.00 ns, 618.1720 us/op

WorkloadResult   1: 1 op, 618172.00 ns, 618.1720 us/op
// GC:  0 0 0 90448 1
// Threading:  0 0 1


Mean = 618.172 μs, StdErr = 0.000 μs (0.00%), N = 1, StdDev = 0.000 μs
Min = 618.172 μs, Q1 = 618.172 μs, Median = 618.172 μs, Q3 = 618.172 μs, Max = 618.172 μs
IQR = 0.000 μs, LowerFence = 618.172 μs, UpperFence = 618.172 μs
ConfidenceInterval = [NaN μs; NaN μs] (CI 99.9%), Margin = NaN μs (NaN% of Mean)
Skewness = NaN, Kurtosis = NaN, MValue = 2

// ** Remained 6 (85.7 %) benchmark(s) to run. Estimated finish 2026-09-07 17:04 (0h 0m from now) **
// **************************
// Benchmark: ShareConsumerParsingBenchmarks.ParseWarmPreparedBatch: DryB(OutlierMode=DontRemove, Toolchain=InProcessEmitToolchain, IterationCount=1, LaunchCount=1, RunStrategy=ColdStart, UnrollFactor=1, WarmupCount=1) [RecordCount=1024, HeaderCount=0]
// *** Execute ***
// Launch: 1 / 1
// ! Failed to set up priority High for process System.Diagnostics.Process (dotnet). Make sure you have the right permissions. Message: Permission denied

// Benchmark Process Environment Information:
// BenchmarkDotNet v0.15.8
// Runtime=.NET 10.0.11 (10.0.11, 10.0.1126.37416), X64 RyuJIT x86-64-v3
// GC=Concurrent Workstation
// HardwareIntrinsics=AVX2+BMI1+BMI2+F16C+FMA+LZCNT+MOVBE,AVX,SSE3+SSSE3+SSE4.1+SSE4.2+POPCNT,X86Base+SSE+SSE2,AES+PCLMUL VectorSize=256
// Job: Job-XVLBGX(OutlierMode=DontRemove, Toolchain=InProcessEmitToolchain, IterationCount=1, LaunchCount=1, RunStrategy=ColdStart, UnrollFactor=1, WarmupCount=1)

WorkloadActual   1: 1 op, 489240.00 ns, 489.2400 us/op

WorkloadResult   1: 1 op, 489240.00 ns, 489.2400 us/op
// GC:  0 0 0 90328 1
// Threading:  0 0 1


Mean = 489.240 μs, StdErr = 0.000 μs (0.00%), N = 1, StdDev = 0.000 μs
Min = 489.240 μs, Q1 = 489.240 μs, Median = 489.240 μs, Q3 = 489.240 μs, Max = 489.240 μs
IQR = 0.000 μs, LowerFence = 489.240 μs, UpperFence = 489.240 μs
ConfidenceInterval = [NaN μs; NaN μs] (CI 99.9%), Margin = NaN μs (NaN% of Mean)
Skewness = NaN, Kurtosis = NaN, MValue = 2

// ** Remained 5 (71.4 %) benchmark(s) to run. Estimated finish 2026-09-07 17:04 (0h 0m from now) **
// **************************
// Benchmark: ShareConsumerParsingBenchmarks.TraverseRetainedBatch: DryB(OutlierMode=DontRemove, Toolchain=InProcessEmitToolchain, IterationCount=1, LaunchCount=1, RunStrategy=ColdStart, UnrollFactor=1, WarmupCount=1) [RecordCount=1024, HeaderCount=0]
// *** Execute ***
// Launch: 1 / 1
// ! Failed to set up priority High for process System.Diagnostics.Process (dotnet). Make sure you have the right permissions. Message: Permission denied

// Benchmark Process Environment Information:
// BenchmarkDotNet v0.15.8
// Runtime=.NET 10.0.11 (10.0.11, 10.0.1126.37416), X64 RyuJIT x86-64-v3
// GC=Concurrent Workstation
// HardwareIntrinsics=AVX2+BMI1+BMI2+F16C+FMA+LZCNT+MOVBE,AVX,SSE3+SSSE3+SSE4.1+SSE4.2+POPCNT,X86Base+SSE+SSE2,AES+PCLMUL VectorSize=256
// Job: Job-XVLBGX(OutlierMode=DontRemove, Toolchain=InProcessEmitToolchain, IterationCount=1, LaunchCount=1, RunStrategy=ColdStart, UnrollFactor=1, WarmupCount=1)

WorkloadActual   1: 1 op, 227948.00 ns, 227.9480 us/op

WorkloadResult   1: 1 op, 227948.00 ns, 227.9480 us/op
// GC:  0 0 0 0 1
// Threading:  0 0 1


Mean = 227.948 μs, StdErr = 0.000 μs (0.00%), N = 1, StdDev = 0.000 μs
Min = 227.948 μs, Q1 = 227.948 μs, Median = 227.948 μs, Q3 = 227.948 μs, Max = 227.948 μs
IQR = 0.000 μs, LowerFence = 227.948 μs, UpperFence = 227.948 μs
ConfidenceInterval = [NaN μs; NaN μs] (CI 99.9%), Margin = NaN μs (NaN% of Mean)
Skewness = NaN, Kurtosis = NaN, MValue = 2

// ** Remained 4 (57.1 %) benchmark(s) to run. Estimated finish 2026-09-07 17:04 (0h 0m from now) **
// **************************
// Benchmark: ShareConsumerParsingBenchmarks.ParseBorrowedSynchronousBatch: DryB(OutlierMode=DontRemove, Toolchain=InProcessEmitToolchain, IterationCount=1, LaunchCount=1, RunStrategy=ColdStart, UnrollFactor=1, WarmupCount=1) [RecordCount=1024, HeaderCount=0]
// *** Execute ***
// Launch: 1 / 1
// ! Failed to set up priority High for process System.Diagnostics.Process (dotnet). Make sure you have the right permissions. Message: Permission denied

// Benchmark Process Environment Information:
// BenchmarkDotNet v0.15.8
// Runtime=.NET 10.0.11 (10.0.11, 10.0.1126.37416), X64 RyuJIT x86-64-v3
// GC=Concurrent Workstation
// HardwareIntrinsics=AVX2+BMI1+BMI2+F16C+FMA+LZCNT+MOVBE,AVX,SSE3+SSSE3+SSE4.1+SSE4.2+POPCNT,X86Base+SSE+SSE2,AES+PCLMUL VectorSize=256
// Job: Job-XVLBGX(OutlierMode=DontRemove, Toolchain=InProcessEmitToolchain, IterationCount=1, LaunchCount=1, RunStrategy=ColdStart, UnrollFactor=1, WarmupCount=1)

WorkloadActual   1: 1 op, 1099386.00 ns, 1.0994 ms/op

WorkloadResult   1: 1 op, 1099386.00 ns, 1.0994 ms/op
// GC:  0 0 0 128 1
// Threading:  0 0 1


Mean = 1.099 ms, StdErr = 0.000 ms (0.00%), N = 1, StdDev = 0.000 ms
Min = 1.099 ms, Q1 = 1.099 ms, Median = 1.099 ms, Q3 = 1.099 ms, Max = 1.099 ms
IQR = 0.000 ms, LowerFence = 1.099 ms, UpperFence = 1.099 ms
ConfidenceInterval = [NaN ms; NaN ms] (CI 99.9%), Margin = NaN ms (NaN% of Mean)
Skewness = NaN, Kurtosis = NaN, MValue = 2

// ** Remained 3 (42.9 %) benchmark(s) to run. Estimated finish 2026-09-07 17:04 (0h 0m from now) **
// **************************
// Benchmark: ShareConsumerParsingBenchmarks.ParseBorrowedWarmPreparedBatch: DryB(OutlierMode=DontRemove, Toolchain=InProcessEmitToolchain, IterationCount=1, LaunchCount=1, RunStrategy=ColdStart, UnrollFactor=1, WarmupCount=1) [RecordCount=1024, HeaderCount=0]
// *** Execute ***
// Launch: 1 / 1
// ! Failed to set up priority High for process System.Diagnostics.Process (dotnet). Make sure you have the right permissions. Message: Permission denied

// Benchmark Process Environment Information:
// BenchmarkDotNet v0.15.8
// Runtime=.NET 10.0.11 (10.0.11, 10.0.1126.37416), X64 RyuJIT x86-64-v3
// GC=Concurrent Workstation
// HardwareIntrinsics=AVX2+BMI1+BMI2+F16C+FMA+LZCNT+MOVBE,AVX,SSE3+SSSE3+SSE4.1+SSE4.2+POPCNT,X86Base+SSE+SSE2,AES+PCLMUL VectorSize=256
// Job: Job-XVLBGX(OutlierMode=DontRemove, Toolchain=InProcessEmitToolchain, IterationCount=1, LaunchCount=1, RunStrategy=ColdStart, UnrollFactor=1, WarmupCount=1)

WorkloadActual   1: 1 op, 457560.00 ns, 457.5600 us/op

WorkloadResult   1: 1 op, 457560.00 ns, 457.5600 us/op
// GC:  0 0 0 128 1
// Threading:  0 0 1


Mean = 457.560 μs, StdErr = 0.000 μs (0.00%), N = 1, StdDev = 0.000 μs
Min = 457.560 μs, Q1 = 457.560 μs, Median = 457.560 μs, Q3 = 457.560 μs, Max = 457.560 μs
IQR = 0.000 μs, LowerFence = 457.560 μs, UpperFence = 457.560 μs
ConfidenceInterval = [NaN μs; NaN μs] (CI 99.9%), Margin = NaN μs (NaN% of Mean)
Skewness = NaN, Kurtosis = NaN, MValue = 2

// ** Remained 2 (28.6 %) benchmark(s) to run. Estimated finish 2026-09-07 17:04 (0h 0m from now) **
// **************************
// Benchmark: ShareConsumerParsingBenchmarks.ParseBorrowedColdPreparedBatch: DryB(OutlierMode=DontRemove, Toolchain=InProcessEmitToolchain, IterationCount=1, LaunchCount=1, RunStrategy=ColdStart, UnrollFactor=1, WarmupCount=1) [RecordCount=1024, HeaderCount=0]
// *** Execute ***
// Launch: 1 / 1
// ! Failed to set up priority High for process System.Diagnostics.Process (dotnet). Make sure you have the right permissions. Message: Permission denied

// Benchmark Process Environment Information:
// BenchmarkDotNet v0.15.8
// Runtime=.NET 10.0.11 (10.0.11, 10.0.1126.37416), X64 RyuJIT x86-64-v3
// GC=Concurrent Workstation
// HardwareIntrinsics=AVX2+BMI1+BMI2+F16C+FMA+LZCNT+MOVBE,AVX,SSE3+SSSE3+SSE4.1+SSE4.2+POPCNT,X86Base+SSE+SSE2,AES+PCLMUL VectorSize=256
// Job: Job-XVLBGX(OutlierMode=DontRemove, Toolchain=InProcessEmitToolchain, IterationCount=1, LaunchCount=1, RunStrategy=ColdStart, UnrollFactor=1, WarmupCount=1)

WorkloadActual   1: 1 op, 1735080.00 ns, 1.7351 ms/op

WorkloadResult   1: 1 op, 1735080.00 ns, 1.7351 ms/op
// GC:  0 0 0 4024 1
// Threading:  1 0 1


Mean = 1.735 ms, StdErr = 0.000 ms (0.00%), N = 1, StdDev = 0.000 ms
Min = 1.735 ms, Q1 = 1.735 ms, Median = 1.735 ms, Q3 = 1.735 ms, Max = 1.735 ms
IQR = 0.000 ms, LowerFence = 1.735 ms, UpperFence = 1.735 ms
ConfidenceInterval = [NaN ms; NaN ms] (CI 99.9%), Margin = NaN ms (NaN% of Mean)
Skewness = NaN, Kurtosis = NaN, MValue = 2

// ** Remained 1 (14.3 %) benchmark(s) to run. Estimated finish 2026-09-07 17:04 (0h 0m from now) **
// **************************
// Benchmark: ShareConsumerParsingBenchmarks.ParseColdPreparedBatch: DryB(OutlierMode=DontRemove, Toolchain=InProcessEmitToolchain, IterationCount=1, LaunchCount=1, RunStrategy=ColdStart, UnrollFactor=1, WarmupCount=1) [RecordCount=1024, HeaderCount=0]
// *** Execute ***
// Launch: 1 / 1
// ! Failed to set up priority High for process System.Diagnostics.Process (dotnet). Make sure you have the right permissions. Message: Permission denied

// Benchmark Process Environment Information:
// BenchmarkDotNet v0.15.8
// Runtime=.NET 10.0.11 (10.0.11, 10.0.1126.37416), X64 RyuJIT x86-64-v3
// GC=Concurrent Workstation
// HardwareIntrinsics=AVX2+BMI1+BMI2+F16C+FMA+LZCNT+MOVBE,AVX,SSE3+SSSE3+SSE4.1+SSE4.2+POPCNT,X86Base+SSE+SSE2,AES+PCLMUL VectorSize=256
// Job: Job-XVLBGX(OutlierMode=DontRemove, Toolchain=InProcessEmitToolchain, IterationCount=1, LaunchCount=1, RunStrategy=ColdStart, UnrollFactor=1, WarmupCount=1)

WorkloadActual   1: 1 op, 493918.00 ns, 493.9180 us/op

WorkloadResult   1: 1 op, 493918.00 ns, 493.9180 us/op
// GC:  0 0 0 123808 1
// Threading:  1 0 1


Mean = 493.918 μs, StdErr = 0.000 μs (0.00%), N = 1, StdDev = 0.000 μs
Min = 493.918 μs, Q1 = 493.918 μs, Median = 493.918 μs, Q3 = 493.918 μs, Max = 493.918 μs
IQR = 0.000 μs, LowerFence = 493.918 μs, UpperFence = 493.918 μs
ConfidenceInterval = [NaN μs; NaN μs] (CI 99.9%), Margin = NaN μs (NaN% of Mean)
Skewness = NaN, Kurtosis = NaN, MValue = 2

// ** Remained 0 (0.0 %) benchmark(s) to run. Estimated finish 2026-09-07 17:04 (0h 0m from now) **
// ***** BenchmarkRunner: Finish  *****

// * Export *
  home/runner/work/Dekaf/Dekaf/aba-results/dry-B/results/Dekaf.Benchmarks.Benchmarks.Unit.ShareConsumerParsingBenchmarks-report.csv
  home/runner/work/Dekaf/Dekaf/aba-results/dry-B/results/Dekaf.Benchmarks.Benchmarks.Unit.ShareConsumerParsingBenchmarks-report-github.md
  home/runner/work/Dekaf/Dekaf/aba-results/dry-B/results/Dekaf.Benchmarks.Benchmarks.Unit.ShareConsumerParsingBenchmarks-report.html
  home/runner/work/Dekaf/Dekaf/aba-results/dry-B/results/Dekaf.Benchmarks.Benchmarks.Unit.ShareConsumerParsingBenchmarks-report-full.json

// * Detailed results *
ShareConsumerParsingBenchmarks.ParseSynchronousBatch: DryB(OutlierMode=DontRemove, Toolchain=InProcessEmitToolchain, IterationCount=1, LaunchCount=1, RunStrategy=ColdStart, UnrollFactor=1, WarmupCount=1) [RecordCount=1024, HeaderCount=0]
Runtime = ; GC = 
Mean = 618.172 μs, StdErr = 0.000 μs (0.00%), N = 1, StdDev = 0.000 μs
Min = 618.172 μs, Q1 = 618.172 μs, Median = 618.172 μs, Q3 = 618.172 μs, Max = 618.172 μs
IQR = 0.000 μs, LowerFence = 618.172 μs, UpperFence = 618.172 μs
ConfidenceInterval = [NaN μs; NaN μs] (CI 99.9%), Margin = NaN μs (NaN% of Mean)
Skewness = NaN, Kurtosis = NaN, MValue = 2
-------------------- Histogram --------------------
[618.172 μs ; 618.173 μs) | @
---------------------------------------------------

ShareConsumerParsingBenchmarks.ParseWarmPreparedBatch: DryB(OutlierMode=DontRemove, Toolchain=InProcessEmitToolchain, IterationCount=1, LaunchCount=1, RunStrategy=ColdStart, UnrollFactor=1, WarmupCount=1) [RecordCount=1024, HeaderCount=0]
Runtime = ; GC = 
Mean = 489.240 μs, StdErr = 0.000 μs (0.00%), N = 1, StdDev = 0.000 μs
Min = 489.240 μs, Q1 = 489.240 μs, Median = 489.240 μs, Q3 = 489.240 μs, Max = 489.240 μs
IQR = 0.000 μs, LowerFence = 489.240 μs, UpperFence = 489.240 μs
ConfidenceInterval = [NaN μs; NaN μs] (CI 99.9%), Margin = NaN μs (NaN% of Mean)
Skewness = NaN, Kurtosis = NaN, MValue = 2
-------------------- Histogram --------------------
[489.240 μs ; 489.241 μs) | @
---------------------------------------------------

ShareConsumerParsingBenchmarks.TraverseRetainedBatch: DryB(OutlierMode=DontRemove, Toolchain=InProcessEmitToolchain, IterationCount=1, LaunchCount=1, RunStrategy=ColdStart, UnrollFactor=1, WarmupCount=1) [RecordCount=1024, HeaderCount=0]
Runtime = ; GC = 
Mean = 227.948 μs, StdErr = 0.000 μs (0.00%), N = 1, StdDev = 0.000 μs
Min = 227.948 μs, Q1 = 227.948 μs, Median = 227.948 μs, Q3 = 227.948 μs, Max = 227.948 μs
IQR = 0.000 μs, LowerFence = 227.948 μs, UpperFence = 227.948 μs
ConfidenceInterval = [NaN μs; NaN μs] (CI 99.9%), Margin = NaN μs (NaN% of Mean)
Skewness = NaN, Kurtosis = NaN, MValue = 2
-------------------- Histogram --------------------
[227.947 μs ; 227.948 μs) | @
---------------------------------------------------

ShareConsumerParsingBenchmarks.ParseBorrowedSynchronousBatch: DryB(OutlierMode=DontRemove, Toolchain=InProcessEmitToolchain, IterationCount=1, LaunchCount=1, RunStrategy=ColdStart, UnrollFactor=1, WarmupCount=1) [RecordCount=1024, HeaderCount=0]
Runtime = ; GC = 
Mean = 1.099 ms, StdErr = 0.000 ms (0.00%), N = 1, StdDev = 0.000 ms
Min = 1.099 ms, Q1 = 1.099 ms, Median = 1.099 ms, Q3 = 1.099 ms, Max = 1.099 ms
IQR = 0.000 ms, LowerFence = 1.099 ms, UpperFence = 1.099 ms
ConfidenceInterval = [NaN ms; NaN ms] (CI 99.9%), Margin = NaN ms (NaN% of Mean)
Skewness = NaN, Kurtosis = NaN, MValue = 2
-------------------- Histogram --------------------
[1.099 ms ; 1.099 ms) | @
---------------------------------------------------

ShareConsumerParsingBenchmarks.ParseBorrowedWarmPreparedBatch: DryB(OutlierMode=DontRemove, Toolchain=InProcessEmitToolchain, IterationCount=1, LaunchCount=1, RunStrategy=ColdStart, UnrollFactor=1, WarmupCount=1) [RecordCount=1024, HeaderCount=0]
Runtime = ; GC = 
Mean = 457.560 μs, StdErr = 0.000 μs (0.00%), N = 1, StdDev = 0.000 μs
Min = 457.560 μs, Q1 = 457.560 μs, Median = 457.560 μs, Q3 = 457.560 μs, Max = 457.560 μs
IQR = 0.000 μs, LowerFence = 457.560 μs, UpperFence = 457.560 μs
ConfidenceInterval = [NaN μs; NaN μs] (CI 99.9%), Margin = NaN μs (NaN% of Mean)
Skewness = NaN, Kurtosis = NaN, MValue = 2
-------------------- Histogram --------------------
[457.560 μs ; 457.560 μs) | @
---------------------------------------------------

ShareConsumerParsingBenchmarks.ParseBorrowedColdPreparedBatch: DryB(OutlierMode=DontRemove, Toolchain=InProcessEmitToolchain, IterationCount=1, LaunchCount=1, RunStrategy=ColdStart, UnrollFactor=1, WarmupCount=1) [RecordCount=1024, HeaderCount=0]
Runtime = ; GC = 
Mean = 1.735 ms, StdErr = 0.000 ms (0.00%), N = 1, StdDev = 0.000 ms
Min = 1.735 ms, Q1 = 1.735 ms, Median = 1.735 ms, Q3 = 1.735 ms, Max = 1.735 ms
IQR = 0.000 ms, LowerFence = 1.735 ms, UpperFence = 1.735 ms
ConfidenceInterval = [NaN ms; NaN ms] (CI 99.9%), Margin = NaN ms (NaN% of Mean)
Skewness = NaN, Kurtosis = NaN, MValue = 2
-------------------- Histogram --------------------
[1.735 ms ; 1.735 ms) | @
---------------------------------------------------

ShareConsumerParsingBenchmarks.ParseColdPreparedBatch: DryB(OutlierMode=DontRemove, Toolchain=InProcessEmitToolchain, IterationCount=1, LaunchCount=1, RunStrategy=ColdStart, UnrollFactor=1, WarmupCount=1) [RecordCount=1024, HeaderCount=0]
Runtime = ; GC = 
Mean = 493.918 μs, StdErr = 0.000 μs (0.00%), N = 1, StdDev = 0.000 μs
Min = 493.918 μs, Q1 = 493.918 μs, Median = 493.918 μs, Q3 = 493.918 μs, Max = 493.918 μs
IQR = 0.000 μs, LowerFence = 493.918 μs, UpperFence = 493.918 μs
ConfidenceInterval = [NaN μs; NaN μs] (CI 99.9%), Margin = NaN μs (NaN% of Mean)
Skewness = NaN, Kurtosis = NaN, MValue = 2
-------------------- Histogram --------------------
[493.918 μs ; 493.918 μs) | @
---------------------------------------------------

// * Summary *

BenchmarkDotNet v0.15.8, Linux Ubuntu 24.04.4 LTS (Noble Numbat)
AMD EPYC 7763 2.45GHz, 1 CPU, 4 logical and 2 physical cores
.NET SDK 10.0.400
  [Host] : .NET 10.0.11 (10.0.11, 10.0.1126.37416), X64 RyuJIT x86-64-v3

Job=DryB  OutlierMode=DontRemove  Toolchain=InProcessEmitToolchain  
IterationCount=1  LaunchCount=1  RunStrategy=ColdStart  
UnrollFactor=1  WarmupCount=1  

| Method                         | RecordCount | HeaderCount | Mean       | Error | Allocated |
|------------------------------- |------------ |------------ |-----------:|------:|----------:|
| ParseSynchronousBatch          | 1024        | 0           |   618.2 μs |    NA |   90448 B |
| ParseWarmPreparedBatch         | 1024        | 0           |   489.2 μs |    NA |   90328 B |
| TraverseRetainedBatch          | 1024        | 0           |   227.9 μs |    NA |         - |
| ParseBorrowedSynchronousBatch  | 1024        | 0           | 1,099.4 μs |    NA |     128 B |
| ParseBorrowedWarmPreparedBatch | 1024        | 0           |   457.6 μs |    NA |     128 B |
| ParseBorrowedColdPreparedBatch | 1024        | 0           | 1,735.1 μs |    NA |    4024 B |
| ParseColdPreparedBatch         | 1024        | 0           |   493.9 μs |    NA |  123808 B |

// * Warnings *
MinIterationTime
  ShareConsumerParsingBenchmarks.ParseSynchronousBatch: DryB          -> The minimum observed iteration time is 618.172μs which is very small. It's recommended to increase it to at least 100ms using more operations.
  ShareConsumerParsingBenchmarks.ParseWarmPreparedBatch: DryB         -> The minimum observed iteration time is 489.24μs which is very small. It's recommended to increase it to at least 100ms using more operations.
  ShareConsumerParsingBenchmarks.TraverseRetainedBatch: DryB          -> The minimum observed iteration time is 227.948μs which is very small. It's recommended to increase it to at least 100ms using more operations.
  ShareConsumerParsingBenchmarks.ParseBorrowedSynchronousBatch: DryB  -> The minimum observed iteration time is 1.099ms which is very small. It's recommended to increase it to at least 100ms using more operations.
  ShareConsumerParsingBenchmarks.ParseBorrowedWarmPreparedBatch: DryB -> The minimum observed iteration time is 457.56μs which is very small. It's recommended to increase it to at least 100ms using more operations.
  ShareConsumerParsingBenchmarks.ParseBorrowedColdPreparedBatch: DryB -> The minimum observed iteration time is 1.735ms which is very small. It's recommended to increase it to at least 100ms using more operations.
  ShareConsumerParsingBenchmarks.ParseColdPreparedBatch: DryB         -> The minimum observed iteration time is 493.918μs which is very small. It's recommended to increase it to at least 100ms using more operations.

// * Legends *
  RecordCount : Value of the 'RecordCount' parameter
  HeaderCount : Value of the 'HeaderCount' parameter
  Mean        : Arithmetic mean of all measurements
  Error       : Half of 99.9% confidence interval
  Allocated   : Allocated memory per single operation (managed only, inclusive, 1KB = 1024B)
  1 μs        : 1 Microsecond (0.000001 sec)

// * Diagnostic Output - MemoryDiagnoser *


// ***** BenchmarkRunner: End *****
Run time: 00:00:00 (0.45 sec), executed benchmarks: 7

Global total time: 00:00:00 (0.9 sec), executed benchmarks: 7
// * Artifacts cleanup *
Artifacts cleanup is finished
