// Validating benchmarks:
// ***** BenchmarkRunner: Start   *****
// ***** Found 12 benchmark(s) in total *****
// ***** Building 2 exe(s) in Parallel: Start   *****
// ***** Done, took 00:00:04 (4.77 sec)   *****
// Found 12 benchmarks:
//   PartitionedLifetimeBenchmarks.ProcessLifetime: A_Published(Affinity=00000000000000000100, EnvironmentVariables=DOTNET_TieredCompilation=0,DEKAF_DISPATCH_PROFILE=0,DEKAF_DISPATCH_SAMPLE_DIRECTORY=C:/git/Dekaf-perf-improvements-20260907/pr-3117/dry\latency-samples,DEKAF_DISPATCH_JOB=A_Published, Arguments=/p:ProductDirectory=C:/git/Dekaf-perf-improvements-20260907/pr-3117/published,/p:UseSharedCompilation=false, IterationCount=1, LaunchCount=1, RunStrategy=ColdStart, UnrollFactor=1, WarmupCount=1) [Mode=KeyRecordsDistinct]
//   PartitionedLifetimeBenchmarks.ProcessLifetime: B_Candidate(Affinity=00000000000000000100, EnvironmentVariables=DOTNET_TieredCompilation=0,DEKAF_DISPATCH_PROFILE=0,DEKAF_DISPATCH_SAMPLE_DIRECTORY=C:/git/Dekaf-perf-improvements-20260907/pr-3117/dry\latency-samples,DEKAF_DISPATCH_JOB=B_Candidate, Arguments=/p:ProductDirectory=C:/git/Dekaf-perf-improvements-20260907/pr-3117/candidate,/p:UseSharedCompilation=false, IterationCount=1, LaunchCount=1, RunStrategy=ColdStart, UnrollFactor=1, WarmupCount=1) [Mode=KeyRecordsDistinct]
//   PartitionedLifetimeBenchmarks.ProcessLifetime: C_PublishedControl(Affinity=00000000000000000100, EnvironmentVariables=DOTNET_TieredCompilation=0,DEKAF_DISPATCH_PROFILE=0,DEKAF_DISPATCH_SAMPLE_DIRECTORY=C:/git/Dekaf-perf-improvements-20260907/pr-3117/dry\latency-samples,DEKAF_DISPATCH_JOB=C_PublishedControl, Arguments=/p:ProductDirectory=C:/git/Dekaf-perf-improvements-20260907/pr-3117/published,/p:UseSharedCompilation=false, IterationCount=1, LaunchCount=1, RunStrategy=ColdStart, UnrollFactor=1, WarmupCount=1) [Mode=KeyRecordsDistinct]
//   PartitionedLifetimeBenchmarks.ProcessLifetime: A_Published(Affinity=00000000000000000100, EnvironmentVariables=DOTNET_TieredCompilation=0,DEKAF_DISPATCH_PROFILE=0,DEKAF_DISPATCH_SAMPLE_DIRECTORY=C:/git/Dekaf-perf-improvements-20260907/pr-3117/dry\latency-samples,DEKAF_DISPATCH_JOB=A_Published, Arguments=/p:ProductDirectory=C:/git/Dekaf-perf-improvements-20260907/pr-3117/published,/p:UseSharedCompilation=false, IterationCount=1, LaunchCount=1, RunStrategy=ColdStart, UnrollFactor=1, WarmupCount=1) [Mode=KeyBatchesDistinct]
//   PartitionedLifetimeBenchmarks.ProcessLifetime: B_Candidate(Affinity=00000000000000000100, EnvironmentVariables=DOTNET_TieredCompilation=0,DEKAF_DISPATCH_PROFILE=0,DEKAF_DISPATCH_SAMPLE_DIRECTORY=C:/git/Dekaf-perf-improvements-20260907/pr-3117/dry\latency-samples,DEKAF_DISPATCH_JOB=B_Candidate, Arguments=/p:ProductDirectory=C:/git/Dekaf-perf-improvements-20260907/pr-3117/candidate,/p:UseSharedCompilation=false, IterationCount=1, LaunchCount=1, RunStrategy=ColdStart, UnrollFactor=1, WarmupCount=1) [Mode=KeyBatchesDistinct]
//   PartitionedLifetimeBenchmarks.ProcessLifetime: C_PublishedControl(Affinity=00000000000000000100, EnvironmentVariables=DOTNET_TieredCompilation=0,DEKAF_DISPATCH_PROFILE=0,DEKAF_DISPATCH_SAMPLE_DIRECTORY=C:/git/Dekaf-perf-improvements-20260907/pr-3117/dry\latency-samples,DEKAF_DISPATCH_JOB=C_PublishedControl, Arguments=/p:ProductDirectory=C:/git/Dekaf-perf-improvements-20260907/pr-3117/published,/p:UseSharedCompilation=false, IterationCount=1, LaunchCount=1, RunStrategy=ColdStart, UnrollFactor=1, WarmupCount=1) [Mode=KeyBatchesDistinct]
//   PartitionedLifetimeBenchmarks.ProcessLifetime: A_Published(Affinity=00000000000000000100, EnvironmentVariables=DOTNET_TieredCompilation=0,DEKAF_DISPATCH_PROFILE=0,DEKAF_DISPATCH_SAMPLE_DIRECTORY=C:/git/Dekaf-perf-improvements-20260907/pr-3117/dry\latency-samples,DEKAF_DISPATCH_JOB=A_Published, Arguments=/p:ProductDirectory=C:/git/Dekaf-perf-improvements-20260907/pr-3117/published,/p:UseSharedCompilation=false, IterationCount=1, LaunchCount=1, RunStrategy=ColdStart, UnrollFactor=1, WarmupCount=1) [Mode=KeyRecordsPaired]
//   PartitionedLifetimeBenchmarks.ProcessLifetime: B_Candidate(Affinity=00000000000000000100, EnvironmentVariables=DOTNET_TieredCompilation=0,DEKAF_DISPATCH_PROFILE=0,DEKAF_DISPATCH_SAMPLE_DIRECTORY=C:/git/Dekaf-perf-improvements-20260907/pr-3117/dry\latency-samples,DEKAF_DISPATCH_JOB=B_Candidate, Arguments=/p:ProductDirectory=C:/git/Dekaf-perf-improvements-20260907/pr-3117/candidate,/p:UseSharedCompilation=false, IterationCount=1, LaunchCount=1, RunStrategy=ColdStart, UnrollFactor=1, WarmupCount=1) [Mode=KeyRecordsPaired]
//   PartitionedLifetimeBenchmarks.ProcessLifetime: C_PublishedControl(Affinity=00000000000000000100, EnvironmentVariables=DOTNET_TieredCompilation=0,DEKAF_DISPATCH_PROFILE=0,DEKAF_DISPATCH_SAMPLE_DIRECTORY=C:/git/Dekaf-perf-improvements-20260907/pr-3117/dry\latency-samples,DEKAF_DISPATCH_JOB=C_PublishedControl, Arguments=/p:ProductDirectory=C:/git/Dekaf-perf-improvements-20260907/pr-3117/published,/p:UseSharedCompilation=false, IterationCount=1, LaunchCount=1, RunStrategy=ColdStart, UnrollFactor=1, WarmupCount=1) [Mode=KeyRecordsPaired]
//   PartitionedLifetimeBenchmarks.ProcessLifetime: A_Published(Affinity=00000000000000000100, EnvironmentVariables=DOTNET_TieredCompilation=0,DEKAF_DISPATCH_PROFILE=0,DEKAF_DISPATCH_SAMPLE_DIRECTORY=C:/git/Dekaf-perf-improvements-20260907/pr-3117/dry\latency-samples,DEKAF_DISPATCH_JOB=A_Published, Arguments=/p:ProductDirectory=C:/git/Dekaf-perf-improvements-20260907/pr-3117/published,/p:UseSharedCompilation=false, IterationCount=1, LaunchCount=1, RunStrategy=ColdStart, UnrollFactor=1, WarmupCount=1) [Mode=KeyBatchesPaired]
//   PartitionedLifetimeBenchmarks.ProcessLifetime: B_Candidate(Affinity=00000000000000000100, EnvironmentVariables=DOTNET_TieredCompilation=0,DEKAF_DISPATCH_PROFILE=0,DEKAF_DISPATCH_SAMPLE_DIRECTORY=C:/git/Dekaf-perf-improvements-20260907/pr-3117/dry\latency-samples,DEKAF_DISPATCH_JOB=B_Candidate, Arguments=/p:ProductDirectory=C:/git/Dekaf-perf-improvements-20260907/pr-3117/candidate,/p:UseSharedCompilation=false, IterationCount=1, LaunchCount=1, RunStrategy=ColdStart, UnrollFactor=1, WarmupCount=1) [Mode=KeyBatchesPaired]
//   PartitionedLifetimeBenchmarks.ProcessLifetime: C_PublishedControl(Affinity=00000000000000000100, EnvironmentVariables=DOTNET_TieredCompilation=0,DEKAF_DISPATCH_PROFILE=0,DEKAF_DISPATCH_SAMPLE_DIRECTORY=C:/git/Dekaf-perf-improvements-20260907/pr-3117/dry\latency-samples,DEKAF_DISPATCH_JOB=C_PublishedControl, Arguments=/p:ProductDirectory=C:/git/Dekaf-perf-improvements-20260907/pr-3117/published,/p:UseSharedCompilation=false, IterationCount=1, LaunchCount=1, RunStrategy=ColdStart, UnrollFactor=1, WarmupCount=1) [Mode=KeyBatchesPaired]

Setup power plan (GUID: 8c5e7fda-e8bf-4a96-9a85-a6e23a8c635c FriendlyName: High performance)
// **************************
// Benchmark: PartitionedLifetimeBenchmarks.ProcessLifetime: A_Published(Affinity=00000000000000000100, EnvironmentVariables=DOTNET_TieredCompilation=0,DEKAF_DISPATCH_PROFILE=0,DEKAF_DISPATCH_SAMPLE_DIRECTORY=C:/git/Dekaf-perf-improvements-20260907/pr-3117/dry\latency-samples,DEKAF_DISPATCH_JOB=A_Published, Arguments=/p:ProductDirectory=C:/git/Dekaf-perf-improvements-20260907/pr-3117/published,/p:UseSharedCompilation=false, IterationCount=1, LaunchCount=1, RunStrategy=ColdStart, UnrollFactor=1, WarmupCount=1) [Mode=KeyRecordsDistinct]
// *** Execute ***
// Launch: 1 / 1
// Execute: dotnet Dekaf.Benchmarks-A_Published-1.dll --anonymousPipes 1476 1440 --benchmarkName "Dekaf.Benchmarks.PartitionedLifetimeBenchmarks.ProcessLifetime(Mode: KeyRecordsDistinct)" --job A_Published --benchmarkId 0 in C:\git\Dekaf-perf-improvements-20260907\pr-3117\comparison\bin\Release\net10.0\Dekaf.Benchmarks-A_Published-1\bin\Release\net10.0
// BeforeAnythingElse

// Benchmark Process Environment Information:
// BenchmarkDotNet v0.15.8
// Runtime=.NET 10.0.11 (10.0.11, 10.0.1126.37416), X64 RyuJIT x86-64-v3
// GC=Concurrent Workstation
// HardwareIntrinsics=AVX2+BMI1+BMI2+F16C+FMA+LZCNT+MOVBE,AVX,SSE3+SSSE3+SSE4.1+SSE4.2+POPCNT,X86Base+SSE+SSE2,AES+PCLMUL,AvxVnni,SERIALIZE VectorSize=256
// Job: A_Published(Affinity=100, IterationCount=1, LaunchCount=1, RunStrategy=ColdStart, UnrollFactor=1, WarmupCount=1)

// BeforeActualRun
WorkloadActual   1: 262144 op, 41667400.00 ns, 158.9485 ns/op

// AfterActualRun
WorkloadResult   1: 262144 op, 41667400.00 ns, 158.9485 ns/op
// GC:  0 0 0 47256 262144
// Threading:  0 0 262144

STEADY_ALLOCATION mode=KeyRecordsDistinct records=261888 bytes=0
// AfterAll
// Benchmark Process 113224 has exited with code 0.

Mean = 158.949 ns, StdErr = 0.000 ns (0.00%), N = 1, StdDev = 0.000 ns
Min = 158.949 ns, Q1 = 158.949 ns, Median = 158.949 ns, Q3 = 158.949 ns, Max = 158.949 ns
IQR = 0.000 ns, LowerFence = 158.949 ns, UpperFence = 158.949 ns
ConfidenceInterval = [NaN ns; NaN ns] (CI 99.9%), Margin = NaN ns (NaN% of Mean)
Skewness = NaN, Kurtosis = NaN, MValue = 2

// ** Remained 11 (91.7%) benchmark(s) to run. Estimated finish 2026-09-07 15:53 (0h 0m from now) **
Setup power plan (GUID: 8c5e7fda-e8bf-4a96-9a85-a6e23a8c635c FriendlyName: High performance)
// **************************
// Benchmark: PartitionedLifetimeBenchmarks.ProcessLifetime: B_Candidate(Affinity=00000000000000000100, EnvironmentVariables=DOTNET_TieredCompilation=0,DEKAF_DISPATCH_PROFILE=0,DEKAF_DISPATCH_SAMPLE_DIRECTORY=C:/git/Dekaf-perf-improvements-20260907/pr-3117/dry\latency-samples,DEKAF_DISPATCH_JOB=B_Candidate, Arguments=/p:ProductDirectory=C:/git/Dekaf-perf-improvements-20260907/pr-3117/candidate,/p:UseSharedCompilation=false, IterationCount=1, LaunchCount=1, RunStrategy=ColdStart, UnrollFactor=1, WarmupCount=1) [Mode=KeyRecordsDistinct]
// *** Execute ***
// Launch: 1 / 1
// Execute: dotnet Dekaf.Benchmarks-B_Candidate-2.dll --anonymousPipes 1532 1484 --benchmarkName "Dekaf.Benchmarks.PartitionedLifetimeBenchmarks.ProcessLifetime(Mode: KeyRecordsDistinct)" --job B_Candidate --benchmarkId 0 in C:\git\Dekaf-perf-improvements-20260907\pr-3117\comparison\bin\Release\net10.0\Dekaf.Benchmarks-B_Candidate-2\bin\Release\net10.0
// BeforeAnythingElse

// Benchmark Process Environment Information:
// BenchmarkDotNet v0.15.8
// Runtime=.NET 10.0.11 (10.0.11, 10.0.1126.37416), X64 RyuJIT x86-64-v3
// GC=Concurrent Workstation
// HardwareIntrinsics=AVX2+BMI1+BMI2+F16C+FMA+LZCNT+MOVBE,AVX,SSE3+SSSE3+SSE4.1+SSE4.2+POPCNT,X86Base+SSE+SSE2,AES+PCLMUL,AvxVnni,SERIALIZE VectorSize=256
// Job: B_Candidate(Affinity=100, IterationCount=1, LaunchCount=1, RunStrategy=ColdStart, UnrollFactor=1, WarmupCount=1)

// BeforeActualRun
WorkloadActual   1: 262144 op, 40855100.00 ns, 155.8498 ns/op

// AfterActualRun
WorkloadResult   1: 262144 op, 40855100.00 ns, 155.8498 ns/op
// GC:  0 0 0 47256 262144
// Threading:  0 0 262144

STEADY_ALLOCATION mode=KeyRecordsDistinct records=261888 bytes=0
// AfterAll
// Benchmark Process 114608 has exited with code 0.

Mean = 155.850 ns, StdErr = 0.000 ns (0.00%), N = 1, StdDev = 0.000 ns
Min = 155.850 ns, Q1 = 155.850 ns, Median = 155.850 ns, Q3 = 155.850 ns, Max = 155.850 ns
IQR = 0.000 ns, LowerFence = 155.850 ns, UpperFence = 155.850 ns
ConfidenceInterval = [NaN ns; NaN ns] (CI 99.9%), Margin = NaN ns (NaN% of Mean)
Skewness = NaN, Kurtosis = NaN, MValue = 2

// ** Remained 10 (83.3%) benchmark(s) to run. Estimated finish 2026-09-07 15:53 (0h 0m from now) **
Setup power plan (GUID: 8c5e7fda-e8bf-4a96-9a85-a6e23a8c635c FriendlyName: High performance)
// **************************
// Benchmark: PartitionedLifetimeBenchmarks.ProcessLifetime: C_PublishedControl(Affinity=00000000000000000100, EnvironmentVariables=DOTNET_TieredCompilation=0,DEKAF_DISPATCH_PROFILE=0,DEKAF_DISPATCH_SAMPLE_DIRECTORY=C:/git/Dekaf-perf-improvements-20260907/pr-3117/dry\latency-samples,DEKAF_DISPATCH_JOB=C_PublishedControl, Arguments=/p:ProductDirectory=C:/git/Dekaf-perf-improvements-20260907/pr-3117/published,/p:UseSharedCompilation=false, IterationCount=1, LaunchCount=1, RunStrategy=ColdStart, UnrollFactor=1, WarmupCount=1) [Mode=KeyRecordsDistinct]
// *** Execute ***
// Launch: 1 / 1
// Execute: dotnet Dekaf.Benchmarks-A_Published-1.dll --anonymousPipes 1484 1544 --benchmarkName "Dekaf.Benchmarks.PartitionedLifetimeBenchmarks.ProcessLifetime(Mode: KeyRecordsDistinct)" --job C_PublishedControl --benchmarkId 1 in C:\git\Dekaf-perf-improvements-20260907\pr-3117\comparison\bin\Release\net10.0\Dekaf.Benchmarks-A_Published-1\bin\Release\net10.0
// BeforeAnythingElse

// Benchmark Process Environment Information:
// BenchmarkDotNet v0.15.8
// Runtime=.NET 10.0.11 (10.0.11, 10.0.1126.37416), X64 RyuJIT x86-64-v3
// GC=Concurrent Workstation
// HardwareIntrinsics=AVX2+BMI1+BMI2+F16C+FMA+LZCNT+MOVBE,AVX,SSE3+SSSE3+SSE4.1+SSE4.2+POPCNT,X86Base+SSE+SSE2,AES+PCLMUL,AvxVnni,SERIALIZE VectorSize=256
// Job: C_PublishedControl(Affinity=100, IterationCount=1, LaunchCount=1, RunStrategy=ColdStart, UnrollFactor=1, WarmupCount=1)

// BeforeActualRun
WorkloadActual   1: 262144 op, 40992800.00 ns, 156.3751 ns/op

// AfterActualRun
WorkloadResult   1: 262144 op, 40992800.00 ns, 156.3751 ns/op
// GC:  0 0 0 47256 262144
// Threading:  0 0 262144

STEADY_ALLOCATION mode=KeyRecordsDistinct records=261888 bytes=0
// AfterAll
// Benchmark Process 73020 has exited with code 0.

Mean = 156.375 ns, StdErr = 0.000 ns (0.00%), N = 1, StdDev = 0.000 ns
Min = 156.375 ns, Q1 = 156.375 ns, Median = 156.375 ns, Q3 = 156.375 ns, Max = 156.375 ns
IQR = 0.000 ns, LowerFence = 156.375 ns, UpperFence = 156.375 ns
ConfidenceInterval = [NaN ns; NaN ns] (CI 99.9%), Margin = NaN ns (NaN% of Mean)
Skewness = NaN, Kurtosis = NaN, MValue = 2

// ** Remained 9 (75.0%) benchmark(s) to run. Estimated finish 2026-09-07 15:53 (0h 0m from now) **
Setup power plan (GUID: 8c5e7fda-e8bf-4a96-9a85-a6e23a8c635c FriendlyName: High performance)
// **************************
// Benchmark: PartitionedLifetimeBenchmarks.ProcessLifetime: A_Published(Affinity=00000000000000000100, EnvironmentVariables=DOTNET_TieredCompilation=0,DEKAF_DISPATCH_PROFILE=0,DEKAF_DISPATCH_SAMPLE_DIRECTORY=C:/git/Dekaf-perf-improvements-20260907/pr-3117/dry\latency-samples,DEKAF_DISPATCH_JOB=A_Published, Arguments=/p:ProductDirectory=C:/git/Dekaf-perf-improvements-20260907/pr-3117/published,/p:UseSharedCompilation=false, IterationCount=1, LaunchCount=1, RunStrategy=ColdStart, UnrollFactor=1, WarmupCount=1) [Mode=KeyBatchesDistinct]
// *** Execute ***
// Launch: 1 / 1
// Execute: dotnet Dekaf.Benchmarks-A_Published-1.dll --anonymousPipes 1616 1612 --benchmarkName "Dekaf.Benchmarks.PartitionedLifetimeBenchmarks.ProcessLifetime(Mode: KeyBatchesDistinct)" --job A_Published --benchmarkId 2 in C:\git\Dekaf-perf-improvements-20260907\pr-3117\comparison\bin\Release\net10.0\Dekaf.Benchmarks-A_Published-1\bin\Release\net10.0
// BeforeAnythingElse

// Benchmark Process Environment Information:
// BenchmarkDotNet v0.15.8
// Runtime=.NET 10.0.11 (10.0.11, 10.0.1126.37416), X64 RyuJIT x86-64-v3
// GC=Concurrent Workstation
// HardwareIntrinsics=AVX2+BMI1+BMI2+F16C+FMA+LZCNT+MOVBE,AVX,SSE3+SSSE3+SSE4.1+SSE4.2+POPCNT,X86Base+SSE+SSE2,AES+PCLMUL,AvxVnni,SERIALIZE VectorSize=256
// Job: A_Published(Affinity=100, IterationCount=1, LaunchCount=1, RunStrategy=ColdStart, UnrollFactor=1, WarmupCount=1)

// BeforeActualRun
WorkloadActual   1: 262144 op, 45148700.00 ns, 172.2286 ns/op

// AfterActualRun
WorkloadResult   1: 262144 op, 45148700.00 ns, 172.2286 ns/op
// GC:  0 0 0 48632 262144
// Threading:  0 0 262144

STEADY_ALLOCATION mode=KeyBatchesDistinct records=261888 bytes=0
// AfterAll
// Benchmark Process 86300 has exited with code 0.

Mean = 172.229 ns, StdErr = 0.000 ns (0.00%), N = 1, StdDev = 0.000 ns
Min = 172.229 ns, Q1 = 172.229 ns, Median = 172.229 ns, Q3 = 172.229 ns, Max = 172.229 ns
IQR = 0.000 ns, LowerFence = 172.229 ns, UpperFence = 172.229 ns
ConfidenceInterval = [NaN ns; NaN ns] (CI 99.9%), Margin = NaN ns (NaN% of Mean)
Skewness = NaN, Kurtosis = NaN, MValue = 2

// ** Remained 8 (66.7%) benchmark(s) to run. Estimated finish 2026-09-07 15:53 (0h 0m from now) **
Setup power plan (GUID: 8c5e7fda-e8bf-4a96-9a85-a6e23a8c635c FriendlyName: High performance)
// **************************
// Benchmark: PartitionedLifetimeBenchmarks.ProcessLifetime: B_Candidate(Affinity=00000000000000000100, EnvironmentVariables=DOTNET_TieredCompilation=0,DEKAF_DISPATCH_PROFILE=0,DEKAF_DISPATCH_SAMPLE_DIRECTORY=C:/git/Dekaf-perf-improvements-20260907/pr-3117/dry\latency-samples,DEKAF_DISPATCH_JOB=B_Candidate, Arguments=/p:ProductDirectory=C:/git/Dekaf-perf-improvements-20260907/pr-3117/candidate,/p:UseSharedCompilation=false, IterationCount=1, LaunchCount=1, RunStrategy=ColdStart, UnrollFactor=1, WarmupCount=1) [Mode=KeyBatchesDistinct]
// *** Execute ***
// Launch: 1 / 1
// Execute: dotnet Dekaf.Benchmarks-B_Candidate-2.dll --anonymousPipes 1588 1632 --benchmarkName "Dekaf.Benchmarks.PartitionedLifetimeBenchmarks.ProcessLifetime(Mode: KeyBatchesDistinct)" --job B_Candidate --benchmarkId 1 in C:\git\Dekaf-perf-improvements-20260907\pr-3117\comparison\bin\Release\net10.0\Dekaf.Benchmarks-B_Candidate-2\bin\Release\net10.0
// BeforeAnythingElse

// Benchmark Process Environment Information:
// BenchmarkDotNet v0.15.8
// Runtime=.NET 10.0.11 (10.0.11, 10.0.1126.37416), X64 RyuJIT x86-64-v3
// GC=Concurrent Workstation
// HardwareIntrinsics=AVX2+BMI1+BMI2+F16C+FMA+LZCNT+MOVBE,AVX,SSE3+SSSE3+SSE4.1+SSE4.2+POPCNT,X86Base+SSE+SSE2,AES+PCLMUL,AvxVnni,SERIALIZE VectorSize=256
// Job: B_Candidate(Affinity=100, IterationCount=1, LaunchCount=1, RunStrategy=ColdStart, UnrollFactor=1, WarmupCount=1)

// BeforeActualRun
WorkloadActual   1: 262144 op, 39873300.00 ns, 152.1046 ns/op

// AfterActualRun
WorkloadResult   1: 262144 op, 39873300.00 ns, 152.1046 ns/op
// GC:  0 0 0 48632 262144
// Threading:  0 0 262144

STEADY_ALLOCATION mode=KeyBatchesDistinct records=261888 bytes=0
// AfterAll
// Benchmark Process 99360 has exited with code 0.

Mean = 152.105 ns, StdErr = 0.000 ns (0.00%), N = 1, StdDev = 0.000 ns
Min = 152.105 ns, Q1 = 152.105 ns, Median = 152.105 ns, Q3 = 152.105 ns, Max = 152.105 ns
IQR = 0.000 ns, LowerFence = 152.105 ns, UpperFence = 152.105 ns
ConfidenceInterval = [NaN ns; NaN ns] (CI 99.9%), Margin = NaN ns (NaN% of Mean)
Skewness = NaN, Kurtosis = NaN, MValue = 2

// ** Remained 7 (58.3%) benchmark(s) to run. Estimated finish 2026-09-07 15:53 (0h 0m from now) **
Setup power plan (GUID: 8c5e7fda-e8bf-4a96-9a85-a6e23a8c635c FriendlyName: High performance)
// **************************
// Benchmark: PartitionedLifetimeBenchmarks.ProcessLifetime: C_PublishedControl(Affinity=00000000000000000100, EnvironmentVariables=DOTNET_TieredCompilation=0,DEKAF_DISPATCH_PROFILE=0,DEKAF_DISPATCH_SAMPLE_DIRECTORY=C:/git/Dekaf-perf-improvements-20260907/pr-3117/dry\latency-samples,DEKAF_DISPATCH_JOB=C_PublishedControl, Arguments=/p:ProductDirectory=C:/git/Dekaf-perf-improvements-20260907/pr-3117/published,/p:UseSharedCompilation=false, IterationCount=1, LaunchCount=1, RunStrategy=ColdStart, UnrollFactor=1, WarmupCount=1) [Mode=KeyBatchesDistinct]
// *** Execute ***
// Launch: 1 / 1
// Execute: dotnet Dekaf.Benchmarks-A_Published-1.dll --anonymousPipes 1636 1596 --benchmarkName "Dekaf.Benchmarks.PartitionedLifetimeBenchmarks.ProcessLifetime(Mode: KeyBatchesDistinct)" --job C_PublishedControl --benchmarkId 3 in C:\git\Dekaf-perf-improvements-20260907\pr-3117\comparison\bin\Release\net10.0\Dekaf.Benchmarks-A_Published-1\bin\Release\net10.0
// BeforeAnythingElse

// Benchmark Process Environment Information:
// BenchmarkDotNet v0.15.8
// Runtime=.NET 10.0.11 (10.0.11, 10.0.1126.37416), X64 RyuJIT x86-64-v3
// GC=Concurrent Workstation
// HardwareIntrinsics=AVX2+BMI1+BMI2+F16C+FMA+LZCNT+MOVBE,AVX,SSE3+SSSE3+SSE4.1+SSE4.2+POPCNT,X86Base+SSE+SSE2,AES+PCLMUL,AvxVnni,SERIALIZE VectorSize=256
// Job: C_PublishedControl(Affinity=100, IterationCount=1, LaunchCount=1, RunStrategy=ColdStart, UnrollFactor=1, WarmupCount=1)

// BeforeActualRun
WorkloadActual   1: 262144 op, 42410000.00 ns, 161.7813 ns/op

// AfterActualRun
WorkloadResult   1: 262144 op, 42410000.00 ns, 161.7813 ns/op
// GC:  0 0 0 48632 262144
// Threading:  0 0 262144

STEADY_ALLOCATION mode=KeyBatchesDistinct records=261888 bytes=0
// AfterAll
// Benchmark Process 111428 has exited with code 0.

Mean = 161.781 ns, StdErr = 0.000 ns (0.00%), N = 1, StdDev = 0.000 ns
Min = 161.781 ns, Q1 = 161.781 ns, Median = 161.781 ns, Q3 = 161.781 ns, Max = 161.781 ns
IQR = 0.000 ns, LowerFence = 161.781 ns, UpperFence = 161.781 ns
ConfidenceInterval = [NaN ns; NaN ns] (CI 99.9%), Margin = NaN ns (NaN% of Mean)
Skewness = NaN, Kurtosis = NaN, MValue = 2

// ** Remained 6 (50.0%) benchmark(s) to run. Estimated finish 2026-09-07 15:53 (0h 0m from now) **
Setup power plan (GUID: 8c5e7fda-e8bf-4a96-9a85-a6e23a8c635c FriendlyName: High performance)
// **************************
// Benchmark: PartitionedLifetimeBenchmarks.ProcessLifetime: A_Published(Affinity=00000000000000000100, EnvironmentVariables=DOTNET_TieredCompilation=0,DEKAF_DISPATCH_PROFILE=0,DEKAF_DISPATCH_SAMPLE_DIRECTORY=C:/git/Dekaf-perf-improvements-20260907/pr-3117/dry\latency-samples,DEKAF_DISPATCH_JOB=A_Published, Arguments=/p:ProductDirectory=C:/git/Dekaf-perf-improvements-20260907/pr-3117/published,/p:UseSharedCompilation=false, IterationCount=1, LaunchCount=1, RunStrategy=ColdStart, UnrollFactor=1, WarmupCount=1) [Mode=KeyRecordsPaired]
// *** Execute ***
// Launch: 1 / 1
// Execute: dotnet Dekaf.Benchmarks-A_Published-1.dll --anonymousPipes 1588 1632 --benchmarkName "Dekaf.Benchmarks.PartitionedLifetimeBenchmarks.ProcessLifetime(Mode: KeyRecordsPaired)" --job A_Published --benchmarkId 4 in C:\git\Dekaf-perf-improvements-20260907\pr-3117\comparison\bin\Release\net10.0\Dekaf.Benchmarks-A_Published-1\bin\Release\net10.0
// BeforeAnythingElse

// Benchmark Process Environment Information:
// BenchmarkDotNet v0.15.8
// Runtime=.NET 10.0.11 (10.0.11, 10.0.1126.37416), X64 RyuJIT x86-64-v3
// GC=Concurrent Workstation
// HardwareIntrinsics=AVX2+BMI1+BMI2+F16C+FMA+LZCNT+MOVBE,AVX,SSE3+SSSE3+SSE4.1+SSE4.2+POPCNT,X86Base+SSE+SSE2,AES+PCLMUL,AvxVnni,SERIALIZE VectorSize=256
// Job: A_Published(Affinity=100, IterationCount=1, LaunchCount=1, RunStrategy=ColdStart, UnrollFactor=1, WarmupCount=1)

// BeforeActualRun
WorkloadActual   1: 262144 op, 44631000.00 ns, 170.2538 ns/op

// AfterActualRun
WorkloadResult   1: 262144 op, 44631000.00 ns, 170.2538 ns/op
// GC:  0 0 0 47624 262144
// Threading:  0 0 262144

STEADY_ALLOCATION mode=KeyRecordsPaired records=261888 bytes=0
// AfterAll
// Benchmark Process 107180 has exited with code 0.

Mean = 170.254 ns, StdErr = 0.000 ns (0.00%), N = 1, StdDev = 0.000 ns
Min = 170.254 ns, Q1 = 170.254 ns, Median = 170.254 ns, Q3 = 170.254 ns, Max = 170.254 ns
IQR = 0.000 ns, LowerFence = 170.254 ns, UpperFence = 170.254 ns
ConfidenceInterval = [NaN ns; NaN ns] (CI 99.9%), Margin = NaN ns (NaN% of Mean)
Skewness = NaN, Kurtosis = NaN, MValue = 2

// ** Remained 5 (41.7%) benchmark(s) to run. Estimated finish 2026-09-07 15:53 (0h 0m from now) **
Setup power plan (GUID: 8c5e7fda-e8bf-4a96-9a85-a6e23a8c635c FriendlyName: High performance)
// **************************
// Benchmark: PartitionedLifetimeBenchmarks.ProcessLifetime: B_Candidate(Affinity=00000000000000000100, EnvironmentVariables=DOTNET_TieredCompilation=0,DEKAF_DISPATCH_PROFILE=0,DEKAF_DISPATCH_SAMPLE_DIRECTORY=C:/git/Dekaf-perf-improvements-20260907/pr-3117/dry\latency-samples,DEKAF_DISPATCH_JOB=B_Candidate, Arguments=/p:ProductDirectory=C:/git/Dekaf-perf-improvements-20260907/pr-3117/candidate,/p:UseSharedCompilation=false, IterationCount=1, LaunchCount=1, RunStrategy=ColdStart, UnrollFactor=1, WarmupCount=1) [Mode=KeyRecordsPaired]
// *** Execute ***
// Launch: 1 / 1
// Execute: dotnet Dekaf.Benchmarks-B_Candidate-2.dll --anonymousPipes 1468 1636 --benchmarkName "Dekaf.Benchmarks.PartitionedLifetimeBenchmarks.ProcessLifetime(Mode: KeyRecordsPaired)" --job B_Candidate --benchmarkId 2 in C:\git\Dekaf-perf-improvements-20260907\pr-3117\comparison\bin\Release\net10.0\Dekaf.Benchmarks-B_Candidate-2\bin\Release\net10.0
// BeforeAnythingElse

// Benchmark Process Environment Information:
// BenchmarkDotNet v0.15.8
// Runtime=.NET 10.0.11 (10.0.11, 10.0.1126.37416), X64 RyuJIT x86-64-v3
// GC=Concurrent Workstation
// HardwareIntrinsics=AVX2+BMI1+BMI2+F16C+FMA+LZCNT+MOVBE,AVX,SSE3+SSSE3+SSE4.1+SSE4.2+POPCNT,X86Base+SSE+SSE2,AES+PCLMUL,AvxVnni,SERIALIZE VectorSize=256
// Job: B_Candidate(Affinity=100, IterationCount=1, LaunchCount=1, RunStrategy=ColdStart, UnrollFactor=1, WarmupCount=1)

// BeforeActualRun
WorkloadActual   1: 262144 op, 46826100.00 ns, 178.6274 ns/op

// AfterActualRun
WorkloadResult   1: 262144 op, 46826100.00 ns, 178.6274 ns/op
// GC:  0 0 0 47624 262144
// Threading:  0 0 262144

STEADY_ALLOCATION mode=KeyRecordsPaired records=261888 bytes=0
// AfterAll
// Benchmark Process 40612 has exited with code 0.

Mean = 178.627 ns, StdErr = 0.000 ns (0.00%), N = 1, StdDev = 0.000 ns
Min = 178.627 ns, Q1 = 178.627 ns, Median = 178.627 ns, Q3 = 178.627 ns, Max = 178.627 ns
IQR = 0.000 ns, LowerFence = 178.627 ns, UpperFence = 178.627 ns
ConfidenceInterval = [NaN ns; NaN ns] (CI 99.9%), Margin = NaN ns (NaN% of Mean)
Skewness = NaN, Kurtosis = NaN, MValue = 2

// ** Remained 4 (33.3%) benchmark(s) to run. Estimated finish 2026-09-07 15:53 (0h 0m from now) **
Setup power plan (GUID: 8c5e7fda-e8bf-4a96-9a85-a6e23a8c635c FriendlyName: High performance)
// **************************
// Benchmark: PartitionedLifetimeBenchmarks.ProcessLifetime: C_PublishedControl(Affinity=00000000000000000100, EnvironmentVariables=DOTNET_TieredCompilation=0,DEKAF_DISPATCH_PROFILE=0,DEKAF_DISPATCH_SAMPLE_DIRECTORY=C:/git/Dekaf-perf-improvements-20260907/pr-3117/dry\latency-samples,DEKAF_DISPATCH_JOB=C_PublishedControl, Arguments=/p:ProductDirectory=C:/git/Dekaf-perf-improvements-20260907/pr-3117/published,/p:UseSharedCompilation=false, IterationCount=1, LaunchCount=1, RunStrategy=ColdStart, UnrollFactor=1, WarmupCount=1) [Mode=KeyRecordsPaired]
// *** Execute ***
// Launch: 1 / 1
// Execute: dotnet Dekaf.Benchmarks-A_Published-1.dll --anonymousPipes 1584 1640 --benchmarkName "Dekaf.Benchmarks.PartitionedLifetimeBenchmarks.ProcessLifetime(Mode: KeyRecordsPaired)" --job C_PublishedControl --benchmarkId 5 in C:\git\Dekaf-perf-improvements-20260907\pr-3117\comparison\bin\Release\net10.0\Dekaf.Benchmarks-A_Published-1\bin\Release\net10.0
// BeforeAnythingElse

// Benchmark Process Environment Information:
// BenchmarkDotNet v0.15.8
// Runtime=.NET 10.0.11 (10.0.11, 10.0.1126.37416), X64 RyuJIT x86-64-v3
// GC=Concurrent Workstation
// HardwareIntrinsics=AVX2+BMI1+BMI2+F16C+FMA+LZCNT+MOVBE,AVX,SSE3+SSSE3+SSE4.1+SSE4.2+POPCNT,X86Base+SSE+SSE2,AES+PCLMUL,AvxVnni,SERIALIZE VectorSize=256
// Job: C_PublishedControl(Affinity=100, IterationCount=1, LaunchCount=1, RunStrategy=ColdStart, UnrollFactor=1, WarmupCount=1)

// BeforeActualRun
WorkloadActual   1: 262144 op, 43269200.00 ns, 165.0589 ns/op

// AfterActualRun
WorkloadResult   1: 262144 op, 43269200.00 ns, 165.0589 ns/op
// GC:  0 0 0 47624 262144
// Threading:  0 0 262144

STEADY_ALLOCATION mode=KeyRecordsPaired records=261888 bytes=0
// AfterAll
// Benchmark Process 109612 has exited with code 0.

Mean = 165.059 ns, StdErr = 0.000 ns (0.00%), N = 1, StdDev = 0.000 ns
Min = 165.059 ns, Q1 = 165.059 ns, Median = 165.059 ns, Q3 = 165.059 ns, Max = 165.059 ns
IQR = 0.000 ns, LowerFence = 165.059 ns, UpperFence = 165.059 ns
ConfidenceInterval = [NaN ns; NaN ns] (CI 99.9%), Margin = NaN ns (NaN% of Mean)
Skewness = NaN, Kurtosis = NaN, MValue = 2

// ** Remained 3 (25.0%) benchmark(s) to run. Estimated finish 2026-09-07 15:53 (0h 0m from now) **
Setup power plan (GUID: 8c5e7fda-e8bf-4a96-9a85-a6e23a8c635c FriendlyName: High performance)
// **************************
// Benchmark: PartitionedLifetimeBenchmarks.ProcessLifetime: A_Published(Affinity=00000000000000000100, EnvironmentVariables=DOTNET_TieredCompilation=0,DEKAF_DISPATCH_PROFILE=0,DEKAF_DISPATCH_SAMPLE_DIRECTORY=C:/git/Dekaf-perf-improvements-20260907/pr-3117/dry\latency-samples,DEKAF_DISPATCH_JOB=A_Published, Arguments=/p:ProductDirectory=C:/git/Dekaf-perf-improvements-20260907/pr-3117/published,/p:UseSharedCompilation=false, IterationCount=1, LaunchCount=1, RunStrategy=ColdStart, UnrollFactor=1, WarmupCount=1) [Mode=KeyBatchesPaired]
// *** Execute ***
// Launch: 1 / 1
// Execute: dotnet Dekaf.Benchmarks-A_Published-1.dll --anonymousPipes 1532 1648 --benchmarkName "Dekaf.Benchmarks.PartitionedLifetimeBenchmarks.ProcessLifetime(Mode: KeyBatchesPaired)" --job A_Published --benchmarkId 6 in C:\git\Dekaf-perf-improvements-20260907\pr-3117\comparison\bin\Release\net10.0\Dekaf.Benchmarks-A_Published-1\bin\Release\net10.0
// BeforeAnythingElse

// Benchmark Process Environment Information:
// BenchmarkDotNet v0.15.8
// Runtime=.NET 10.0.11 (10.0.11, 10.0.1126.37416), X64 RyuJIT x86-64-v3
// GC=Concurrent Workstation
// HardwareIntrinsics=AVX2+BMI1+BMI2+F16C+FMA+LZCNT+MOVBE,AVX,SSE3+SSSE3+SSE4.1+SSE4.2+POPCNT,X86Base+SSE+SSE2,AES+PCLMUL,AvxVnni,SERIALIZE VectorSize=256
// Job: A_Published(Affinity=100, IterationCount=1, LaunchCount=1, RunStrategy=ColdStart, UnrollFactor=1, WarmupCount=1)

// BeforeActualRun
WorkloadActual   1: 262144 op, 44574300.00 ns, 170.0375 ns/op

// AfterActualRun
WorkloadResult   1: 262144 op, 44574300.00 ns, 170.0375 ns/op
// GC:  0 0 0 50376 262144
// Threading:  0 0 262144

STEADY_ALLOCATION mode=KeyBatchesPaired records=261888 bytes=0
// AfterAll
// Benchmark Process 103032 has exited with code 0.

Mean = 170.037 ns, StdErr = 0.000 ns (0.00%), N = 1, StdDev = 0.000 ns
Min = 170.037 ns, Q1 = 170.037 ns, Median = 170.037 ns, Q3 = 170.037 ns, Max = 170.037 ns
IQR = 0.000 ns, LowerFence = 170.037 ns, UpperFence = 170.037 ns
ConfidenceInterval = [NaN ns; NaN ns] (CI 99.9%), Margin = NaN ns (NaN% of Mean)
Skewness = NaN, Kurtosis = NaN, MValue = 2

// ** Remained 2 (16.7%) benchmark(s) to run. Estimated finish 2026-09-07 15:53 (0h 0m from now) **
Setup power plan (GUID: 8c5e7fda-e8bf-4a96-9a85-a6e23a8c635c FriendlyName: High performance)
// **************************
// Benchmark: PartitionedLifetimeBenchmarks.ProcessLifetime: B_Candidate(Affinity=00000000000000000100, EnvironmentVariables=DOTNET_TieredCompilation=0,DEKAF_DISPATCH_PROFILE=0,DEKAF_DISPATCH_SAMPLE_DIRECTORY=C:/git/Dekaf-perf-improvements-20260907/pr-3117/dry\latency-samples,DEKAF_DISPATCH_JOB=B_Candidate, Arguments=/p:ProductDirectory=C:/git/Dekaf-perf-improvements-20260907/pr-3117/candidate,/p:UseSharedCompilation=false, IterationCount=1, LaunchCount=1, RunStrategy=ColdStart, UnrollFactor=1, WarmupCount=1) [Mode=KeyBatchesPaired]
// *** Execute ***
// Launch: 1 / 1
// Execute: dotnet Dekaf.Benchmarks-B_Candidate-2.dll --anonymousPipes 1692 1688 --benchmarkName "Dekaf.Benchmarks.PartitionedLifetimeBenchmarks.ProcessLifetime(Mode: KeyBatchesPaired)" --job B_Candidate --benchmarkId 3 in C:\git\Dekaf-perf-improvements-20260907\pr-3117\comparison\bin\Release\net10.0\Dekaf.Benchmarks-B_Candidate-2\bin\Release\net10.0
// BeforeAnythingElse

// Benchmark Process Environment Information:
// BenchmarkDotNet v0.15.8
// Runtime=.NET 10.0.11 (10.0.11, 10.0.1126.37416), X64 RyuJIT x86-64-v3
// GC=Concurrent Workstation
// HardwareIntrinsics=AVX2+BMI1+BMI2+F16C+FMA+LZCNT+MOVBE,AVX,SSE3+SSSE3+SSE4.1+SSE4.2+POPCNT,X86Base+SSE+SSE2,AES+PCLMUL,AvxVnni,SERIALIZE VectorSize=256
// Job: B_Candidate(Affinity=100, IterationCount=1, LaunchCount=1, RunStrategy=ColdStart, UnrollFactor=1, WarmupCount=1)

// BeforeActualRun
WorkloadActual   1: 262144 op, 49476900.00 ns, 188.7394 ns/op

// AfterActualRun
WorkloadResult   1: 262144 op, 49476900.00 ns, 188.7394 ns/op
// GC:  0 0 0 50376 262144
// Threading:  0 0 262144

STEADY_ALLOCATION mode=KeyBatchesPaired records=261888 bytes=0
// AfterAll
// Benchmark Process 93632 has exited with code 0.

Mean = 188.739 ns, StdErr = 0.000 ns (0.00%), N = 1, StdDev = 0.000 ns
Min = 188.739 ns, Q1 = 188.739 ns, Median = 188.739 ns, Q3 = 188.739 ns, Max = 188.739 ns
IQR = 0.000 ns, LowerFence = 188.739 ns, UpperFence = 188.739 ns
ConfidenceInterval = [NaN ns; NaN ns] (CI 99.9%), Margin = NaN ns (NaN% of Mean)
Skewness = NaN, Kurtosis = NaN, MValue = 2

// ** Remained 1 (8.3%) benchmark(s) to run. Estimated finish 2026-09-07 15:53 (0h 0m from now) **
Setup power plan (GUID: 8c5e7fda-e8bf-4a96-9a85-a6e23a8c635c FriendlyName: High performance)
// **************************
// Benchmark: PartitionedLifetimeBenchmarks.ProcessLifetime: C_PublishedControl(Affinity=00000000000000000100, EnvironmentVariables=DOTNET_TieredCompilation=0,DEKAF_DISPATCH_PROFILE=0,DEKAF_DISPATCH_SAMPLE_DIRECTORY=C:/git/Dekaf-perf-improvements-20260907/pr-3117/dry\latency-samples,DEKAF_DISPATCH_JOB=C_PublishedControl, Arguments=/p:ProductDirectory=C:/git/Dekaf-perf-improvements-20260907/pr-3117/published,/p:UseSharedCompilation=false, IterationCount=1, LaunchCount=1, RunStrategy=ColdStart, UnrollFactor=1, WarmupCount=1) [Mode=KeyBatchesPaired]
// *** Execute ***
// Launch: 1 / 1
// Execute: dotnet Dekaf.Benchmarks-A_Published-1.dll --anonymousPipes 1732 1724 --benchmarkName "Dekaf.Benchmarks.PartitionedLifetimeBenchmarks.ProcessLifetime(Mode: KeyBatchesPaired)" --job C_PublishedControl --benchmarkId 7 in C:\git\Dekaf-perf-improvements-20260907\pr-3117\comparison\bin\Release\net10.0\Dekaf.Benchmarks-A_Published-1\bin\Release\net10.0
// BeforeAnythingElse

// Benchmark Process Environment Information:
// BenchmarkDotNet v0.15.8
// Runtime=.NET 10.0.11 (10.0.11, 10.0.1126.37416), X64 RyuJIT x86-64-v3
// GC=Concurrent Workstation
// HardwareIntrinsics=AVX2+BMI1+BMI2+F16C+FMA+LZCNT+MOVBE,AVX,SSE3+SSSE3+SSE4.1+SSE4.2+POPCNT,X86Base+SSE+SSE2,AES+PCLMUL,AvxVnni,SERIALIZE VectorSize=256
// Job: C_PublishedControl(Affinity=100, IterationCount=1, LaunchCount=1, RunStrategy=ColdStart, UnrollFactor=1, WarmupCount=1)

// BeforeActualRun
WorkloadActual   1: 262144 op, 45879800.00 ns, 175.0175 ns/op

// AfterActualRun
WorkloadResult   1: 262144 op, 45879800.00 ns, 175.0175 ns/op
// GC:  0 0 0 50376 262144
// Threading:  0 0 262144

STEADY_ALLOCATION mode=KeyBatchesPaired records=261888 bytes=0
// AfterAll
// Benchmark Process 92788 has exited with code 0.

Mean = 175.018 ns, StdErr = 0.000 ns (0.00%), N = 1, StdDev = 0.000 ns
Min = 175.018 ns, Q1 = 175.018 ns, Median = 175.018 ns, Q3 = 175.018 ns, Max = 175.018 ns
IQR = 0.000 ns, LowerFence = 175.018 ns, UpperFence = 175.018 ns
ConfidenceInterval = [NaN ns; NaN ns] (CI 99.9%), Margin = NaN ns (NaN% of Mean)
Skewness = NaN, Kurtosis = NaN, MValue = 2

// ** Remained 0 (0.0%) benchmark(s) to run. Estimated finish 2026-09-07 15:53 (0h 0m from now) **
Successfully reverted power plan (GUID: 8c5e7fda-e8bf-4a96-9a85-a6e23a8c635c FriendlyName: High performance)
// ***** BenchmarkRunner: Finish  *****

// * Export *
  C:\git\Dekaf-perf-improvements-20260907\pr-3117\dry\results\Dekaf.Benchmarks.PartitionedLifetimeBenchmarks-report.csv
  C:\git\Dekaf-perf-improvements-20260907\pr-3117\dry\results\Dekaf.Benchmarks.PartitionedLifetimeBenchmarks-report-github.md
  C:\git\Dekaf-perf-improvements-20260907\pr-3117\dry\results\Dekaf.Benchmarks.PartitionedLifetimeBenchmarks-report.html

// * Detailed results *
PartitionedLifetimeBenchmarks.ProcessLifetime: A_Published(Affinity=00000000000000000100, EnvironmentVariables=DOTNET_TieredCompilation=0,DEKAF_DISPATCH_PROFILE=0,DEKAF_DISPATCH_SAMPLE_DIRECTORY=C:/git/Dekaf-perf-improvements-20260907/pr-3117/dry\latency-samples,DEKAF_DISPATCH_JOB=A_Published, Arguments=/p:ProductDirectory=C:/git/Dekaf-perf-improvements-20260907/pr-3117/published,/p:UseSharedCompilation=false, IterationCount=1, LaunchCount=1, RunStrategy=ColdStart, UnrollFactor=1, WarmupCount=1) [Mode=KeyRecordsDistinct]
Runtime = .NET 10.0.11 (10.0.11, 10.0.1126.37416), X64 RyuJIT x86-64-v3; GC = Concurrent Workstation
Mean = 158.949 ns, StdErr = 0.000 ns (0.00%), N = 1, StdDev = 0.000 ns
Min = 158.949 ns, Q1 = 158.949 ns, Median = 158.949 ns, Q3 = 158.949 ns, Max = 158.949 ns
IQR = 0.000 ns, LowerFence = 158.949 ns, UpperFence = 158.949 ns
ConfidenceInterval = [NaN ns; NaN ns] (CI 99.9%), Margin = NaN ns (NaN% of Mean)
Skewness = NaN, Kurtosis = NaN, MValue = 2
-------------------- Histogram --------------------
[158.449 ns ; 159.449 ns) | @
---------------------------------------------------

PartitionedLifetimeBenchmarks.ProcessLifetime: B_Candidate(Affinity=00000000000000000100, EnvironmentVariables=DOTNET_TieredCompilation=0,DEKAF_DISPATCH_PROFILE=0,DEKAF_DISPATCH_SAMPLE_DIRECTORY=C:/git/Dekaf-perf-improvements-20260907/pr-3117/dry\latency-samples,DEKAF_DISPATCH_JOB=B_Candidate, Arguments=/p:ProductDirectory=C:/git/Dekaf-perf-improvements-20260907/pr-3117/candidate,/p:UseSharedCompilation=false, IterationCount=1, LaunchCount=1, RunStrategy=ColdStart, UnrollFactor=1, WarmupCount=1) [Mode=KeyRecordsDistinct]
Runtime = .NET 10.0.11 (10.0.11, 10.0.1126.37416), X64 RyuJIT x86-64-v3; GC = Concurrent Workstation
Mean = 155.850 ns, StdErr = 0.000 ns (0.00%), N = 1, StdDev = 0.000 ns
Min = 155.850 ns, Q1 = 155.850 ns, Median = 155.850 ns, Q3 = 155.850 ns, Max = 155.850 ns
IQR = 0.000 ns, LowerFence = 155.850 ns, UpperFence = 155.850 ns
ConfidenceInterval = [NaN ns; NaN ns] (CI 99.9%), Margin = NaN ns (NaN% of Mean)
Skewness = NaN, Kurtosis = NaN, MValue = 2
-------------------- Histogram --------------------
[155.350 ns ; 156.350 ns) | @
---------------------------------------------------

PartitionedLifetimeBenchmarks.ProcessLifetime: C_PublishedControl(Affinity=00000000000000000100, EnvironmentVariables=DOTNET_TieredCompilation=0,DEKAF_DISPATCH_PROFILE=0,DEKAF_DISPATCH_SAMPLE_DIRECTORY=C:/git/Dekaf-perf-improvements-20260907/pr-3117/dry\latency-samples,DEKAF_DISPATCH_JOB=C_PublishedControl, Arguments=/p:ProductDirectory=C:/git/Dekaf-perf-improvements-20260907/pr-3117/published,/p:UseSharedCompilation=false, IterationCount=1, LaunchCount=1, RunStrategy=ColdStart, UnrollFactor=1, WarmupCount=1) [Mode=KeyRecordsDistinct]
Runtime = .NET 10.0.11 (10.0.11, 10.0.1126.37416), X64 RyuJIT x86-64-v3; GC = Concurrent Workstation
Mean = 156.375 ns, StdErr = 0.000 ns (0.00%), N = 1, StdDev = 0.000 ns
Min = 156.375 ns, Q1 = 156.375 ns, Median = 156.375 ns, Q3 = 156.375 ns, Max = 156.375 ns
IQR = 0.000 ns, LowerFence = 156.375 ns, UpperFence = 156.375 ns
ConfidenceInterval = [NaN ns; NaN ns] (CI 99.9%), Margin = NaN ns (NaN% of Mean)
Skewness = NaN, Kurtosis = NaN, MValue = 2
-------------------- Histogram --------------------
[155.875 ns ; 156.875 ns) | @
---------------------------------------------------

PartitionedLifetimeBenchmarks.ProcessLifetime: A_Published(Affinity=00000000000000000100, EnvironmentVariables=DOTNET_TieredCompilation=0,DEKAF_DISPATCH_PROFILE=0,DEKAF_DISPATCH_SAMPLE_DIRECTORY=C:/git/Dekaf-perf-improvements-20260907/pr-3117/dry\latency-samples,DEKAF_DISPATCH_JOB=A_Published, Arguments=/p:ProductDirectory=C:/git/Dekaf-perf-improvements-20260907/pr-3117/published,/p:UseSharedCompilation=false, IterationCount=1, LaunchCount=1, RunStrategy=ColdStart, UnrollFactor=1, WarmupCount=1) [Mode=KeyBatchesDistinct]
Runtime = .NET 10.0.11 (10.0.11, 10.0.1126.37416), X64 RyuJIT x86-64-v3; GC = Concurrent Workstation
Mean = 172.229 ns, StdErr = 0.000 ns (0.00%), N = 1, StdDev = 0.000 ns
Min = 172.229 ns, Q1 = 172.229 ns, Median = 172.229 ns, Q3 = 172.229 ns, Max = 172.229 ns
IQR = 0.000 ns, LowerFence = 172.229 ns, UpperFence = 172.229 ns
ConfidenceInterval = [NaN ns; NaN ns] (CI 99.9%), Margin = NaN ns (NaN% of Mean)
Skewness = NaN, Kurtosis = NaN, MValue = 2
-------------------- Histogram --------------------
[171.729 ns ; 172.729 ns) | @
---------------------------------------------------

PartitionedLifetimeBenchmarks.ProcessLifetime: B_Candidate(Affinity=00000000000000000100, EnvironmentVariables=DOTNET_TieredCompilation=0,DEKAF_DISPATCH_PROFILE=0,DEKAF_DISPATCH_SAMPLE_DIRECTORY=C:/git/Dekaf-perf-improvements-20260907/pr-3117/dry\latency-samples,DEKAF_DISPATCH_JOB=B_Candidate, Arguments=/p:ProductDirectory=C:/git/Dekaf-perf-improvements-20260907/pr-3117/candidate,/p:UseSharedCompilation=false, IterationCount=1, LaunchCount=1, RunStrategy=ColdStart, UnrollFactor=1, WarmupCount=1) [Mode=KeyBatchesDistinct]
Runtime = .NET 10.0.11 (10.0.11, 10.0.1126.37416), X64 RyuJIT x86-64-v3; GC = Concurrent Workstation
Mean = 152.105 ns, StdErr = 0.000 ns (0.00%), N = 1, StdDev = 0.000 ns
Min = 152.105 ns, Q1 = 152.105 ns, Median = 152.105 ns, Q3 = 152.105 ns, Max = 152.105 ns
IQR = 0.000 ns, LowerFence = 152.105 ns, UpperFence = 152.105 ns
ConfidenceInterval = [NaN ns; NaN ns] (CI 99.9%), Margin = NaN ns (NaN% of Mean)
Skewness = NaN, Kurtosis = NaN, MValue = 2
-------------------- Histogram --------------------
[151.605 ns ; 152.605 ns) | @
---------------------------------------------------

PartitionedLifetimeBenchmarks.ProcessLifetime: C_PublishedControl(Affinity=00000000000000000100, EnvironmentVariables=DOTNET_TieredCompilation=0,DEKAF_DISPATCH_PROFILE=0,DEKAF_DISPATCH_SAMPLE_DIRECTORY=C:/git/Dekaf-perf-improvements-20260907/pr-3117/dry\latency-samples,DEKAF_DISPATCH_JOB=C_PublishedControl, Arguments=/p:ProductDirectory=C:/git/Dekaf-perf-improvements-20260907/pr-3117/published,/p:UseSharedCompilation=false, IterationCount=1, LaunchCount=1, RunStrategy=ColdStart, UnrollFactor=1, WarmupCount=1) [Mode=KeyBatchesDistinct]
Runtime = .NET 10.0.11 (10.0.11, 10.0.1126.37416), X64 RyuJIT x86-64-v3; GC = Concurrent Workstation
Mean = 161.781 ns, StdErr = 0.000 ns (0.00%), N = 1, StdDev = 0.000 ns
Min = 161.781 ns, Q1 = 161.781 ns, Median = 161.781 ns, Q3 = 161.781 ns, Max = 161.781 ns
IQR = 0.000 ns, LowerFence = 161.781 ns, UpperFence = 161.781 ns
ConfidenceInterval = [NaN ns; NaN ns] (CI 99.9%), Margin = NaN ns (NaN% of Mean)
Skewness = NaN, Kurtosis = NaN, MValue = 2
-------------------- Histogram --------------------
[161.281 ns ; 162.281 ns) | @
---------------------------------------------------

PartitionedLifetimeBenchmarks.ProcessLifetime: A_Published(Affinity=00000000000000000100, EnvironmentVariables=DOTNET_TieredCompilation=0,DEKAF_DISPATCH_PROFILE=0,DEKAF_DISPATCH_SAMPLE_DIRECTORY=C:/git/Dekaf-perf-improvements-20260907/pr-3117/dry\latency-samples,DEKAF_DISPATCH_JOB=A_Published, Arguments=/p:ProductDirectory=C:/git/Dekaf-perf-improvements-20260907/pr-3117/published,/p:UseSharedCompilation=false, IterationCount=1, LaunchCount=1, RunStrategy=ColdStart, UnrollFactor=1, WarmupCount=1) [Mode=KeyRecordsPaired]
Runtime = .NET 10.0.11 (10.0.11, 10.0.1126.37416), X64 RyuJIT x86-64-v3; GC = Concurrent Workstation
Mean = 170.254 ns, StdErr = 0.000 ns (0.00%), N = 1, StdDev = 0.000 ns
Min = 170.254 ns, Q1 = 170.254 ns, Median = 170.254 ns, Q3 = 170.254 ns, Max = 170.254 ns
IQR = 0.000 ns, LowerFence = 170.254 ns, UpperFence = 170.254 ns
ConfidenceInterval = [NaN ns; NaN ns] (CI 99.9%), Margin = NaN ns (NaN% of Mean)
Skewness = NaN, Kurtosis = NaN, MValue = 2
-------------------- Histogram --------------------
[169.754 ns ; 170.754 ns) | @
---------------------------------------------------

PartitionedLifetimeBenchmarks.ProcessLifetime: B_Candidate(Affinity=00000000000000000100, EnvironmentVariables=DOTNET_TieredCompilation=0,DEKAF_DISPATCH_PROFILE=0,DEKAF_DISPATCH_SAMPLE_DIRECTORY=C:/git/Dekaf-perf-improvements-20260907/pr-3117/dry\latency-samples,DEKAF_DISPATCH_JOB=B_Candidate, Arguments=/p:ProductDirectory=C:/git/Dekaf-perf-improvements-20260907/pr-3117/candidate,/p:UseSharedCompilation=false, IterationCount=1, LaunchCount=1, RunStrategy=ColdStart, UnrollFactor=1, WarmupCount=1) [Mode=KeyRecordsPaired]
Runtime = .NET 10.0.11 (10.0.11, 10.0.1126.37416), X64 RyuJIT x86-64-v3; GC = Concurrent Workstation
Mean = 178.627 ns, StdErr = 0.000 ns (0.00%), N = 1, StdDev = 0.000 ns
Min = 178.627 ns, Q1 = 178.627 ns, Median = 178.627 ns, Q3 = 178.627 ns, Max = 178.627 ns
IQR = 0.000 ns, LowerFence = 178.627 ns, UpperFence = 178.627 ns
ConfidenceInterval = [NaN ns; NaN ns] (CI 99.9%), Margin = NaN ns (NaN% of Mean)
Skewness = NaN, Kurtosis = NaN, MValue = 2
-------------------- Histogram --------------------
[178.127 ns ; 179.127 ns) | @
---------------------------------------------------

PartitionedLifetimeBenchmarks.ProcessLifetime: C_PublishedControl(Affinity=00000000000000000100, EnvironmentVariables=DOTNET_TieredCompilation=0,DEKAF_DISPATCH_PROFILE=0,DEKAF_DISPATCH_SAMPLE_DIRECTORY=C:/git/Dekaf-perf-improvements-20260907/pr-3117/dry\latency-samples,DEKAF_DISPATCH_JOB=C_PublishedControl, Arguments=/p:ProductDirectory=C:/git/Dekaf-perf-improvements-20260907/pr-3117/published,/p:UseSharedCompilation=false, IterationCount=1, LaunchCount=1, RunStrategy=ColdStart, UnrollFactor=1, WarmupCount=1) [Mode=KeyRecordsPaired]
Runtime = .NET 10.0.11 (10.0.11, 10.0.1126.37416), X64 RyuJIT x86-64-v3; GC = Concurrent Workstation
Mean = 165.059 ns, StdErr = 0.000 ns (0.00%), N = 1, StdDev = 0.000 ns
Min = 165.059 ns, Q1 = 165.059 ns, Median = 165.059 ns, Q3 = 165.059 ns, Max = 165.059 ns
IQR = 0.000 ns, LowerFence = 165.059 ns, UpperFence = 165.059 ns
ConfidenceInterval = [NaN ns; NaN ns] (CI 99.9%), Margin = NaN ns (NaN% of Mean)
Skewness = NaN, Kurtosis = NaN, MValue = 2
-------------------- Histogram --------------------
[164.559 ns ; 165.559 ns) | @
---------------------------------------------------

PartitionedLifetimeBenchmarks.ProcessLifetime: A_Published(Affinity=00000000000000000100, EnvironmentVariables=DOTNET_TieredCompilation=0,DEKAF_DISPATCH_PROFILE=0,DEKAF_DISPATCH_SAMPLE_DIRECTORY=C:/git/Dekaf-perf-improvements-20260907/pr-3117/dry\latency-samples,DEKAF_DISPATCH_JOB=A_Published, Arguments=/p:ProductDirectory=C:/git/Dekaf-perf-improvements-20260907/pr-3117/published,/p:UseSharedCompilation=false, IterationCount=1, LaunchCount=1, RunStrategy=ColdStart, UnrollFactor=1, WarmupCount=1) [Mode=KeyBatchesPaired]
Runtime = .NET 10.0.11 (10.0.11, 10.0.1126.37416), X64 RyuJIT x86-64-v3; GC = Concurrent Workstation
Mean = 170.037 ns, StdErr = 0.000 ns (0.00%), N = 1, StdDev = 0.000 ns
Min = 170.037 ns, Q1 = 170.037 ns, Median = 170.037 ns, Q3 = 170.037 ns, Max = 170.037 ns
IQR = 0.000 ns, LowerFence = 170.037 ns, UpperFence = 170.037 ns
ConfidenceInterval = [NaN ns; NaN ns] (CI 99.9%), Margin = NaN ns (NaN% of Mean)
Skewness = NaN, Kurtosis = NaN, MValue = 2
-------------------- Histogram --------------------
[169.537 ns ; 170.537 ns) | @
---------------------------------------------------

PartitionedLifetimeBenchmarks.ProcessLifetime: B_Candidate(Affinity=00000000000000000100, EnvironmentVariables=DOTNET_TieredCompilation=0,DEKAF_DISPATCH_PROFILE=0,DEKAF_DISPATCH_SAMPLE_DIRECTORY=C:/git/Dekaf-perf-improvements-20260907/pr-3117/dry\latency-samples,DEKAF_DISPATCH_JOB=B_Candidate, Arguments=/p:ProductDirectory=C:/git/Dekaf-perf-improvements-20260907/pr-3117/candidate,/p:UseSharedCompilation=false, IterationCount=1, LaunchCount=1, RunStrategy=ColdStart, UnrollFactor=1, WarmupCount=1) [Mode=KeyBatchesPaired]
Runtime = .NET 10.0.11 (10.0.11, 10.0.1126.37416), X64 RyuJIT x86-64-v3; GC = Concurrent Workstation
Mean = 188.739 ns, StdErr = 0.000 ns (0.00%), N = 1, StdDev = 0.000 ns
Min = 188.739 ns, Q1 = 188.739 ns, Median = 188.739 ns, Q3 = 188.739 ns, Max = 188.739 ns
IQR = 0.000 ns, LowerFence = 188.739 ns, UpperFence = 188.739 ns
ConfidenceInterval = [NaN ns; NaN ns] (CI 99.9%), Margin = NaN ns (NaN% of Mean)
Skewness = NaN, Kurtosis = NaN, MValue = 2
-------------------- Histogram --------------------
[188.239 ns ; 189.239 ns) | @
---------------------------------------------------

PartitionedLifetimeBenchmarks.ProcessLifetime: C_PublishedControl(Affinity=00000000000000000100, EnvironmentVariables=DOTNET_TieredCompilation=0,DEKAF_DISPATCH_PROFILE=0,DEKAF_DISPATCH_SAMPLE_DIRECTORY=C:/git/Dekaf-perf-improvements-20260907/pr-3117/dry\latency-samples,DEKAF_DISPATCH_JOB=C_PublishedControl, Arguments=/p:ProductDirectory=C:/git/Dekaf-perf-improvements-20260907/pr-3117/published,/p:UseSharedCompilation=false, IterationCount=1, LaunchCount=1, RunStrategy=ColdStart, UnrollFactor=1, WarmupCount=1) [Mode=KeyBatchesPaired]
Runtime = .NET 10.0.11 (10.0.11, 10.0.1126.37416), X64 RyuJIT x86-64-v3; GC = Concurrent Workstation
Mean = 175.018 ns, StdErr = 0.000 ns (0.00%), N = 1, StdDev = 0.000 ns
Min = 175.018 ns, Q1 = 175.018 ns, Median = 175.018 ns, Q3 = 175.018 ns, Max = 175.018 ns
IQR = 0.000 ns, LowerFence = 175.018 ns, UpperFence = 175.018 ns
ConfidenceInterval = [NaN ns; NaN ns] (CI 99.9%), Margin = NaN ns (NaN% of Mean)
Skewness = NaN, Kurtosis = NaN, MValue = 2
-------------------- Histogram --------------------
[174.518 ns ; 175.518 ns) | @
---------------------------------------------------

// * Summary *

BenchmarkDotNet v0.15.8, Windows 11 (10.0.26200.9168/25H2/2025Update/HudsonValley2)
12th Gen Intel Core i7-12700K 3.60GHz, 1 CPU, 20 logical and 12 physical cores
.NET SDK 10.0.400
  [Host]             : .NET 10.0.11 (10.0.11, 10.0.1126.37416), X64 RyuJIT x86-64-v3
  A_Published        : .NET 10.0.11 (10.0.11, 10.0.1126.37416), X64 RyuJIT x86-64-v3
  B_Candidate        : .NET 10.0.11 (10.0.11, 10.0.1126.37416), X64 RyuJIT x86-64-v3
  C_PublishedControl : .NET 10.0.11 (10.0.11, 10.0.1126.37416), X64 RyuJIT x86-64-v3

Affinity=00000000000000000100  IterationCount=1  LaunchCount=1  
RunStrategy=ColdStart  UnrollFactor=1  WarmupCount=1  

| Method          | Job                | EnvironmentVariables                                                                                                                                                                          | Arguments                                                                                                   | Mode               | Mean     | Error | Allocated |
|---------------- |------------------- |---------------------------------------------------------------------------------------------------------------------------------------------------------------------------------------------- |------------------------------------------------------------------------------------------------------------ |------------------- |---------:|------:|----------:|
| ProcessLifetime | A_Published        | DOTNET_TieredCompilation=0,DEKAF_DISPATCH_PROFILE=0,DEKAF_DISPATCH_SAMPLE_DIRECTORY=C:/git/Dekaf-perf-improvements-20260907/pr-3117/dry\latency-samples,DEKAF_DISPATCH_JOB=A_Published        | /p:ProductDirectory=C:/git/Dekaf-perf-improvements-20260907/pr-3117/published,/p:UseSharedCompilation=false | KeyRecordsDistinct | 158.9 ns |    NA |         - |
| ProcessLifetime | B_Candidate        | DOTNET_TieredCompilation=0,DEKAF_DISPATCH_PROFILE=0,DEKAF_DISPATCH_SAMPLE_DIRECTORY=C:/git/Dekaf-perf-improvements-20260907/pr-3117/dry\latency-samples,DEKAF_DISPATCH_JOB=B_Candidate        | /p:ProductDirectory=C:/git/Dekaf-perf-improvements-20260907/pr-3117/candidate,/p:UseSharedCompilation=false | KeyRecordsDistinct | 155.8 ns |    NA |         - |
| ProcessLifetime | C_PublishedControl | DOTNET_TieredCompilation=0,DEKAF_DISPATCH_PROFILE=0,DEKAF_DISPATCH_SAMPLE_DIRECTORY=C:/git/Dekaf-perf-improvements-20260907/pr-3117/dry\latency-samples,DEKAF_DISPATCH_JOB=C_PublishedControl | /p:ProductDirectory=C:/git/Dekaf-perf-improvements-20260907/pr-3117/published,/p:UseSharedCompilation=false | KeyRecordsDistinct | 156.4 ns |    NA |         - |
| ProcessLifetime | A_Published        | DOTNET_TieredCompilation=0,DEKAF_DISPATCH_PROFILE=0,DEKAF_DISPATCH_SAMPLE_DIRECTORY=C:/git/Dekaf-perf-improvements-20260907/pr-3117/dry\latency-samples,DEKAF_DISPATCH_JOB=A_Published        | /p:ProductDirectory=C:/git/Dekaf-perf-improvements-20260907/pr-3117/published,/p:UseSharedCompilation=false | KeyBatchesDistinct | 172.2 ns |    NA |         - |
| ProcessLifetime | B_Candidate        | DOTNET_TieredCompilation=0,DEKAF_DISPATCH_PROFILE=0,DEKAF_DISPATCH_SAMPLE_DIRECTORY=C:/git/Dekaf-perf-improvements-20260907/pr-3117/dry\latency-samples,DEKAF_DISPATCH_JOB=B_Candidate        | /p:ProductDirectory=C:/git/Dekaf-perf-improvements-20260907/pr-3117/candidate,/p:UseSharedCompilation=false | KeyBatchesDistinct | 152.1 ns |    NA |         - |
| ProcessLifetime | C_PublishedControl | DOTNET_TieredCompilation=0,DEKAF_DISPATCH_PROFILE=0,DEKAF_DISPATCH_SAMPLE_DIRECTORY=C:/git/Dekaf-perf-improvements-20260907/pr-3117/dry\latency-samples,DEKAF_DISPATCH_JOB=C_PublishedControl | /p:ProductDirectory=C:/git/Dekaf-perf-improvements-20260907/pr-3117/published,/p:UseSharedCompilation=false | KeyBatchesDistinct | 161.8 ns |    NA |         - |
| ProcessLifetime | A_Published        | DOTNET_TieredCompilation=0,DEKAF_DISPATCH_PROFILE=0,DEKAF_DISPATCH_SAMPLE_DIRECTORY=C:/git/Dekaf-perf-improvements-20260907/pr-3117/dry\latency-samples,DEKAF_DISPATCH_JOB=A_Published        | /p:ProductDirectory=C:/git/Dekaf-perf-improvements-20260907/pr-3117/published,/p:UseSharedCompilation=false | KeyRecordsPaired   | 170.3 ns |    NA |         - |
| ProcessLifetime | B_Candidate        | DOTNET_TieredCompilation=0,DEKAF_DISPATCH_PROFILE=0,DEKAF_DISPATCH_SAMPLE_DIRECTORY=C:/git/Dekaf-perf-improvements-20260907/pr-3117/dry\latency-samples,DEKAF_DISPATCH_JOB=B_Candidate        | /p:ProductDirectory=C:/git/Dekaf-perf-improvements-20260907/pr-3117/candidate,/p:UseSharedCompilation=false | KeyRecordsPaired   | 178.6 ns |    NA |         - |
| ProcessLifetime | C_PublishedControl | DOTNET_TieredCompilation=0,DEKAF_DISPATCH_PROFILE=0,DEKAF_DISPATCH_SAMPLE_DIRECTORY=C:/git/Dekaf-perf-improvements-20260907/pr-3117/dry\latency-samples,DEKAF_DISPATCH_JOB=C_PublishedControl | /p:ProductDirectory=C:/git/Dekaf-perf-improvements-20260907/pr-3117/published,/p:UseSharedCompilation=false | KeyRecordsPaired   | 165.1 ns |    NA |         - |
| ProcessLifetime | A_Published        | DOTNET_TieredCompilation=0,DEKAF_DISPATCH_PROFILE=0,DEKAF_DISPATCH_SAMPLE_DIRECTORY=C:/git/Dekaf-perf-improvements-20260907/pr-3117/dry\latency-samples,DEKAF_DISPATCH_JOB=A_Published        | /p:ProductDirectory=C:/git/Dekaf-perf-improvements-20260907/pr-3117/published,/p:UseSharedCompilation=false | KeyBatchesPaired   | 170.0 ns |    NA |         - |
| ProcessLifetime | B_Candidate        | DOTNET_TieredCompilation=0,DEKAF_DISPATCH_PROFILE=0,DEKAF_DISPATCH_SAMPLE_DIRECTORY=C:/git/Dekaf-perf-improvements-20260907/pr-3117/dry\latency-samples,DEKAF_DISPATCH_JOB=B_Candidate        | /p:ProductDirectory=C:/git/Dekaf-perf-improvements-20260907/pr-3117/candidate,/p:UseSharedCompilation=false | KeyBatchesPaired   | 188.7 ns |    NA |         - |
| ProcessLifetime | C_PublishedControl | DOTNET_TieredCompilation=0,DEKAF_DISPATCH_PROFILE=0,DEKAF_DISPATCH_SAMPLE_DIRECTORY=C:/git/Dekaf-perf-improvements-20260907/pr-3117/dry\latency-samples,DEKAF_DISPATCH_JOB=C_PublishedControl | /p:ProductDirectory=C:/git/Dekaf-perf-improvements-20260907/pr-3117/published,/p:UseSharedCompilation=false | KeyBatchesPaired   | 175.0 ns |    NA |         - |

// * Warnings *
MinIterationTime
  PartitionedLifetimeBenchmarks.ProcessLifetime: A_Published        -> The minimum observed iteration time is 41.667ms which is very small. It's recommended to increase it to at least 100ms using more operations.
  PartitionedLifetimeBenchmarks.ProcessLifetime: B_Candidate        -> The minimum observed iteration time is 40.855ms which is very small. It's recommended to increase it to at least 100ms using more operations.
  PartitionedLifetimeBenchmarks.ProcessLifetime: C_PublishedControl -> The minimum observed iteration time is 40.993ms which is very small. It's recommended to increase it to at least 100ms using more operations.
  PartitionedLifetimeBenchmarks.ProcessLifetime: A_Published        -> The minimum observed iteration time is 45.149ms which is very small. It's recommended to increase it to at least 100ms using more operations.
  PartitionedLifetimeBenchmarks.ProcessLifetime: B_Candidate        -> The minimum observed iteration time is 39.873ms which is very small. It's recommended to increase it to at least 100ms using more operations.
  PartitionedLifetimeBenchmarks.ProcessLifetime: C_PublishedControl -> The minimum observed iteration time is 42.41ms which is very small. It's recommended to increase it to at least 100ms using more operations.
  PartitionedLifetimeBenchmarks.ProcessLifetime: A_Published        -> The minimum observed iteration time is 44.631ms which is very small. It's recommended to increase it to at least 100ms using more operations.
  PartitionedLifetimeBenchmarks.ProcessLifetime: B_Candidate        -> The minimum observed iteration time is 46.826ms which is very small. It's recommended to increase it to at least 100ms using more operations.
  PartitionedLifetimeBenchmarks.ProcessLifetime: C_PublishedControl -> The minimum observed iteration time is 43.269ms which is very small. It's recommended to increase it to at least 100ms using more operations.
  PartitionedLifetimeBenchmarks.ProcessLifetime: A_Published        -> The minimum observed iteration time is 44.574ms which is very small. It's recommended to increase it to at least 100ms using more operations.
  PartitionedLifetimeBenchmarks.ProcessLifetime: B_Candidate        -> The minimum observed iteration time is 49.477ms which is very small. It's recommended to increase it to at least 100ms using more operations.
  PartitionedLifetimeBenchmarks.ProcessLifetime: C_PublishedControl -> The minimum observed iteration time is 45.88ms which is very small. It's recommended to increase it to at least 100ms using more operations.

// * Legends *
  Mode      : Value of the 'Mode' parameter
  Mean      : Arithmetic mean of all measurements
  Error     : Half of 99.9% confidence interval
  Allocated : Allocated memory per single operation (managed only, inclusive, 1KB = 1024B)
  1 ns      : 1 Nanosecond (0.000000001 sec)

// * Diagnostic Output - MemoryDiagnoser *


// ***** BenchmarkRunner: End *****
Run time: 00:00:05 (5.8 sec), executed benchmarks: 12

Global total time: 00:00:10 (10.93 sec), executed benchmarks: 12
// * Artifacts cleanup *
Artifacts cleanup is finished
