// Validating benchmarks:
// ***** BenchmarkRunner: Start   *****
// ***** Found 12 benchmark(s) in total *****
// ***** Building 2 exe(s) in Parallel: Start   *****
// ***** Done, took 00:00:02 (2.85 sec)   *****
// Found 12 benchmarks:
//   PartitionedLifetimeBenchmarks.ProcessLifetime: A_Published(Affinity=00000000000000000100, EnvironmentVariables=DOTNET_TieredCompilation=0,DEKAF_DISPATCH_PROFILE=0,DEKAF_DISPATCH_SAMPLE_DIRECTORY=C:/git/Dekaf-perf-improvements-20260907/pr-3117/pilot\latency-samples,DEKAF_DISPATCH_JOB=A_Published, Arguments=/p:ProductDirectory=C:/git/Dekaf-perf-improvements-20260907/pr-3117/published,/p:UseSharedCompilation=false, IterationCount=3, LaunchCount=1, WarmupCount=3) [Mode=KeyRecordsDistinct]
//   PartitionedLifetimeBenchmarks.ProcessLifetime: B_Candidate(Affinity=00000000000000000100, EnvironmentVariables=DOTNET_TieredCompilation=0,DEKAF_DISPATCH_PROFILE=0,DEKAF_DISPATCH_SAMPLE_DIRECTORY=C:/git/Dekaf-perf-improvements-20260907/pr-3117/pilot\latency-samples,DEKAF_DISPATCH_JOB=B_Candidate, Arguments=/p:ProductDirectory=C:/git/Dekaf-perf-improvements-20260907/pr-3117/candidate,/p:UseSharedCompilation=false, IterationCount=3, LaunchCount=1, WarmupCount=3) [Mode=KeyRecordsDistinct]
//   PartitionedLifetimeBenchmarks.ProcessLifetime: C_PublishedControl(Affinity=00000000000000000100, EnvironmentVariables=DOTNET_TieredCompilation=0,DEKAF_DISPATCH_PROFILE=0,DEKAF_DISPATCH_SAMPLE_DIRECTORY=C:/git/Dekaf-perf-improvements-20260907/pr-3117/pilot\latency-samples,DEKAF_DISPATCH_JOB=C_PublishedControl, Arguments=/p:ProductDirectory=C:/git/Dekaf-perf-improvements-20260907/pr-3117/published,/p:UseSharedCompilation=false, IterationCount=3, LaunchCount=1, WarmupCount=3) [Mode=KeyRecordsDistinct]
//   PartitionedLifetimeBenchmarks.ProcessLifetime: A_Published(Affinity=00000000000000000100, EnvironmentVariables=DOTNET_TieredCompilation=0,DEKAF_DISPATCH_PROFILE=0,DEKAF_DISPATCH_SAMPLE_DIRECTORY=C:/git/Dekaf-perf-improvements-20260907/pr-3117/pilot\latency-samples,DEKAF_DISPATCH_JOB=A_Published, Arguments=/p:ProductDirectory=C:/git/Dekaf-perf-improvements-20260907/pr-3117/published,/p:UseSharedCompilation=false, IterationCount=3, LaunchCount=1, WarmupCount=3) [Mode=KeyBatchesDistinct]
//   PartitionedLifetimeBenchmarks.ProcessLifetime: B_Candidate(Affinity=00000000000000000100, EnvironmentVariables=DOTNET_TieredCompilation=0,DEKAF_DISPATCH_PROFILE=0,DEKAF_DISPATCH_SAMPLE_DIRECTORY=C:/git/Dekaf-perf-improvements-20260907/pr-3117/pilot\latency-samples,DEKAF_DISPATCH_JOB=B_Candidate, Arguments=/p:ProductDirectory=C:/git/Dekaf-perf-improvements-20260907/pr-3117/candidate,/p:UseSharedCompilation=false, IterationCount=3, LaunchCount=1, WarmupCount=3) [Mode=KeyBatchesDistinct]
//   PartitionedLifetimeBenchmarks.ProcessLifetime: C_PublishedControl(Affinity=00000000000000000100, EnvironmentVariables=DOTNET_TieredCompilation=0,DEKAF_DISPATCH_PROFILE=0,DEKAF_DISPATCH_SAMPLE_DIRECTORY=C:/git/Dekaf-perf-improvements-20260907/pr-3117/pilot\latency-samples,DEKAF_DISPATCH_JOB=C_PublishedControl, Arguments=/p:ProductDirectory=C:/git/Dekaf-perf-improvements-20260907/pr-3117/published,/p:UseSharedCompilation=false, IterationCount=3, LaunchCount=1, WarmupCount=3) [Mode=KeyBatchesDistinct]
//   PartitionedLifetimeBenchmarks.ProcessLifetime: A_Published(Affinity=00000000000000000100, EnvironmentVariables=DOTNET_TieredCompilation=0,DEKAF_DISPATCH_PROFILE=0,DEKAF_DISPATCH_SAMPLE_DIRECTORY=C:/git/Dekaf-perf-improvements-20260907/pr-3117/pilot\latency-samples,DEKAF_DISPATCH_JOB=A_Published, Arguments=/p:ProductDirectory=C:/git/Dekaf-perf-improvements-20260907/pr-3117/published,/p:UseSharedCompilation=false, IterationCount=3, LaunchCount=1, WarmupCount=3) [Mode=KeyRecordsPaired]
//   PartitionedLifetimeBenchmarks.ProcessLifetime: B_Candidate(Affinity=00000000000000000100, EnvironmentVariables=DOTNET_TieredCompilation=0,DEKAF_DISPATCH_PROFILE=0,DEKAF_DISPATCH_SAMPLE_DIRECTORY=C:/git/Dekaf-perf-improvements-20260907/pr-3117/pilot\latency-samples,DEKAF_DISPATCH_JOB=B_Candidate, Arguments=/p:ProductDirectory=C:/git/Dekaf-perf-improvements-20260907/pr-3117/candidate,/p:UseSharedCompilation=false, IterationCount=3, LaunchCount=1, WarmupCount=3) [Mode=KeyRecordsPaired]
//   PartitionedLifetimeBenchmarks.ProcessLifetime: C_PublishedControl(Affinity=00000000000000000100, EnvironmentVariables=DOTNET_TieredCompilation=0,DEKAF_DISPATCH_PROFILE=0,DEKAF_DISPATCH_SAMPLE_DIRECTORY=C:/git/Dekaf-perf-improvements-20260907/pr-3117/pilot\latency-samples,DEKAF_DISPATCH_JOB=C_PublishedControl, Arguments=/p:ProductDirectory=C:/git/Dekaf-perf-improvements-20260907/pr-3117/published,/p:UseSharedCompilation=false, IterationCount=3, LaunchCount=1, WarmupCount=3) [Mode=KeyRecordsPaired]
//   PartitionedLifetimeBenchmarks.ProcessLifetime: A_Published(Affinity=00000000000000000100, EnvironmentVariables=DOTNET_TieredCompilation=0,DEKAF_DISPATCH_PROFILE=0,DEKAF_DISPATCH_SAMPLE_DIRECTORY=C:/git/Dekaf-perf-improvements-20260907/pr-3117/pilot\latency-samples,DEKAF_DISPATCH_JOB=A_Published, Arguments=/p:ProductDirectory=C:/git/Dekaf-perf-improvements-20260907/pr-3117/published,/p:UseSharedCompilation=false, IterationCount=3, LaunchCount=1, WarmupCount=3) [Mode=KeyBatchesPaired]
//   PartitionedLifetimeBenchmarks.ProcessLifetime: B_Candidate(Affinity=00000000000000000100, EnvironmentVariables=DOTNET_TieredCompilation=0,DEKAF_DISPATCH_PROFILE=0,DEKAF_DISPATCH_SAMPLE_DIRECTORY=C:/git/Dekaf-perf-improvements-20260907/pr-3117/pilot\latency-samples,DEKAF_DISPATCH_JOB=B_Candidate, Arguments=/p:ProductDirectory=C:/git/Dekaf-perf-improvements-20260907/pr-3117/candidate,/p:UseSharedCompilation=false, IterationCount=3, LaunchCount=1, WarmupCount=3) [Mode=KeyBatchesPaired]
//   PartitionedLifetimeBenchmarks.ProcessLifetime: C_PublishedControl(Affinity=00000000000000000100, EnvironmentVariables=DOTNET_TieredCompilation=0,DEKAF_DISPATCH_PROFILE=0,DEKAF_DISPATCH_SAMPLE_DIRECTORY=C:/git/Dekaf-perf-improvements-20260907/pr-3117/pilot\latency-samples,DEKAF_DISPATCH_JOB=C_PublishedControl, Arguments=/p:ProductDirectory=C:/git/Dekaf-perf-improvements-20260907/pr-3117/published,/p:UseSharedCompilation=false, IterationCount=3, LaunchCount=1, WarmupCount=3) [Mode=KeyBatchesPaired]

Setup power plan (GUID: 8c5e7fda-e8bf-4a96-9a85-a6e23a8c635c FriendlyName: High performance)
// **************************
// Benchmark: PartitionedLifetimeBenchmarks.ProcessLifetime: A_Published(Affinity=00000000000000000100, EnvironmentVariables=DOTNET_TieredCompilation=0,DEKAF_DISPATCH_PROFILE=0,DEKAF_DISPATCH_SAMPLE_DIRECTORY=C:/git/Dekaf-perf-improvements-20260907/pr-3117/pilot\latency-samples,DEKAF_DISPATCH_JOB=A_Published, Arguments=/p:ProductDirectory=C:/git/Dekaf-perf-improvements-20260907/pr-3117/published,/p:UseSharedCompilation=false, IterationCount=3, LaunchCount=1, WarmupCount=3) [Mode=KeyRecordsDistinct]
// *** Execute ***
// Launch: 1 / 1
// Execute: dotnet Dekaf.Benchmarks-A_Published-1.dll --anonymousPipes 1484 1444 --benchmarkName "Dekaf.Benchmarks.PartitionedLifetimeBenchmarks.ProcessLifetime(Mode: KeyRecordsDistinct)" --job A_Published --benchmarkId 0 in C:\git\Dekaf-perf-improvements-20260907\pr-3117\comparison\bin\Release\net10.0\Dekaf.Benchmarks-A_Published-1\bin\Release\net10.0
// BeforeAnythingElse

// Benchmark Process Environment Information:
// BenchmarkDotNet v0.15.8
// Runtime=.NET 10.0.11 (10.0.11, 10.0.1126.37416), X64 RyuJIT x86-64-v3
// GC=Concurrent Workstation
// HardwareIntrinsics=AVX2+BMI1+BMI2+F16C+FMA+LZCNT+MOVBE,AVX,SSE3+SSSE3+SSE4.1+SSE4.2+POPCNT,X86Base+SSE+SSE2,AES+PCLMUL,AvxVnni,SERIALIZE VectorSize=256
// Job: A_Published(Affinity=100, IterationCount=3, LaunchCount=1, WarmupCount=3)

OverheadJitting  1: 262144 op, 168100.00 ns, 0.6413 ns/op
WorkloadJitting  1: 262144 op, 42324400.00 ns, 161.4548 ns/op

WorkloadPilot    1: 524288 op, 79487500.00 ns, 151.6104 ns/op
WorkloadPilot    2: 786432 op, 121072200.00 ns, 153.9513 ns/op
WorkloadPilot    3: 1048576 op, 164274800.00 ns, 156.6647 ns/op
WorkloadPilot    4: 1310720 op, 206928900.00 ns, 157.8742 ns/op
WorkloadPilot    5: 1572864 op, 277182000.00 ns, 176.2276 ns/op
WorkloadPilot    6: 1835008 op, 285668400.00 ns, 155.6769 ns/op
WorkloadPilot    7: 2097152 op, 324634200.00 ns, 154.7976 ns/op
WorkloadPilot    8: 2359296 op, 372167400.00 ns, 157.7451 ns/op
WorkloadPilot    9: 2621440 op, 409583800.00 ns, 156.2438 ns/op
WorkloadPilot   10: 2883584 op, 450004000.00 ns, 156.0572 ns/op
WorkloadPilot   11: 3145728 op, 503640400.00 ns, 160.1030 ns/op

WorkloadWarmup   1: 3145728 op, 526468000.00 ns, 167.3597 ns/op
WorkloadWarmup   2: 3145728 op, 494612400.00 ns, 157.2330 ns/op
WorkloadWarmup   3: 3145728 op, 486884900.00 ns, 154.7765 ns/op

// BeforeActualRun
WorkloadActual   1: 3145728 op, 515166300.00 ns, 163.7670 ns/op
WorkloadActual   2: 3145728 op, 487452600.00 ns, 154.9570 ns/op
WorkloadActual   3: 3145728 op, 494291700.00 ns, 157.1311 ns/op

// AfterActualRun
WorkloadResult   1: 3145728 op, 515166300.00 ns, 163.7670 ns/op
WorkloadResult   2: 3145728 op, 487452600.00 ns, 154.9570 ns/op
WorkloadResult   3: 3145728 op, 494291700.00 ns, 157.1311 ns/op
// GC:  0 0 0 563376 3145728
// Threading:  0 0 3145728

STEADY_ALLOCATION mode=KeyRecordsDistinct records=261888 bytes=0
// AfterAll
// Benchmark Process 113200 has exited with code 0.

Mean = 158.618 ns, StdErr = 2.650 ns (1.67%), N = 3, StdDev = 4.589 ns
Min = 154.957 ns, Q1 = 156.044 ns, Median = 157.131 ns, Q3 = 160.449 ns, Max = 163.767 ns
IQR = 4.405 ns, LowerFence = 149.437 ns, UpperFence = 167.056 ns
ConfidenceInterval = [74.890 ns; 242.346 ns] (CI 99.9%), Margin = 83.728 ns (52.79% of Mean)
Skewness = 0.29, Kurtosis = 0.67, MValue = 2

// ** Remained 11 (91.7%) benchmark(s) to run. Estimated finish 2026-09-07 15:54 (0h 1m from now) **
Setup power plan (GUID: 8c5e7fda-e8bf-4a96-9a85-a6e23a8c635c FriendlyName: High performance)
// **************************
// Benchmark: PartitionedLifetimeBenchmarks.ProcessLifetime: B_Candidate(Affinity=00000000000000000100, EnvironmentVariables=DOTNET_TieredCompilation=0,DEKAF_DISPATCH_PROFILE=0,DEKAF_DISPATCH_SAMPLE_DIRECTORY=C:/git/Dekaf-perf-improvements-20260907/pr-3117/pilot\latency-samples,DEKAF_DISPATCH_JOB=B_Candidate, Arguments=/p:ProductDirectory=C:/git/Dekaf-perf-improvements-20260907/pr-3117/candidate,/p:UseSharedCompilation=false, IterationCount=3, LaunchCount=1, WarmupCount=3) [Mode=KeyRecordsDistinct]
// *** Execute ***
// Launch: 1 / 1
// Execute: dotnet Dekaf.Benchmarks-B_Candidate-2.dll --anonymousPipes 1512 1528 --benchmarkName "Dekaf.Benchmarks.PartitionedLifetimeBenchmarks.ProcessLifetime(Mode: KeyRecordsDistinct)" --job B_Candidate --benchmarkId 0 in C:\git\Dekaf-perf-improvements-20260907\pr-3117\comparison\bin\Release\net10.0\Dekaf.Benchmarks-B_Candidate-2\bin\Release\net10.0
// BeforeAnythingElse

// Benchmark Process Environment Information:
// BenchmarkDotNet v0.15.8
// Runtime=.NET 10.0.11 (10.0.11, 10.0.1126.37416), X64 RyuJIT x86-64-v3
// GC=Concurrent Workstation
// HardwareIntrinsics=AVX2+BMI1+BMI2+F16C+FMA+LZCNT+MOVBE,AVX,SSE3+SSSE3+SSE4.1+SSE4.2+POPCNT,X86Base+SSE+SSE2,AES+PCLMUL,AvxVnni,SERIALIZE VectorSize=256
// Job: B_Candidate(Affinity=100, IterationCount=3, LaunchCount=1, WarmupCount=3)

OverheadJitting  1: 262144 op, 175900.00 ns, 0.6710 ns/op
WorkloadJitting  1: 262144 op, 42224000.00 ns, 161.0718 ns/op

WorkloadPilot    1: 524288 op, 85353500.00 ns, 162.7989 ns/op
WorkloadPilot    2: 786432 op, 121132700.00 ns, 154.0282 ns/op
WorkloadPilot    3: 1048576 op, 163749100.00 ns, 156.1633 ns/op
WorkloadPilot    4: 1310720 op, 206727200.00 ns, 157.7203 ns/op
WorkloadPilot    5: 1572864 op, 246118200.00 ns, 156.4777 ns/op
WorkloadPilot    6: 1835008 op, 281434400.00 ns, 153.3696 ns/op
WorkloadPilot    7: 2097152 op, 324676300.00 ns, 154.8177 ns/op
WorkloadPilot    8: 2359296 op, 363526000.00 ns, 154.0824 ns/op
WorkloadPilot    9: 2621440 op, 405854200.00 ns, 154.8211 ns/op
WorkloadPilot   10: 2883584 op, 441866200.00 ns, 153.2351 ns/op
WorkloadPilot   11: 3145728 op, 486820000.00 ns, 154.7559 ns/op
WorkloadPilot   12: 3407872 op, 563013600.00 ns, 165.2097 ns/op

WorkloadWarmup   1: 3407872 op, 524144600.00 ns, 153.8041 ns/op
WorkloadWarmup   2: 3407872 op, 527870900.00 ns, 154.8975 ns/op
WorkloadWarmup   3: 3407872 op, 537909100.00 ns, 157.8431 ns/op

// BeforeActualRun
WorkloadActual   1: 3407872 op, 545928600.00 ns, 160.1963 ns/op
WorkloadActual   2: 3407872 op, 576878200.00 ns, 169.2781 ns/op
WorkloadActual   3: 3407872 op, 528216700.00 ns, 154.9990 ns/op

// AfterActualRun
WorkloadResult   1: 3407872 op, 545928600.00 ns, 160.1963 ns/op
WorkloadResult   2: 3407872 op, 576878200.00 ns, 169.2781 ns/op
WorkloadResult   3: 3407872 op, 528216700.00 ns, 154.9990 ns/op
// GC:  0 0 0 609960 3407872
// Threading:  0 0 3407872

STEADY_ALLOCATION mode=KeyRecordsDistinct records=261888 bytes=0
// AfterAll
// Benchmark Process 31668 has exited with code 0.

Mean = 161.491 ns, StdErr = 4.173 ns (2.58%), N = 3, StdDev = 7.227 ns
Min = 154.999 ns, Q1 = 157.598 ns, Median = 160.196 ns, Q3 = 164.737 ns, Max = 169.278 ns
IQR = 7.140 ns, LowerFence = 146.888 ns, UpperFence = 175.447 ns
ConfidenceInterval = [29.642 ns; 293.340 ns] (CI 99.9%), Margin = 131.849 ns (81.64% of Mean)
Skewness = 0.17, Kurtosis = 0.67, MValue = 2

// ** Remained 10 (83.3%) benchmark(s) to run. Estimated finish 2026-09-07 15:54 (0h 1m from now) **
Setup power plan (GUID: 8c5e7fda-e8bf-4a96-9a85-a6e23a8c635c FriendlyName: High performance)
// **************************
// Benchmark: PartitionedLifetimeBenchmarks.ProcessLifetime: C_PublishedControl(Affinity=00000000000000000100, EnvironmentVariables=DOTNET_TieredCompilation=0,DEKAF_DISPATCH_PROFILE=0,DEKAF_DISPATCH_SAMPLE_DIRECTORY=C:/git/Dekaf-perf-improvements-20260907/pr-3117/pilot\latency-samples,DEKAF_DISPATCH_JOB=C_PublishedControl, Arguments=/p:ProductDirectory=C:/git/Dekaf-perf-improvements-20260907/pr-3117/published,/p:UseSharedCompilation=false, IterationCount=3, LaunchCount=1, WarmupCount=3) [Mode=KeyRecordsDistinct]
// *** Execute ***
// Launch: 1 / 1
// Execute: dotnet Dekaf.Benchmarks-A_Published-1.dll --anonymousPipes 1580 1608 --benchmarkName "Dekaf.Benchmarks.PartitionedLifetimeBenchmarks.ProcessLifetime(Mode: KeyRecordsDistinct)" --job C_PublishedControl --benchmarkId 1 in C:\git\Dekaf-perf-improvements-20260907\pr-3117\comparison\bin\Release\net10.0\Dekaf.Benchmarks-A_Published-1\bin\Release\net10.0
// BeforeAnythingElse

// Benchmark Process Environment Information:
// BenchmarkDotNet v0.15.8
// Runtime=.NET 10.0.11 (10.0.11, 10.0.1126.37416), X64 RyuJIT x86-64-v3
// GC=Concurrent Workstation
// HardwareIntrinsics=AVX2+BMI1+BMI2+F16C+FMA+LZCNT+MOVBE,AVX,SSE3+SSSE3+SSE4.1+SSE4.2+POPCNT,X86Base+SSE+SSE2,AES+PCLMUL,AvxVnni,SERIALIZE VectorSize=256
// Job: C_PublishedControl(Affinity=100, IterationCount=3, LaunchCount=1, WarmupCount=3)

OverheadJitting  1: 262144 op, 184500.00 ns, 0.7038 ns/op
WorkloadJitting  1: 262144 op, 44560000.00 ns, 169.9829 ns/op

WorkloadPilot    1: 524288 op, 92287000.00 ns, 176.0235 ns/op
WorkloadPilot    2: 786432 op, 134472600.00 ns, 170.9908 ns/op
WorkloadPilot    3: 1048576 op, 173613700.00 ns, 165.5709 ns/op
WorkloadPilot    4: 1310720 op, 221235000.00 ns, 168.7889 ns/op
WorkloadPilot    5: 1572864 op, 270465500.00 ns, 171.9573 ns/op
WorkloadPilot    6: 1835008 op, 306489500.00 ns, 167.0235 ns/op
WorkloadPilot    7: 2097152 op, 352270700.00 ns, 167.9758 ns/op
WorkloadPilot    8: 2359296 op, 402854700.00 ns, 170.7521 ns/op
WorkloadPilot    9: 2621440 op, 440553200.00 ns, 168.0577 ns/op
WorkloadPilot   10: 2883584 op, 487933000.00 ns, 169.2106 ns/op
WorkloadPilot   11: 3145728 op, 525602900.00 ns, 167.0847 ns/op

WorkloadWarmup   1: 3145728 op, 521900300.00 ns, 165.9076 ns/op
WorkloadWarmup   2: 3145728 op, 529111300.00 ns, 168.2000 ns/op
WorkloadWarmup   3: 3145728 op, 523114400.00 ns, 166.2936 ns/op

// BeforeActualRun
WorkloadActual   1: 3145728 op, 522824000.00 ns, 166.2013 ns/op
WorkloadActual   2: 3145728 op, 563798600.00 ns, 179.2267 ns/op
WorkloadActual   3: 3145728 op, 526029800.00 ns, 167.2204 ns/op

// AfterActualRun
WorkloadResult   1: 3145728 op, 522824000.00 ns, 166.2013 ns/op
WorkloadResult   2: 3145728 op, 563798600.00 ns, 179.2267 ns/op
WorkloadResult   3: 3145728 op, 526029800.00 ns, 167.2204 ns/op
// GC:  0 0 0 563376 3145728
// Threading:  0 0 3145728

STEADY_ALLOCATION mode=KeyRecordsDistinct records=261888 bytes=0
// AfterAll
// Benchmark Process 105984 has exited with code 0.

Mean = 170.883 ns, StdErr = 4.182 ns (2.45%), N = 3, StdDev = 7.244 ns
Min = 166.201 ns, Q1 = 166.711 ns, Median = 167.220 ns, Q3 = 173.224 ns, Max = 179.227 ns
IQR = 6.513 ns, LowerFence = 156.942 ns, UpperFence = 182.993 ns
ConfidenceInterval = [38.725 ns; 303.041 ns] (CI 99.9%), Margin = 132.158 ns (77.34% of Mean)
Skewness = 0.38, Kurtosis = 0.67, MValue = 2

// ** Remained 9 (75.0%) benchmark(s) to run. Estimated finish 2026-09-07 15:54 (0h 1m from now) **
Setup power plan (GUID: 8c5e7fda-e8bf-4a96-9a85-a6e23a8c635c FriendlyName: High performance)
// **************************
// Benchmark: PartitionedLifetimeBenchmarks.ProcessLifetime: A_Published(Affinity=00000000000000000100, EnvironmentVariables=DOTNET_TieredCompilation=0,DEKAF_DISPATCH_PROFILE=0,DEKAF_DISPATCH_SAMPLE_DIRECTORY=C:/git/Dekaf-perf-improvements-20260907/pr-3117/pilot\latency-samples,DEKAF_DISPATCH_JOB=A_Published, Arguments=/p:ProductDirectory=C:/git/Dekaf-perf-improvements-20260907/pr-3117/published,/p:UseSharedCompilation=false, IterationCount=3, LaunchCount=1, WarmupCount=3) [Mode=KeyBatchesDistinct]
// *** Execute ***
// Launch: 1 / 1
// Execute: dotnet Dekaf.Benchmarks-A_Published-1.dll --anonymousPipes 1456 1524 --benchmarkName "Dekaf.Benchmarks.PartitionedLifetimeBenchmarks.ProcessLifetime(Mode: KeyBatchesDistinct)" --job A_Published --benchmarkId 2 in C:\git\Dekaf-perf-improvements-20260907\pr-3117\comparison\bin\Release\net10.0\Dekaf.Benchmarks-A_Published-1\bin\Release\net10.0
// BeforeAnythingElse

// Benchmark Process Environment Information:
// BenchmarkDotNet v0.15.8
// Runtime=.NET 10.0.11 (10.0.11, 10.0.1126.37416), X64 RyuJIT x86-64-v3
// GC=Concurrent Workstation
// HardwareIntrinsics=AVX2+BMI1+BMI2+F16C+FMA+LZCNT+MOVBE,AVX,SSE3+SSSE3+SSE4.1+SSE4.2+POPCNT,X86Base+SSE+SSE2,AES+PCLMUL,AvxVnni,SERIALIZE VectorSize=256
// Job: A_Published(Affinity=100, IterationCount=3, LaunchCount=1, WarmupCount=3)

OverheadJitting  1: 262144 op, 164500.00 ns, 0.6275 ns/op
WorkloadJitting  1: 262144 op, 41698400.00 ns, 159.0668 ns/op

WorkloadPilot    1: 524288 op, 77800600.00 ns, 148.3929 ns/op
WorkloadPilot    2: 786432 op, 129756800.00 ns, 164.9943 ns/op
WorkloadPilot    3: 1048576 op, 157545600.00 ns, 150.2472 ns/op
WorkloadPilot    4: 1310720 op, 197182500.00 ns, 150.4383 ns/op
WorkloadPilot    5: 1572864 op, 267180900.00 ns, 169.8690 ns/op
WorkloadPilot    6: 1835008 op, 281073200.00 ns, 153.1727 ns/op
WorkloadPilot    7: 2097152 op, 321375500.00 ns, 153.2438 ns/op
WorkloadPilot    8: 2359296 op, 356802500.00 ns, 151.2326 ns/op
WorkloadPilot    9: 2621440 op, 408552700.00 ns, 155.8505 ns/op
WorkloadPilot   10: 2883584 op, 473383200.00 ns, 164.1649 ns/op
WorkloadPilot   11: 3145728 op, 472498200.00 ns, 150.2031 ns/op
WorkloadPilot   12: 3407872 op, 511892800.00 ns, 150.2089 ns/op

WorkloadWarmup   1: 3407872 op, 526347400.00 ns, 154.4505 ns/op
WorkloadWarmup   2: 3407872 op, 515075900.00 ns, 151.1430 ns/op
WorkloadWarmup   3: 3407872 op, 523996800.00 ns, 153.7607 ns/op

// BeforeActualRun
WorkloadActual   1: 3407872 op, 511872600.00 ns, 150.2030 ns/op
WorkloadActual   2: 3407872 op, 515538800.00 ns, 151.2788 ns/op
WorkloadActual   3: 3407872 op, 516459600.00 ns, 151.5490 ns/op

// AfterActualRun
WorkloadResult   1: 3407872 op, 511872600.00 ns, 150.2030 ns/op
WorkloadResult   2: 3407872 op, 515538800.00 ns, 151.2788 ns/op
WorkloadResult   3: 3407872 op, 516459600.00 ns, 151.5490 ns/op
// GC:  0 0 0 627848 3407872
// Threading:  0 0 3407872

STEADY_ALLOCATION mode=KeyBatchesDistinct records=261888 bytes=0
// AfterAll
// Benchmark Process 952 has exited with code 0.

Mean = 151.010 ns, StdErr = 0.411 ns (0.27%), N = 3, StdDev = 0.712 ns
Min = 150.203 ns, Q1 = 150.741 ns, Median = 151.279 ns, Q3 = 151.414 ns, Max = 151.549 ns
IQR = 0.673 ns, LowerFence = 149.731 ns, UpperFence = 152.423 ns
ConfidenceInterval = [138.020 ns; 164.001 ns] (CI 99.9%), Margin = 12.990 ns (8.60% of Mean)
Skewness = -0.32, Kurtosis = 0.67, MValue = 2

// ** Remained 8 (66.7%) benchmark(s) to run. Estimated finish 2026-09-07 15:54 (0h 1m from now) **
Setup power plan (GUID: 8c5e7fda-e8bf-4a96-9a85-a6e23a8c635c FriendlyName: High performance)
// **************************
// Benchmark: PartitionedLifetimeBenchmarks.ProcessLifetime: B_Candidate(Affinity=00000000000000000100, EnvironmentVariables=DOTNET_TieredCompilation=0,DEKAF_DISPATCH_PROFILE=0,DEKAF_DISPATCH_SAMPLE_DIRECTORY=C:/git/Dekaf-perf-improvements-20260907/pr-3117/pilot\latency-samples,DEKAF_DISPATCH_JOB=B_Candidate, Arguments=/p:ProductDirectory=C:/git/Dekaf-perf-improvements-20260907/pr-3117/candidate,/p:UseSharedCompilation=false, IterationCount=3, LaunchCount=1, WarmupCount=3) [Mode=KeyBatchesDistinct]
// *** Execute ***
// Launch: 1 / 1
// Execute: dotnet Dekaf.Benchmarks-B_Candidate-2.dll --anonymousPipes 1492 1560 --benchmarkName "Dekaf.Benchmarks.PartitionedLifetimeBenchmarks.ProcessLifetime(Mode: KeyBatchesDistinct)" --job B_Candidate --benchmarkId 1 in C:\git\Dekaf-perf-improvements-20260907\pr-3117\comparison\bin\Release\net10.0\Dekaf.Benchmarks-B_Candidate-2\bin\Release\net10.0
// BeforeAnythingElse

// Benchmark Process Environment Information:
// BenchmarkDotNet v0.15.8
// Runtime=.NET 10.0.11 (10.0.11, 10.0.1126.37416), X64 RyuJIT x86-64-v3
// GC=Concurrent Workstation
// HardwareIntrinsics=AVX2+BMI1+BMI2+F16C+FMA+LZCNT+MOVBE,AVX,SSE3+SSSE3+SSE4.1+SSE4.2+POPCNT,X86Base+SSE+SSE2,AES+PCLMUL,AvxVnni,SERIALIZE VectorSize=256
// Job: B_Candidate(Affinity=100, IterationCount=3, LaunchCount=1, WarmupCount=3)

OverheadJitting  1: 262144 op, 161400.00 ns, 0.6157 ns/op
WorkloadJitting  1: 262144 op, 39257300.00 ns, 149.7547 ns/op

WorkloadPilot    1: 524288 op, 79075000.00 ns, 150.8236 ns/op
WorkloadPilot    2: 786432 op, 118140300.00 ns, 150.2232 ns/op
WorkloadPilot    3: 1048576 op, 198265100.00 ns, 189.0803 ns/op
WorkloadPilot    4: 1310720 op, 208298400.00 ns, 158.9191 ns/op
WorkloadPilot    5: 1572864 op, 241133300.00 ns, 153.3084 ns/op
WorkloadPilot    6: 1835008 op, 280875000.00 ns, 153.0647 ns/op
WorkloadPilot    7: 2097152 op, 331995100.00 ns, 158.3076 ns/op
WorkloadPilot    8: 2359296 op, 356032400.00 ns, 150.9062 ns/op
WorkloadPilot    9: 2621440 op, 404660900.00 ns, 154.3659 ns/op
WorkloadPilot   10: 2883584 op, 451161700.00 ns, 156.4587 ns/op
WorkloadPilot   11: 3145728 op, 516988600.00 ns, 164.3462 ns/op

WorkloadWarmup   1: 3145728 op, 488849400.00 ns, 155.4010 ns/op
WorkloadWarmup   2: 3145728 op, 483760600.00 ns, 153.7834 ns/op
WorkloadWarmup   3: 3145728 op, 506854400.00 ns, 161.1247 ns/op

// BeforeActualRun
WorkloadActual   1: 3145728 op, 499920800.00 ns, 158.9205 ns/op
WorkloadActual   2: 3145728 op, 491736400.00 ns, 156.3188 ns/op
WorkloadActual   3: 3145728 op, 489433500.00 ns, 155.5867 ns/op

// AfterActualRun
WorkloadResult   1: 3145728 op, 499920800.00 ns, 158.9205 ns/op
WorkloadResult   2: 3145728 op, 491736400.00 ns, 156.3188 ns/op
WorkloadResult   3: 3145728 op, 489433500.00 ns, 155.5867 ns/op
// GC:  0 0 0 579888 3145728
// Threading:  0 0 3145728

STEADY_ALLOCATION mode=KeyBatchesDistinct records=261888 bytes=0
// AfterAll
// Benchmark Process 105420 has exited with code 0.

Mean = 156.942 ns, StdErr = 1.012 ns (0.64%), N = 3, StdDev = 1.752 ns
Min = 155.587 ns, Q1 = 155.953 ns, Median = 156.319 ns, Q3 = 157.620 ns, Max = 158.921 ns
IQR = 1.667 ns, LowerFence = 153.452 ns, UpperFence = 160.120 ns
ConfidenceInterval = [124.977 ns; 188.907 ns] (CI 99.9%), Margin = 31.965 ns (20.37% of Mean)
Skewness = 0.31, Kurtosis = 0.67, MValue = 2

// ** Remained 7 (58.3%) benchmark(s) to run. Estimated finish 2026-09-07 15:54 (0h 0m from now) **
Setup power plan (GUID: 8c5e7fda-e8bf-4a96-9a85-a6e23a8c635c FriendlyName: High performance)
// **************************
// Benchmark: PartitionedLifetimeBenchmarks.ProcessLifetime: C_PublishedControl(Affinity=00000000000000000100, EnvironmentVariables=DOTNET_TieredCompilation=0,DEKAF_DISPATCH_PROFILE=0,DEKAF_DISPATCH_SAMPLE_DIRECTORY=C:/git/Dekaf-perf-improvements-20260907/pr-3117/pilot\latency-samples,DEKAF_DISPATCH_JOB=C_PublishedControl, Arguments=/p:ProductDirectory=C:/git/Dekaf-perf-improvements-20260907/pr-3117/published,/p:UseSharedCompilation=false, IterationCount=3, LaunchCount=1, WarmupCount=3) [Mode=KeyBatchesDistinct]
// *** Execute ***
// Launch: 1 / 1
// Execute: dotnet Dekaf.Benchmarks-A_Published-1.dll --anonymousPipes 1480 1532 --benchmarkName "Dekaf.Benchmarks.PartitionedLifetimeBenchmarks.ProcessLifetime(Mode: KeyBatchesDistinct)" --job C_PublishedControl --benchmarkId 3 in C:\git\Dekaf-perf-improvements-20260907\pr-3117\comparison\bin\Release\net10.0\Dekaf.Benchmarks-A_Published-1\bin\Release\net10.0
// BeforeAnythingElse

// Benchmark Process Environment Information:
// BenchmarkDotNet v0.15.8
// Runtime=.NET 10.0.11 (10.0.11, 10.0.1126.37416), X64 RyuJIT x86-64-v3
// GC=Concurrent Workstation
// HardwareIntrinsics=AVX2+BMI1+BMI2+F16C+FMA+LZCNT+MOVBE,AVX,SSE3+SSSE3+SSE4.1+SSE4.2+POPCNT,X86Base+SSE+SSE2,AES+PCLMUL,AvxVnni,SERIALIZE VectorSize=256
// Job: C_PublishedControl(Affinity=100, IterationCount=3, LaunchCount=1, WarmupCount=3)

OverheadJitting  1: 262144 op, 163200.00 ns, 0.6226 ns/op
WorkloadJitting  1: 262144 op, 40583500.00 ns, 154.8138 ns/op

WorkloadPilot    1: 524288 op, 81629800.00 ns, 155.6965 ns/op
WorkloadPilot    2: 786432 op, 121624700.00 ns, 154.6538 ns/op
WorkloadPilot    3: 1048576 op, 163190000.00 ns, 155.6301 ns/op
WorkloadPilot    4: 1310720 op, 212122100.00 ns, 161.8363 ns/op
WorkloadPilot    5: 1572864 op, 248557700.00 ns, 158.0287 ns/op
WorkloadPilot    6: 1835008 op, 286018300.00 ns, 155.8676 ns/op
WorkloadPilot    7: 2097152 op, 327285300.00 ns, 156.0618 ns/op
WorkloadPilot    8: 2359296 op, 370030600.00 ns, 156.8394 ns/op
WorkloadPilot    9: 2621440 op, 426344800.00 ns, 162.6376 ns/op
WorkloadPilot   10: 2883584 op, 457370800.00 ns, 158.6119 ns/op
WorkloadPilot   11: 3145728 op, 490558500.00 ns, 155.9443 ns/op
WorkloadPilot   12: 3407872 op, 568577100.00 ns, 166.8423 ns/op

WorkloadWarmup   1: 3407872 op, 532782500.00 ns, 156.3388 ns/op
WorkloadWarmup   2: 3407872 op, 534938800.00 ns, 156.9715 ns/op
WorkloadWarmup   3: 3407872 op, 531738500.00 ns, 156.0324 ns/op

// BeforeActualRun
WorkloadActual   1: 3407872 op, 537256100.00 ns, 157.6515 ns/op
WorkloadActual   2: 3407872 op, 565956800.00 ns, 166.0734 ns/op
WorkloadActual   3: 3407872 op, 530781500.00 ns, 155.7516 ns/op

// AfterActualRun
WorkloadResult   1: 3407872 op, 537256100.00 ns, 157.6515 ns/op
WorkloadResult   2: 3407872 op, 565956800.00 ns, 166.0734 ns/op
WorkloadResult   3: 3407872 op, 530781500.00 ns, 155.7516 ns/op
// GC:  0 0 0 628184 3407872
// Threading:  0 0 3407872

STEADY_ALLOCATION mode=KeyBatchesDistinct records=261888 bytes=0
// AfterAll
// Benchmark Process 101284 has exited with code 0.

Mean = 159.825 ns, StdErr = 3.172 ns (1.98%), N = 3, StdDev = 5.494 ns
Min = 155.752 ns, Q1 = 156.702 ns, Median = 157.651 ns, Q3 = 161.862 ns, Max = 166.073 ns
IQR = 5.161 ns, LowerFence = 148.960 ns, UpperFence = 169.604 ns
ConfidenceInterval = [59.602 ns; 260.049 ns] (CI 99.9%), Margin = 100.223 ns (62.71% of Mean)
Skewness = 0.33, Kurtosis = 0.67, MValue = 2

// ** Remained 6 (50.0%) benchmark(s) to run. Estimated finish 2026-09-07 15:54 (0h 0m from now) **
Setup power plan (GUID: 8c5e7fda-e8bf-4a96-9a85-a6e23a8c635c FriendlyName: High performance)
// **************************
// Benchmark: PartitionedLifetimeBenchmarks.ProcessLifetime: A_Published(Affinity=00000000000000000100, EnvironmentVariables=DOTNET_TieredCompilation=0,DEKAF_DISPATCH_PROFILE=0,DEKAF_DISPATCH_SAMPLE_DIRECTORY=C:/git/Dekaf-perf-improvements-20260907/pr-3117/pilot\latency-samples,DEKAF_DISPATCH_JOB=A_Published, Arguments=/p:ProductDirectory=C:/git/Dekaf-perf-improvements-20260907/pr-3117/published,/p:UseSharedCompilation=false, IterationCount=3, LaunchCount=1, WarmupCount=3) [Mode=KeyRecordsPaired]
// *** Execute ***
// Launch: 1 / 1
// Execute: dotnet Dekaf.Benchmarks-A_Published-1.dll --anonymousPipes 1676 1596 --benchmarkName "Dekaf.Benchmarks.PartitionedLifetimeBenchmarks.ProcessLifetime(Mode: KeyRecordsPaired)" --job A_Published --benchmarkId 4 in C:\git\Dekaf-perf-improvements-20260907\pr-3117\comparison\bin\Release\net10.0\Dekaf.Benchmarks-A_Published-1\bin\Release\net10.0
// BeforeAnythingElse

// Benchmark Process Environment Information:
// BenchmarkDotNet v0.15.8
// Runtime=.NET 10.0.11 (10.0.11, 10.0.1126.37416), X64 RyuJIT x86-64-v3
// GC=Concurrent Workstation
// HardwareIntrinsics=AVX2+BMI1+BMI2+F16C+FMA+LZCNT+MOVBE,AVX,SSE3+SSSE3+SSE4.1+SSE4.2+POPCNT,X86Base+SSE+SSE2,AES+PCLMUL,AvxVnni,SERIALIZE VectorSize=256
// Job: A_Published(Affinity=100, IterationCount=3, LaunchCount=1, WarmupCount=3)

OverheadJitting  1: 262144 op, 169900.00 ns, 0.6481 ns/op
WorkloadJitting  1: 262144 op, 49070900.00 ns, 187.1906 ns/op

WorkloadPilot    1: 524288 op, 90798600.00 ns, 173.1846 ns/op
WorkloadPilot    2: 786432 op, 135226900.00 ns, 171.9499 ns/op
WorkloadPilot    3: 1048576 op, 182880100.00 ns, 174.4081 ns/op
WorkloadPilot    4: 1310720 op, 224249000.00 ns, 171.0884 ns/op
WorkloadPilot    5: 1572864 op, 268910300.00 ns, 170.9686 ns/op
WorkloadPilot    6: 1835008 op, 313401500.00 ns, 170.7903 ns/op
WorkloadPilot    7: 2097152 op, 368915300.00 ns, 175.9125 ns/op
WorkloadPilot    8: 2359296 op, 410689600.00 ns, 174.0729 ns/op
WorkloadPilot    9: 2621440 op, 450345800.00 ns, 171.7933 ns/op
WorkloadPilot   10: 2883584 op, 501432500.00 ns, 173.8921 ns/op

WorkloadWarmup   1: 2883584 op, 494810300.00 ns, 171.5956 ns/op
WorkloadWarmup   2: 2883584 op, 495174600.00 ns, 171.7219 ns/op
WorkloadWarmup   3: 2883584 op, 498248200.00 ns, 172.7878 ns/op

// BeforeActualRun
WorkloadActual   1: 2883584 op, 497582900.00 ns, 172.5571 ns/op
WorkloadActual   2: 2883584 op, 533926100.00 ns, 185.1606 ns/op
WorkloadActual   3: 2883584 op, 496127300.00 ns, 172.0523 ns/op

// AfterActualRun
WorkloadResult   1: 2883584 op, 497582900.00 ns, 172.5571 ns/op
WorkloadResult   2: 2883584 op, 533926100.00 ns, 185.1606 ns/op
WorkloadResult   3: 2883584 op, 496127300.00 ns, 172.0523 ns/op
// GC:  0 0 0 520504 2883584
// Threading:  0 0 2883584

STEADY_ALLOCATION mode=KeyRecordsPaired records=261888 bytes=0
// AfterAll
// Benchmark Process 63808 has exited with code 0.

Mean = 176.590 ns, StdErr = 4.288 ns (2.43%), N = 3, StdDev = 7.427 ns
Min = 172.052 ns, Q1 = 172.305 ns, Median = 172.557 ns, Q3 = 178.859 ns, Max = 185.161 ns
IQR = 6.554 ns, LowerFence = 162.474 ns, UpperFence = 188.690 ns
ConfidenceInterval = [41.101 ns; 312.079 ns] (CI 99.9%), Margin = 135.489 ns (76.73% of Mean)
Skewness = 0.38, Kurtosis = 0.67, MValue = 2

// ** Remained 5 (41.7%) benchmark(s) to run. Estimated finish 2026-09-07 15:54 (0h 0m from now) **
Setup power plan (GUID: 8c5e7fda-e8bf-4a96-9a85-a6e23a8c635c FriendlyName: High performance)
// **************************
// Benchmark: PartitionedLifetimeBenchmarks.ProcessLifetime: B_Candidate(Affinity=00000000000000000100, EnvironmentVariables=DOTNET_TieredCompilation=0,DEKAF_DISPATCH_PROFILE=0,DEKAF_DISPATCH_SAMPLE_DIRECTORY=C:/git/Dekaf-perf-improvements-20260907/pr-3117/pilot\latency-samples,DEKAF_DISPATCH_JOB=B_Candidate, Arguments=/p:ProductDirectory=C:/git/Dekaf-perf-improvements-20260907/pr-3117/candidate,/p:UseSharedCompilation=false, IterationCount=3, LaunchCount=1, WarmupCount=3) [Mode=KeyRecordsPaired]
// *** Execute ***
// Launch: 1 / 1
// Execute: dotnet Dekaf.Benchmarks-B_Candidate-2.dll --anonymousPipes 1480 1708 --benchmarkName "Dekaf.Benchmarks.PartitionedLifetimeBenchmarks.ProcessLifetime(Mode: KeyRecordsPaired)" --job B_Candidate --benchmarkId 2 in C:\git\Dekaf-perf-improvements-20260907\pr-3117\comparison\bin\Release\net10.0\Dekaf.Benchmarks-B_Candidate-2\bin\Release\net10.0
// BeforeAnythingElse

// Benchmark Process Environment Information:
// BenchmarkDotNet v0.15.8
// Runtime=.NET 10.0.11 (10.0.11, 10.0.1126.37416), X64 RyuJIT x86-64-v3
// GC=Concurrent Workstation
// HardwareIntrinsics=AVX2+BMI1+BMI2+F16C+FMA+LZCNT+MOVBE,AVX,SSE3+SSSE3+SSE4.1+SSE4.2+POPCNT,X86Base+SSE+SSE2,AES+PCLMUL,AvxVnni,SERIALIZE VectorSize=256
// Job: B_Candidate(Affinity=100, IterationCount=3, LaunchCount=1, WarmupCount=3)

OverheadJitting  1: 262144 op, 165300.00 ns, 0.6306 ns/op
WorkloadJitting  1: 262144 op, 42977800.00 ns, 163.9473 ns/op

WorkloadPilot    1: 524288 op, 85018000.00 ns, 162.1590 ns/op
WorkloadPilot    2: 786432 op, 129355800.00 ns, 164.4844 ns/op
WorkloadPilot    3: 1048576 op, 169404100.00 ns, 161.5563 ns/op
WorkloadPilot    4: 1310720 op, 228477500.00 ns, 174.3145 ns/op
WorkloadPilot    5: 1572864 op, 258404000.00 ns, 164.2888 ns/op
WorkloadPilot    6: 1835008 op, 327745300.00 ns, 178.6070 ns/op
WorkloadPilot    7: 2097152 op, 346788100.00 ns, 165.3615 ns/op
WorkloadPilot    8: 2359296 op, 384100700.00 ns, 162.8031 ns/op
WorkloadPilot    9: 2621440 op, 426989300.00 ns, 162.8835 ns/op
WorkloadPilot   10: 2883584 op, 495860400.00 ns, 171.9598 ns/op
WorkloadPilot   11: 3145728 op, 517380700.00 ns, 164.4709 ns/op

WorkloadWarmup   1: 3145728 op, 515997400.00 ns, 164.0312 ns/op
WorkloadWarmup   2: 3145728 op, 508913700.00 ns, 161.7793 ns/op
WorkloadWarmup   3: 3145728 op, 521985600.00 ns, 165.9348 ns/op

// BeforeActualRun
WorkloadActual   1: 3145728 op, 507254000.00 ns, 161.2517 ns/op
WorkloadActual   2: 3145728 op, 516817600.00 ns, 164.2919 ns/op
WorkloadActual   3: 3145728 op, 508738400.00 ns, 161.7236 ns/op

// AfterActualRun
WorkloadResult   1: 3145728 op, 507254000.00 ns, 161.2517 ns/op
WorkloadResult   2: 3145728 op, 516817600.00 ns, 164.2919 ns/op
WorkloadResult   3: 3145728 op, 508738400.00 ns, 161.7236 ns/op
// GC:  0 0 0 567792 3145728
// Threading:  0 0 3145728

STEADY_ALLOCATION mode=KeyRecordsPaired records=261888 bytes=0
// AfterAll
// Benchmark Process 107908 has exited with code 0.

Mean = 162.422 ns, StdErr = 0.945 ns (0.58%), N = 3, StdDev = 1.636 ns
Min = 161.252 ns, Q1 = 161.488 ns, Median = 161.724 ns, Q3 = 163.008 ns, Max = 164.292 ns
IQR = 1.520 ns, LowerFence = 159.208 ns, UpperFence = 165.288 ns
ConfidenceInterval = [132.573 ns; 192.272 ns] (CI 99.9%), Margin = 29.849 ns (18.38% of Mean)
Skewness = 0.35, Kurtosis = 0.67, MValue = 2

// ** Remained 4 (33.3%) benchmark(s) to run. Estimated finish 2026-09-07 15:54 (0h 0m from now) **
Setup power plan (GUID: 8c5e7fda-e8bf-4a96-9a85-a6e23a8c635c FriendlyName: High performance)
// **************************
// Benchmark: PartitionedLifetimeBenchmarks.ProcessLifetime: C_PublishedControl(Affinity=00000000000000000100, EnvironmentVariables=DOTNET_TieredCompilation=0,DEKAF_DISPATCH_PROFILE=0,DEKAF_DISPATCH_SAMPLE_DIRECTORY=C:/git/Dekaf-perf-improvements-20260907/pr-3117/pilot\latency-samples,DEKAF_DISPATCH_JOB=C_PublishedControl, Arguments=/p:ProductDirectory=C:/git/Dekaf-perf-improvements-20260907/pr-3117/published,/p:UseSharedCompilation=false, IterationCount=3, LaunchCount=1, WarmupCount=3) [Mode=KeyRecordsPaired]
// *** Execute ***
// Launch: 1 / 1
// Execute: dotnet Dekaf.Benchmarks-A_Published-1.dll --anonymousPipes 1684 1692 --benchmarkName "Dekaf.Benchmarks.PartitionedLifetimeBenchmarks.ProcessLifetime(Mode: KeyRecordsPaired)" --job C_PublishedControl --benchmarkId 5 in C:\git\Dekaf-perf-improvements-20260907\pr-3117\comparison\bin\Release\net10.0\Dekaf.Benchmarks-A_Published-1\bin\Release\net10.0
// BeforeAnythingElse

// Benchmark Process Environment Information:
// BenchmarkDotNet v0.15.8
// Runtime=.NET 10.0.11 (10.0.11, 10.0.1126.37416), X64 RyuJIT x86-64-v3
// GC=Concurrent Workstation
// HardwareIntrinsics=AVX2+BMI1+BMI2+F16C+FMA+LZCNT+MOVBE,AVX,SSE3+SSSE3+SSE4.1+SSE4.2+POPCNT,X86Base+SSE+SSE2,AES+PCLMUL,AvxVnni,SERIALIZE VectorSize=256
// Job: C_PublishedControl(Affinity=100, IterationCount=3, LaunchCount=1, WarmupCount=3)

OverheadJitting  1: 262144 op, 165700.00 ns, 0.6321 ns/op
WorkloadJitting  1: 262144 op, 44258700.00 ns, 168.8335 ns/op

WorkloadPilot    1: 524288 op, 86269900.00 ns, 164.5468 ns/op
WorkloadPilot    2: 786432 op, 127767800.00 ns, 162.4652 ns/op
WorkloadPilot    3: 1048576 op, 173172900.00 ns, 165.1505 ns/op
WorkloadPilot    4: 1310720 op, 218411100.00 ns, 166.6344 ns/op
WorkloadPilot    5: 1572864 op, 255402300.00 ns, 162.3804 ns/op
WorkloadPilot    6: 1835008 op, 336648200.00 ns, 183.4587 ns/op
WorkloadPilot    7: 2097152 op, 340020200.00 ns, 162.1343 ns/op
WorkloadPilot    8: 2359296 op, 386740600.00 ns, 163.9220 ns/op
WorkloadPilot    9: 2621440 op, 435410600.00 ns, 166.0960 ns/op
WorkloadPilot   10: 2883584 op, 470786400.00 ns, 163.2643 ns/op
WorkloadPilot   11: 3145728 op, 527535500.00 ns, 167.6990 ns/op

WorkloadWarmup   1: 3145728 op, 559547100.00 ns, 177.8752 ns/op
WorkloadWarmup   2: 3145728 op, 524597000.00 ns, 166.7649 ns/op
WorkloadWarmup   3: 3145728 op, 518415000.00 ns, 164.7997 ns/op

// BeforeActualRun
WorkloadActual   1: 3145728 op, 545432400.00 ns, 173.3883 ns/op
WorkloadActual   2: 3145728 op, 516833900.00 ns, 164.2971 ns/op
WorkloadActual   3: 3145728 op, 520783800.00 ns, 165.5527 ns/op

// AfterActualRun
WorkloadResult   1: 3145728 op, 545432400.00 ns, 173.3883 ns/op
WorkloadResult   2: 3145728 op, 516833900.00 ns, 164.2971 ns/op
WorkloadResult   3: 3145728 op, 520783800.00 ns, 165.5527 ns/op
// GC:  0 0 0 567792 3145728
// Threading:  0 0 3145728

STEADY_ALLOCATION mode=KeyRecordsPaired records=261888 bytes=0
// AfterAll
// Benchmark Process 73220 has exited with code 0.

Mean = 167.746 ns, StdErr = 2.844 ns (1.70%), N = 3, StdDev = 4.927 ns
Min = 164.297 ns, Q1 = 164.925 ns, Median = 165.553 ns, Q3 = 169.471 ns, Max = 173.388 ns
IQR = 4.546 ns, LowerFence = 158.106 ns, UpperFence = 176.289 ns
ConfidenceInterval = [77.868 ns; 257.624 ns] (CI 99.9%), Margin = 89.878 ns (53.58% of Mean)
Skewness = 0.36, Kurtosis = 0.67, MValue = 2

// ** Remained 3 (25.0%) benchmark(s) to run. Estimated finish 2026-09-07 15:54 (0h 0m from now) **
Setup power plan (GUID: 8c5e7fda-e8bf-4a96-9a85-a6e23a8c635c FriendlyName: High performance)
// **************************
// Benchmark: PartitionedLifetimeBenchmarks.ProcessLifetime: A_Published(Affinity=00000000000000000100, EnvironmentVariables=DOTNET_TieredCompilation=0,DEKAF_DISPATCH_PROFILE=0,DEKAF_DISPATCH_SAMPLE_DIRECTORY=C:/git/Dekaf-perf-improvements-20260907/pr-3117/pilot\latency-samples,DEKAF_DISPATCH_JOB=A_Published, Arguments=/p:ProductDirectory=C:/git/Dekaf-perf-improvements-20260907/pr-3117/published,/p:UseSharedCompilation=false, IterationCount=3, LaunchCount=1, WarmupCount=3) [Mode=KeyBatchesPaired]
// *** Execute ***
// Launch: 1 / 1
// Execute: dotnet Dekaf.Benchmarks-A_Published-1.dll --anonymousPipes 1424 1572 --benchmarkName "Dekaf.Benchmarks.PartitionedLifetimeBenchmarks.ProcessLifetime(Mode: KeyBatchesPaired)" --job A_Published --benchmarkId 6 in C:\git\Dekaf-perf-improvements-20260907\pr-3117\comparison\bin\Release\net10.0\Dekaf.Benchmarks-A_Published-1\bin\Release\net10.0
// BeforeAnythingElse

// Benchmark Process Environment Information:
// BenchmarkDotNet v0.15.8
// Runtime=.NET 10.0.11 (10.0.11, 10.0.1126.37416), X64 RyuJIT x86-64-v3
// GC=Concurrent Workstation
// HardwareIntrinsics=AVX2+BMI1+BMI2+F16C+FMA+LZCNT+MOVBE,AVX,SSE3+SSSE3+SSE4.1+SSE4.2+POPCNT,X86Base+SSE+SSE2,AES+PCLMUL,AvxVnni,SERIALIZE VectorSize=256
// Job: A_Published(Affinity=100, IterationCount=3, LaunchCount=1, WarmupCount=3)

OverheadJitting  1: 262144 op, 238800.00 ns, 0.9109 ns/op
WorkloadJitting  1: 262144 op, 45222000.00 ns, 172.5082 ns/op

WorkloadPilot    1: 524288 op, 85283000.00 ns, 162.6644 ns/op
WorkloadPilot    2: 786432 op, 126220300.00 ns, 160.4974 ns/op
WorkloadPilot    3: 1048576 op, 168852400.00 ns, 161.0302 ns/op
WorkloadPilot    4: 1310720 op, 213179800.00 ns, 162.6433 ns/op
WorkloadPilot    5: 1572864 op, 266082600.00 ns, 169.1708 ns/op
WorkloadPilot    6: 1835008 op, 300124500.00 ns, 163.5549 ns/op
WorkloadPilot    7: 2097152 op, 342788100.00 ns, 163.4541 ns/op
WorkloadPilot    8: 2359296 op, 389560100.00 ns, 165.1171 ns/op
WorkloadPilot    9: 2621440 op, 428109200.00 ns, 163.3107 ns/op
WorkloadPilot   10: 2883584 op, 472148600.00 ns, 163.7367 ns/op
WorkloadPilot   11: 3145728 op, 513439800.00 ns, 163.2181 ns/op

WorkloadWarmup   1: 3145728 op, 538485900.00 ns, 171.1801 ns/op
WorkloadWarmup   2: 3145728 op, 525117400.00 ns, 166.9303 ns/op
WorkloadWarmup   3: 3145728 op, 517649300.00 ns, 164.5563 ns/op

// BeforeActualRun
WorkloadActual   1: 3145728 op, 508189500.00 ns, 161.5491 ns/op
WorkloadActual   2: 3145728 op, 525212300.00 ns, 166.9605 ns/op
WorkloadActual   3: 3145728 op, 556904800.00 ns, 177.0353 ns/op

// AfterActualRun
WorkloadResult   1: 3145728 op, 508189500.00 ns, 161.5491 ns/op
WorkloadResult   2: 3145728 op, 525212300.00 ns, 166.9605 ns/op
WorkloadResult   3: 3145728 op, 556904800.00 ns, 177.0353 ns/op
// GC:  0 0 0 600816 3145728
// Threading:  0 0 3145728

STEADY_ALLOCATION mode=KeyBatchesPaired records=261888 bytes=0
// AfterAll
// Benchmark Process 99916 has exited with code 0.

Mean = 168.515 ns, StdErr = 4.538 ns (2.69%), N = 3, StdDev = 7.859 ns
Min = 161.549 ns, Q1 = 164.255 ns, Median = 166.960 ns, Q3 = 171.998 ns, Max = 177.035 ns
IQR = 7.743 ns, LowerFence = 152.640 ns, UpperFence = 183.613 ns
ConfidenceInterval = [25.133 ns; 311.897 ns] (CI 99.9%), Margin = 143.382 ns (85.09% of Mean)
Skewness = 0.19, Kurtosis = 0.67, MValue = 2

// ** Remained 2 (16.7%) benchmark(s) to run. Estimated finish 2026-09-07 15:54 (0h 0m from now) **
Setup power plan (GUID: 8c5e7fda-e8bf-4a96-9a85-a6e23a8c635c FriendlyName: High performance)
// **************************
// Benchmark: PartitionedLifetimeBenchmarks.ProcessLifetime: B_Candidate(Affinity=00000000000000000100, EnvironmentVariables=DOTNET_TieredCompilation=0,DEKAF_DISPATCH_PROFILE=0,DEKAF_DISPATCH_SAMPLE_DIRECTORY=C:/git/Dekaf-perf-improvements-20260907/pr-3117/pilot\latency-samples,DEKAF_DISPATCH_JOB=B_Candidate, Arguments=/p:ProductDirectory=C:/git/Dekaf-perf-improvements-20260907/pr-3117/candidate,/p:UseSharedCompilation=false, IterationCount=3, LaunchCount=1, WarmupCount=3) [Mode=KeyBatchesPaired]
// *** Execute ***
// Launch: 1 / 1
// Execute: dotnet Dekaf.Benchmarks-B_Candidate-2.dll --anonymousPipes 1572 1492 --benchmarkName "Dekaf.Benchmarks.PartitionedLifetimeBenchmarks.ProcessLifetime(Mode: KeyBatchesPaired)" --job B_Candidate --benchmarkId 3 in C:\git\Dekaf-perf-improvements-20260907\pr-3117\comparison\bin\Release\net10.0\Dekaf.Benchmarks-B_Candidate-2\bin\Release\net10.0
// BeforeAnythingElse

// Benchmark Process Environment Information:
// BenchmarkDotNet v0.15.8
// Runtime=.NET 10.0.11 (10.0.11, 10.0.1126.37416), X64 RyuJIT x86-64-v3
// GC=Concurrent Workstation
// HardwareIntrinsics=AVX2+BMI1+BMI2+F16C+FMA+LZCNT+MOVBE,AVX,SSE3+SSSE3+SSE4.1+SSE4.2+POPCNT,X86Base+SSE+SSE2,AES+PCLMUL,AvxVnni,SERIALIZE VectorSize=256
// Job: B_Candidate(Affinity=100, IterationCount=3, LaunchCount=1, WarmupCount=3)

OverheadJitting  1: 262144 op, 170200.00 ns, 0.6493 ns/op
WorkloadJitting  1: 262144 op, 47511400.00 ns, 181.2416 ns/op

WorkloadPilot    1: 524288 op, 85747800.00 ns, 163.5509 ns/op
WorkloadPilot    2: 786432 op, 126722500.00 ns, 161.1360 ns/op
WorkloadPilot    3: 1048576 op, 208241300.00 ns, 198.5944 ns/op
WorkloadPilot    4: 1310720 op, 229539700.00 ns, 175.1249 ns/op
WorkloadPilot    5: 1572864 op, 264296200.00 ns, 168.0350 ns/op
WorkloadPilot    6: 1835008 op, 307264100.00 ns, 167.4456 ns/op
WorkloadPilot    7: 2097152 op, 357071900.00 ns, 170.2652 ns/op
WorkloadPilot    8: 2359296 op, 395276100.00 ns, 167.5399 ns/op
WorkloadPilot    9: 2621440 op, 431965600.00 ns, 164.7818 ns/op
WorkloadPilot   10: 2883584 op, 484154000.00 ns, 167.9001 ns/op
WorkloadPilot   11: 3145728 op, 519208500.00 ns, 165.0519 ns/op

WorkloadWarmup   1: 3145728 op, 525363900.00 ns, 167.0087 ns/op
WorkloadWarmup   2: 3145728 op, 525810300.00 ns, 167.1506 ns/op
WorkloadWarmup   3: 3145728 op, 521774600.00 ns, 165.8677 ns/op

// BeforeActualRun
WorkloadActual   1: 3145728 op, 513012600.00 ns, 163.0823 ns/op
WorkloadActual   2: 3145728 op, 511712600.00 ns, 162.6691 ns/op
WorkloadActual   3: 3145728 op, 565966300.00 ns, 179.9158 ns/op

// AfterActualRun
WorkloadResult   1: 3145728 op, 513012600.00 ns, 163.0823 ns/op
WorkloadResult   2: 3145728 op, 511712600.00 ns, 162.6691 ns/op
WorkloadResult   3: 3145728 op, 565966300.00 ns, 179.9158 ns/op
// GC:  0 0 0 600480 3145728
// Threading:  0 0 3145728

STEADY_ALLOCATION mode=KeyBatchesPaired records=261888 bytes=0
// AfterAll
// Benchmark Process 68328 has exited with code 0.

Mean = 168.556 ns, StdErr = 5.681 ns (3.37%), N = 3, StdDev = 9.840 ns
Min = 162.669 ns, Q1 = 162.876 ns, Median = 163.082 ns, Q3 = 171.499 ns, Max = 179.916 ns
IQR = 8.623 ns, LowerFence = 149.941 ns, UpperFence = 184.434 ns
ConfidenceInterval = [-10.968 ns; 348.080 ns] (CI 99.9%), Margin = 179.524 ns (106.51% of Mean)
Skewness = 0.38, Kurtosis = 0.67, MValue = 2

// ** Remained 1 (8.3%) benchmark(s) to run. Estimated finish 2026-09-07 15:54 (0h 0m from now) **
Setup power plan (GUID: 8c5e7fda-e8bf-4a96-9a85-a6e23a8c635c FriendlyName: High performance)
// **************************
// Benchmark: PartitionedLifetimeBenchmarks.ProcessLifetime: C_PublishedControl(Affinity=00000000000000000100, EnvironmentVariables=DOTNET_TieredCompilation=0,DEKAF_DISPATCH_PROFILE=0,DEKAF_DISPATCH_SAMPLE_DIRECTORY=C:/git/Dekaf-perf-improvements-20260907/pr-3117/pilot\latency-samples,DEKAF_DISPATCH_JOB=C_PublishedControl, Arguments=/p:ProductDirectory=C:/git/Dekaf-perf-improvements-20260907/pr-3117/published,/p:UseSharedCompilation=false, IterationCount=3, LaunchCount=1, WarmupCount=3) [Mode=KeyBatchesPaired]
// *** Execute ***
// Launch: 1 / 1
// Execute: dotnet Dekaf.Benchmarks-A_Published-1.dll --anonymousPipes 1780 1760 --benchmarkName "Dekaf.Benchmarks.PartitionedLifetimeBenchmarks.ProcessLifetime(Mode: KeyBatchesPaired)" --job C_PublishedControl --benchmarkId 7 in C:\git\Dekaf-perf-improvements-20260907\pr-3117\comparison\bin\Release\net10.0\Dekaf.Benchmarks-A_Published-1\bin\Release\net10.0
// BeforeAnythingElse

// Benchmark Process Environment Information:
// BenchmarkDotNet v0.15.8
// Runtime=.NET 10.0.11 (10.0.11, 10.0.1126.37416), X64 RyuJIT x86-64-v3
// GC=Concurrent Workstation
// HardwareIntrinsics=AVX2+BMI1+BMI2+F16C+FMA+LZCNT+MOVBE,AVX,SSE3+SSSE3+SSE4.1+SSE4.2+POPCNT,X86Base+SSE+SSE2,AES+PCLMUL,AvxVnni,SERIALIZE VectorSize=256
// Job: C_PublishedControl(Affinity=100, IterationCount=3, LaunchCount=1, WarmupCount=3)

OverheadJitting  1: 262144 op, 162800.00 ns, 0.6210 ns/op
WorkloadJitting  1: 262144 op, 49088200.00 ns, 187.2566 ns/op

WorkloadPilot    1: 524288 op, 91250700.00 ns, 174.0469 ns/op
WorkloadPilot    2: 786432 op, 127688300.00 ns, 162.3641 ns/op
WorkloadPilot    3: 1048576 op, 169242300.00 ns, 161.4020 ns/op
WorkloadPilot    4: 1310720 op, 214338900.00 ns, 163.5276 ns/op
WorkloadPilot    5: 1572864 op, 271024700.00 ns, 172.3129 ns/op
WorkloadPilot    6: 1835008 op, 339435900.00 ns, 184.9779 ns/op
WorkloadPilot    7: 2097152 op, 350061900.00 ns, 166.9225 ns/op
WorkloadPilot    8: 2359296 op, 394381400.00 ns, 167.1606 ns/op
WorkloadPilot    9: 2621440 op, 434998900.00 ns, 165.9389 ns/op
WorkloadPilot   10: 2883584 op, 511842400.00 ns, 177.5022 ns/op

WorkloadWarmup   1: 2883584 op, 483760800.00 ns, 167.7637 ns/op
WorkloadWarmup   2: 2883584 op, 482215500.00 ns, 167.2278 ns/op
WorkloadWarmup   3: 2883584 op, 478470400.00 ns, 165.9291 ns/op

// BeforeActualRun
WorkloadActual   1: 2883584 op, 470719000.00 ns, 163.2410 ns/op
WorkloadActual   2: 2883584 op, 478582400.00 ns, 165.9679 ns/op
WorkloadActual   3: 2883584 op, 478054800.00 ns, 165.7849 ns/op

// AfterActualRun
WorkloadResult   1: 2883584 op, 470719000.00 ns, 163.2410 ns/op
WorkloadResult   2: 2883584 op, 478582400.00 ns, 165.9679 ns/op
WorkloadResult   3: 2883584 op, 478054800.00 ns, 165.7849 ns/op
// GC:  0 0 0 550776 2883584
// Threading:  0 0 2883584

STEADY_ALLOCATION mode=KeyBatchesPaired records=261888 bytes=0
// AfterAll
// Benchmark Process 91144 has exited with code 0.

Mean = 164.998 ns, StdErr = 0.880 ns (0.53%), N = 3, StdDev = 1.524 ns
Min = 163.241 ns, Q1 = 164.513 ns, Median = 165.785 ns, Q3 = 165.876 ns, Max = 165.968 ns
IQR = 1.363 ns, LowerFence = 162.468 ns, UpperFence = 167.922 ns
ConfidenceInterval = [137.188 ns; 192.808 ns] (CI 99.9%), Margin = 27.810 ns (16.85% of Mean)
Skewness = -0.38, Kurtosis = 0.67, MValue = 2

// ** Remained 0 (0.0%) benchmark(s) to run. Estimated finish 2026-09-07 15:54 (0h 0m from now) **
Successfully reverted power plan (GUID: 8c5e7fda-e8bf-4a96-9a85-a6e23a8c635c FriendlyName: High performance)
// ***** BenchmarkRunner: Finish  *****

// * Export *
  C:\git\Dekaf-perf-improvements-20260907\pr-3117\pilot\results\Dekaf.Benchmarks.PartitionedLifetimeBenchmarks-report.csv
  C:\git\Dekaf-perf-improvements-20260907\pr-3117\pilot\results\Dekaf.Benchmarks.PartitionedLifetimeBenchmarks-report-github.md
  C:\git\Dekaf-perf-improvements-20260907\pr-3117\pilot\results\Dekaf.Benchmarks.PartitionedLifetimeBenchmarks-report.html
  C:\git\Dekaf-perf-improvements-20260907\pr-3117\pilot\results\Dekaf.Benchmarks.PartitionedLifetimeBenchmarks-report-full.json

// * Detailed results *
PartitionedLifetimeBenchmarks.ProcessLifetime: A_Published(Affinity=00000000000000000100, EnvironmentVariables=DOTNET_TieredCompilation=0,DEKAF_DISPATCH_PROFILE=0,DEKAF_DISPATCH_SAMPLE_DIRECTORY=C:/git/Dekaf-perf-improvements-20260907/pr-3117/pilot\latency-samples,DEKAF_DISPATCH_JOB=A_Published, Arguments=/p:ProductDirectory=C:/git/Dekaf-perf-improvements-20260907/pr-3117/published,/p:UseSharedCompilation=false, IterationCount=3, LaunchCount=1, WarmupCount=3) [Mode=KeyRecordsDistinct]
Runtime = .NET 10.0.11 (10.0.11, 10.0.1126.37416), X64 RyuJIT x86-64-v3; GC = Concurrent Workstation
Mean = 158.618 ns, StdErr = 2.650 ns (1.67%), N = 3, StdDev = 4.589 ns
Min = 154.957 ns, Q1 = 156.044 ns, Median = 157.131 ns, Q3 = 160.449 ns, Max = 163.767 ns
IQR = 4.405 ns, LowerFence = 149.437 ns, UpperFence = 167.056 ns
ConfidenceInterval = [74.890 ns; 242.346 ns] (CI 99.9%), Margin = 83.728 ns (52.79% of Mean)
Skewness = 0.29, Kurtosis = 0.67, MValue = 2
-------------------- Histogram --------------------
[151.868 ns ; 160.221 ns) | @@
[160.221 ns ; 167.944 ns) | @
---------------------------------------------------

PartitionedLifetimeBenchmarks.ProcessLifetime: B_Candidate(Affinity=00000000000000000100, EnvironmentVariables=DOTNET_TieredCompilation=0,DEKAF_DISPATCH_PROFILE=0,DEKAF_DISPATCH_SAMPLE_DIRECTORY=C:/git/Dekaf-perf-improvements-20260907/pr-3117/pilot\latency-samples,DEKAF_DISPATCH_JOB=B_Candidate, Arguments=/p:ProductDirectory=C:/git/Dekaf-perf-improvements-20260907/pr-3117/candidate,/p:UseSharedCompilation=false, IterationCount=3, LaunchCount=1, WarmupCount=3) [Mode=KeyRecordsDistinct]
Runtime = .NET 10.0.11 (10.0.11, 10.0.1126.37416), X64 RyuJIT x86-64-v3; GC = Concurrent Workstation
Mean = 161.491 ns, StdErr = 4.173 ns (2.58%), N = 3, StdDev = 7.227 ns
Min = 154.999 ns, Q1 = 157.598 ns, Median = 160.196 ns, Q3 = 164.737 ns, Max = 169.278 ns
IQR = 7.140 ns, LowerFence = 146.888 ns, UpperFence = 175.447 ns
ConfidenceInterval = [29.642 ns; 293.340 ns] (CI 99.9%), Margin = 131.849 ns (81.64% of Mean)
Skewness = 0.17, Kurtosis = 0.67, MValue = 2
-------------------- Histogram --------------------
[151.021 ns ; 164.175 ns) | @@
[164.175 ns ; 175.855 ns) | @
---------------------------------------------------

PartitionedLifetimeBenchmarks.ProcessLifetime: C_PublishedControl(Affinity=00000000000000000100, EnvironmentVariables=DOTNET_TieredCompilation=0,DEKAF_DISPATCH_PROFILE=0,DEKAF_DISPATCH_SAMPLE_DIRECTORY=C:/git/Dekaf-perf-improvements-20260907/pr-3117/pilot\latency-samples,DEKAF_DISPATCH_JOB=C_PublishedControl, Arguments=/p:ProductDirectory=C:/git/Dekaf-perf-improvements-20260907/pr-3117/published,/p:UseSharedCompilation=false, IterationCount=3, LaunchCount=1, WarmupCount=3) [Mode=KeyRecordsDistinct]
Runtime = .NET 10.0.11 (10.0.11, 10.0.1126.37416), X64 RyuJIT x86-64-v3; GC = Concurrent Workstation
Mean = 170.883 ns, StdErr = 4.182 ns (2.45%), N = 3, StdDev = 7.244 ns
Min = 166.201 ns, Q1 = 166.711 ns, Median = 167.220 ns, Q3 = 173.224 ns, Max = 179.227 ns
IQR = 6.513 ns, LowerFence = 156.942 ns, UpperFence = 182.993 ns
ConfidenceInterval = [38.725 ns; 303.041 ns] (CI 99.9%), Margin = 132.158 ns (77.34% of Mean)
Skewness = 0.38, Kurtosis = 0.67, MValue = 2
-------------------- Histogram --------------------
[166.122 ns ; 179.306 ns) | @@@
---------------------------------------------------

PartitionedLifetimeBenchmarks.ProcessLifetime: A_Published(Affinity=00000000000000000100, EnvironmentVariables=DOTNET_TieredCompilation=0,DEKAF_DISPATCH_PROFILE=0,DEKAF_DISPATCH_SAMPLE_DIRECTORY=C:/git/Dekaf-perf-improvements-20260907/pr-3117/pilot\latency-samples,DEKAF_DISPATCH_JOB=A_Published, Arguments=/p:ProductDirectory=C:/git/Dekaf-perf-improvements-20260907/pr-3117/published,/p:UseSharedCompilation=false, IterationCount=3, LaunchCount=1, WarmupCount=3) [Mode=KeyBatchesDistinct]
Runtime = .NET 10.0.11 (10.0.11, 10.0.1126.37416), X64 RyuJIT x86-64-v3; GC = Concurrent Workstation
Mean = 151.010 ns, StdErr = 0.411 ns (0.27%), N = 3, StdDev = 0.712 ns
Min = 150.203 ns, Q1 = 150.741 ns, Median = 151.279 ns, Q3 = 151.414 ns, Max = 151.549 ns
IQR = 0.673 ns, LowerFence = 149.731 ns, UpperFence = 152.423 ns
ConfidenceInterval = [138.020 ns; 164.001 ns] (CI 99.9%), Margin = 12.990 ns (8.60% of Mean)
Skewness = -0.32, Kurtosis = 0.67, MValue = 2
-------------------- Histogram --------------------
[149.555 ns ; 152.197 ns) | @@@
---------------------------------------------------

PartitionedLifetimeBenchmarks.ProcessLifetime: B_Candidate(Affinity=00000000000000000100, EnvironmentVariables=DOTNET_TieredCompilation=0,DEKAF_DISPATCH_PROFILE=0,DEKAF_DISPATCH_SAMPLE_DIRECTORY=C:/git/Dekaf-perf-improvements-20260907/pr-3117/pilot\latency-samples,DEKAF_DISPATCH_JOB=B_Candidate, Arguments=/p:ProductDirectory=C:/git/Dekaf-perf-improvements-20260907/pr-3117/candidate,/p:UseSharedCompilation=false, IterationCount=3, LaunchCount=1, WarmupCount=3) [Mode=KeyBatchesDistinct]
Runtime = .NET 10.0.11 (10.0.11, 10.0.1126.37416), X64 RyuJIT x86-64-v3; GC = Concurrent Workstation
Mean = 156.942 ns, StdErr = 1.012 ns (0.64%), N = 3, StdDev = 1.752 ns
Min = 155.587 ns, Q1 = 155.953 ns, Median = 156.319 ns, Q3 = 157.620 ns, Max = 158.921 ns
IQR = 1.667 ns, LowerFence = 153.452 ns, UpperFence = 160.120 ns
ConfidenceInterval = [124.977 ns; 188.907 ns] (CI 99.9%), Margin = 31.965 ns (20.37% of Mean)
Skewness = 0.31, Kurtosis = 0.67, MValue = 2
-------------------- Histogram --------------------
[154.358 ns ; 160.515 ns) | @@@
---------------------------------------------------

PartitionedLifetimeBenchmarks.ProcessLifetime: C_PublishedControl(Affinity=00000000000000000100, EnvironmentVariables=DOTNET_TieredCompilation=0,DEKAF_DISPATCH_PROFILE=0,DEKAF_DISPATCH_SAMPLE_DIRECTORY=C:/git/Dekaf-perf-improvements-20260907/pr-3117/pilot\latency-samples,DEKAF_DISPATCH_JOB=C_PublishedControl, Arguments=/p:ProductDirectory=C:/git/Dekaf-perf-improvements-20260907/pr-3117/published,/p:UseSharedCompilation=false, IterationCount=3, LaunchCount=1, WarmupCount=3) [Mode=KeyBatchesDistinct]
Runtime = .NET 10.0.11 (10.0.11, 10.0.1126.37416), X64 RyuJIT x86-64-v3; GC = Concurrent Workstation
Mean = 159.825 ns, StdErr = 3.172 ns (1.98%), N = 3, StdDev = 5.494 ns
Min = 155.752 ns, Q1 = 156.702 ns, Median = 157.651 ns, Q3 = 161.862 ns, Max = 166.073 ns
IQR = 5.161 ns, LowerFence = 148.960 ns, UpperFence = 169.604 ns
ConfidenceInterval = [59.602 ns; 260.049 ns] (CI 99.9%), Margin = 100.223 ns (62.71% of Mean)
Skewness = 0.33, Kurtosis = 0.67, MValue = 2
-------------------- Histogram --------------------
[150.752 ns ; 161.701 ns) | @@
[161.701 ns ; 171.073 ns) | @
---------------------------------------------------

PartitionedLifetimeBenchmarks.ProcessLifetime: A_Published(Affinity=00000000000000000100, EnvironmentVariables=DOTNET_TieredCompilation=0,DEKAF_DISPATCH_PROFILE=0,DEKAF_DISPATCH_SAMPLE_DIRECTORY=C:/git/Dekaf-perf-improvements-20260907/pr-3117/pilot\latency-samples,DEKAF_DISPATCH_JOB=A_Published, Arguments=/p:ProductDirectory=C:/git/Dekaf-perf-improvements-20260907/pr-3117/published,/p:UseSharedCompilation=false, IterationCount=3, LaunchCount=1, WarmupCount=3) [Mode=KeyRecordsPaired]
Runtime = .NET 10.0.11 (10.0.11, 10.0.1126.37416), X64 RyuJIT x86-64-v3; GC = Concurrent Workstation
Mean = 176.590 ns, StdErr = 4.288 ns (2.43%), N = 3, StdDev = 7.427 ns
Min = 172.052 ns, Q1 = 172.305 ns, Median = 172.557 ns, Q3 = 178.859 ns, Max = 185.161 ns
IQR = 6.554 ns, LowerFence = 162.474 ns, UpperFence = 188.690 ns
ConfidenceInterval = [41.101 ns; 312.079 ns] (CI 99.9%), Margin = 135.489 ns (76.73% of Mean)
Skewness = 0.38, Kurtosis = 0.67, MValue = 2
-------------------- Histogram --------------------
[171.848 ns ; 185.365 ns) | @@@
---------------------------------------------------

PartitionedLifetimeBenchmarks.ProcessLifetime: B_Candidate(Affinity=00000000000000000100, EnvironmentVariables=DOTNET_TieredCompilation=0,DEKAF_DISPATCH_PROFILE=0,DEKAF_DISPATCH_SAMPLE_DIRECTORY=C:/git/Dekaf-perf-improvements-20260907/pr-3117/pilot\latency-samples,DEKAF_DISPATCH_JOB=B_Candidate, Arguments=/p:ProductDirectory=C:/git/Dekaf-perf-improvements-20260907/pr-3117/candidate,/p:UseSharedCompilation=false, IterationCount=3, LaunchCount=1, WarmupCount=3) [Mode=KeyRecordsPaired]
Runtime = .NET 10.0.11 (10.0.11, 10.0.1126.37416), X64 RyuJIT x86-64-v3; GC = Concurrent Workstation
Mean = 162.422 ns, StdErr = 0.945 ns (0.58%), N = 3, StdDev = 1.636 ns
Min = 161.252 ns, Q1 = 161.488 ns, Median = 161.724 ns, Q3 = 163.008 ns, Max = 164.292 ns
IQR = 1.520 ns, LowerFence = 159.208 ns, UpperFence = 165.288 ns
ConfidenceInterval = [132.573 ns; 192.272 ns] (CI 99.9%), Margin = 29.849 ns (18.38% of Mean)
Skewness = 0.35, Kurtosis = 0.67, MValue = 2
-------------------- Histogram --------------------
[159.763 ns ; 165.781 ns) | @@@
---------------------------------------------------

PartitionedLifetimeBenchmarks.ProcessLifetime: C_PublishedControl(Affinity=00000000000000000100, EnvironmentVariables=DOTNET_TieredCompilation=0,DEKAF_DISPATCH_PROFILE=0,DEKAF_DISPATCH_SAMPLE_DIRECTORY=C:/git/Dekaf-perf-improvements-20260907/pr-3117/pilot\latency-samples,DEKAF_DISPATCH_JOB=C_PublishedControl, Arguments=/p:ProductDirectory=C:/git/Dekaf-perf-improvements-20260907/pr-3117/published,/p:UseSharedCompilation=false, IterationCount=3, LaunchCount=1, WarmupCount=3) [Mode=KeyRecordsPaired]
Runtime = .NET 10.0.11 (10.0.11, 10.0.1126.37416), X64 RyuJIT x86-64-v3; GC = Concurrent Workstation
Mean = 167.746 ns, StdErr = 2.844 ns (1.70%), N = 3, StdDev = 4.927 ns
Min = 164.297 ns, Q1 = 164.925 ns, Median = 165.553 ns, Q3 = 169.471 ns, Max = 173.388 ns
IQR = 4.546 ns, LowerFence = 158.106 ns, UpperFence = 176.289 ns
ConfidenceInterval = [77.868 ns; 257.624 ns] (CI 99.9%), Margin = 89.878 ns (53.58% of Mean)
Skewness = 0.36, Kurtosis = 0.67, MValue = 2
-------------------- Histogram --------------------
[159.814 ns ; 169.408 ns) | @@
[169.408 ns ; 177.872 ns) | @
---------------------------------------------------

PartitionedLifetimeBenchmarks.ProcessLifetime: A_Published(Affinity=00000000000000000100, EnvironmentVariables=DOTNET_TieredCompilation=0,DEKAF_DISPATCH_PROFILE=0,DEKAF_DISPATCH_SAMPLE_DIRECTORY=C:/git/Dekaf-perf-improvements-20260907/pr-3117/pilot\latency-samples,DEKAF_DISPATCH_JOB=A_Published, Arguments=/p:ProductDirectory=C:/git/Dekaf-perf-improvements-20260907/pr-3117/published,/p:UseSharedCompilation=false, IterationCount=3, LaunchCount=1, WarmupCount=3) [Mode=KeyBatchesPaired]
Runtime = .NET 10.0.11 (10.0.11, 10.0.1126.37416), X64 RyuJIT x86-64-v3; GC = Concurrent Workstation
Mean = 168.515 ns, StdErr = 4.538 ns (2.69%), N = 3, StdDev = 7.859 ns
Min = 161.549 ns, Q1 = 164.255 ns, Median = 166.960 ns, Q3 = 171.998 ns, Max = 177.035 ns
IQR = 7.743 ns, LowerFence = 152.640 ns, UpperFence = 183.613 ns
ConfidenceInterval = [25.133 ns; 311.897 ns] (CI 99.9%), Margin = 143.382 ns (85.09% of Mean)
Skewness = 0.19, Kurtosis = 0.67, MValue = 2
-------------------- Histogram --------------------
[157.103 ns ; 171.407 ns) | @@
[171.407 ns ; 184.188 ns) | @
---------------------------------------------------

PartitionedLifetimeBenchmarks.ProcessLifetime: B_Candidate(Affinity=00000000000000000100, EnvironmentVariables=DOTNET_TieredCompilation=0,DEKAF_DISPATCH_PROFILE=0,DEKAF_DISPATCH_SAMPLE_DIRECTORY=C:/git/Dekaf-perf-improvements-20260907/pr-3117/pilot\latency-samples,DEKAF_DISPATCH_JOB=B_Candidate, Arguments=/p:ProductDirectory=C:/git/Dekaf-perf-improvements-20260907/pr-3117/candidate,/p:UseSharedCompilation=false, IterationCount=3, LaunchCount=1, WarmupCount=3) [Mode=KeyBatchesPaired]
Runtime = .NET 10.0.11 (10.0.11, 10.0.1126.37416), X64 RyuJIT x86-64-v3; GC = Concurrent Workstation
Mean = 168.556 ns, StdErr = 5.681 ns (3.37%), N = 3, StdDev = 9.840 ns
Min = 162.669 ns, Q1 = 162.876 ns, Median = 163.082 ns, Q3 = 171.499 ns, Max = 179.916 ns
IQR = 8.623 ns, LowerFence = 149.941 ns, UpperFence = 184.434 ns
ConfidenceInterval = [-10.968 ns; 348.080 ns] (CI 99.9%), Margin = 179.524 ns (106.51% of Mean)
Skewness = 0.38, Kurtosis = 0.67, MValue = 2
-------------------- Histogram --------------------
[162.337 ns ; 180.247 ns) | @@@
---------------------------------------------------

PartitionedLifetimeBenchmarks.ProcessLifetime: C_PublishedControl(Affinity=00000000000000000100, EnvironmentVariables=DOTNET_TieredCompilation=0,DEKAF_DISPATCH_PROFILE=0,DEKAF_DISPATCH_SAMPLE_DIRECTORY=C:/git/Dekaf-perf-improvements-20260907/pr-3117/pilot\latency-samples,DEKAF_DISPATCH_JOB=C_PublishedControl, Arguments=/p:ProductDirectory=C:/git/Dekaf-perf-improvements-20260907/pr-3117/published,/p:UseSharedCompilation=false, IterationCount=3, LaunchCount=1, WarmupCount=3) [Mode=KeyBatchesPaired]
Runtime = .NET 10.0.11 (10.0.11, 10.0.1126.37416), X64 RyuJIT x86-64-v3; GC = Concurrent Workstation
Mean = 164.998 ns, StdErr = 0.880 ns (0.53%), N = 3, StdDev = 1.524 ns
Min = 163.241 ns, Q1 = 164.513 ns, Median = 165.785 ns, Q3 = 165.876 ns, Max = 165.968 ns
IQR = 1.363 ns, LowerFence = 162.468 ns, UpperFence = 167.922 ns
ConfidenceInterval = [137.188 ns; 192.808 ns] (CI 99.9%), Margin = 27.810 ns (16.85% of Mean)
Skewness = -0.38, Kurtosis = 0.67, MValue = 2
-------------------- Histogram --------------------
[163.217 ns ; 165.992 ns) | @@@
---------------------------------------------------

// * Summary *

BenchmarkDotNet v0.15.8, Windows 11 (10.0.26200.9168/25H2/2025Update/HudsonValley2)
12th Gen Intel Core i7-12700K 3.60GHz, 1 CPU, 20 logical and 12 physical cores
.NET SDK 10.0.400
  [Host]             : .NET 10.0.11 (10.0.11, 10.0.1126.37416), X64 RyuJIT x86-64-v3
  A_Published        : .NET 10.0.11 (10.0.11, 10.0.1126.37416), X64 RyuJIT x86-64-v3
  B_Candidate        : .NET 10.0.11 (10.0.11, 10.0.1126.37416), X64 RyuJIT x86-64-v3
  C_PublishedControl : .NET 10.0.11 (10.0.11, 10.0.1126.37416), X64 RyuJIT x86-64-v3

Affinity=00000000000000000100  IterationCount=3  LaunchCount=1  
WarmupCount=3  

| Method          | Job                | EnvironmentVariables                                                                                                                                                                            | Arguments                                                                                                   | Mode               | Mean     | Error     | StdDev  | Allocated |
|---------------- |------------------- |------------------------------------------------------------------------------------------------------------------------------------------------------------------------------------------------ |------------------------------------------------------------------------------------------------------------ |------------------- |---------:|----------:|--------:|----------:|
| ProcessLifetime | A_Published        | DOTNET_TieredCompilation=0,DEKAF_DISPATCH_PROFILE=0,DEKAF_DISPATCH_SAMPLE_DIRECTORY=C:/git/Dekaf-perf-improvements-20260907/pr-3117/pilot\latency-samples,DEKAF_DISPATCH_JOB=A_Published        | /p:ProductDirectory=C:/git/Dekaf-perf-improvements-20260907/pr-3117/published,/p:UseSharedCompilation=false | KeyRecordsDistinct | 158.6 ns |  83.73 ns | 4.59 ns |         - |
| ProcessLifetime | B_Candidate        | DOTNET_TieredCompilation=0,DEKAF_DISPATCH_PROFILE=0,DEKAF_DISPATCH_SAMPLE_DIRECTORY=C:/git/Dekaf-perf-improvements-20260907/pr-3117/pilot\latency-samples,DEKAF_DISPATCH_JOB=B_Candidate        | /p:ProductDirectory=C:/git/Dekaf-perf-improvements-20260907/pr-3117/candidate,/p:UseSharedCompilation=false | KeyRecordsDistinct | 161.5 ns | 131.85 ns | 7.23 ns |         - |
| ProcessLifetime | C_PublishedControl | DOTNET_TieredCompilation=0,DEKAF_DISPATCH_PROFILE=0,DEKAF_DISPATCH_SAMPLE_DIRECTORY=C:/git/Dekaf-perf-improvements-20260907/pr-3117/pilot\latency-samples,DEKAF_DISPATCH_JOB=C_PublishedControl | /p:ProductDirectory=C:/git/Dekaf-perf-improvements-20260907/pr-3117/published,/p:UseSharedCompilation=false | KeyRecordsDistinct | 170.9 ns | 132.16 ns | 7.24 ns |         - |
| ProcessLifetime | A_Published        | DOTNET_TieredCompilation=0,DEKAF_DISPATCH_PROFILE=0,DEKAF_DISPATCH_SAMPLE_DIRECTORY=C:/git/Dekaf-perf-improvements-20260907/pr-3117/pilot\latency-samples,DEKAF_DISPATCH_JOB=A_Published        | /p:ProductDirectory=C:/git/Dekaf-perf-improvements-20260907/pr-3117/published,/p:UseSharedCompilation=false | KeyBatchesDistinct | 151.0 ns |  12.99 ns | 0.71 ns |         - |
| ProcessLifetime | B_Candidate        | DOTNET_TieredCompilation=0,DEKAF_DISPATCH_PROFILE=0,DEKAF_DISPATCH_SAMPLE_DIRECTORY=C:/git/Dekaf-perf-improvements-20260907/pr-3117/pilot\latency-samples,DEKAF_DISPATCH_JOB=B_Candidate        | /p:ProductDirectory=C:/git/Dekaf-perf-improvements-20260907/pr-3117/candidate,/p:UseSharedCompilation=false | KeyBatchesDistinct | 156.9 ns |  31.97 ns | 1.75 ns |         - |
| ProcessLifetime | C_PublishedControl | DOTNET_TieredCompilation=0,DEKAF_DISPATCH_PROFILE=0,DEKAF_DISPATCH_SAMPLE_DIRECTORY=C:/git/Dekaf-perf-improvements-20260907/pr-3117/pilot\latency-samples,DEKAF_DISPATCH_JOB=C_PublishedControl | /p:ProductDirectory=C:/git/Dekaf-perf-improvements-20260907/pr-3117/published,/p:UseSharedCompilation=false | KeyBatchesDistinct | 159.8 ns | 100.22 ns | 5.49 ns |         - |
| ProcessLifetime | A_Published        | DOTNET_TieredCompilation=0,DEKAF_DISPATCH_PROFILE=0,DEKAF_DISPATCH_SAMPLE_DIRECTORY=C:/git/Dekaf-perf-improvements-20260907/pr-3117/pilot\latency-samples,DEKAF_DISPATCH_JOB=A_Published        | /p:ProductDirectory=C:/git/Dekaf-perf-improvements-20260907/pr-3117/published,/p:UseSharedCompilation=false | KeyRecordsPaired   | 176.6 ns | 135.49 ns | 7.43 ns |         - |
| ProcessLifetime | B_Candidate        | DOTNET_TieredCompilation=0,DEKAF_DISPATCH_PROFILE=0,DEKAF_DISPATCH_SAMPLE_DIRECTORY=C:/git/Dekaf-perf-improvements-20260907/pr-3117/pilot\latency-samples,DEKAF_DISPATCH_JOB=B_Candidate        | /p:ProductDirectory=C:/git/Dekaf-perf-improvements-20260907/pr-3117/candidate,/p:UseSharedCompilation=false | KeyRecordsPaired   | 162.4 ns |  29.85 ns | 1.64 ns |         - |
| ProcessLifetime | C_PublishedControl | DOTNET_TieredCompilation=0,DEKAF_DISPATCH_PROFILE=0,DEKAF_DISPATCH_SAMPLE_DIRECTORY=C:/git/Dekaf-perf-improvements-20260907/pr-3117/pilot\latency-samples,DEKAF_DISPATCH_JOB=C_PublishedControl | /p:ProductDirectory=C:/git/Dekaf-perf-improvements-20260907/pr-3117/published,/p:UseSharedCompilation=false | KeyRecordsPaired   | 167.7 ns |  89.88 ns | 4.93 ns |         - |
| ProcessLifetime | A_Published        | DOTNET_TieredCompilation=0,DEKAF_DISPATCH_PROFILE=0,DEKAF_DISPATCH_SAMPLE_DIRECTORY=C:/git/Dekaf-perf-improvements-20260907/pr-3117/pilot\latency-samples,DEKAF_DISPATCH_JOB=A_Published        | /p:ProductDirectory=C:/git/Dekaf-perf-improvements-20260907/pr-3117/published,/p:UseSharedCompilation=false | KeyBatchesPaired   | 168.5 ns | 143.38 ns | 7.86 ns |         - |
| ProcessLifetime | B_Candidate        | DOTNET_TieredCompilation=0,DEKAF_DISPATCH_PROFILE=0,DEKAF_DISPATCH_SAMPLE_DIRECTORY=C:/git/Dekaf-perf-improvements-20260907/pr-3117/pilot\latency-samples,DEKAF_DISPATCH_JOB=B_Candidate        | /p:ProductDirectory=C:/git/Dekaf-perf-improvements-20260907/pr-3117/candidate,/p:UseSharedCompilation=false | KeyBatchesPaired   | 168.6 ns | 179.52 ns | 9.84 ns |         - |
| ProcessLifetime | C_PublishedControl | DOTNET_TieredCompilation=0,DEKAF_DISPATCH_PROFILE=0,DEKAF_DISPATCH_SAMPLE_DIRECTORY=C:/git/Dekaf-perf-improvements-20260907/pr-3117/pilot\latency-samples,DEKAF_DISPATCH_JOB=C_PublishedControl | /p:ProductDirectory=C:/git/Dekaf-perf-improvements-20260907/pr-3117/published,/p:UseSharedCompilation=false | KeyBatchesPaired   | 165.0 ns |  27.81 ns | 1.52 ns |         - |

// * Legends *
  Mode      : Value of the 'Mode' parameter
  Mean      : Arithmetic mean of all measurements
  Error     : Half of 99.9% confidence interval
  StdDev    : Standard deviation of all measurements
  Allocated : Allocated memory per single operation (managed only, inclusive, 1KB = 1024B)
  1 ns      : 1 Nanosecond (0.000000001 sec)

// * Diagnostic Output - MemoryDiagnoser *


// ***** BenchmarkRunner: End *****
Run time: 00:01:29 (89.19 sec), executed benchmarks: 12

Global total time: 00:01:32 (92.42 sec), executed benchmarks: 12
// * Artifacts cleanup *
Artifacts cleanup is finished
